Archive member included because of file (symbol)

c:/program files (x86)/microchip/xc32/v2.30/bin/bin/../../lib/gcc/pic32mx/4.8.3/../../../../pic32mx/lib\libmchp_peripheral_32MX470F512L.a(soft_reset_lib.o)
                              output\mal.o (SoftReset)
c:/program files (x86)/microchip/xc32/v2.30/bin/bin/../../lib/gcc/pic32mx/4.8.3/../../../../pic32mx/lib\libmchp_peripheral_32MX470F512L.a(pcache.o)
                              output\main.o (CheKseg0CacheOn)
c:/program files (x86)/microchip/xc32/v2.30/bin/bin/../../lib/gcc/pic32mx/4.8.3/../../../../pic32mx/lib\libmchp_peripheral_32MX470F512L.a(int_disable_interrupts_lib.o)
                              c:/program files (x86)/microchip/xc32/v2.30/bin/bin/../../lib/gcc/pic32mx/4.8.3/../../../../pic32mx/lib\libmchp_peripheral_32MX470F512L.a(soft_reset_lib.o) (INTDisableInterrupts)
c:/program files (x86)/microchip/xc32/v2.30/bin/bin/../../lib/gcc/pic32mx/4.8.3/../../../../pic32mx/lib\libmchp_peripheral_32MX470F512L.a(power_idle_lib.o)
                              output\sleep.o (PowerSaveIdle)
c:/program files (x86)/microchip/xc32/v2.30/bin/bin/../../lib/gcc/pic32mx/4.8.3/../../../../pic32mx/lib\libmchp_peripheral_32MX470F512L.a(power_sleep_lib.o)
                              output\sleep.o (PowerSaveSleep)
c:/program files (x86)/microchip/xc32/v2.30/bin/bin/../../lib/gcc/pic32mx/4.8.3/../../../../pic32mx/lib\libmchp_peripheral_32MX470F512L.a(nvm_erase_page_lib.o)
                              output\dee_page.o (NVMErasePage)
c:/program files (x86)/microchip/xc32/v2.30/bin/bin/../../lib/gcc/pic32mx/4.8.3/../../../../pic32mx/lib\libmchp_peripheral_32MX470F512L.a(nvm_operation_lib.o)
                              c:/program files (x86)/microchip/xc32/v2.30/bin/bin/../../lib/gcc/pic32mx/4.8.3/../../../../pic32mx/lib\libmchp_peripheral_32MX470F512L.a(nvm_erase_page_lib.o) (_NVMOperation)
c:/program files (x86)/microchip/xc32/v2.30/bin/bin/../../lib/gcc/pic32mx/4.8.3/../../../../pic32mx/lib\libmchp_peripheral_32MX470F512L.a(nvm_write_word_lib.o)
                              output\dee_page.o (NVMWriteWord)
c:/program files (x86)/microchip/xc32/v2.30/bin/bin/../../lib/gcc/pic32mx/4.8.3/../../../../pic32mx/lib\libmchp_peripheral_32MX470F512L.a(int_restore_interrupts_lib.o)
                              c:/program files (x86)/microchip/xc32/v2.30/bin/bin/../../lib/gcc/pic32mx/4.8.3/../../../../pic32mx/lib\libmchp_peripheral_32MX470F512L.a(power_idle_lib.o) (INTRestoreInterrupts)
c:/program files (x86)/microchip/xc32/v2.30/bin/bin/../../lib/gcc/pic32mx/4.8.3\libgcc.a(_fixunssfdi.o)
                              output\stepper.o (__fixunssfdi)
c:/program files (x86)/microchip/xc32/v2.30/bin/bin/../../lib/gcc/pic32mx/4.8.3\libgcc.a(_floatundisf.o)
                              output\stepper.o (__floatundisf)
c:/program files (x86)/microchip/xc32/v2.30/bin/bin/../../lib/gcc/pic32mx/4.8.3\libgcc.a(floatunsisf.o)
                              output\limits.o (__floatunsisf)
c:/program files (x86)/microchip/xc32/v2.30/bin/bin/../../lib/gcc/pic32mx/4.8.3\libgcc.a(floatunsidf.o)
                              c:/program files (x86)/microchip/xc32/v2.30/bin/bin/../../lib/gcc/pic32mx/4.8.3\libgcc.a(_fixunssfdi.o) (__floatunsidf)
c:/program files (x86)/microchip/xc32/v2.30/bin/bin/../../lib/gcc/pic32mx/4.8.3/../../../../pic32mx/lib\libpic32.a(memcpy.o)
                              output\eep_manager.o (memcpy)
c:/program files (x86)/microchip/xc32/v2.30/bin/bin/../../lib/gcc/pic32mx/4.8.3/../../../../pic32mx/lib\libpic32.a(memset.o)
                              output\ringBuffer.o (memset)
c:/program files (x86)/microchip/xc32/v2.30/bin/bin/../../lib/gcc/pic32mx/4.8.3/../../../../pic32mx/lib\libpic32.a(strcmp.o)
                              output\grbl_protocol.o (strcmp)
c:/program files (x86)/microchip/xc32/v2.30/bin/bin/../../lib/gcc/pic32mx/4.8.3/../../../../pic32mx/lib\libpic32.a(strlen.o)
                              output\UDP.o (strlen)
c:/program files (x86)/microchip/xc32/v2.30/bin/bin/../../lib/gcc/pic32mx/4.8.3/../../../../pic32mx/lib\libpic32.a(default-bootstrap-exception-handler.o)
                              C:\Users\Xeon5430\AppData\Local\Temp\cc0y46GM.o (_bootstrap_exception_handler)
c:/program files (x86)/microchip/xc32/v2.30/bin/bin/../../lib/gcc/pic32mx/4.8.3/../../../../pic32mx/lib\libpic32.a(default-on-reset.o)
                              C:\Users\Xeon5430\AppData\Local\Temp\cc0y46GM.o (_on_reset)
c:/program files (x86)/microchip/xc32/v2.30/bin/bin/../../lib/gcc/pic32mx/4.8.3/../../../../pic32mx/lib\libpic32.a(default-on-bootstrap.o)
                              C:\Users\Xeon5430\AppData\Local\Temp\cc0y46GM.o (_on_bootstrap)
c:/program files (x86)/microchip/xc32/v2.30/bin/bin/../../lib/gcc/pic32mx/4.8.3/../../../../pic32mx/lib\libpic32.a(default-nmi-handler.o)
                              C:\Users\Xeon5430\AppData\Local\Temp\cc0y46GM.o (_nmi_handler)
[...]
Memory Configuration

Name             Origin             Length             Attributes
kseg0_program_mem 0x9d007490         0x00078b70         xr
kseg0_boot_mem   0x9d006000         0x00000000
exception_mem    0x9d006000         0x00001000
kseg1_boot_mem   0x9d007000         0x00000490
debug_exec_mem   0xbfc02000         0x00000ff0
config3          0xbfc02ff0         0x00000004
config2          0xbfc02ff4         0x00000004
config1          0xbfc02ff8         0x00000004
config0          0xbfc02ffc         0x00000004
kseg1_data_mem   0xa0000000         0x00020000         w !x
sfrs             0xbf800000         0x00100000
configsfrs       0xbfc02ff0         0x00000010
*default*        0x00000000         0xffffffff

Linker script and memory map

LOAD c:/program files (x86)/microchip/xc32/v2.30/bin/bin/../../lib/gcc/pic32mx/4.8.3/../../../../pic32mx/lib\debug-exception-return.o
LOAD output\tmr.o
LOAD output\mal.o
LOAD output\ringBuffer.o
LOAD output\task.o
LOAD output\sleep.o
LOAD output\eeprom.o
LOAD output\eep_manager.o
LOAD output\exceptions.o
LOAD output\isr.o
LOAD output\main.o
LOAD output\c_eep_manager.o
LOAD output\app.o
LOAD output\ad.o
LOAD output\gcode.o
LOAD output\limits.o
LOAD output\coolant_control.o
LOAD output\motion_control.o
LOAD output\nuts_bolts.o
LOAD output\planner.o
LOAD output\print.o
LOAD output\report.o
LOAD output\settings.o
LOAD output\spindle_control.o
LOAD output\stepper.o
LOAD output\system.o
LOAD output\grbl.o
LOAD output\pwm.o
LOAD output\jog.o
LOAD output\dee.o
LOAD output\dee_page.o
LOAD output\dee_page_helper.o
LOAD output\eep_manager_crc.o
LOAD output\system_control.o
LOAD output\stepper_enable.o
LOAD output\system_exec.o
LOAD output\system_alarm.o
LOAD output\grbl_eeprom.o
LOAD output\bootloader_interface.o
LOAD output\grbl_protocol.o
LOAD output\stackmeasure.o
LOAD output\stackmeasure_helper.o
LOAD output\grbl_toolchange.o
LOAD output\grbl_running.o
LOAD output\grbl_probe.o
LOAD output\grbl_bootloader.o
LOAD output\ethernet.o
LOAD output\ethernet_grbl.o
LOAD output\UDP.o
LOAD output\Tick.o
LOAD output\Helpers.o
LOAD output\ARP.o
LOAD output\ENC28J60.o
LOAD output\Delay.o
LOAD output\IP.o
LOAD output\StackTsk.o
LOAD output\ICMP.o
LOAD output\DHCP.o
LOAD output\Announce.o
                0x00000400                PROVIDE (_min_stack_size, 0x400)
LOAD c:/program files (x86)/microchip/xc32/v2.30/bin/bin/../../lib/gcc/pic32mx/4.8.3/../../../../pic32mx/lib/./proc/32MX470F512L\processor.o
START GROUP
LOAD c:/program files (x86)/microchip/xc32/v2.30/bin/bin/../../lib/gcc/pic32mx/4.8.3/../../../../pic32mx/lib\libmchp_peripheral.a
END GROUP
START GROUP
LOAD c:/program files (x86)/microchip/xc32/v2.30/bin/bin/../../lib/gcc/pic32mx/4.8.3/../../../../pic32mx/lib\libmchp_peripheral_32MX470F512L.a
END GROUP
                0x00000001                PROVIDE (_vector_spacing, 0x1)
                0x9d006000                _ebase_address = 0x9d006000
                0x9d007000                _RESET_ADDR = 0x9d007000
                0x9d007380                _BEV_EXCPT_ADDR = 0x9d007380
                0x9d007480                _DBG_EXCPT_ADDR = 0x9d007480
                0xbfc02000                _DBG_CODE_ADDR = 0xbfc02000
                0x00000ff0                _DBG_CODE_SIZE = 0xff0
                0x9d006180                _GEN_EXCPT_ADDR = (_ebase_address + 0x180)

.config_BFC02FF0
 *(.config_BFC02FF0)

.config_BFC02FF4
 *(.config_BFC02FF4)

.config_BFC02FF8
 *(.config_BFC02FF8)

.config_BFC02FFC
 *(.config_BFC02FFC)
                0xbfc02000                PROVIDE (_DBG_CODE_ADDR, 0xbfc02000)
                0x00000ff0                PROVIDE (_DBG_CODE_SIZE, 0xff0)

.reset          0x9d007000      0x19c
 *(.reset)
 .reset         0x9d007000        0x8 C:\Users\Xeon5430\AppData\Local\Temp\cc0y46GM.o
                0x9d007000                _reset
 *(.reset.startup)
 .reset.startup
                0x9d007008      0x194 C:\Users\Xeon5430\AppData\Local\Temp\cc0y46GM.o
                0x9d007008                _startup

.bev_excpt      0x9d007380       0x10
 *(.bev_handler)
 .bev_handler   0x9d007380       0x10 C:\Users\Xeon5430\AppData\Local\Temp\cc0y46GM.o

.dbg_excpt      0x9d007480        0x0
                0x9d007480                . = (. + DEFINED (_DEBUGGER)?0x8:0x0)

.dbg_code       0xbfc02000        0x0
                0xbfc02000                . = (. + DEFINED (_DEBUGGER)?_DBG_CODE_SIZE:0x0)

.app_excpt      0x9d006180       0x10
 *(.gen_handler)
 .gen_handler   0x9d006180       0x10 C:\Users\Xeon5430\AppData\Local\Temp\cc0y46GM.o

.vector_0       0x9d006200        0x8
 *(.vector_0)
 .vector_0      0x9d006200        0x8 output\isr.o
                0x9d006200                __vector_dispatch_0
                0x00000001                ASSERT (((_vector_spacing == 0x0) || (SIZEOF (.vector_0) <= (_vector_spacing << 0x5))), function at exception vector 0 too large)

.vector_1       0x9d006220        0x8
 *(.vector_1)
 .vector_1      0x9d006220        0x8 c:/program files (x86)/microchip/xc32/v2.30/bin/bin/../../lib/gcc/pic32mx/4.8.3/../../../../pic32mx/lib\libpic32.a(vector1.o)
                0x9d006220                __vector_dispatch_1
                0x00000001                ASSERT (((_vector_spacing == 0x0) || (SIZEOF (.vector_1) <= (_vector_spacing << 0x5))), function at exception vector 1 too large)

.vector_2       0x9d006240        0x8
 *(.vector_2)
 .vector_2      0x9d006240        0x8 c:/program files (x86)/microchip/xc32/v2.30/bin/bin/../../lib/gcc/pic32mx/4.8.3/../../../../pic32mx/lib\libpic32.a(vector2.o)
                0x9d006240                __vector_dispatch_2
                0x00000001                ASSERT (((_vector_spacing == 0x0) || (SIZEOF (.vector_2) <= (_vector_spacing << 0x5))), function at exception vector 2 too large)

.vector_3       0x9d006260        0x8
 *(.vector_3)
 .vector_3      0x9d006260        0x8 c:/program files (x86)/microchip/xc32/v2.30/bin/bin/../../lib/gcc/pic32mx/4.8.3/../../../../pic32mx/lib\libpic32.a(vector3.o)
                0x9d006260                __vector_dispatch_3
                0x00000001                ASSERT (((_vector_spacing == 0x0) || (SIZEOF (.vector_3) <= (_vector_spacing << 0x5))), function at exception vector 3 too large)

.vector_4       0x9d006280        0x8
 *(.vector_4)
 .vector_4      0x9d006280        0x8 output\isr.o
                0x9d006280                __vector_dispatch_4
                0x00000001                ASSERT (((_vector_spacing == 0x0) || (SIZEOF (.vector_4) <= (_vector_spacing << 0x5))), function at exception vector 4 too large)

.vector_5       0x9d0062a0        0x8
 *(.vector_5)
 .vector_5      0x9d0062a0        0x8 c:/program files (x86)/microchip/xc32/v2.30/bin/bin/../../lib/gcc/pic32mx/4.8.3/../../../../pic32mx/lib\libpic32.a(vector5.o)
                0x9d0062a0                __vector_dispatch_5
                0x00000001                ASSERT (((_vector_spacing == 0x0) || (SIZEOF (.vector_5) <= (_vector_spacing << 0x5))), function at exception vector 5 too large)

.vector_6       0x9d0062c0        0x8
 *(.vector_6)
 .vector_6      0x9d0062c0        0x8 c:/program files (x86)/microchip/xc32/v2.30/bin/bin/../../lib/gcc/pic32mx/4.8.3/../../../../pic32mx/lib\libpic32.a(vector6.o)
                0x9d0062c0                __vector_dispatch_6
                0x00000001                ASSERT (((_vector_spacing == 0x0) || (SIZEOF (.vector_6) <= (_vector_spacing << 0x5))), function at exception vector 6 too large)

.vector_7       0x9d0062e0        0x8
 *(.vector_7)
 .vector_7      0x9d0062e0        0x8 c:/program files (x86)/microchip/xc32/v2.30/bin/bin/../../lib/gcc/pic32mx/4.8.3/../../../../pic32mx/lib\libpic32.a(vector7.o)
                0x9d0062e0                __vector_dispatch_7
                0x00000001                ASSERT (((_vector_spacing == 0x0) || (SIZEOF (.vector_7) <= (_vector_spacing << 0x5))), function at exception vector 7 too large)

.vector_8       0x9d006300        0x8
 *(.vector_8)
 .vector_8      0x9d006300        0x8 output\isr.o
                0x9d006300                __vector_dispatch_8
                0x00000001                ASSERT (((_vector_spacing == 0x0) || (SIZEOF (.vector_8) <= (_vector_spacing << 0x5))), function at exception vector 8 too large)

.vector_9       0x9d006320        0x8
 *(.vector_9)
 .vector_9      0x9d006320        0x8 c:/program files (x86)/microchip/xc32/v2.30/bin/bin/../../lib/gcc/pic32mx/4.8.3/../../../../pic32mx/lib\libpic32.a(vector9.o)
                0x9d006320                __vector_dispatch_9
                0x00000001                ASSERT (((_vector_spacing == 0x0) || (SIZEOF (.vector_9) <= (_vector_spacing << 0x5))), function at exception vector 9 too large)

.vector_10      0x9d006340        0x8
 *(.vector_10)
 .vector_10     0x9d006340        0x8 c:/program files (x86)/microchip/xc32/v2.30/bin/bin/../../lib/gcc/pic32mx/4.8.3/../../../../pic32mx/lib\libpic32.a(vector10.o)
                0x9d006340                __vector_dispatch_10
                0x00000001                ASSERT (((_vector_spacing == 0x0) || (SIZEOF (.vector_10) <= (_vector_spacing << 0x5))), function at exception vector 10 too large)

.vector_11      0x9d006360        0x8
 *(.vector_11)
 .vector_11     0x9d006360        0x8 c:/program files (x86)/microchip/xc32/v2.30/bin/bin/../../lib/gcc/pic32mx/4.8.3/../../../../pic32mx/lib\libpic32.a(vector11.o)
                0x9d006360                __vector_dispatch_11
                0x00000001                ASSERT (((_vector_spacing == 0x0) || (SIZEOF (.vector_11) <= (_vector_spacing << 0x5))), function at exception vector 11 too large)

.vector_12      0x9d006380        0x8
 *(.vector_12)
 .vector_12     0x9d006380        0x8 output\isr.o
                0x9d006380                __vector_dispatch_12
                0x00000001                ASSERT (((_vector_spacing == 0x0) || (SIZEOF (.vector_12) <= (_vector_spacing << 0x5))), function at exception vector 12 too large)

.vector_13      0x9d0063a0        0x8
 *(.vector_13)
 .vector_13     0x9d0063a0        0x8 c:/program files (x86)/microchip/xc32/v2.30/bin/bin/../../lib/gcc/pic32mx/4.8.3/../../../../pic32mx/lib\libpic32.a(vector13.o)
                0x9d0063a0                __vector_dispatch_13
                0x00000001                ASSERT (((_vector_spacing == 0x0) || (SIZEOF (.vector_13) <= (_vector_spacing << 0x5))), function at exception vector 13 too large)

.vector_14      0x9d0063c0        0x8
 *(.vector_14)
 .vector_14     0x9d0063c0        0x8 c:/program files (x86)/microchip/xc32/v2.30/bin/bin/../../lib/gcc/pic32mx/4.8.3/../../../../pic32mx/lib\libpic32.a(vector14.o)
                0x9d0063c0                __vector_dispatch_14
                0x00000001                ASSERT (((_vector_spacing == 0x0) || (SIZEOF (.vector_14) <= (_vector_spacing << 0x5))), function at exception vector 14 too large)

.vector_15      0x9d0063e0        0x8
 *(.vector_15)
 .vector_15     0x9d0063e0        0x8 output\isr.o
                0x9d0063e0                __vector_dispatch_15
                0x00000001                ASSERT (((_vector_spacing == 0x0) || (SIZEOF (.vector_15) <= (_vector_spacing << 0x5))), function at exception vector 15 too large)

.vector_16      0x9d006400        0x8
 *(.vector_16)
 .vector_16     0x9d006400        0x8 output\isr.o
                0x9d006400                __vector_dispatch_16
                0x00000001                ASSERT (((_vector_spacing == 0x0) || (SIZEOF (.vector_16) <= (_vector_spacing << 0x5))), function at exception vector 16 too large)

.vector_17      0x9d006420        0x8
 *(.vector_17)
 .vector_17     0x9d006420        0x8 c:/program files (x86)/microchip/xc32/v2.30/bin/bin/../../lib/gcc/pic32mx/4.8.3/../../../../pic32mx/lib\libpic32.a(vector17.o)
                0x9d006420                __vector_dispatch_17
                0x00000001                ASSERT (((_vector_spacing == 0x0) || (SIZEOF (.vector_17) <= (_vector_spacing << 0x5))), function at exception vector 17 too large)

.vector_18      0x9d006440        0x8
 *(.vector_18)
 .vector_18     0x9d006440        0x8 c:/program files (x86)/microchip/xc32/v2.30/bin/bin/../../lib/gcc/pic32mx/4.8.3/../../../../pic32mx/lib\libpic32.a(vector18.o)
                0x9d006440                __vector_dispatch_18
                0x00000001                ASSERT (((_vector_spacing == 0x0) || (SIZEOF (.vector_18) <= (_vector_spacing << 0x5))), function at exception vector 18 too large)

.vector_19      0x9d006460        0x8
 *(.vector_19)
 .vector_19     0x9d006460        0x8 c:/program files (x86)/microchip/xc32/v2.30/bin/bin/../../lib/gcc/pic32mx/4.8.3/../../../../pic32mx/lib\libpic32.a(vector19.o)
                0x9d006460                __vector_dispatch_19
                0x00000001                ASSERT (((_vector_spacing == 0x0) || (SIZEOF (.vector_19) <= (_vector_spacing << 0x5))), function at exception vector 19 too large)

.vector_20      0x9d006480        0x8
 *(.vector_20)
 .vector_20     0x9d006480        0x8 output\isr.o
                0x9d006480                __vector_dispatch_20
                0x00000001                ASSERT (((_vector_spacing == 0x0) || (SIZEOF (.vector_20) <= (_vector_spacing << 0x5))), function at exception vector 20 too large)

.vector_21      0x9d0064a0        0x8
 *(.vector_21)
 .vector_21     0x9d0064a0        0x8 c:/program files (x86)/microchip/xc32/v2.30/bin/bin/../../lib/gcc/pic32mx/4.8.3/../../../../pic32mx/lib\libpic32.a(vector21.o)
                0x9d0064a0                __vector_dispatch_21
                0x00000001                ASSERT (((_vector_spacing == 0x0) || (SIZEOF (.vector_21) <= (_vector_spacing << 0x5))), function at exception vector 21 too large)

.vector_22      0x9d0064c0        0x8
 *(.vector_22)
 .vector_22     0x9d0064c0        0x8 c:/program files (x86)/microchip/xc32/v2.30/bin/bin/../../lib/gcc/pic32mx/4.8.3/../../../../pic32mx/lib\libpic32.a(vector22.o)
                0x9d0064c0                __vector_dispatch_22
                0x00000001                ASSERT (((_vector_spacing == 0x0) || (SIZEOF (.vector_22) <= (_vector_spacing << 0x5))), function at exception vector 22 too large)

.vector_23      0x9d0064e0        0x8
 *(.vector_23)
 .vector_23     0x9d0064e0        0x8 c:/program files (x86)/microchip/xc32/v2.30/bin/bin/../../lib/gcc/pic32mx/4.8.3/../../../../pic32mx/lib\libpic32.a(vector23.o)
                0x9d0064e0                __vector_dispatch_23
                0x00000001                ASSERT (((_vector_spacing == 0x0) || (SIZEOF (.vector_23) <= (_vector_spacing << 0x5))), function at exception vector 23 too large)

.vector_24      0x9d006500        0x8
 *(.vector_24)
 .vector_24     0x9d006500        0x8 c:/program files (x86)/microchip/xc32/v2.30/bin/bin/../../lib/gcc/pic32mx/4.8.3/../../../../pic32mx/lib\libpic32.a(vector24.o)
                0x9d006500                __vector_dispatch_24
                0x00000001                ASSERT (((_vector_spacing == 0x0) || (SIZEOF (.vector_24) <= (_vector_spacing << 0x5))), function at exception vector 24 too large)

.vector_25      0x9d006520        0x8
 *(.vector_25)
 .vector_25     0x9d006520        0x8 c:/program files (x86)/microchip/xc32/v2.30/bin/bin/../../lib/gcc/pic32mx/4.8.3/../../../../pic32mx/lib\libpic32.a(vector25.o)
                0x9d006520                __vector_dispatch_25
                0x00000001                ASSERT (((_vector_spacing == 0x0) || (SIZEOF (.vector_25) <= (_vector_spacing << 0x5))), function at exception vector 25 too large)

.vector_26      0x9d006540        0x8
 *(.vector_26)
 .vector_26     0x9d006540        0x8 c:/program files (x86)/microchip/xc32/v2.30/bin/bin/../../lib/gcc/pic32mx/4.8.3/../../../../pic32mx/lib\libpic32.a(vector26.o)
                0x9d006540                __vector_dispatch_26
                0x00000001                ASSERT (((_vector_spacing == 0x0) || (SIZEOF (.vector_26) <= (_vector_spacing << 0x5))), function at exception vector 26 too large)

.vector_27      0x9d006560        0x8
 *(.vector_27)
 .vector_27     0x9d006560        0x8 c:/program files (x86)/microchip/xc32/v2.30/bin/bin/../../lib/gcc/pic32mx/4.8.3/../../../../pic32mx/lib\libpic32.a(vector27.o)
                0x9d006560                __vector_dispatch_27
                0x00000001                ASSERT (((_vector_spacing == 0x0) || (SIZEOF (.vector_27) <= (_vector_spacing << 0x5))), function at exception vector 27 too large)

.vector_28      0x9d006580        0x8
 *(.vector_28)
 .vector_28     0x9d006580        0x8 c:/program files (x86)/microchip/xc32/v2.30/bin/bin/../../lib/gcc/pic32mx/4.8.3/../../../../pic32mx/lib\libpic32.a(vector28.o)
                0x9d006580                __vector_dispatch_28
                0x00000001                ASSERT (((_vector_spacing == 0x0) || (SIZEOF (.vector_28) <= (_vector_spacing << 0x5))), function at exception vector 28 too large)

.vector_29      0x9d0065a0        0x8
 *(.vector_29)
 .vector_29     0x9d0065a0        0x8 output\isr.o
                0x9d0065a0                __vector_dispatch_29
                0x00000001                ASSERT (((_vector_spacing == 0x0) || (SIZEOF (.vector_29) <= (_vector_spacing << 0x5))), function at exception vector 29 too large)

.vector_30      0x9d0065c0        0x8
 *(.vector_30)
 .vector_30     0x9d0065c0        0x8 c:/program files (x86)/microchip/xc32/v2.30/bin/bin/../../lib/gcc/pic32mx/4.8.3/../../../../pic32mx/lib\libpic32.a(vector30.o)
                0x9d0065c0                __vector_dispatch_30
                0x00000001                ASSERT (((_vector_spacing == 0x0) || (SIZEOF (.vector_30) <= (_vector_spacing << 0x5))), function at exception vector 30 too large)

.vector_31      0x9d0065e0        0x8
 *(.vector_31)
 .vector_31     0x9d0065e0        0x8 output\isr.o
                0x9d0065e0                __vector_dispatch_31
                0x00000001                ASSERT (((_vector_spacing == 0x0) || (SIZEOF (.vector_31) <= (_vector_spacing << 0x5))), function at exception vector 31 too large)

.vector_32      0x9d006600        0x8
 *(.vector_32)
 .vector_32     0x9d006600        0x8 c:/program files (x86)/microchip/xc32/v2.30/bin/bin/../../lib/gcc/pic32mx/4.8.3/../../../../pic32mx/lib\libpic32.a(vector32.o)
                0x9d006600                __vector_dispatch_32
                0x00000001                ASSERT (((_vector_spacing == 0x0) || (SIZEOF (.vector_32) <= (_vector_spacing << 0x5))), function at exception vector 32 too large)

.vector_33      0x9d006620        0x8
 *(.vector_33)
 .vector_33     0x9d006620        0x8 output\isr.o
                0x9d006620                __vector_dispatch_33
                0x00000001                ASSERT (((_vector_spacing == 0x0) || (SIZEOF (.vector_33) <= (_vector_spacing << 0x5))), function at exception vector 33 too large)

.vector_34      0x9d006640        0x8
 *(.vector_34)
 .vector_34     0x9d006640        0x8 c:/program files (x86)/microchip/xc32/v2.30/bin/bin/../../lib/gcc/pic32mx/4.8.3/../../../../pic32mx/lib\libpic32.a(vector34.o)
                0x9d006640                __vector_dispatch_34
                0x00000001                ASSERT (((_vector_spacing == 0x0) || (SIZEOF (.vector_34) <= (_vector_spacing << 0x5))), function at exception vector 34 too large)

.vector_35      0x9d006660        0x8
 *(.vector_35)
 .vector_35     0x9d006660        0x8 output\isr.o
                0x9d006660                __vector_dispatch_35
                0x00000001                ASSERT (((_vector_spacing == 0x0) || (SIZEOF (.vector_35) <= (_vector_spacing << 0x5))), function at exception vector 35 too large)

.vector_36      0x9d006680        0x8
 *(.vector_36)
 .vector_36     0x9d006680        0x8 output\isr.o
                0x9d006680                __vector_dispatch_36
                0x00000001                ASSERT (((_vector_spacing == 0x0) || (SIZEOF (.vector_36) <= (_vector_spacing << 0x5))), function at exception vector 36 too large)

.vector_37      0x9d0066a0        0x8
 *(.vector_37)
 .vector_37     0x9d0066a0        0x8 c:/program files (x86)/microchip/xc32/v2.30/bin/bin/../../lib/gcc/pic32mx/4.8.3/../../../../pic32mx/lib\libpic32.a(vector37.o)
                0x9d0066a0                __vector_dispatch_37
                0x00000001                ASSERT (((_vector_spacing == 0x0) || (SIZEOF (.vector_37) <= (_vector_spacing << 0x5))), function at exception vector 37 too large)

.vector_38      0x9d0066c0        0x8
 *(.vector_38)
 .vector_38     0x9d0066c0        0x8 c:/program files (x86)/microchip/xc32/v2.30/bin/bin/../../lib/gcc/pic32mx/4.8.3/../../../../pic32mx/lib\libpic32.a(vector38.o)
                0x9d0066c0                __vector_dispatch_38
                0x00000001                ASSERT (((_vector_spacing == 0x0) || (SIZEOF (.vector_38) <= (_vector_spacing << 0x5))), function at exception vector 38 too large)

.vector_39      0x9d0066e0        0x8
 *(.vector_39)
 .vector_39     0x9d0066e0        0x8 c:/program files (x86)/microchip/xc32/v2.30/bin/bin/../../lib/gcc/pic32mx/4.8.3/../../../../pic32mx/lib\libpic32.a(vector39.o)
                0x9d0066e0                __vector_dispatch_39
                0x00000001                ASSERT (((_vector_spacing == 0x0) || (SIZEOF (.vector_39) <= (_vector_spacing << 0x5))), function at exception vector 39 too large)

.vector_40      0x9d006700        0x8
 *(.vector_40)
 .vector_40     0x9d006700        0x8 c:/program files (x86)/microchip/xc32/v2.30/bin/bin/../../lib/gcc/pic32mx/4.8.3/../../../../pic32mx/lib\libpic32.a(vector40.o)
                0x9d006700                __vector_dispatch_40
                0x00000001                ASSERT (((_vector_spacing == 0x0) || (SIZEOF (.vector_40) <= (_vector_spacing << 0x5))), function at exception vector 40 too large)

.vector_41      0x9d006720        0x8
 *(.vector_41)
 .vector_41     0x9d006720        0x8 c:/program files (x86)/microchip/xc32/v2.30/bin/bin/../../lib/gcc/pic32mx/4.8.3/../../../../pic32mx/lib\libpic32.a(vector41.o)
                0x9d006720                __vector_dispatch_41
                0x00000001                ASSERT (((_vector_spacing == 0x0) || (SIZEOF (.vector_41) <= (_vector_spacing << 0x5))), function at exception vector 41 too large)

.vector_42      0x9d006740        0x8
 *(.vector_42)
 .vector_42     0x9d006740        0x8 output\isr.o
                0x9d006740                __vector_dispatch_42
                0x00000001                ASSERT (((_vector_spacing == 0x0) || (SIZEOF (.vector_42) <= (_vector_spacing << 0x5))), function at exception vector 42 too large)

.vector_43      0x9d006760        0x8
 *(.vector_43)
 .vector_43     0x9d006760        0x8 output\isr.o
                0x9d006760                __vector_dispatch_43
                0x00000001                ASSERT (((_vector_spacing == 0x0) || (SIZEOF (.vector_43) <= (_vector_spacing << 0x5))), function at exception vector 43 too large)

.vector_44      0x9d006780        0x8
 *(.vector_44)
 .vector_44     0x9d006780        0x8 output\isr.o
                0x9d006780                __vector_dispatch_44
                0x00000001                ASSERT (((_vector_spacing == 0x0) || (SIZEOF (.vector_44) <= (_vector_spacing << 0x5))), function at exception vector 44 too large)

.vector_45      0x9d0067a0        0x8
 *(.vector_45)
 .vector_45     0x9d0067a0        0x8 output\isr.o
                0x9d0067a0                __vector_dispatch_45
                0x00000001                ASSERT (((_vector_spacing == 0x0) || (SIZEOF (.vector_45) <= (_vector_spacing << 0x5))), function at exception vector 45 too large)

.vector_46      0x9d0067c0        0x0
 *(.vector_46)
                0x00000001                ASSERT (((_vector_spacing == 0x0) || (SIZEOF (.vector_46) <= (_vector_spacing << 0x5))), function at exception vector 46 too large)

.vector_47      0x9d0067e0        0x0
 *(.vector_47)
                0x00000001                ASSERT (((_vector_spacing == 0x0) || (SIZEOF (.vector_47) <= (_vector_spacing << 0x5))), function at exception vector 47 too large)

.vector_48      0x9d006800        0x0
 *(.vector_48)
                0x00000001                ASSERT (((_vector_spacing == 0x0) || (SIZEOF (.vector_48) <= (_vector_spacing << 0x5))), function at exception vector 48 too large)

.vector_49      0x9d006820        0x0
 *(.vector_49)
                0x00000001                ASSERT (((_vector_spacing == 0x0) || (SIZEOF (.vector_49) <= (_vector_spacing << 0x5))), function at exception vector 49 too large)

.vector_50      0x9d006840        0x0
 *(.vector_50)
                0x00000001                ASSERT (((_vector_spacing == 0x0) || (SIZEOF (.vector_50) <= (_vector_spacing << 0x5))), function at exception vector 50 too large)

.vector_51      0x9d006860        0x0
 *(.vector_51)
                0x00000001                ASSERT (((_vector_spacing == 0x0) || (SIZEOF (.vector_51) <= (_vector_spacing << 0x5))), function at exception vector 51 too large)

.vector_52      0x9d006880        0x0
 *(.vector_52)
                0x00000001                ASSERT (((_vector_spacing == 0x0) || (SIZEOF (.vector_52) <= (_vector_spacing << 0x5))), function at exception vector 52 too large)

.vector_53      0x9d0068a0        0x0
 *(.vector_53)
                0x00000001                ASSERT (((_vector_spacing == 0x0) || (SIZEOF (.vector_53) <= (_vector_spacing << 0x5))), function at exception vector 53 too large)

.vector_54      0x9d0068c0        0x0
 *(.vector_54)
                0x00000001                ASSERT (((_vector_spacing == 0x0) || (SIZEOF (.vector_54) <= (_vector_spacing << 0x5))), function at exception vector 54 too large)

.vector_55      0x9d0068e0        0x0
 *(.vector_55)
                0x00000001                ASSERT (((_vector_spacing == 0x0) || (SIZEOF (.vector_55) <= (_vector_spacing << 0x5))), function at exception vector 55 too large)

.vector_56      0x9d006900        0x0
 *(.vector_56)
                0x00000001                ASSERT (((_vector_spacing == 0x0) || (SIZEOF (.vector_56) <= (_vector_spacing << 0x5))), function at exception vector 56 too large)

.vector_57      0x9d006920        0x0
 *(.vector_57)
                0x00000001                ASSERT (((_vector_spacing == 0x0) || (SIZEOF (.vector_57) <= (_vector_spacing << 0x5))), function at exception vector 57 too large)

.vector_58      0x9d006940        0x0
 *(.vector_58)
                0x00000001                ASSERT (((_vector_spacing == 0x0) || (SIZEOF (.vector_58) <= (_vector_spacing << 0x5))), function at exception vector 58 too large)

.vector_59      0x9d006960        0x0
 *(.vector_59)
                0x00000001                ASSERT (((_vector_spacing == 0x0) || (SIZEOF (.vector_59) <= (_vector_spacing << 0x5))), function at exception vector 59 too large)

.vector_60      0x9d006980        0x0
 *(.vector_60)
                0x00000001                ASSERT (((_vector_spacing == 0x0) || (SIZEOF (.vector_60) <= (_vector_spacing << 0x5))), function at exception vector 60 too large)

.vector_61      0x9d0069a0        0x0
 *(.vector_61)
                0x00000001                ASSERT (((_vector_spacing == 0x0) || (SIZEOF (.vector_61) <= (_vector_spacing << 0x5))), function at exception vector 61 too large)

.vector_62      0x9d0069c0        0x0
 *(.vector_62)
                0x00000001                ASSERT (((_vector_spacing == 0x0) || (SIZEOF (.vector_62) <= (_vector_spacing << 0x5))), function at exception vector 62 too large)

.vector_63      0x9d0069e0        0x0
 *(.vector_63)
                0x00000001                ASSERT (((_vector_spacing == 0x0) || (SIZEOF (.vector_63) <= (_vector_spacing << 0x5))), function at exception vector 63 too large)

.startup
 *(.startup)

.text           0x9d007490        0x0
 *(.stub .gnu.linkonce.t.*)
 *(.text.*personality*)
 *(.mips16.fn.*)
 *(.mips16.call.*)
 *(.gnu.warning)
                0x9d007490                . = ALIGN (0x4)

.init           0x9d007490        0x0
 *crti.o(.init)
 *crtbegin.o(.init)
 *(EXCLUDE_FILE(*crtn.o *crtend?.o *crtend.o) .init)
 *crtend.o(.init)
 *crtn.o(.init)
                0x9d007490                . = ALIGN (0x4)

.fini           0x9d007490        0x0
 *(.fini)
                0x9d007490                . = ALIGN (0x4)

.preinit_array  0x9d007490        0x0
                0x9d007490                PROVIDE (__preinit_array_start, .)
 *(.preinit_array)
                0x9d007490                PROVIDE (__preinit_array_end, .)
                0x9d007490                . = ALIGN (0x4)

.init_array     0x9d007490        0x0
                0x9d007490                PROVIDE (__init_array_start, .)
 *(SORT(.init_array.*))
 *(.init_array)
                0x9d007490                PROVIDE (__init_array_end, .)
                0x9d007490                . = ALIGN (0x4)

.fini_array     0x9d007490        0x0
                0x9d007490                PROVIDE (__fini_array_start, .)
 *(SORT(.fini_array.*))
 *(.fini_array)
                0x9d007490                PROVIDE (__fini_array_end, .)
                0x9d007490                . = ALIGN (0x4)

.ctors          0x9d007490        0x0
 *crtbegin.o(.ctors)
 *crtbegin?.o(.ctors)
 *(EXCLUDE_FILE(*crtend?.o *crtend.o) .ctors)
 *(SORT(.ctors.*))
 *(.ctors)
                0x9d007490                . = ALIGN (0x4)

.dtors          0x9d007490        0x0
 *crtbegin.o(.dtors)
 *crtbegin?.o(.dtors)
 *(EXCLUDE_FILE(*crtend?.o *crtend.o) .dtors)
 *(SORT(.dtors.*))
 *(.dtors)
                0x9d007490                . = ALIGN (0x4)

.rodata         0x9d007490        0x0
 *(.gnu.linkonce.r.*)
 *(.rodata1)
                0x9d007490                . = ALIGN (0x4)

.sdata2         0x9d006000        0x0
 *(.sdata2 .sdata2.* .gnu.linkonce.s2.*)
                0x9d006000                . = ALIGN (0x4)

.sbss2          0x9d006000        0x0
 *(.sbss2 .sbss2.* .gnu.linkonce.sb2.*)
                0x9d006000                . = ALIGN (0x4)

.eh_frame_hdr
 *(.eh_frame_hdr)
                0x9d006000                . = ALIGN (0x4)

.eh_frame
 *(.eh_frame)
                0x9d006000                . = ALIGN (0x4)

.gcc_except_table
 *(.gcc_except_table .gcc_except_table.*)
                0x9d006000                . = ALIGN (0x4)

.dbg_data       0xa0000000        0x0
                0xa0000000                . = (. + DEFINED (_DEBUGGER)?0x200:0x0)

.jcr            0xa0000000        0x0
 *(.jcr)
                0xa0000000                . = ALIGN (0x4)

.eh_frame
 *(.eh_frame)
                0xa0000000                . = ALIGN (0x4)

.gcc_except_table
 *(.gcc_except_table .gcc_except_table.*)
                0xa0000000                . = ALIGN (0x4)

.persist        0xa0000000        0x4
                0xa0000000                _persist_begin = .
 *(.persist .persist.*)
 *(.pbss .pbss.*)
 .pbss          0xa0000000        0x2 output\UDP.o
                0xa0000004                . = ALIGN (0x4)
 *fill*         0xa0000002        0x2 
                0xa0000004                _persist_end = .

.data           0xa0000004        0x0
 *(.gnu.linkonce.d.*)
 *(.data1)
                0xa0000004                . = ALIGN (0x4)
                0xa0000004                . = .
                0xa0008000                _gp = (ALIGN (0x10) + 0x7ff0)

.got            0xa0000004        0x0
 *(.got.plt)
 *(.got)
                0xa0000004                . = ALIGN (0x4)

.sdata          0xa0000004       0x48
                0xa0000004                _sdata_begin = .
 *(.sdata .sdata.* .gnu.linkonce.s.*)
 .sdata         0xa0000004        0x1 output\sleep.o
                0xa0000004                sleepGetMainLoopRun_result
 *fill*         0xa0000005        0x3 
 .sdata         0xa0000008        0x4 output\eep_manager.o
 .sdata         0xa000000c        0x1 output\app.o
 *fill*         0xa000000d        0x3 
 .sdata         0xa0000010        0x8 output\limits.o
                0xa0000010                pl_data
                0xa0000014                limits_disabled
 .sdata         0xa0000018        0x8 output\pwm.o
                0xa0000018                maxDuty
                0xa000001c                maxFreq
 .sdata         0xa0000020        0x1 output\dee.o
                0xa0000020                dee_debug_enable
 *fill*         0xa0000021        0x3 
 .sdata         0xa0000024        0x8 output\stepper_enable.o
                0xa0000024                stepper_enable_emergency_stop_active
 .sdata         0xa000002c        0x2 output\grbl_eeprom.o
                0xa000002c                master_eep_error_single_shoot
                0xa000002d                backup_eep_error_single_shoot
 *fill*         0xa000002e        0x2 
 .sdata         0xa0000030        0x8 output\stackmeasure.o
                0xa0000030                stackmeasure_from
                0xa0000034                stackmeasure_to
 .sdata         0xa0000038        0x1 output\grbl_running.o
 *fill*         0xa0000039        0x3 
 .sdata         0xa000003c        0x8 output\ethernet.o
                0xa000003c                SerializedMACAddress
 .sdata         0xa0000044        0x2 output\ethernet_grbl.o
                0xa0000044                serverPort
 .sdata         0xa0000046        0x2 output\UDP.o
 .sdata         0xa0000048        0x4 output\Helpers.o
                0xa000004c                . = ALIGN (0x4)
                0xa000004c                _sdata_end = .

.lit8
 *(.lit8)

.lit4
 *(.lit4)
                0xa000004c                . = ALIGN (0x4)
                0xa000004c                _data_end = .
                0xa000004c                _bss_begin = .

.sbss           0xa000004c      0x284
                0xa000004c                _sbss_begin = .
 *(.dynsbss)
 *(.sbss .sbss.* .gnu.linkonce.sb.*)
 .sbss          0xa000004c       0x14 output\tmr.o
                0xa000004c                globalTime
                0xa0000050                globalTimeUs
 .sbss          0xa0000060        0x8 output\mal.o
                0xa0000060                gieTemp
                0xa0000064                isrLockCnt
 .sbss          0xa0000068        0xc output\task.o
                0xa0000068                tasksTotalTime
                0xa000006c                doTaskList1ms
                0xa000006d                doTaskListGuard
                0xa0000070                taskListsPtr
 .sbss          0xa0000074       0x1c output\sleep.o
                0xa0000074                sleepTime
                0xa0000078                sleepRequestLock
                0xa000007c                sleepRequestApp
                0xa0000080                sleepRequestDriver
                0xa0000084                sleepAppRequest_delay
                0xa0000088                sleepDriverRequest_delay
                0xa000008c                sleepEdgeDetector
                0xa000008d                sleepPointOfNoReturn
                0xa000008e                sleepPointOfNoReturnRegisteredRequest
                0xa000008f                do_isr_sleep_1ms
 .sbss          0xa0000090       0x20 output\eep_manager.o
                0xa0000090                eep_manager_persistent_config
                0xa0000094                eep_manager_persistent_eeprom
                0xa0000098                eep_manager_persistent_eeprom_2
                0xa000009c                do_eep_manager_1ms
 .sbss          0xa00000b0        0x8 output\exceptions.o
                0xa00000b0                exceptionCounter
                0xa00000b4                generateException
 .sbss          0xa00000b8       0x20 output\main.o
                0xa00000b8                do_loopCnt
                0xa00000bc                loopCntTemp
                0xa00000c0                loopCnt
                0xa00000c4                tick_count
                0xa00000c8                loopCntHistoryCnt
                0xa00000cc                resetReason
                0xa00000d0                RCONtemp
 .sbss          0xa00000d8        0x2 output\ad.o
                0xa00000d8                doAd100ms
 .sbss          0xa00000da        0x1 output\gcode.o
 *fill*         0xa00000db        0x1 
 .sbss          0xa00000dc       0x14 output\limits.o
                0xa00000dc                do_limits_go_home
                0xa00000e0                limit_go_home_state
                0xa00000e4                do_limits_1ms
                0xa00000e5                do_limits_polling
                0xa00000e6                limits_get_state_last
                0xa00000e7                limits_get_state_current
                0xa00000e8                limits_get_state_debug
                0xa00000ea                limit_delay_home
                0xa00000ec                limit_flag_for_homeing_EXEC_CYCLE_STOP
 .sbss          0xa00000f0        0x8 output\motion_control.o
                0xa00000f0                do_ArcGenerating
                0xa00000f1                count
                0xa00000f2                do_mc_homing_cycle
                0xa00000f4                mc_homing_state_machine
 .sbss          0xa00000f8        0x5 output\nuts_bolts.o
                0xa00000f8                grbl_not_existing_tris
                0xa00000f9                grbl_not_existing_port
                0xa00000fa                grbl_not_existing_lat
                0xa00000fb                do_nuts_bolts_delay1ms
                0xa00000fc                nuts_bolts_delayCnt
 *fill*         0xa00000fd        0x3 
 .sbss          0xa0000100        0xc output\stepper.o
 .sbss          0xa000010c       0x10 output\system.o
                0xa000010c                grbl_system_sm
                0xa0000110                sys_rt_exec_motion_override
                0xa0000111                sys_rt_exec_accessory_override
                0xa0000114                restore_spindle_speed
                0xa0000118                restore_condition
 .sbss          0xa000011c       0x1c output\dee.o
                0xa000011c                dee_debug_last_return_value
                0xa0000120                dee_cache_valid
                0xa0000124                dee_data_cache
                0xa0000128                dee_addr_cache
                0xa000012c                do_dee_debug
                0xa0000130                dee_debug_init_dee
 .sbss          0xa0000138        0x6 output\system_control.o
                0xa0000138                system_reset_debug
                0xa0000139                do_system_control_1ms
                0xa000013a                do_system_poll_control_pins
                0xa000013b                system_control_get_state_current
                0xa000013c                system_control_get_state_last
                0xa000013d                system_control_get_state_debug
 *fill*         0xa000013e        0x2 
 .sbss          0xa0000140       0x10 output\stepper_enable.o
                0xa0000140                do_stepper_enable_1ms
                0xa0000141                stepper_enable_delayed_enabling
                0xa0000144                stepper_enable_delayed_enabling_cnt
                0xa0000148                stepper_enable_emergency_stop_delay
                0xa000014c                stepper_enable_emergency_stop_delay_cnt
 .sbss          0xa0000150        0x2 output\system_exec.o
                0xa0000150                sys_rt_exec_state
 .sbss          0xa0000152        0x2 output\system_alarm.o
                0xa0000152                sys_rt_exec_alarm
 .sbss          0xa0000154        0xe output\grbl_eeprom.o
                0xa0000154                do_grbl_eeprom_1ms
                0xa0000155                grbl_eeprom_triggerWriteAll
                0xa0000156                grbl_eeprom_triggerWriteSettings
                0xa0000157                grbl_eeprom_triggerWriteItems
                0xa0000158                grbl_master_eep_error
                0xa0000159                grbl_backup_eep_error
                0xa000015a                grbl_critical_eep_error
 *fill*         0xa0000162        0x2 
 .sbss          0xa0000164       0x14 output\grbl_protocol.o
                0xa0000164                lineStateMachine
                0xa0000168                requestSynchMotion
                0xa0000169                gc_execute_line_result
                0xa000016a                serialCharReceived
                0xa000016b                protocol_execute_line_status
                0xa000016c                protocol_set_requestDwell_dwellTime
                0xa0000170                missedRxChar_Grbl_Protocol
 .sbss          0xa0000178        0x8 output\stackmeasure.o
                0xa0000178                stackmeasure_current_pos
                0xa000017c                stackmeasure_maxfillness
 .sbss          0xa0000180        0xc output\grbl_toolchange.o
                0xa0000180                GRBL_Toolchange_SM_State
                0xa0000184                grbl_toolchange_isRunning
                0xa0000186                grbl_toolchange_toolNumber
                0xa0000188                grbl_toolchange_load_or_load_and_change
                0xa0000189                do_grbl_toolchange_1ms
 .sbss          0xa000018c       0x20 output\grbl_running.o
                0xa000018c                grbl_running_running_minutes
                0xa0000190                grbl_running_running_hours
                0xa0000194                grbl_running_startup_cnt
                0xa0000198                grbl_running_spindle_running_minutes
                0xa000019c                do_grbl_running_1s
                0xa000019d                do_grbl_running_1min
                0xa000019e                do_grbl_running_1h
 .sbss          0xa00001ac        0x6 output\grbl_probe.o
                0xa00001ac                probe_invert_mask
                0xa00001ad                probe_pin_state
                0xa00001ae                do_probe_1ms
                0xa00001af                sys_probe_state
                0xa00001b0                do_mc_probe_cycle
                0xa00001b1                probe_is_no_error
 .sbss          0xa00001b2        0x3 output\grbl_bootloader.o
                0xa00001b2                do_grbl_bootloader_1ms
                0xa00001b3                grbl_bootloader_triggered
 *fill*         0xa00001b5        0x3 
 .sbss          0xa00001b8        0xc output\ethernet_grbl.o
                0xa00001b8                missedTxCharHID
                0xa00001bc                missedRxCharHID
 .sbss          0xa00001c4        0x8 output\UDP.o
 *fill*         0xa00001cc        0x4 
 .sbss          0xa00001d0       0x10 output\Tick.o
 .sbss          0xa00001e0        0x4 output\ARP.o
 .sbss          0xa00001e4       0x1c output\ENC28J60.o
                0xa00001f1                do_enc28j60_1ms
                0xa00001f2                ENC28J60_EIE
                0xa00001f3                ENC28J60_EIR
                0xa00001f4                ENC28J60_ESTAT
                0xa00001f5                ENC28J60_ECON2
                0xa00001f6                ENC28J60_ECON1
                0xa00001f7                ENC28J60_ERXFCON
                0xa00001f8                ENC28J60_MICMD
                0xa00001f9                ENC28J60_EBSTCON
                0xa00001fa                ENC28J60_MISTAT
                0xa00001fb                ENC28J60_ECOCON
                0xa00001fc                ENC28J60_EFLOCON
                0xa00001fd                ENC28J60_MACON1
                0xa00001fe                ENC28J60_MACON3
                0xa00001ff                ENC28J60_MACON4
 .sbss          0xa0000200        0x4 output\IP.o
 .sbss          0xa0000204        0xc output\StackTsk.o
 .sbss          0xa0000210        0x8 output\Announce.o
 *(.scommon)
 .scommon       0xa0000218       0x18 output\exceptions.o
                0xa0000218                _return_addr
                0xa000021c                tempB
                0xa0000220                tempA
                0xa0000224                _excep_code
                0xa0000228                tempResult
                0xa000022c                _excep_addr
 .scommon       0xa0000230        0x2 output\ad.o
                0xa0000230                adResults
 *fill*         0xa0000232        0x2 
 .scommon       0xa0000234        0x4 output\gcode.o
                0xa0000234                gcodePositionSave
 .scommon       0xa0000238       0x15 output\limits.o
                0xa0000238                limit_state
                0xa0000239                axislock
                0xa000023a                approach
                0xa000023c                homing_rate
                0xa0000240                n_active_axis
                0xa0000244                max_travel
                0xa0000248                step_pin
                0xa000024b                cycle_mask_asynch
                0xa000024c                n_cycle
 *fill*         0xa000024d        0x3 
 .scommon       0xa0000250       0x4a output\motion_control.o
                0xa0000250                axis_1_buffer
                0xa0000254                center_axis0
                0xa0000258                linear_per_segment
                0xa000025c                r_axisi
                0xa0000260                theta_per_segment
                0xa0000264                sin_Ti
                0xa0000268                axis_linear_buffer
                0xa000026c                cos_T
                0xa0000270                r_axis0
                0xa0000274                axis_0_buffer
                0xa0000278                r_axis1
                0xa000027c                sin_T
                0xa0000280                cycle_mask_buffer
                0xa0000284                radius_buffer
                0xa0000288                is_clockwise_arc_buffer
                0xa000028c                center_axis1
                0xa0000290                segments_buffer
                0xa0000294                cos_Ti
                0xa0000298                i_buffer
 .scommon       0xa000029a        0x4 output\planner.o
                0xa000029a                block_buffer_head
                0xa000029b                next_buffer_head
                0xa000029c                block_buffer_tail
                0xa000029d                block_buffer_planned
 .scommon       0xa000029e        0x1 output\settings.o
                0xa000029e                eep_settings_version
 .scommon       0xa000029f        0x3 output\stepper.o
                0xa000029f                segment_buffer_head
                0xa00002a0                segment_buffer_tail
                0xa00002a1                segment_next_head
 *fill*         0xa00002a2        0x2 
 .scommon       0xa00002a4        0x4 output\system.o
                0xa00002a4                system_suspendTime
 .scommon       0xa00002a8        0xc output\grbl.o
                0xa00002a8                dummyTRIS
                0xa00002ac                dummyPORT
                0xa00002b0                dummyLAT
 .scommon       0xa00002b4        0x4 output\dee.o
                0xa00002b4                dataEEFlags
 .scommon       0xa00002b8        0x4 output\dee_page.o
                0xa00002b8                read_dee_page
 .scommon       0xa00002bc        0x4 output\grbl_protocol.o
                0xa00002bc                protocol_dwellTime
 .scommon       0xa00002c0        0x4 output\grbl_toolchange.o
                0xa00002c0                grbl_toolchange_failsafe_timeout
 .scommon       0xa00002c4        0x4 output\grbl_bootloader.o
                0xa00002c4                grbl_bootloader_timer
 .scommon       0xa00002c8        0x1 output\ethernet_grbl.o
                0xa00002c8                udpSkt
 *fill*         0xa00002c9        0x1 
 .scommon       0xa00002ca        0x6 output\UDP.o
                0xa00002ca                UDPTxCount
                0xa00002cc                activeUDPSocket
                0xa00002ce                UDPRxCount
                0xa00002d0                _sbss_end = .
                0xa00002d0                . = ALIGN (0x4)

.bss            0xa00002d0     0x2044
 *(.dynbss)
 *(COMMON)
 COMMON         0xa00002d0      0x480 output\task.o
                0xa00002d0                taskLists
 COMMON         0xa0000750       0x70 output\eep_manager.o
                0xa0000750                eep_manager_write_all_trigger
                0xa0000788                eep_manager_debug_address
 COMMON         0xa00007c0       0xf0 output\main.o
                0xa00007c0                loopCntHistory
 COMMON         0xa00008b0       0x9c output\gcode.o
                0xa00008b0                coord_offset_eep
                0xa00008bc                gc_state
                0xa0000900                gc_block
                0xa0000940                coord_system_eep
 COMMON         0xa000094c       0x18 output\limits.o
                0xa000094c                plan_data
                0xa0000958                target
 COMMON         0xa0000964       0x30 output\motion_control.o
                0xa0000964                target_buffer
                0xa0000970                offset_buffer
                0xa000097c                pl_data_buffer
                0xa0000988                position_buffer
 COMMON         0xa0000994      0xd1c output\planner.o
                0xa0000994                pl
                0xa00009b0                block_buffer
 COMMON         0xa00016b0      0x1e8 output\settings.o
                0xa00016b0                eep_coord_data
                0xa0001728                settings
                0xa0001788                eep_settings_backup
                0xa00017e8                eep_build_info
                0xa0001838                eep_settings
 COMMON         0xa0001898      0x34c output\stepper.o
                0xa0001898                prep
                0xa00018d0                segment_buffer
                0xa00019f0                st_block_buffer
                0xa0001bbc                st
 COMMON         0xa0001be4       0x2c output\system.o
                0xa0001be4                sys
                0xa0001bf8                sys_probe_position
                0xa0001c04                sys_position
 COMMON         0xa0001c10       0x40 output\pwm.o
                0xa0001c10                pwm_duty
 COMMON         0xa0001c50        0xc output\dee_page.o
                0xa0001c50                dee_debug_page_status
 COMMON         0xa0001c5c       0xe8 output\grbl_protocol.o
                0xa0001c5c                myRingBuffer_grbl_protocol_rx
                0xa0001c74                line_buffer
                0xa0001cc4                grbl_protocol_rx
 COMMON         0xa0001d44       0x33 output\ethernet.o
                0xa0001d44                AppConfig
 *fill*         0xa0001d77        0x1 
 COMMON         0xa0001d78      0x4b0 output\ethernet_grbl.o
                0xa0001d78                eth_tx
                0xa0001f78                ReceivedDataBuffer
                0xa0001fb8                myRingBuffer_eth_rx
                0xa0001fd0                ToSendDataBuffer
                0xa0002010                eth_rx
                0xa0002210                myRingBuffer_eth_tx
 COMMON         0xa0002228       0xe0 output\UDP.o
                0xa0002228                UDPSocketInfo
 COMMON         0xa0002308        0xa output\StackTsk.o
                0xa0002308                remoteNode
                0xa0002314                . = ALIGN ((. != 0x0)?0x4:0x1)
 *fill*         0xa0002312        0x2 
                0xa0002314                . = ALIGN (0x4)
                0xa0002314                _end = .
                0xa0002314                _bss_end = .
                0x00020000                _bmxdudba_address = 0x20000
                0x00020000                _bmxdupba_address = 0x20000

/DISCARD/
 *(.pdr)
 *(.rel.dyn)
 *(.note.GNU-stack)
 *(.note.GNU-stack)
 *(.gnu_debuglink)
 *(.gnu.lto_*)
 *(.discard)
 *(._debug_exception)

.gptab.sdata
 *(.gptab.data)
 *(.gptab.sdata)

.gptab.sbss
 *(.gptab.bss)
 *(.gptab.sbss)

.mdebug.abi32   0xa0002314        0x0
 *(.mdebug.abi32)
 .mdebug.abi32  0xa0002314        0x0 output\tmr.o
 .mdebug.abi32  0xa0002314        0x0 output\mal.o
 .mdebug.abi32  0xa0002314        0x0 output\ringBuffer.o
 .mdebug.abi32  0xa0002314        0x0 output\task.o
 .mdebug.abi32  0xa0002314        0x0 output\sleep.o
 .mdebug.abi32  0xa0002314        0x0 output\eeprom.o
 .mdebug.abi32  0xa0002314        0x0 output\eep_manager.o
 .mdebug.abi32  0xa0002314        0x0 output\exceptions.o
 .mdebug.abi32  0xa0002314        0x0 output\isr.o
 .mdebug.abi32  0xa0002314        0x0 output\main.o
 .mdebug.abi32  0xa0002314        0x0 output\c_eep_manager.o
 .mdebug.abi32  0xa0002314        0x0 output\app.o
 .mdebug.abi32  0xa0002314        0x0 output\ad.o
 .mdebug.abi32  0xa0002314        0x0 output\gcode.o
 .mdebug.abi32  0xa0002314        0x0 output\limits.o
 .mdebug.abi32  0xa0002314        0x0 output\coolant_control.o
 .mdebug.abi32  0xa0002314        0x0 output\motion_control.o
 .mdebug.abi32  0xa0002314        0x0 output\nuts_bolts.o
 .mdebug.abi32  0xa0002314        0x0 output\planner.o
 .mdebug.abi32  0xa0002314        0x0 output\print.o
 .mdebug.abi32  0xa0002314        0x0 output\report.o
 .mdebug.abi32  0xa0002314        0x0 output\settings.o
 .mdebug.abi32  0xa0002314        0x0 output\spindle_control.o
 .mdebug.abi32  0xa0002314        0x0 output\stepper.o
 .mdebug.abi32  0xa0002314        0x0 output\system.o
 .mdebug.abi32  0xa0002314        0x0 output\grbl.o
 .mdebug.abi32  0xa0002314        0x0 output\pwm.o
 .mdebug.abi32  0xa0002314        0x0 output\jog.o
 .mdebug.abi32  0xa0002314        0x0 output\dee.o
 .mdebug.abi32  0xa0002314        0x0 output\dee_page.o
 .mdebug.abi32  0xa0002314        0x0 output\dee_page_helper.o
 .mdebug.abi32  0xa0002314        0x0 output\eep_manager_crc.o
 .mdebug.abi32  0xa0002314        0x0 output\system_control.o
 .mdebug.abi32  0xa0002314        0x0 output\stepper_enable.o
 .mdebug.abi32  0xa0002314        0x0 output\system_exec.o
 .mdebug.abi32  0xa0002314        0x0 output\system_alarm.o
 .mdebug.abi32  0xa0002314        0x0 output\grbl_eeprom.o
 .mdebug.abi32  0xa0002314        0x0 output\bootloader_interface.o
 .mdebug.abi32  0xa0002314        0x0 output\grbl_protocol.o
 .mdebug.abi32  0xa0002314        0x0 output\stackmeasure.o
 .mdebug.abi32  0xa0002314        0x0 output\grbl_toolchange.o
 .mdebug.abi32  0xa0002314        0x0 output\grbl_running.o
 .mdebug.abi32  0xa0002314        0x0 output\grbl_probe.o
 .mdebug.abi32  0xa0002314        0x0 output\grbl_bootloader.o
 .mdebug.abi32  0xa0002314        0x0 output\ethernet.o
 .mdebug.abi32  0xa0002314        0x0 output\ethernet_grbl.o
 .mdebug.abi32  0xa0002314        0x0 output\UDP.o
 .mdebug.abi32  0xa0002314        0x0 output\Tick.o
 .mdebug.abi32  0xa0002314        0x0 output\Helpers.o
 .mdebug.abi32  0xa0002314        0x0 output\ARP.o
 .mdebug.abi32  0xa0002314        0x0 output\ENC28J60.o
 .mdebug.abi32  0xa0002314        0x0 output\Delay.o
 .mdebug.abi32  0xa0002314        0x0 output\IP.o
 .mdebug.abi32  0xa0002314        0x0 output\StackTsk.o
 .mdebug.abi32  0xa0002314        0x0 output\ICMP.o
 .mdebug.abi32  0xa0002314        0x0 output\DHCP.o
 .mdebug.abi32  0xa0002314        0x0 output\Announce.o
 .mdebug.abi32  0xa0002314        0x0 c:/program files (x86)/microchip/xc32/v2.30/bin/bin/../../lib/gcc/pic32mx/4.8.3/../../../../pic32mx/lib\libmchp_peripheral_32MX470F512L.a(soft_reset_lib.o)
 .mdebug.abi32  0xa0002314        0x0 c:/program files (x86)/microchip/xc32/v2.30/bin/bin/../../lib/gcc/pic32mx/4.8.3/../../../../pic32mx/lib\libmchp_peripheral_32MX470F512L.a(pcache.o)
 .mdebug.abi32  0xa0002314        0x0 c:/program files (x86)/microchip/xc32/v2.30/bin/bin/../../lib/gcc/pic32mx/4.8.3/../../../../pic32mx/lib\libmchp_peripheral_32MX470F512L.a(int_disable_interrupts_lib.o)
 .mdebug.abi32  0xa0002314        0x0 c:/program files (x86)/microchip/xc32/v2.30/bin/bin/../../lib/gcc/pic32mx/4.8.3/../../../../pic32mx/lib\libmchp_peripheral_32MX470F512L.a(power_idle_lib.o)
 .mdebug.abi32  0xa0002314        0x0 c:/program files (x86)/microchip/xc32/v2.30/bin/bin/../../lib/gcc/pic32mx/4.8.3/../../../../pic32mx/lib\libmchp_peripheral_32MX470F512L.a(power_sleep_lib.o)
 .mdebug.abi32  0xa0002314        0x0 c:/program files (x86)/microchip/xc32/v2.30/bin/bin/../../lib/gcc/pic32mx/4.8.3/../../../../pic32mx/lib\libmchp_peripheral_32MX470F512L.a(nvm_erase_page_lib.o)
 .mdebug.abi32  0xa0002314        0x0 c:/program files (x86)/microchip/xc32/v2.30/bin/bin/../../lib/gcc/pic32mx/4.8.3/../../../../pic32mx/lib\libmchp_peripheral_32MX470F512L.a(nvm_operation_lib.o)
 .mdebug.abi32  0xa0002314        0x0 c:/program files (x86)/microchip/xc32/v2.30/bin/bin/../../lib/gcc/pic32mx/4.8.3/../../../../pic32mx/lib\libmchp_peripheral_32MX470F512L.a(nvm_write_word_lib.o)
 .mdebug.abi32  0xa0002314        0x0 c:/program files (x86)/microchip/xc32/v2.30/bin/bin/../../lib/gcc/pic32mx/4.8.3/../../../../pic32mx/lib\libmchp_peripheral_32MX470F512L.a(int_restore_interrupts_lib.o)
 .mdebug.abi32  0xa0002314        0x0 c:/program files (x86)/microchip/xc32/v2.30/bin/bin/../../lib/gcc/pic32mx/4.8.3\libgcc.a(_fixunssfdi.o)
 .mdebug.abi32  0xa0002314        0x0 c:/program files (x86)/microchip/xc32/v2.30/bin/bin/../../lib/gcc/pic32mx/4.8.3\libgcc.a(_floatundisf.o)
 .mdebug.abi32  0xa0002314        0x0 c:/program files (x86)/microchip/xc32/v2.30/bin/bin/../../lib/gcc/pic32mx/4.8.3\libgcc.a(floatunsisf.o)
 .mdebug.abi32  0xa0002314        0x0 c:/program files (x86)/microchip/xc32/v2.30/bin/bin/../../lib/gcc/pic32mx/4.8.3\libgcc.a(floatunsidf.o)
 .mdebug.abi32  0xa0002314        0x0 c:/program files (x86)/microchip/xc32/v2.30/bin/bin/../../lib/gcc/pic32mx/4.8.3/../../../../pic32mx/lib\libpic32.a(default-bootstrap-exception-handler.o)
 .mdebug.abi32  0xa0002314        0x0 c:/program files (x86)/microchip/xc32/v2.30/bin/bin/../../lib/gcc/pic32mx/4.8.3/../../../../pic32mx/lib\libpic32.a(default-on-reset.o)
 .mdebug.abi32  0xa0002314        0x0 c:/program files (x86)/microchip/xc32/v2.30/bin/bin/../../lib/gcc/pic32mx/4.8.3/../../../../pic32mx/lib\libpic32.a(default-on-bootstrap.o)
 .mdebug.abi32  0xa0002314        0x0 c:/program files (x86)/microchip/xc32/v2.30/bin/bin/../../lib/gcc/pic32mx/4.8.3/../../../../pic32mx/lib\libpic32.a(defaultinterrupt.o)
 .mdebug.abi32  0xa0002314        0x0 c:/program files (x86)/microchip/xc32/v2.30/bin/bin/../../lib/gcc/pic32mx/4.8.3/../../../../pic32mx/lib\liblega-c.a(strncmp.o)
 .mdebug.abi32  0xa0002314        0x0 c:/program files (x86)/microchip/xc32/v2.30/bin/bin/../../lib/gcc/pic32mx/4.8.3/../../../../pic32mx/lib\liblega-c.a(strncpy.o)
 .mdebug.abi32  0xa0002314        0x0 c:/program files (x86)/microchip/xc32/v2.30/bin/bin/../../lib/gcc/pic32mx/4.8.3/../../../../pic32mx/lib\libm.a(w_atan2f.o)
 .mdebug.abi32  0xa0002314        0x0 c:/program files (x86)/microchip/xc32/v2.30/bin/bin/../../lib/gcc/pic32mx/4.8.3/../../../../pic32mx/lib\libm.a(w_sqrtf.o)
 .mdebug.abi32  0xa0002314        0x0 c:/program files (x86)/microchip/xc32/v2.30/bin/bin/../../lib/gcc/pic32mx/4.8.3/../../../../pic32mx/lib\libm.a(support.o)
 .mdebug.abi32  0xa0002314        0x0 c:/program files (x86)/microchip/xc32/v2.30/bin/bin/../../lib/gcc/pic32mx/4.8.3/../../../../pic32mx/lib\libm.a(s_lib_ver.o)
 .mdebug.abi32  0xa0002314        0x0 c:/program files (x86)/microchip/xc32/v2.30/bin/bin/../../lib/gcc/pic32mx/4.8.3/../../../../pic32mx/lib\libpic32.a(errno.o)

.mdebug.abiN32
 *(.mdebug.abiN32)

.mdebug.abi64
 *(.mdebug.abi64)

.mdebug.abiO64
 *(.mdebug.abiO64)

.mdebug.eabi32
 *(.mdebug.eabi32)

.mdebug.eabi64
 *(.mdebug.eabi64)

.gcc_compiled_long32
 *(.gcc_compiled_long32)

.gcc_compiled_long64
 *(.gcc_compiled_long64)

.stab
 *(.stab)

.stabstr
 *(.stabstr)

.stab.excl
 *(.stab.excl)

.stab.exclstr
 *(.stab.exclstr)

.stab.index
 *(.stab.index)

.stab.indexstr
 *(.stab.indexstr)

.comment        0x00000000      0x162
 *(.comment)
 .comment       0x00000000       0x3c output\tmr.o
                                 0x3d (size before relaxing)
 .comment       0x00000000       0x3d output\mal.o
 .comment       0x00000000       0x3d output\ringBuffer.o
 .comment       0x00000000       0x3d output\task.o
 .comment       0x00000000       0x3d output\sleep.o
 .comment       0x00000000       0x3d output\eeprom.o
 .comment       0x00000000       0x3d output\eep_manager.o
 .comment       0x00000000       0x3d output\exceptions.o
 .comment       0x00000000       0x3d output\isr.o
 .comment       0x00000000       0x3d output\main.o
 .comment       0x00000000       0x3d output\c_eep_manager.o
 .comment       0x00000000       0x3d output\app.o
 .comment       0x00000000       0x3d output\ad.o
 .comment       0x00000000       0x3d output\gcode.o
 .comment       0x00000000       0x3d output\limits.o
 .comment       0x00000000       0x3d output\coolant_control.o
 .comment       0x00000000       0x3d output\motion_control.o
 .comment       0x00000000       0x3d output\nuts_bolts.o
 .comment       0x00000000       0x3d output\planner.o
 .comment       0x00000000       0x3d output\print.o
 .comment       0x00000000       0x3d output\report.o
 .comment       0x00000000       0x3d output\settings.o
 .comment       0x00000000       0x3d output\spindle_control.o
 .comment       0x00000000       0x3d output\stepper.o
 .comment       0x00000000       0x3d output\system.o
 .comment       0x00000000       0x3d output\grbl.o
 .comment       0x00000000       0x3d output\pwm.o
 .comment       0x00000000       0x3d output\jog.o
 .comment       0x00000000       0x3d output\dee.o
 .comment       0x00000000       0x3d output\dee_page.o
 .comment       0x00000000       0x3d output\dee_page_helper.o
 .comment       0x00000000       0x3d output\eep_manager_crc.o
 .comment       0x00000000       0x3d output\system_control.o
 .comment       0x00000000       0x3d output\stepper_enable.o
 .comment       0x00000000       0x3d output\system_exec.o
 .comment       0x00000000       0x3d output\system_alarm.o
 .comment       0x00000000       0x3d output\grbl_eeprom.o
 .comment       0x00000000       0x3d output\bootloader_interface.o
 .comment       0x00000000       0x3d output\grbl_protocol.o
 .comment       0x00000000       0x3d output\stackmeasure.o
 .comment       0x00000000       0x3d output\grbl_toolchange.o
 .comment       0x00000000       0x3d output\grbl_running.o
 .comment       0x00000000       0x3d output\grbl_probe.o
 .comment       0x00000000       0x3d output\grbl_bootloader.o
 .comment       0x00000000       0x3d output\ethernet.o
 .comment       0x00000000       0x3d output\ethernet_grbl.o
 .comment       0x00000000       0x3d output\UDP.o
 .comment       0x00000000       0x3d output\Tick.o
 .comment       0x00000000       0x3d output\Helpers.o
 .comment       0x00000000       0x3d output\ARP.o
 .comment       0x00000000       0x3d output\ENC28J60.o
 .comment       0x00000000       0x3d output\Delay.o
 .comment       0x00000000       0x3d output\IP.o
 .comment       0x00000000       0x3d output\StackTsk.o
 .comment       0x00000000       0x3d output\ICMP.o
 .comment       0x00000000       0x3d output\DHCP.o
 .comment       0x00000000       0x3d output\Announce.o
 .comment       0x0000003c       0x3c c:/program files (x86)/microchip/xc32/v2.30/bin/bin/../../lib/gcc/pic32mx/4.8.3/../../../../pic32mx/lib\libmchp_peripheral_32MX470F512L.a(soft_reset_lib.o)
                                 0x3d (size before relaxing)
 .comment       0x00000000       0x3d c:/program files (x86)/microchip/xc32/v2.30/bin/bin/../../lib/gcc/pic32mx/4.8.3/../../../../pic32mx/lib\libmchp_peripheral_32MX470F512L.a(pcache.o)
 .comment       0x00000000       0x3d c:/program files (x86)/microchip/xc32/v2.30/bin/bin/../../lib/gcc/pic32mx/4.8.3/../../../../pic32mx/lib\libmchp_peripheral_32MX470F512L.a(int_disable_interrupts_lib.o)
 .comment       0x00000000       0x3d c:/program files (x86)/microchip/xc32/v2.30/bin/bin/../../lib/gcc/pic32mx/4.8.3/../../../../pic32mx/lib\libmchp_peripheral_32MX470F512L.a(power_idle_lib.o)
 .comment       0x00000000       0x3d c:/program files (x86)/microchip/xc32/v2.30/bin/bin/../../lib/gcc/pic32mx/4.8.3/../../../../pic32mx/lib\libmchp_peripheral_32MX470F512L.a(power_sleep_lib.o)
 .comment       0x00000000       0x3d c:/program files (x86)/microchip/xc32/v2.30/bin/bin/../../lib/gcc/pic32mx/4.8.3/../../../../pic32mx/lib\libmchp_peripheral_32MX470F512L.a(nvm_erase_page_lib.o)
 .comment       0x00000000       0x3d c:/program files (x86)/microchip/xc32/v2.30/bin/bin/../../lib/gcc/pic32mx/4.8.3/../../../../pic32mx/lib\libmchp_peripheral_32MX470F512L.a(nvm_operation_lib.o)
 .comment       0x00000000       0x3d c:/program files (x86)/microchip/xc32/v2.30/bin/bin/../../lib/gcc/pic32mx/4.8.3/../../../../pic32mx/lib\libmchp_peripheral_32MX470F512L.a(nvm_write_word_lib.o)
 .comment       0x00000000       0x3d c:/program files (x86)/microchip/xc32/v2.30/bin/bin/../../lib/gcc/pic32mx/4.8.3/../../../../pic32mx/lib\libmchp_peripheral_32MX470F512L.a(int_restore_interrupts_lib.o)
 .comment       0x00000000       0x3d c:/program files (x86)/microchip/xc32/v2.30/bin/bin/../../lib/gcc/pic32mx/4.8.3\libgcc.a(_fixunssfdi.o)
 .comment       0x00000000       0x3d c:/program files (x86)/microchip/xc32/v2.30/bin/bin/../../lib/gcc/pic32mx/4.8.3\libgcc.a(_floatundisf.o)
 .comment       0x00000000       0x3d c:/program files (x86)/microchip/xc32/v2.30/bin/bin/../../lib/gcc/pic32mx/4.8.3\libgcc.a(floatunsisf.o)
 .comment       0x00000000       0x3d c:/program files (x86)/microchip/xc32/v2.30/bin/bin/../../lib/gcc/pic32mx/4.8.3\libgcc.a(floatunsidf.o)
 .comment       0x00000078       0x18 c:/program files (x86)/microchip/xc32/v2.30/bin/bin/../../lib/gcc/pic32mx/4.8.3/../../../../pic32mx/lib\libpic32.a(memset.o)
                                 0x19 (size before relaxing)
 .comment       0x00000090       0x19 c:/program files (x86)/microchip/xc32/v2.30/bin/bin/../../lib/gcc/pic32mx/4.8.3/../../../../pic32mx/lib\libpic32.a(strcmp.o)
                                 0x1a (size before relaxing)
 .comment       0x000000a9       0x19 c:/program files (x86)/microchip/xc32/v2.30/bin/bin/../../lib/gcc/pic32mx/4.8.3/../../../../pic32mx/lib\libpic32.a(strlen.o)
                                 0x1a (size before relaxing)
 .comment       0x00000000       0x3d c:/program files (x86)/microchip/xc32/v2.30/bin/bin/../../lib/gcc/pic32mx/4.8.3/../../../../pic32mx/lib\libpic32.a(default-bootstrap-exception-handler.o)
 .comment       0x00000000       0x3d c:/program files (x86)/microchip/xc32/v2.30/bin/bin/../../lib/gcc/pic32mx/4.8.3/../../../../pic32mx/lib\libpic32.a(default-on-reset.o)
 .comment       0x00000000       0x3d c:/program files (x86)/microchip/xc32/v2.30/bin/bin/../../lib/gcc/pic32mx/4.8.3/../../../../pic32mx/lib\libpic32.a(default-on-bootstrap.o)
 .comment       0x00000000       0x3d c:/program files (x86)/microchip/xc32/v2.30/bin/bin/../../lib/gcc/pic32mx/4.8.3/../../../../pic32mx/lib\libpic32.a(defaultinterrupt.o)
 .comment       0x000000c2       0x50 c:/program files (x86)/microchip/xc32/v2.30/bin/bin/../../lib/gcc/pic32mx/4.8.3/../../../../pic32mx/lib\liblega-c.a(strncmp.o)
                                 0x8d (size before relaxing)
 .comment       0x00000112       0x50 c:/program files (x86)/microchip/xc32/v2.30/bin/bin/../../lib/gcc/pic32mx/4.8.3/../../../../pic32mx/lib\liblega-c.a(strncpy.o)
                                 0x8d (size before relaxing)
 .comment       0x00000000       0x3d c:/program files (x86)/microchip/xc32/v2.30/bin/bin/../../lib/gcc/pic32mx/4.8.3/../../../../pic32mx/lib\libm.a(w_atan2f.o)
 .comment       0x00000000       0x3d c:/program files (x86)/microchip/xc32/v2.30/bin/bin/../../lib/gcc/pic32mx/4.8.3/../../../../pic32mx/lib\libm.a(w_sqrtf.o)
 .comment       0x00000000       0x3d c:/program files (x86)/microchip/xc32/v2.30/bin/bin/../../lib/gcc/pic32mx/4.8.3/../../../../pic32mx/lib\libm.a(support.o)
 .comment       0x00000000       0x3d c:/program files (x86)/microchip/xc32/v2.30/bin/bin/../../lib/gcc/pic32mx/4.8.3/../../../../pic32mx/lib\libm.a(s_lib_ver.o)
 .comment       0x00000000       0x3d c:/program files (x86)/microchip/xc32/v2.30/bin/bin/../../lib/gcc/pic32mx/4.8.3/../../../../pic32mx/lib\libpic32.a(errno.o)

.debug
 *(.debug)

.line
 *(.line)

.debug_srcinfo
 *(.debug_srcinfo)

.debug_sfnames
 *(.debug_sfnames)

.debug_aranges  0x00000000      0x9f0
 *(.debug_aranges)
 .debug_aranges
                0x00000000       0x20 output\tmr.o
 .debug_aranges
                0x00000020       0x20 output\mal.o
 .debug_aranges
                0x00000040       0x20 output\ringBuffer.o
 .debug_aranges
                0x00000060       0x20 output\task.o
 .debug_aranges
                0x00000080       0x20 output\sleep.o
 .debug_aranges
                0x000000a0       0x20 output\eeprom.o
 .debug_aranges
                0x000000c0       0x20 output\eep_manager.o
 .debug_aranges
                0x000000e0       0x20 output\exceptions.o
 .debug_aranges
                0x00000100       0x20 output\isr.o
 .debug_aranges
                0x00000120       0x20 output\main.o
 .debug_aranges
                0x00000140       0x18 output\c_eep_manager.o
 .debug_aranges
                0x00000158       0x20 output\app.o
 .debug_aranges
                0x00000178       0x20 output\ad.o
 .debug_aranges
                0x00000198       0x20 output\gcode.o
 .debug_aranges
                0x000001b8       0x20 output\limits.o
 .debug_aranges
                0x000001d8       0x20 output\coolant_control.o
 .debug_aranges
                0x000001f8       0x20 output\motion_control.o
 .debug_aranges
                0x00000218       0x20 output\nuts_bolts.o
 .debug_aranges
                0x00000238       0x20 output\planner.o
 .debug_aranges
                0x00000258       0x20 output\print.o
 .debug_aranges
                0x00000278       0x20 output\report.o
 .debug_aranges
                0x00000298       0x20 output\settings.o
 .debug_aranges
                0x000002b8       0x20 output\spindle_control.o
 .debug_aranges
                0x000002d8       0x20 output\stepper.o
 .debug_aranges
                0x000002f8       0x20 output\system.o
 .debug_aranges
                0x00000318       0x20 output\grbl.o
 .debug_aranges
                0x00000338       0x20 output\pwm.o
 .debug_aranges
                0x00000358       0x20 output\jog.o
 .debug_aranges
                0x00000378       0x20 output\dee.o
 .debug_aranges
                0x00000398       0x20 output\dee_page.o
 .debug_aranges
                0x000003b8       0x20 output\dee_page_helper.o
 .debug_aranges
                0x000003d8       0x20 output\eep_manager_crc.o
 .debug_aranges
                0x000003f8       0x20 output\system_control.o
 .debug_aranges
                0x00000418       0x20 output\stepper_enable.o
 .debug_aranges
                0x00000438       0x20 output\system_exec.o
 .debug_aranges
                0x00000458       0x20 output\system_alarm.o
 .debug_aranges
                0x00000478       0x20 output\grbl_eeprom.o
 .debug_aranges
                0x00000498       0x20 output\bootloader_interface.o
 .debug_aranges
                0x000004b8       0x20 output\grbl_protocol.o
 .debug_aranges
                0x000004d8       0x20 output\stackmeasure.o
 .debug_aranges
                0x000004f8       0x20 output\grbl_toolchange.o
 .debug_aranges
                0x00000518       0x20 output\grbl_running.o
 .debug_aranges
                0x00000538       0x20 output\grbl_probe.o
 .debug_aranges
                0x00000558       0x20 output\grbl_bootloader.o
 .debug_aranges
                0x00000578       0x20 output\ethernet.o
 .debug_aranges
                0x00000598       0x20 output\ethernet_grbl.o
 .debug_aranges
                0x000005b8       0x20 output\UDP.o
 .debug_aranges
                0x000005d8       0x20 output\Tick.o
 .debug_aranges
                0x000005f8       0x20 output\Helpers.o
 .debug_aranges
                0x00000618       0x20 output\ARP.o
 .debug_aranges
                0x00000638       0x20 output\ENC28J60.o
 .debug_aranges
                0x00000658       0x20 output\Delay.o
 .debug_aranges
                0x00000678       0x20 output\IP.o
 .debug_aranges
                0x00000698       0x20 output\StackTsk.o
 .debug_aranges
                0x000006b8       0x20 output\ICMP.o
 .debug_aranges
                0x000006d8       0x18 output\DHCP.o
 .debug_aranges
                0x000006f0       0x20 output\Announce.o
 .debug_aranges
                0x00000710       0x20 c:/program files (x86)/microchip/xc32/v2.30/bin/bin/../../lib/gcc/pic32mx/4.8.3/../../../../pic32mx/lib\libmchp_peripheral_32MX470F512L.a(soft_reset_lib.o)
 .debug_aranges
                0x00000730       0x28 c:/program files (x86)/microchip/xc32/v2.30/bin/bin/../../lib/gcc/pic32mx/4.8.3/../../../../pic32mx/lib\libmchp_peripheral_32MX470F512L.a(pcache.o)
 .debug_aranges
                0x00000758       0x20 c:/program files (x86)/microchip/xc32/v2.30/bin/bin/../../lib/gcc/pic32mx/4.8.3/../../../../pic32mx/lib\libmchp_peripheral_32MX470F512L.a(int_disable_interrupts_lib.o)
 .debug_aranges
                0x00000778       0x20 c:/program files (x86)/microchip/xc32/v2.30/bin/bin/../../lib/gcc/pic32mx/4.8.3/../../../../pic32mx/lib\libmchp_peripheral_32MX470F512L.a(power_idle_lib.o)
 .debug_aranges
                0x00000798       0x20 c:/program files (x86)/microchip/xc32/v2.30/bin/bin/../../lib/gcc/pic32mx/4.8.3/../../../../pic32mx/lib\libmchp_peripheral_32MX470F512L.a(power_sleep_lib.o)
 .debug_aranges
                0x000007b8       0x20 c:/program files (x86)/microchip/xc32/v2.30/bin/bin/../../lib/gcc/pic32mx/4.8.3/../../../../pic32mx/lib\libmchp_peripheral_32MX470F512L.a(nvm_erase_page_lib.o)
 .debug_aranges
                0x000007d8       0x20 c:/program files (x86)/microchip/xc32/v2.30/bin/bin/../../lib/gcc/pic32mx/4.8.3/../../../../pic32mx/lib\libmchp_peripheral_32MX470F512L.a(nvm_operation_lib.o)
 .debug_aranges
                0x000007f8       0x20 c:/program files (x86)/microchip/xc32/v2.30/bin/bin/../../lib/gcc/pic32mx/4.8.3/../../../../pic32mx/lib\libmchp_peripheral_32MX470F512L.a(nvm_write_word_lib.o)
 .debug_aranges
                0x00000818       0x20 c:/program files (x86)/microchip/xc32/v2.30/bin/bin/../../lib/gcc/pic32mx/4.8.3/../../../../pic32mx/lib\libmchp_peripheral_32MX470F512L.a(int_restore_interrupts_lib.o)
 .debug_aranges
                0x00000838       0x20 c:/program files (x86)/microchip/xc32/v2.30/bin/bin/../../lib/gcc/pic32mx/4.8.3\libgcc.a(_fixunssfdi.o)
 .debug_aranges
                0x00000858       0x20 c:/program files (x86)/microchip/xc32/v2.30/bin/bin/../../lib/gcc/pic32mx/4.8.3\libgcc.a(_floatundisf.o)
 .debug_aranges
                0x00000878       0x20 c:/program files (x86)/microchip/xc32/v2.30/bin/bin/../../lib/gcc/pic32mx/4.8.3\libgcc.a(floatunsisf.o)
 .debug_aranges
                0x00000898       0x20 c:/program files (x86)/microchip/xc32/v2.30/bin/bin/../../lib/gcc/pic32mx/4.8.3\libgcc.a(floatunsidf.o)
 .debug_aranges
                0x000008b8       0x20 c:/program files (x86)/microchip/xc32/v2.30/bin/bin/../../lib/gcc/pic32mx/4.8.3/../../../../pic32mx/lib\libpic32.a(default-bootstrap-exception-handler.o)
 .debug_aranges
                0x000008d8       0x20 c:/program files (x86)/microchip/xc32/v2.30/bin/bin/../../lib/gcc/pic32mx/4.8.3/../../../../pic32mx/lib\libpic32.a(default-on-reset.o)
 .debug_aranges
                0x000008f8       0x20 c:/program files (x86)/microchip/xc32/v2.30/bin/bin/../../lib/gcc/pic32mx/4.8.3/../../../../pic32mx/lib\libpic32.a(default-on-bootstrap.o)
 .debug_aranges
                0x00000918       0x20 c:/program files (x86)/microchip/xc32/v2.30/bin/bin/../../lib/gcc/pic32mx/4.8.3/../../../../pic32mx/lib\libpic32.a(defaultinterrupt.o)
 .debug_aranges
                0x00000938       0x20 c:/program files (x86)/microchip/xc32/v2.30/bin/bin/../../lib/gcc/pic32mx/4.8.3/../../../../pic32mx/lib\libm.a(w_atan2f.o)
 .debug_aranges
                0x00000958       0x20 c:/program files (x86)/microchip/xc32/v2.30/bin/bin/../../lib/gcc/pic32mx/4.8.3/../../../../pic32mx/lib\libm.a(w_sqrtf.o)
 .debug_aranges
                0x00000978       0x78 c:/program files (x86)/microchip/xc32/v2.30/bin/bin/../../lib/gcc/pic32mx/4.8.3/../../../../pic32mx/lib\libm.a(support.o)

.debug_pubnames
 *(.debug_pubnames)

.debug_info     0x00000000    0x2c45e
 *(.debug_info .gnu.linkonce.wi.*)
 .debug_info    0x00000000      0x6ab output\tmr.o
 .debug_info    0x000006ab      0x471 output\mal.o
 .debug_info    0x00000b1c      0x581 output\ringBuffer.o
 .debug_info    0x0000109d      0x7f1 output\task.o
 .debug_info    0x0000188e      0x5f5 output\sleep.o
 .debug_info    0x00001e83      0x343 output\eeprom.o
 .debug_info    0x000021c6      0xcbf output\eep_manager.o
 .debug_info    0x00002e85      0x499 output\exceptions.o
 .debug_info    0x0000331e      0xbdc output\isr.o
 .debug_info    0x00003efa      0xb0b output\main.o
 .debug_info    0x00004a05     0x16b5 output\c_eep_manager.o
 .debug_info    0x000060ba      0x27b output\app.o
 .debug_info    0x00006335      0x859 output\ad.o
 .debug_info    0x00006b8e      0xeb3 output\gcode.o
 .debug_info    0x00007a41      0xc2d output\limits.o
 .debug_info    0x0000866e      0x3df output\coolant_control.o
 .debug_info    0x00008a4d      0xca9 output\motion_control.o
 .debug_info    0x000096f6      0x6ac output\nuts_bolts.o
 .debug_info    0x00009da2      0xdbb output\planner.o
 .debug_info    0x0000ab5d      0x764 output\print.o
 .debug_info    0x0000b2c1     0x1101 output\report.o
 .debug_info    0x0000c3c2      0x7a6 output\settings.o
 .debug_info    0x0000cb68      0x701 output\spindle_control.o
 .debug_info    0x0000d269     0x1056 output\stepper.o
 .debug_info    0x0000e2bf      0xfc2 output\system.o
 .debug_info    0x0000f281      0xd54 output\grbl.o
 .debug_info    0x0000ffd5      0xb73 output\pwm.o
 .debug_info    0x00010b48      0x7ad output\jog.o
 .debug_info    0x000112f5      0xb8d output\dee.o
 .debug_info    0x00011e82      0xb7d output\dee_page.o
 .debug_info    0x000129ff      0x51c output\dee_page_helper.o
 .debug_info    0x00012f1b      0x629 output\eep_manager_crc.o
 .debug_info    0x00013544      0x374 output\system_control.o
 .debug_info    0x000138b8      0x4a5 output\stepper_enable.o
 .debug_info    0x00013d5d      0x269 output\system_exec.o
 .debug_info    0x00013fc6      0x247 output\system_alarm.o
 .debug_info    0x0001420d      0x907 output\grbl_eeprom.o
 .debug_info    0x00014b14      0x13f output\bootloader_interface.o
 .debug_info    0x00014c53      0xd98 output\grbl_protocol.o
 .debug_info    0x000159eb      0x1f1 output\stackmeasure.o
 .debug_info    0x00015bdc      0x772 output\grbl_toolchange.o
 .debug_info    0x0001634e      0x550 output\grbl_running.o
 .debug_info    0x0001689e      0x8c9 output\grbl_probe.o
 .debug_info    0x00017167      0x475 output\grbl_bootloader.o
 .debug_info    0x000175dc     0x17ba output\ethernet.o
 .debug_info    0x00018d96     0x1232 output\ethernet_grbl.o
 .debug_info    0x00019fc8     0x1e17 output\UDP.o
 .debug_info    0x0001bddf      0xf67 output\Tick.o
 .debug_info    0x0001cd46     0x19a5 output\Helpers.o
 .debug_info    0x0001e6eb     0x17c0 output\ARP.o
 .debug_info    0x0001feab     0x3cbc output\ENC28J60.o
 .debug_info    0x00023b67      0xe2c output\Delay.o
 .debug_info    0x00024993     0x176f output\IP.o
 .debug_info    0x00026102     0x1649 output\StackTsk.o
 .debug_info    0x0002774b     0x138b output\ICMP.o
 .debug_info    0x00028ad6      0xd8c output\DHCP.o
 .debug_info    0x00029862     0x177a output\Announce.o
 .debug_info    0x0002afdc       0xb0 c:/program files (x86)/microchip/xc32/v2.30/bin/bin/../../lib/gcc/pic32mx/4.8.3/../../../../pic32mx/lib\libmchp_peripheral_32MX470F512L.a(soft_reset_lib.o)
 .debug_info    0x0002b08c       0xbe c:/program files (x86)/microchip/xc32/v2.30/bin/bin/../../lib/gcc/pic32mx/4.8.3/../../../../pic32mx/lib\libmchp_peripheral_32MX470F512L.a(pcache.o)
 .debug_info    0x0002b14a       0xb4 c:/program files (x86)/microchip/xc32/v2.30/bin/bin/../../lib/gcc/pic32mx/4.8.3/../../../../pic32mx/lib\libmchp_peripheral_32MX470F512L.a(int_disable_interrupts_lib.o)
 .debug_info    0x0002b1fe       0xc4 c:/program files (x86)/microchip/xc32/v2.30/bin/bin/../../lib/gcc/pic32mx/4.8.3/../../../../pic32mx/lib\libmchp_peripheral_32MX470F512L.a(power_idle_lib.o)
 .debug_info    0x0002b2c2       0xc6 c:/program files (x86)/microchip/xc32/v2.30/bin/bin/../../lib/gcc/pic32mx/4.8.3/../../../../pic32mx/lib\libmchp_peripheral_32MX470F512L.a(power_sleep_lib.o)
 .debug_info    0x0002b388       0xa4 c:/program files (x86)/microchip/xc32/v2.30/bin/bin/../../lib/gcc/pic32mx/4.8.3/../../../../pic32mx/lib\libmchp_peripheral_32MX470F512L.a(nvm_erase_page_lib.o)
 .debug_info    0x0002b42c       0xc5 c:/program files (x86)/microchip/xc32/v2.30/bin/bin/../../lib/gcc/pic32mx/4.8.3/../../../../pic32mx/lib\libmchp_peripheral_32MX470F512L.a(nvm_operation_lib.o)
 .debug_info    0x0002b4f1       0xa4 c:/program files (x86)/microchip/xc32/v2.30/bin/bin/../../lib/gcc/pic32mx/4.8.3/../../../../pic32mx/lib\libmchp_peripheral_32MX470F512L.a(nvm_write_word_lib.o)
 .debug_info    0x0002b595       0xb4 c:/program files (x86)/microchip/xc32/v2.30/bin/bin/../../lib/gcc/pic32mx/4.8.3/../../../../pic32mx/lib\libmchp_peripheral_32MX470F512L.a(int_restore_interrupts_lib.o)
 .debug_info    0x0002b649      0x280 c:/program files (x86)/microchip/xc32/v2.30/bin/bin/../../lib/gcc/pic32mx/4.8.3\libgcc.a(_fixunssfdi.o)
 .debug_info    0x0002b8c9      0x253 c:/program files (x86)/microchip/xc32/v2.30/bin/bin/../../lib/gcc/pic32mx/4.8.3\libgcc.a(_floatundisf.o)
 .debug_info    0x0002bb1c      0x129 c:/program files (x86)/microchip/xc32/v2.30/bin/bin/../../lib/gcc/pic32mx/4.8.3\libgcc.a(floatunsisf.o)
 .debug_info    0x0002bc45      0x137 c:/program files (x86)/microchip/xc32/v2.30/bin/bin/../../lib/gcc/pic32mx/4.8.3\libgcc.a(floatunsidf.o)
 .debug_info    0x0002bd7c       0xf4 c:/program files (x86)/microchip/xc32/v2.30/bin/bin/../../lib/gcc/pic32mx/4.8.3/../../../../pic32mx/lib\libpic32.a(default-bootstrap-exception-handler.o)
 .debug_info    0x0002be70       0xcd c:/program files (x86)/microchip/xc32/v2.30/bin/bin/../../lib/gcc/pic32mx/4.8.3/../../../../pic32mx/lib\libpic32.a(default-on-reset.o)
 .debug_info    0x0002bf3d       0xd5 c:/program files (x86)/microchip/xc32/v2.30/bin/bin/../../lib/gcc/pic32mx/4.8.3/../../../../pic32mx/lib\libpic32.a(default-on-bootstrap.o)
 .debug_info    0x0002c012       0xe7 c:/program files (x86)/microchip/xc32/v2.30/bin/bin/../../lib/gcc/pic32mx/4.8.3/../../../../pic32mx/lib\libpic32.a(defaultinterrupt.o)
 .debug_info    0x0002c0f9       0xce c:/program files (x86)/microchip/xc32/v2.30/bin/bin/../../lib/gcc/pic32mx/4.8.3/../../../../pic32mx/lib\libm.a(w_atan2f.o)
 .debug_info    0x0002c1c7       0xbe c:/program files (x86)/microchip/xc32/v2.30/bin/bin/../../lib/gcc/pic32mx/4.8.3/../../../../pic32mx/lib\libm.a(w_sqrtf.o)
 .debug_info    0x0002c285      0x1d9 c:/program files (x86)/microchip/xc32/v2.30/bin/bin/../../lib/gcc/pic32mx/4.8.3/../../../../pic32mx/lib\libm.a(support.o)

.debug_abbrev   0x00000000     0x5542
 *(.debug_abbrev)
 .debug_abbrev  0x00000000      0x15e output\tmr.o
 .debug_abbrev  0x0000015e      0x107 output\mal.o
 .debug_abbrev  0x00000265      0x100 output\ringBuffer.o
 .debug_abbrev  0x00000365      0x19b output\task.o
 .debug_abbrev  0x00000500      0x111 output\sleep.o
 .debug_abbrev  0x00000611       0xb8 output\eeprom.o
 .debug_abbrev  0x000006c9      0x221 output\eep_manager.o
 .debug_abbrev  0x000008ea      0x112 output\exceptions.o
 .debug_abbrev  0x000009fc      0x121 output\isr.o
 .debug_abbrev  0x00000b1d      0x170 output\main.o
 .debug_abbrev  0x00000c8d      0x160 output\c_eep_manager.o
 .debug_abbrev  0x00000ded       0xc8 output\app.o
 .debug_abbrev  0x00000eb5      0x12a output\ad.o
 .debug_abbrev  0x00000fdf      0x178 output\gcode.o
 .debug_abbrev  0x00001157      0x1d5 output\limits.o
 .debug_abbrev  0x0000132c       0xe6 output\coolant_control.o
 .debug_abbrev  0x00001412      0x1e8 output\motion_control.o
 .debug_abbrev  0x000015fa       0xef output\nuts_bolts.o
 .debug_abbrev  0x000016e9      0x270 output\planner.o
 .debug_abbrev  0x00001959       0xbe output\print.o
 .debug_abbrev  0x00001a17      0x1d3 output\report.o
 .debug_abbrev  0x00001bea      0x173 output\settings.o
 .debug_abbrev  0x00001d5d      0x112 output\spindle_control.o
 .debug_abbrev  0x00001e6f      0x1a8 output\stepper.o
 .debug_abbrev  0x00002017      0x216 output\system.o
 .debug_abbrev  0x0000222d      0x11d output\grbl.o
 .debug_abbrev  0x0000234a      0x189 output\pwm.o
 .debug_abbrev  0x000024d3       0xbd output\jog.o
 .debug_abbrev  0x00002590      0x1a1 output\dee.o
 .debug_abbrev  0x00002731      0x1ec output\dee_page.o
 .debug_abbrev  0x0000291d       0xf4 output\dee_page_helper.o
 .debug_abbrev  0x00002a11       0xc0 output\eep_manager_crc.o
 .debug_abbrev  0x00002ad1       0xc6 output\system_control.o
 .debug_abbrev  0x00002b97       0xe2 output\stepper_enable.o
 .debug_abbrev  0x00002c79       0xa9 output\system_exec.o
 .debug_abbrev  0x00002d22       0xc1 output\system_alarm.o
 .debug_abbrev  0x00002de3      0x133 output\grbl_eeprom.o
 .debug_abbrev  0x00002f16       0x4f output\bootloader_interface.o
 .debug_abbrev  0x00002f65      0x218 output\grbl_protocol.o
 .debug_abbrev  0x0000317d       0x9c output\stackmeasure.o
 .debug_abbrev  0x00003219      0x144 output\grbl_toolchange.o
 .debug_abbrev  0x0000335d       0xcb output\grbl_running.o
 .debug_abbrev  0x00003428      0x189 output\grbl_probe.o
 .debug_abbrev  0x000035b1       0xbe output\grbl_bootloader.o
 .debug_abbrev  0x0000366f      0x204 output\ethernet.o
 .debug_abbrev  0x00003873      0x1f3 output\ethernet_grbl.o
 .debug_abbrev  0x00003a66      0x2f3 output\UDP.o
 .debug_abbrev  0x00003d59      0x1c1 output\Tick.o
 .debug_abbrev  0x00003f1a      0x247 output\Helpers.o
 .debug_abbrev  0x00004161      0x253 output\ARP.o
 .debug_abbrev  0x000043b4      0x359 output\ENC28J60.o
 .debug_abbrev  0x0000470d      0x16e output\Delay.o
 .debug_abbrev  0x0000487b      0x201 output\IP.o
 .debug_abbrev  0x00004a7c      0x1c7 output\StackTsk.o
 .debug_abbrev  0x00004c43      0x179 output\ICMP.o
 .debug_abbrev  0x00004dbc      0x118 output\DHCP.o
 .debug_abbrev  0x00004ed4      0x1c9 output\Announce.o
 .debug_abbrev  0x0000509d       0x37 c:/program files (x86)/microchip/xc32/v2.30/bin/bin/../../lib/gcc/pic32mx/4.8.3/../../../../pic32mx/lib\libmchp_peripheral_32MX470F512L.a(soft_reset_lib.o)
 .debug_abbrev  0x000050d4       0x28 c:/program files (x86)/microchip/xc32/v2.30/bin/bin/../../lib/gcc/pic32mx/4.8.3/../../../../pic32mx/lib\libmchp_peripheral_32MX470F512L.a(pcache.o)
 .debug_abbrev  0x000050fc       0x28 c:/program files (x86)/microchip/xc32/v2.30/bin/bin/../../lib/gcc/pic32mx/4.8.3/../../../../pic32mx/lib\libmchp_peripheral_32MX470F512L.a(int_disable_interrupts_lib.o)
 .debug_abbrev  0x00005124       0x37 c:/program files (x86)/microchip/xc32/v2.30/bin/bin/../../lib/gcc/pic32mx/4.8.3/../../../../pic32mx/lib\libmchp_peripheral_32MX470F512L.a(power_idle_lib.o)
 .debug_abbrev  0x0000515b       0x37 c:/program files (x86)/microchip/xc32/v2.30/bin/bin/../../lib/gcc/pic32mx/4.8.3/../../../../pic32mx/lib\libmchp_peripheral_32MX470F512L.a(power_sleep_lib.o)
 .debug_abbrev  0x00005192       0x28 c:/program files (x86)/microchip/xc32/v2.30/bin/bin/../../lib/gcc/pic32mx/4.8.3/../../../../pic32mx/lib\libmchp_peripheral_32MX470F512L.a(nvm_erase_page_lib.o)
 .debug_abbrev  0x000051ba       0x37 c:/program files (x86)/microchip/xc32/v2.30/bin/bin/../../lib/gcc/pic32mx/4.8.3/../../../../pic32mx/lib\libmchp_peripheral_32MX470F512L.a(nvm_operation_lib.o)
 .debug_abbrev  0x000051f1       0x28 c:/program files (x86)/microchip/xc32/v2.30/bin/bin/../../lib/gcc/pic32mx/4.8.3/../../../../pic32mx/lib\libmchp_peripheral_32MX470F512L.a(nvm_write_word_lib.o)
 .debug_abbrev  0x00005219       0x28 c:/program files (x86)/microchip/xc32/v2.30/bin/bin/../../lib/gcc/pic32mx/4.8.3/../../../../pic32mx/lib\libmchp_peripheral_32MX470F512L.a(int_restore_interrupts_lib.o)
 .debug_abbrev  0x00005241       0x6d c:/program files (x86)/microchip/xc32/v2.30/bin/bin/../../lib/gcc/pic32mx/4.8.3\libgcc.a(_fixunssfdi.o)
 .debug_abbrev  0x000052ae       0x64 c:/program files (x86)/microchip/xc32/v2.30/bin/bin/../../lib/gcc/pic32mx/4.8.3\libgcc.a(_floatundisf.o)
 .debug_abbrev  0x00005312       0x62 c:/program files (x86)/microchip/xc32/v2.30/bin/bin/../../lib/gcc/pic32mx/4.8.3\libgcc.a(floatunsisf.o)
 .debug_abbrev  0x00005374       0x62 c:/program files (x86)/microchip/xc32/v2.30/bin/bin/../../lib/gcc/pic32mx/4.8.3\libgcc.a(floatunsidf.o)
 .debug_abbrev  0x000053d6       0x28 c:/program files (x86)/microchip/xc32/v2.30/bin/bin/../../lib/gcc/pic32mx/4.8.3/../../../../pic32mx/lib\libpic32.a(default-bootstrap-exception-handler.o)
 .debug_abbrev  0x000053fe       0x28 c:/program files (x86)/microchip/xc32/v2.30/bin/bin/../../lib/gcc/pic32mx/4.8.3/../../../../pic32mx/lib\libpic32.a(default-on-reset.o)
 .debug_abbrev  0x00005426       0x28 c:/program files (x86)/microchip/xc32/v2.30/bin/bin/../../lib/gcc/pic32mx/4.8.3/../../../../pic32mx/lib\libpic32.a(default-on-bootstrap.o)
 .debug_abbrev  0x0000544e       0x28 c:/program files (x86)/microchip/xc32/v2.30/bin/bin/../../lib/gcc/pic32mx/4.8.3/../../../../pic32mx/lib\libpic32.a(defaultinterrupt.o)
 .debug_abbrev  0x00005476       0x37 c:/program files (x86)/microchip/xc32/v2.30/bin/bin/../../lib/gcc/pic32mx/4.8.3/../../../../pic32mx/lib\libm.a(w_atan2f.o)
 .debug_abbrev  0x000054ad       0x28 c:/program files (x86)/microchip/xc32/v2.30/bin/bin/../../lib/gcc/pic32mx/4.8.3/../../../../pic32mx/lib\libm.a(w_sqrtf.o)
 .debug_abbrev  0x000054d5       0x6d c:/program files (x86)/microchip/xc32/v2.30/bin/bin/../../lib/gcc/pic32mx/4.8.3/../../../../pic32mx/lib\libm.a(support.o)

.debug_line     0x00000000     0x8513
 *(.debug_line)
 .debug_line    0x00000000      0x25d output\tmr.o
 .debug_line    0x0000025d      0x177 output\mal.o
 .debug_line    0x000003d4      0x140 output\ringBuffer.o
 .debug_line    0x00000514      0x1c6 output\task.o
 .debug_line    0x000006da      0x212 output\sleep.o
 .debug_line    0x000008ec       0xf1 output\eeprom.o
 .debug_line    0x000009dd      0x2fb output\eep_manager.o
 .debug_line    0x00000cd8       0xf4 output\exceptions.o
 .debug_line    0x00000dcc      0x1f8 output\isr.o
 .debug_line    0x00000fc4      0x22a output\main.o
 .debug_line    0x000011ee      0x2d1 output\c_eep_manager.o
 .debug_line    0x000014bf       0xbd output\app.o
 .debug_line    0x0000157c      0x17c output\ad.o
 .debug_line    0x000016f8      0x59e output\gcode.o
 .debug_line    0x00001c96      0x2a7 output\limits.o
 .debug_line    0x00001f3d      0x130 output\coolant_control.o
 .debug_line    0x0000206d      0x1f8 output\motion_control.o
 .debug_line    0x00002265      0x1bc output\nuts_bolts.o
 .debug_line    0x00002421      0x2bc output\planner.o
 .debug_line    0x000026dd      0x1bc output\print.o
 .debug_line    0x00002899      0x42e output\report.o
 .debug_line    0x00002cc7      0x222 output\settings.o
 .debug_line    0x00002ee9      0x179 output\spindle_control.o
 .debug_line    0x00003062      0x432 output\stepper.o
 .debug_line    0x00003494      0x3c3 output\system.o
 .debug_line    0x00003857      0x20e output\grbl.o
 .debug_line    0x00003a65      0x1fd output\pwm.o
 .debug_line    0x00003c62      0x171 output\jog.o
 .debug_line    0x00003dd3      0x2e2 output\dee.o
 .debug_line    0x000040b5      0x1a6 output\dee_page.o
 .debug_line    0x0000425b      0x171 output\dee_page_helper.o
 .debug_line    0x000043cc      0x14e output\eep_manager_crc.o
 .debug_line    0x0000451a       0xee output\system_control.o
 .debug_line    0x00004608      0x157 output\stepper_enable.o
 .debug_line    0x0000475f      0x115 output\system_exec.o
 .debug_line    0x00004874      0x111 output\system_alarm.o
 .debug_line    0x00004985      0x171 output\grbl_eeprom.o
 .debug_line    0x00004af6       0x77 output\bootloader_interface.o
 .debug_line    0x00004b6d      0x317 output\grbl_protocol.o
 .debug_line    0x00004e84       0x8e output\stackmeasure.o
 .debug_line    0x00004f12      0x169 output\grbl_toolchange.o
 .debug_line    0x0000507b      0x10d output\grbl_running.o
 .debug_line    0x00005188      0x1db output\grbl_probe.o
 .debug_line    0x00005363      0x148 output\grbl_bootloader.o
 .debug_line    0x000054ab      0x2e8 output\ethernet.o
 .debug_line    0x00005793      0x2f1 output\ethernet_grbl.o
 .debug_line    0x00005a84      0x3b0 output\UDP.o
 .debug_line    0x00005e34      0x24e output\Tick.o
 .debug_line    0x00006082      0x399 output\Helpers.o
 .debug_line    0x0000641b      0x2a9 output\ARP.o
 .debug_line    0x000066c4      0x66e output\ENC28J60.o
 .debug_line    0x00006d32      0x1dc output\Delay.o
 .debug_line    0x00006f0e      0x25d output\IP.o
 .debug_line    0x0000716b      0x262 output\StackTsk.o
 .debug_line    0x000073cd      0x226 output\ICMP.o
 .debug_line    0x000075f3      0x17b output\DHCP.o
 .debug_line    0x0000776e      0x27a output\Announce.o
 .debug_line    0x000079e8       0xa7 c:/program files (x86)/microchip/xc32/v2.30/bin/bin/../../lib/gcc/pic32mx/4.8.3/../../../../pic32mx/lib\libmchp_peripheral_32MX470F512L.a(soft_reset_lib.o)
 .debug_line    0x00007a8f       0x5f c:/program files (x86)/microchip/xc32/v2.30/bin/bin/../../lib/gcc/pic32mx/4.8.3/../../../../pic32mx/lib\libmchp_peripheral_32MX470F512L.a(pcache.o)
 .debug_line    0x00007aee       0x70 c:/program files (x86)/microchip/xc32/v2.30/bin/bin/../../lib/gcc/pic32mx/4.8.3/../../../../pic32mx/lib\libmchp_peripheral_32MX470F512L.a(int_disable_interrupts_lib.o)
 .debug_line    0x00007b5e       0xa7 c:/program files (x86)/microchip/xc32/v2.30/bin/bin/../../lib/gcc/pic32mx/4.8.3/../../../../pic32mx/lib\libmchp_peripheral_32MX470F512L.a(power_idle_lib.o)
 .debug_line    0x00007c05       0xa8 c:/program files (x86)/microchip/xc32/v2.30/bin/bin/../../lib/gcc/pic32mx/4.8.3/../../../../pic32mx/lib\libmchp_peripheral_32MX470F512L.a(power_sleep_lib.o)
 .debug_line    0x00007cad       0x68 c:/program files (x86)/microchip/xc32/v2.30/bin/bin/../../lib/gcc/pic32mx/4.8.3/../../../../pic32mx/lib\libmchp_peripheral_32MX470F512L.a(nvm_erase_page_lib.o)