Archive member included because of file (symbol)

c:/program files (x86)/microchip/xc32/v2.30/bin/bin/../../lib/gcc/pic32mx/4.8.3/../../../../pic32mx/lib\libmchp_peripheral_32MX470F512L.a(soft_reset_lib.o)
                              output\mal.o (SoftReset)
c:/program files (x86)/microchip/xc32/v2.30/bin/bin/../../lib/gcc/pic32mx/4.8.3/../../../../pic32mx/lib\libmchp_peripheral_32MX470F512L.a(pcache.o)
                              output\main.o (CheKseg0CacheOn)
c:/program files (x86)/microchip/xc32/v2.30/bin/bin/../../lib/gcc/pic32mx/4.8.3/../../../../pic32mx/lib\libmchp_peripheral_32MX470F512L.a(int_disable_interrupts_lib.o)
                              c:/program files (x86)/microchip/xc32/v2.30/bin/bin/../../lib/gcc/pic32mx/4.8.3/../../../../pic32mx/lib\libmchp_peripheral_32MX470F512L.a(soft_reset_lib.o) (INTDisableInterrupts)
c:/program files (x86)/microchip/xc32/v2.30/bin/bin/../../lib/gcc/pic32mx/4.8.3/../../../../pic32mx/lib\libmchp_peripheral_32MX470F512L.a(power_idle_lib.o)
                              output\sleep.o (PowerSaveIdle)
c:/program files (x86)/microchip/xc32/v2.30/bin/bin/../../lib/gcc/pic32mx/4.8.3/../../../../pic32mx/lib\libmchp_peripheral_32MX470F512L.a(power_sleep_lib.o)
                              output\sleep.o (PowerSaveSleep)
c:/program files (x86)/microchip/xc32/v2.30/bin/bin/../../lib/gcc/pic32mx/4.8.3/../../../../pic32mx/lib\libmchp_peripheral_32MX470F512L.a(nvm_erase_page_lib.o)
                              output\dee_page.o (NVMErasePage)
c:/program files (x86)/microchip/xc32/v2.30/bin/bin/../../lib/gcc/pic32mx/4.8.3/../../../../pic32mx/lib\libmchp_peripheral_32MX470F512L.a(nvm_operation_lib.o)
                              c:/program files (x86)/microchip/xc32/v2.30/bin/bin/../../lib/gcc/pic32mx/4.8.3/../../../../pic32mx/lib\libmchp_peripheral_32MX470F512L.a(nvm_erase_page_lib.o) (_NVMOperation)
c:/program files (x86)/microchip/xc32/v2.30/bin/bin/../../lib/gcc/pic32mx/4.8.3/../../../../pic32mx/lib\libmchp_peripheral_32MX470F512L.a(nvm_write_word_lib.o)
                              output\dee_page.o (NVMWriteWord)
c:/program files (x86)/microchip/xc32/v2.30/bin/bin/../../lib/gcc/pic32mx/4.8.3/../../../../pic32mx/lib\libmchp_peripheral_32MX470F512L.a(int_restore_interrupts_lib.o)
                              c:/program files (x86)/microchip/xc32/v2.30/bin/bin/../../lib/gcc/pic32mx/4.8.3/../../../../pic32mx/lib\libmchp_peripheral_32MX470F512L.a(power_idle_lib.o) (INTRestoreInterrupts)
c:/program files (x86)/microchip/xc32/v2.30/bin/bin/../../lib/gcc/pic32mx/4.8.3\libgcc.a(_fixunssfdi.o)
                              output\stepper.o (__fixunssfdi)
c:/program files (x86)/microchip/xc32/v2.30/bin/bin/../../lib/gcc/pic32mx/4.8.3\libgcc.a(_floatundisf.o)
                              output\stepper.o (__floatundisf)
c:/program files (x86)/microchip/xc32/v2.30/bin/bin/../../lib/gcc/pic32mx/4.8.3\libgcc.a(floatunsisf.o)
                              output\limits.o (__floatunsisf)
c:/program files (x86)/microchip/xc32/v2.30/bin/bin/../../lib/gcc/pic32mx/4.8.3\libgcc.a(floatunsidf.o)
                              c:/program files (x86)/microchip/xc32/v2.30/bin/bin/../../lib/gcc/pic32mx/4.8.3\libgcc.a(_fixunssfdi.o) (__floatunsidf)
c:/program files (x86)/microchip/xc32/v2.30/bin/bin/../../lib/gcc/pic32mx/4.8.3/../../../../pic32mx/lib\libpic32.a(memcpy.o)
                              output\eep_manager.o (memcpy)
c:/program files (x86)/microchip/xc32/v2.30/bin/bin/../../lib/gcc/pic32mx/4.8.3/../../../../pic32mx/lib\libpic32.a(memset.o)
                              output\ringBuffer.o (memset)
c:/program files (x86)/microchip/xc32/v2.30/bin/bin/../../lib/gcc/pic32mx/4.8.3/../../../../pic32mx/lib\libpic32.a(strcmp.o)
                              output\grbl_protocol.o (strcmp)
c:/program files (x86)/microchip/xc32/v2.30/bin/bin/../../lib/gcc/pic32mx/4.8.3/../../../../pic32mx/lib\libpic32.a(default-bootstrap-exception-handler.o)
                              C:\Users\Xeon5430\AppData\Local\Temp\ccWAjkDb.o (_bootstrap_exception_handler)
c:/program files (x86)/microchip/xc32/v2.30/bin/bin/../../lib/gcc/pic32mx/4.8.3/../../../../pic32mx/lib\libpic32.a(default-on-reset.o)
                              C:\Users\Xeon5430\AppData\Local\Temp\ccWAjkDb.o (_on_reset)
c:/program files (x86)/microchip/xc32/v2.30/bin/bin/../../lib/gcc/pic32mx/4.8.3/../../../../pic32mx/lib\libpic32.a(default-on-bootstrap.o)
                              C:\Users\Xeon5430\AppData\Local\Temp\ccWAjkDb.o (_on_bootstrap)
c:/program files (x86)/microchip/xc32/v2.30/bin/bin/../../lib/gcc/pic32mx/4.8.3/../../../../pic32mx/lib\libpic32.a(default-nmi-handler.o)
                              C:\Users\Xeon5430\AppData\Local\Temp\ccWAjkDb.o (_nmi_handler)
c:/program files (x86)/microchip/xc32/v2.30/bin/bin/../../lib/gcc/pic32mx/4.8.3/../../../../pic32mx/lib\libpic32.a(pic32_data_init.o)
                              C:\Users\Xeon5430\AppData\Local\Temp\ccWAjkDb.o (__pic32_data_init)
[...]
Memory Configuration

Name             Origin             Length             Attributes
kseg0_program_mem 0x9d007490         0x00078b70         xr
kseg0_boot_mem   0x9d006000         0x00000000
exception_mem    0x9d006000         0x00001000
kseg1_boot_mem   0x9d007000         0x00000490
debug_exec_mem   0xbfc02000         0x00000ff0
config3          0xbfc02ff0         0x00000004
config2          0xbfc02ff4         0x00000004
config1          0xbfc02ff8         0x00000004
config0          0xbfc02ffc         0x00000004
kseg1_data_mem   0xa0000000         0x00020000         w !x
sfrs             0xbf800000         0x00100000
configsfrs       0xbfc02ff0         0x00000010
*default*        0x00000000         0xffffffff

Linker script and memory map

LOAD c:/program files (x86)/microchip/xc32/v2.30/bin/bin/../../lib/gcc/pic32mx/4.8.3/../../../../pic32mx/lib\debug-exception-return.o
LOAD output\tmr.o
LOAD output\mal.o
LOAD output\ringBuffer.o
LOAD output\task.o
LOAD output\sleep.o
LOAD output\eeprom.o
LOAD output\eep_manager.o
LOAD output\usb.o
LOAD output\usb_descriptors.o
LOAD output\usb_device.o
LOAD output\exceptions.o
LOAD output\isr.o
LOAD output\main.o
LOAD output\c_eep_manager.o
LOAD output\app.o
LOAD output\ad.o
LOAD output\gcode.o
LOAD output\limits.o
LOAD output\coolant_control.o
LOAD output\motion_control.o
LOAD output\nuts_bolts.o
LOAD output\planner.o
LOAD output\print.o
LOAD output\report.o
LOAD output\settings.o
LOAD output\spindle_control.o
LOAD output\stepper.o
LOAD output\system.o
LOAD output\grbl.o
LOAD output\pwm.o
LOAD output\jog.o
LOAD output\usb_function_cdc.o
LOAD output\dee.o
LOAD output\dee_page.o
LOAD output\dee_page_helper.o
LOAD output\eep_manager_crc.o
LOAD output\system_control.o
LOAD output\stepper_enable.o
LOAD output\system_exec.o
LOAD output\system_alarm.o
LOAD output\grbl_eeprom.o
LOAD output\bootloader_interface.o
LOAD output\grbl_protocol.o
LOAD output\stackmeasure.o
LOAD output\stackmeasure_helper.o
LOAD output\grbl_toolchange.o
LOAD output\grbl_running.o
LOAD output\grbl_probe.o
LOAD output\grbl_bootloader.o
LOAD output\usb_grbl.o
                0x00000400                PROVIDE (_min_stack_size, 0x400)
LOAD c:/program files (x86)/microchip/xc32/v2.30/bin/bin/../../lib/gcc/pic32mx/4.8.3/../../../../pic32mx/lib/./proc/32MX470F512L\processor.o
START GROUP
LOAD c:/program files (x86)/microchip/xc32/v2.30/bin/bin/../../lib/gcc/pic32mx/4.8.3/../../../../pic32mx/lib\libmchp_peripheral.a
END GROUP
START GROUP
LOAD c:/program files (x86)/microchip/xc32/v2.30/bin/bin/../../lib/gcc/pic32mx/4.8.3/../../../../pic32mx/lib\libmchp_peripheral_32MX470F512L.a
END GROUP
                0x00000001                PROVIDE (_vector_spacing, 0x1)
                0x9d006000                _ebase_address = 0x9d006000
                0x9d007000                _RESET_ADDR = 0x9d007000
                0x9d007380                _BEV_EXCPT_ADDR = 0x9d007380
                0x9d007480                _DBG_EXCPT_ADDR = 0x9d007480
                0xbfc02000                _DBG_CODE_ADDR = 0xbfc02000
                0x00000ff0                _DBG_CODE_SIZE = 0xff0
                0x9d006180                _GEN_EXCPT_ADDR = (_ebase_address + 0x180)

.config_BFC02FF0
 *(.config_BFC02FF0)

.config_BFC02FF4
 *(.config_BFC02FF4)

.config_BFC02FF8
 *(.config_BFC02FF8)

.config_BFC02FFC
 *(.config_BFC02FFC)
                0xbfc02000                PROVIDE (_DBG_CODE_ADDR, 0xbfc02000)
                0x00000ff0                PROVIDE (_DBG_CODE_SIZE, 0xff0)

.reset          0x9d007000      0x19c
 *(.reset)
 .reset         0x9d007000        0x8 C:\Users\Xeon5430\AppData\Local\Temp\ccWAjkDb.o
                0x9d007000                _reset
 *(.reset.startup)
 .reset.startup
                0x9d007008      0x194 C:\Users\Xeon5430\AppData\Local\Temp\ccWAjkDb.o
                0x9d007008                _startup

.bev_excpt      0x9d007380       0x10
 *(.bev_handler)
 .bev_handler   0x9d007380       0x10 C:\Users\Xeon5430\AppData\Local\Temp\ccWAjkDb.o

.dbg_excpt      0x9d007480        0x0
                0x9d007480                . = (. + DEFINED (_DEBUGGER)?0x8:0x0)

.dbg_code       0xbfc02000        0x0
                0xbfc02000                . = (. + DEFINED (_DEBUGGER)?_DBG_CODE_SIZE:0x0)

.app_excpt      0x9d006180       0x10
 *(.gen_handler)
 .gen_handler   0x9d006180       0x10 C:\Users\Xeon5430\AppData\Local\Temp\ccWAjkDb.o

.vector_0       0x9d006200        0x8
 *(.vector_0)
 .vector_0      0x9d006200        0x8 output\isr.o
                0x9d006200                __vector_dispatch_0
                0x00000001                ASSERT (((_vector_spacing == 0x0) || (SIZEOF (.vector_0) <= (_vector_spacing << 0x5))), function at exception vector 0 too large)

.vector_1       0x9d006220        0x8
 *(.vector_1)
 .vector_1      0x9d006220        0x8 c:/program files (x86)/microchip/xc32/v2.30/bin/bin/../../lib/gcc/pic32mx/4.8.3/../../../../pic32mx/lib\libpic32.a(vector1.o)
                0x9d006220                __vector_dispatch_1
                0x00000001                ASSERT (((_vector_spacing == 0x0) || (SIZEOF (.vector_1) <= (_vector_spacing << 0x5))), function at exception vector 1 too large)

.vector_2       0x9d006240        0x8
 *(.vector_2)
 .vector_2      0x9d006240        0x8 c:/program files (x86)/microchip/xc32/v2.30/bin/bin/../../lib/gcc/pic32mx/4.8.3/../../../../pic32mx/lib\libpic32.a(vector2.o)
                0x9d006240                __vector_dispatch_2
                0x00000001                ASSERT (((_vector_spacing == 0x0) || (SIZEOF (.vector_2) <= (_vector_spacing << 0x5))), function at exception vector 2 too large)

.vector_3       0x9d006260        0x8
 *(.vector_3)
 .vector_3      0x9d006260        0x8 c:/program files (x86)/microchip/xc32/v2.30/bin/bin/../../lib/gcc/pic32mx/4.8.3/../../../../pic32mx/lib\libpic32.a(vector3.o)
                0x9d006260                __vector_dispatch_3
                0x00000001                ASSERT (((_vector_spacing == 0x0) || (SIZEOF (.vector_3) <= (_vector_spacing << 0x5))), function at exception vector 3 too large)

.vector_4       0x9d006280        0x8
 *(.vector_4)
 .vector_4      0x9d006280        0x8 output\isr.o
                0x9d006280                __vector_dispatch_4
                0x00000001                ASSERT (((_vector_spacing == 0x0) || (SIZEOF (.vector_4) <= (_vector_spacing << 0x5))), function at exception vector 4 too large)

.vector_5       0x9d0062a0        0x8
 *(.vector_5)
 .vector_5      0x9d0062a0        0x8 c:/program files (x86)/microchip/xc32/v2.30/bin/bin/../../lib/gcc/pic32mx/4.8.3/../../../../pic32mx/lib\libpic32.a(vector5.o)
                0x9d0062a0                __vector_dispatch_5
                0x00000001                ASSERT (((_vector_spacing == 0x0) || (SIZEOF (.vector_5) <= (_vector_spacing << 0x5))), function at exception vector 5 too large)

.vector_6       0x9d0062c0        0x8
 *(.vector_6)
 .vector_6      0x9d0062c0        0x8 c:/program files (x86)/microchip/xc32/v2.30/bin/bin/../../lib/gcc/pic32mx/4.8.3/../../../../pic32mx/lib\libpic32.a(vector6.o)
                0x9d0062c0                __vector_dispatch_6
                0x00000001                ASSERT (((_vector_spacing == 0x0) || (SIZEOF (.vector_6) <= (_vector_spacing << 0x5))), function at exception vector 6 too large)

.vector_7       0x9d0062e0        0x8
 *(.vector_7)
 .vector_7      0x9d0062e0        0x8 c:/program files (x86)/microchip/xc32/v2.30/bin/bin/../../lib/gcc/pic32mx/4.8.3/../../../../pic32mx/lib\libpic32.a(vector7.o)
                0x9d0062e0                __vector_dispatch_7
                0x00000001                ASSERT (((_vector_spacing == 0x0) || (SIZEOF (.vector_7) <= (_vector_spacing << 0x5))), function at exception vector 7 too large)

.vector_8       0x9d006300        0x8
 *(.vector_8)
 .vector_8      0x9d006300        0x8 output\isr.o
                0x9d006300                __vector_dispatch_8
                0x00000001                ASSERT (((_vector_spacing == 0x0) || (SIZEOF (.vector_8) <= (_vector_spacing << 0x5))), function at exception vector 8 too large)

.vector_9       0x9d006320        0x8
 *(.vector_9)
 .vector_9      0x9d006320        0x8 c:/program files (x86)/microchip/xc32/v2.30/bin/bin/../../lib/gcc/pic32mx/4.8.3/../../../../pic32mx/lib\libpic32.a(vector9.o)
                0x9d006320                __vector_dispatch_9
                0x00000001                ASSERT (((_vector_spacing == 0x0) || (SIZEOF (.vector_9) <= (_vector_spacing << 0x5))), function at exception vector 9 too large)

.vector_10      0x9d006340        0x8
 *(.vector_10)
 .vector_10     0x9d006340        0x8 c:/program files (x86)/microchip/xc32/v2.30/bin/bin/../../lib/gcc/pic32mx/4.8.3/../../../../pic32mx/lib\libpic32.a(vector10.o)
                0x9d006340                __vector_dispatch_10
                0x00000001                ASSERT (((_vector_spacing == 0x0) || (SIZEOF (.vector_10) <= (_vector_spacing << 0x5))), function at exception vector 10 too large)

.vector_11      0x9d006360        0x8
 *(.vector_11)
 .vector_11     0x9d006360        0x8 c:/program files (x86)/microchip/xc32/v2.30/bin/bin/../../lib/gcc/pic32mx/4.8.3/../../../../pic32mx/lib\libpic32.a(vector11.o)
                0x9d006360                __vector_dispatch_11
                0x00000001                ASSERT (((_vector_spacing == 0x0) || (SIZEOF (.vector_11) <= (_vector_spacing << 0x5))), function at exception vector 11 too large)

.vector_12      0x9d006380        0x8
 *(.vector_12)
 .vector_12     0x9d006380        0x8 output\isr.o
                0x9d006380                __vector_dispatch_12
                0x00000001                ASSERT (((_vector_spacing == 0x0) || (SIZEOF (.vector_12) <= (_vector_spacing << 0x5))), function at exception vector 12 too large)

.vector_13      0x9d0063a0        0x8
 *(.vector_13)
 .vector_13     0x9d0063a0        0x8 c:/program files (x86)/microchip/xc32/v2.30/bin/bin/../../lib/gcc/pic32mx/4.8.3/../../../../pic32mx/lib\libpic32.a(vector13.o)
                0x9d0063a0                __vector_dispatch_13
                0x00000001                ASSERT (((_vector_spacing == 0x0) || (SIZEOF (.vector_13) <= (_vector_spacing << 0x5))), function at exception vector 13 too large)

.vector_14      0x9d0063c0        0x8
 *(.vector_14)
 .vector_14     0x9d0063c0        0x8 c:/program files (x86)/microchip/xc32/v2.30/bin/bin/../../lib/gcc/pic32mx/4.8.3/../../../../pic32mx/lib\libpic32.a(vector14.o)
                0x9d0063c0                __vector_dispatch_14
                0x00000001                ASSERT (((_vector_spacing == 0x0) || (SIZEOF (.vector_14) <= (_vector_spacing << 0x5))), function at exception vector 14 too large)

.vector_15      0x9d0063e0        0x8
 *(.vector_15)
 .vector_15     0x9d0063e0        0x8 output\isr.o
                0x9d0063e0                __vector_dispatch_15
                0x00000001                ASSERT (((_vector_spacing == 0x0) || (SIZEOF (.vector_15) <= (_vector_spacing << 0x5))), function at exception vector 15 too large)

.vector_16      0x9d006400        0x8
 *(.vector_16)
 .vector_16     0x9d006400        0x8 output\isr.o
                0x9d006400                __vector_dispatch_16
                0x00000001                ASSERT (((_vector_spacing == 0x0) || (SIZEOF (.vector_16) <= (_vector_spacing << 0x5))), function at exception vector 16 too large)

.vector_17      0x9d006420        0x8
 *(.vector_17)
 .vector_17     0x9d006420        0x8 c:/program files (x86)/microchip/xc32/v2.30/bin/bin/../../lib/gcc/pic32mx/4.8.3/../../../../pic32mx/lib\libpic32.a(vector17.o)
                0x9d006420                __vector_dispatch_17
                0x00000001                ASSERT (((_vector_spacing == 0x0) || (SIZEOF (.vector_17) <= (_vector_spacing << 0x5))), function at exception vector 17 too large)

.vector_18      0x9d006440        0x8
 *(.vector_18)
 .vector_18     0x9d006440        0x8 c:/program files (x86)/microchip/xc32/v2.30/bin/bin/../../lib/gcc/pic32mx/4.8.3/../../../../pic32mx/lib\libpic32.a(vector18.o)
                0x9d006440                __vector_dispatch_18
                0x00000001                ASSERT (((_vector_spacing == 0x0) || (SIZEOF (.vector_18) <= (_vector_spacing << 0x5))), function at exception vector 18 too large)

.vector_19      0x9d006460        0x8
 *(.vector_19)
 .vector_19     0x9d006460        0x8 c:/program files (x86)/microchip/xc32/v2.30/bin/bin/../../lib/gcc/pic32mx/4.8.3/../../../../pic32mx/lib\libpic32.a(vector19.o)
                0x9d006460                __vector_dispatch_19
                0x00000001                ASSERT (((_vector_spacing == 0x0) || (SIZEOF (.vector_19) <= (_vector_spacing << 0x5))), function at exception vector 19 too large)

.vector_20      0x9d006480        0x8
 *(.vector_20)
 .vector_20     0x9d006480        0x8 output\isr.o
                0x9d006480                __vector_dispatch_20
                0x00000001                ASSERT (((_vector_spacing == 0x0) || (SIZEOF (.vector_20) <= (_vector_spacing << 0x5))), function at exception vector 20 too large)

.vector_21      0x9d0064a0        0x8
 *(.vector_21)
 .vector_21     0x9d0064a0        0x8 c:/program files (x86)/microchip/xc32/v2.30/bin/bin/../../lib/gcc/pic32mx/4.8.3/../../../../pic32mx/lib\libpic32.a(vector21.o)
                0x9d0064a0                __vector_dispatch_21
                0x00000001                ASSERT (((_vector_spacing == 0x0) || (SIZEOF (.vector_21) <= (_vector_spacing << 0x5))), function at exception vector 21 too large)

.vector_22      0x9d0064c0        0x8
 *(.vector_22)
 .vector_22     0x9d0064c0        0x8 c:/program files (x86)/microchip/xc32/v2.30/bin/bin/../../lib/gcc/pic32mx/4.8.3/../../../../pic32mx/lib\libpic32.a(vector22.o)
                0x9d0064c0                __vector_dispatch_22
                0x00000001                ASSERT (((_vector_spacing == 0x0) || (SIZEOF (.vector_22) <= (_vector_spacing << 0x5))), function at exception vector 22 too large)

.vector_23      0x9d0064e0        0x8
 *(.vector_23)
 .vector_23     0x9d0064e0        0x8 c:/program files (x86)/microchip/xc32/v2.30/bin/bin/../../lib/gcc/pic32mx/4.8.3/../../../../pic32mx/lib\libpic32.a(vector23.o)
                0x9d0064e0                __vector_dispatch_23
                0x00000001                ASSERT (((_vector_spacing == 0x0) || (SIZEOF (.vector_23) <= (_vector_spacing << 0x5))), function at exception vector 23 too large)

.vector_24      0x9d006500        0x8
 *(.vector_24)
 .vector_24     0x9d006500        0x8 c:/program files (x86)/microchip/xc32/v2.30/bin/bin/../../lib/gcc/pic32mx/4.8.3/../../../../pic32mx/lib\libpic32.a(vector24.o)
                0x9d006500                __vector_dispatch_24
                0x00000001                ASSERT (((_vector_spacing == 0x0) || (SIZEOF (.vector_24) <= (_vector_spacing << 0x5))), function at exception vector 24 too large)

.vector_25      0x9d006520        0x8
 *(.vector_25)
 .vector_25     0x9d006520        0x8 c:/program files (x86)/microchip/xc32/v2.30/bin/bin/../../lib/gcc/pic32mx/4.8.3/../../../../pic32mx/lib\libpic32.a(vector25.o)
                0x9d006520                __vector_dispatch_25
                0x00000001                ASSERT (((_vector_spacing == 0x0) || (SIZEOF (.vector_25) <= (_vector_spacing << 0x5))), function at exception vector 25 too large)

.vector_26      0x9d006540        0x8
 *(.vector_26)
 .vector_26     0x9d006540        0x8 c:/program files (x86)/microchip/xc32/v2.30/bin/bin/../../lib/gcc/pic32mx/4.8.3/../../../../pic32mx/lib\libpic32.a(vector26.o)
                0x9d006540                __vector_dispatch_26
                0x00000001                ASSERT (((_vector_spacing == 0x0) || (SIZEOF (.vector_26) <= (_vector_spacing << 0x5))), function at exception vector 26 too large)

.vector_27      0x9d006560        0x8
 *(.vector_27)
 .vector_27     0x9d006560        0x8 c:/program files (x86)/microchip/xc32/v2.30/bin/bin/../../lib/gcc/pic32mx/4.8.3/../../../../pic32mx/lib\libpic32.a(vector27.o)
                0x9d006560                __vector_dispatch_27
                0x00000001                ASSERT (((_vector_spacing == 0x0) || (SIZEOF (.vector_27) <= (_vector_spacing << 0x5))), function at exception vector 27 too large)

.vector_28      0x9d006580        0x8
 *(.vector_28)
 .vector_28     0x9d006580        0x8 c:/program files (x86)/microchip/xc32/v2.30/bin/bin/../../lib/gcc/pic32mx/4.8.3/../../../../pic32mx/lib\libpic32.a(vector28.o)
                0x9d006580                __vector_dispatch_28
                0x00000001                ASSERT (((_vector_spacing == 0x0) || (SIZEOF (.vector_28) <= (_vector_spacing << 0x5))), function at exception vector 28 too large)

.vector_29      0x9d0065a0        0x8
 *(.vector_29)
 .vector_29     0x9d0065a0        0x8 output\isr.o
                0x9d0065a0                __vector_dispatch_29
                0x00000001                ASSERT (((_vector_spacing == 0x0) || (SIZEOF (.vector_29) <= (_vector_spacing << 0x5))), function at exception vector 29 too large)

.vector_30      0x9d0065c0        0x8
 *(.vector_30)
 .vector_30     0x9d0065c0        0x8 c:/program files (x86)/microchip/xc32/v2.30/bin/bin/../../lib/gcc/pic32mx/4.8.3/../../../../pic32mx/lib\libpic32.a(vector30.o)
                0x9d0065c0                __vector_dispatch_30
                0x00000001                ASSERT (((_vector_spacing == 0x0) || (SIZEOF (.vector_30) <= (_vector_spacing << 0x5))), function at exception vector 30 too large)

.vector_31      0x9d0065e0        0x8
 *(.vector_31)
 .vector_31     0x9d0065e0        0x8 output\isr.o
                0x9d0065e0                __vector_dispatch_31
                0x00000001                ASSERT (((_vector_spacing == 0x0) || (SIZEOF (.vector_31) <= (_vector_spacing << 0x5))), function at exception vector 31 too large)

.vector_32      0x9d006600        0x8
 *(.vector_32)
 .vector_32     0x9d006600        0x8 c:/program files (x86)/microchip/xc32/v2.30/bin/bin/../../lib/gcc/pic32mx/4.8.3/../../../../pic32mx/lib\libpic32.a(vector32.o)
                0x9d006600                __vector_dispatch_32
                0x00000001                ASSERT (((_vector_spacing == 0x0) || (SIZEOF (.vector_32) <= (_vector_spacing << 0x5))), function at exception vector 32 too large)

.vector_33      0x9d006620        0x8
 *(.vector_33)
 .vector_33     0x9d006620        0x8 output\isr.o
                0x9d006620                __vector_dispatch_33
                0x00000001                ASSERT (((_vector_spacing == 0x0) || (SIZEOF (.vector_33) <= (_vector_spacing << 0x5))), function at exception vector 33 too large)

.vector_34      0x9d006640        0x8
 *(.vector_34)
 .vector_34     0x9d006640        0x8 c:/program files (x86)/microchip/xc32/v2.30/bin/bin/../../lib/gcc/pic32mx/4.8.3/../../../../pic32mx/lib\libpic32.a(vector34.o)
                0x9d006640                __vector_dispatch_34
                0x00000001                ASSERT (((_vector_spacing == 0x0) || (SIZEOF (.vector_34) <= (_vector_spacing << 0x5))), function at exception vector 34 too large)

.vector_35      0x9d006660        0x8
 *(.vector_35)
 .vector_35     0x9d006660        0x8 output\isr.o
                0x9d006660                __vector_dispatch_35
                0x00000001                ASSERT (((_vector_spacing == 0x0) || (SIZEOF (.vector_35) <= (_vector_spacing << 0x5))), function at exception vector 35 too large)

.vector_36      0x9d006680        0x8
 *(.vector_36)
 .vector_36     0x9d006680        0x8 output\isr.o
                0x9d006680                __vector_dispatch_36
                0x00000001                ASSERT (((_vector_spacing == 0x0) || (SIZEOF (.vector_36) <= (_vector_spacing << 0x5))), function at exception vector 36 too large)

.vector_37      0x9d0066a0        0x8
 *(.vector_37)
 .vector_37     0x9d0066a0        0x8 c:/program files (x86)/microchip/xc32/v2.30/bin/bin/../../lib/gcc/pic32mx/4.8.3/../../../../pic32mx/lib\libpic32.a(vector37.o)
                0x9d0066a0                __vector_dispatch_37
                0x00000001                ASSERT (((_vector_spacing == 0x0) || (SIZEOF (.vector_37) <= (_vector_spacing << 0x5))), function at exception vector 37 too large)

.vector_38      0x9d0066c0        0x8
 *(.vector_38)
 .vector_38     0x9d0066c0        0x8 c:/program files (x86)/microchip/xc32/v2.30/bin/bin/../../lib/gcc/pic32mx/4.8.3/../../../../pic32mx/lib\libpic32.a(vector38.o)
                0x9d0066c0                __vector_dispatch_38
                0x00000001                ASSERT (((_vector_spacing == 0x0) || (SIZEOF (.vector_38) <= (_vector_spacing << 0x5))), function at exception vector 38 too large)

.vector_39      0x9d0066e0        0x8
 *(.vector_39)
 .vector_39     0x9d0066e0        0x8 c:/program files (x86)/microchip/xc32/v2.30/bin/bin/../../lib/gcc/pic32mx/4.8.3/../../../../pic32mx/lib\libpic32.a(vector39.o)
                0x9d0066e0                __vector_dispatch_39
                0x00000001                ASSERT (((_vector_spacing == 0x0) || (SIZEOF (.vector_39) <= (_vector_spacing << 0x5))), function at exception vector 39 too large)

.vector_40      0x9d006700        0x8
 *(.vector_40)
 .vector_40     0x9d006700        0x8 c:/program files (x86)/microchip/xc32/v2.30/bin/bin/../../lib/gcc/pic32mx/4.8.3/../../../../pic32mx/lib\libpic32.a(vector40.o)
                0x9d006700                __vector_dispatch_40
                0x00000001                ASSERT (((_vector_spacing == 0x0) || (SIZEOF (.vector_40) <= (_vector_spacing << 0x5))), function at exception vector 40 too large)

.vector_41      0x9d006720        0x8
 *(.vector_41)
 .vector_41     0x9d006720        0x8 c:/program files (x86)/microchip/xc32/v2.30/bin/bin/../../lib/gcc/pic32mx/4.8.3/../../../../pic32mx/lib\libpic32.a(vector41.o)
                0x9d006720                __vector_dispatch_41
                0x00000001                ASSERT (((_vector_spacing == 0x0) || (SIZEOF (.vector_41) <= (_vector_spacing << 0x5))), function at exception vector 41 too large)

.vector_42      0x9d006740        0x8
 *(.vector_42)
 .vector_42     0x9d006740        0x8 output\isr.o
                0x9d006740                __vector_dispatch_42
                0x00000001                ASSERT (((_vector_spacing == 0x0) || (SIZEOF (.vector_42) <= (_vector_spacing << 0x5))), function at exception vector 42 too large)

.vector_43      0x9d006760        0x8
 *(.vector_43)
 .vector_43     0x9d006760        0x8 output\isr.o
                0x9d006760                __vector_dispatch_43
                0x00000001                ASSERT (((_vector_spacing == 0x0) || (SIZEOF (.vector_43) <= (_vector_spacing << 0x5))), function at exception vector 43 too large)

.vector_44      0x9d006780        0x8
 *(.vector_44)
 .vector_44     0x9d006780        0x8 output\isr.o
                0x9d006780                __vector_dispatch_44
                0x00000001                ASSERT (((_vector_spacing == 0x0) || (SIZEOF (.vector_44) <= (_vector_spacing << 0x5))), function at exception vector 44 too large)

.vector_45      0x9d0067a0        0x8
 *(.vector_45)
 .vector_45     0x9d0067a0        0x8 output\isr.o
                0x9d0067a0                __vector_dispatch_45
                0x00000001                ASSERT (((_vector_spacing == 0x0) || (SIZEOF (.vector_45) <= (_vector_spacing << 0x5))), function at exception vector 45 too large)

.vector_46      0x9d0067c0        0x0
 *(.vector_46)
                0x00000001                ASSERT (((_vector_spacing == 0x0) || (SIZEOF (.vector_46) <= (_vector_spacing << 0x5))), function at exception vector 46 too large)

.vector_47      0x9d0067e0        0x0
 *(.vector_47)
                0x00000001                ASSERT (((_vector_spacing == 0x0) || (SIZEOF (.vector_47) <= (_vector_spacing << 0x5))), function at exception vector 47 too large)

.vector_48      0x9d006800        0x0
 *(.vector_48)
                0x00000001                ASSERT (((_vector_spacing == 0x0) || (SIZEOF (.vector_48) <= (_vector_spacing << 0x5))), function at exception vector 48 too large)

.vector_49      0x9d006820        0x0
 *(.vector_49)
                0x00000001                ASSERT (((_vector_spacing == 0x0) || (SIZEOF (.vector_49) <= (_vector_spacing << 0x5))), function at exception vector 49 too large)

.vector_50      0x9d006840        0x0
 *(.vector_50)
                0x00000001                ASSERT (((_vector_spacing == 0x0) || (SIZEOF (.vector_50) <= (_vector_spacing << 0x5))), function at exception vector 50 too large)

.vector_51      0x9d006860        0x0
 *(.vector_51)
                0x00000001                ASSERT (((_vector_spacing == 0x0) || (SIZEOF (.vector_51) <= (_vector_spacing << 0x5))), function at exception vector 51 too large)

.vector_52      0x9d006880        0x0
 *(.vector_52)
                0x00000001                ASSERT (((_vector_spacing == 0x0) || (SIZEOF (.vector_52) <= (_vector_spacing << 0x5))), function at exception vector 52 too large)

.vector_53      0x9d0068a0        0x0
 *(.vector_53)
                0x00000001                ASSERT (((_vector_spacing == 0x0) || (SIZEOF (.vector_53) <= (_vector_spacing << 0x5))), function at exception vector 53 too large)

.vector_54      0x9d0068c0        0x0
 *(.vector_54)
                0x00000001                ASSERT (((_vector_spacing == 0x0) || (SIZEOF (.vector_54) <= (_vector_spacing << 0x5))), function at exception vector 54 too large)

.vector_55      0x9d0068e0        0x0
 *(.vector_55)
                0x00000001                ASSERT (((_vector_spacing == 0x0) || (SIZEOF (.vector_55) <= (_vector_spacing << 0x5))), function at exception vector 55 too large)

.vector_56      0x9d006900        0x0
 *(.vector_56)
                0x00000001                ASSERT (((_vector_spacing == 0x0) || (SIZEOF (.vector_56) <= (_vector_spacing << 0x5))), function at exception vector 56 too large)

.vector_57      0x9d006920        0x0
 *(.vector_57)
                0x00000001                ASSERT (((_vector_spacing == 0x0) || (SIZEOF (.vector_57) <= (_vector_spacing << 0x5))), function at exception vector 57 too large)

.vector_58      0x9d006940        0x0
 *(.vector_58)
                0x00000001                ASSERT (((_vector_spacing == 0x0) || (SIZEOF (.vector_58) <= (_vector_spacing << 0x5))), function at exception vector 58 too large)

.vector_59      0x9d006960        0x0
 *(.vector_59)
                0x00000001                ASSERT (((_vector_spacing == 0x0) || (SIZEOF (.vector_59) <= (_vector_spacing << 0x5))), function at exception vector 59 too large)

.vector_60      0x9d006980        0x0
 *(.vector_60)
                0x00000001                ASSERT (((_vector_spacing == 0x0) || (SIZEOF (.vector_60) <= (_vector_spacing << 0x5))), function at exception vector 60 too large)

.vector_61      0x9d0069a0        0x0
 *(.vector_61)
                0x00000001                ASSERT (((_vector_spacing == 0x0) || (SIZEOF (.vector_61) <= (_vector_spacing << 0x5))), function at exception vector 61 too large)

.vector_62      0x9d0069c0        0x0
 *(.vector_62)
                0x00000001                ASSERT (((_vector_spacing == 0x0) || (SIZEOF (.vector_62) <= (_vector_spacing << 0x5))), function at exception vector 62 too large)

.vector_63      0x9d0069e0        0x0
 *(.vector_63)
                0x00000001                ASSERT (((_vector_spacing == 0x0) || (SIZEOF (.vector_63) <= (_vector_spacing << 0x5))), function at exception vector 63 too large)

.startup
 *(.startup)

.text           0x9d007490        0x0
 *(.stub .gnu.linkonce.t.*)
 *(.text.*personality*)
 *(.mips16.fn.*)
 *(.mips16.call.*)
 *(.gnu.warning)
                0x9d007490                . = ALIGN (0x4)

.init           0x9d007490        0x0
 *crti.o(.init)
 *crtbegin.o(.init)
 *(EXCLUDE_FILE(*crtn.o *crtend?.o *crtend.o) .init)
 *crtend.o(.init)
 *crtn.o(.init)
                0x9d007490                . = ALIGN (0x4)

.fini           0x9d007490        0x0
 *(.fini)
                0x9d007490                . = ALIGN (0x4)

.preinit_array  0x9d007490        0x0
                0x9d007490                PROVIDE (__preinit_array_start, .)
 *(.preinit_array)
                0x9d007490                PROVIDE (__preinit_array_end, .)
                0x9d007490                . = ALIGN (0x4)

.init_array     0x9d007490        0x0
                0x9d007490                PROVIDE (__init_array_start, .)
 *(SORT(.init_array.*))
 *(.init_array)
                0x9d007490                PROVIDE (__init_array_end, .)
                0x9d007490                . = ALIGN (0x4)

.fini_array     0x9d007490        0x0
                0x9d007490                PROVIDE (__fini_array_start, .)
 *(SORT(.fini_array.*))
 *(.fini_array)
                0x9d007490                PROVIDE (__fini_array_end, .)
                0x9d007490                . = ALIGN (0x4)

.ctors          0x9d007490        0x0
 *crtbegin.o(.ctors)
 *crtbegin?.o(.ctors)
 *(EXCLUDE_FILE(*crtend?.o *crtend.o) .ctors)
 *(SORT(.ctors.*))
 *(.ctors)
                0x9d007490                . = ALIGN (0x4)

.dtors          0x9d007490        0x0
 *crtbegin.o(.dtors)
 *crtbegin?.o(.dtors)
 *(EXCLUDE_FILE(*crtend?.o *crtend.o) .dtors)
 *(SORT(.dtors.*))
 *(.dtors)
                0x9d007490                . = ALIGN (0x4)

.rodata         0x9d007490        0x0
 *(.gnu.linkonce.r.*)
 *(.rodata1)
                0x9d007490                . = ALIGN (0x4)

.sdata2         0x9d006000        0x0
 *(.sdata2 .sdata2.* .gnu.linkonce.s2.*)
                0x9d006000                . = ALIGN (0x4)

.sbss2          0x9d006000        0x0
 *(.sbss2 .sbss2.* .gnu.linkonce.sb2.*)
                0x9d006000                . = ALIGN (0x4)

.eh_frame_hdr
 *(.eh_frame_hdr)
                0x9d006000                . = ALIGN (0x4)

.eh_frame
 *(.eh_frame)
                0x9d006000                . = ALIGN (0x4)

.gcc_except_table
 *(.gcc_except_table .gcc_except_table.*)
                0x9d006000                . = ALIGN (0x4)

.dbg_data       0xa0000000        0x0
                0xa0000000                . = (. + DEFINED (_DEBUGGER)?0x200:0x0)

.jcr            0xa0000000        0x0
 *(.jcr)
                0xa0000000                . = ALIGN (0x4)

.eh_frame
 *(.eh_frame)
                0xa0000000                . = ALIGN (0x4)

.gcc_except_table
 *(.gcc_except_table .gcc_except_table.*)
                0xa0000000                . = ALIGN (0x4)

.persist        0xa0000000        0x0
                0xa0000000                _persist_begin = .
 *(.persist .persist.*)
 *(.pbss .pbss.*)
                0xa0000000                . = ALIGN (0x4)
                0xa0000000                _persist_end = .

.data           0xa0000000        0x0
 *(.gnu.linkonce.d.*)
 *(.data1)
                0xa0000000                . = ALIGN (0x4)
                0xa0000000                . = .
                0xa0007ff0                _gp = (ALIGN (0x10) + 0x7ff0)

.got            0xa0000000        0x0
 *(.got.plt)
 *(.got)
                0xa0000000                . = ALIGN (0x4)

.sdata          0xa0000000       0x3c
                0xa0000000                _sdata_begin = .
 *(.sdata .sdata.* .gnu.linkonce.s.*)
 .sdata         0xa0000000        0x1 output\sleep.o
                0xa0000000                sleepGetMainLoopRun_result
 *fill*         0xa0000001        0x3 
 .sdata         0xa0000004        0x4 output\eep_manager.o
 .sdata         0xa0000008        0x8 output\app.o
                0xa0000008                SerializedMACAddress
 .sdata         0xa0000010        0x8 output\limits.o
                0xa0000010                pl_data
                0xa0000014                limits_disabled
 .sdata         0xa0000018        0x8 output\pwm.o
                0xa0000018                maxDuty
                0xa000001c                maxFreq
 .sdata         0xa0000020        0x1 output\dee.o
                0xa0000020                dee_debug_enable
 *fill*         0xa0000021        0x3 
 .sdata         0xa0000024        0x8 output\stepper_enable.o
                0xa0000024                stepper_enable_emergency_stop_active
 .sdata         0xa000002c        0x2 output\grbl_eeprom.o
                0xa000002c                master_eep_error_single_shoot
                0xa000002d                backup_eep_error_single_shoot
 *fill*         0xa000002e        0x2 
 .sdata         0xa0000030        0x8 output\stackmeasure.o
                0xa0000030                stackmeasure_from
                0xa0000034                stackmeasure_to
 .sdata         0xa0000038        0x1 output\grbl_running.o
                0xa000003c                . = ALIGN (0x4)
 *fill*         0xa0000039        0x3 
                0xa000003c                _sdata_end = .

.lit8
 *(.lit8)

.lit4
 *(.lit4)
                0xa000003c                . = ALIGN (0x4)
                0xa000003c                _data_end = .
                0xa000003c                _bss_begin = .

.sbss           0xa000003c      0x2bc
                0xa000003c                _sbss_begin = .
 *(.dynsbss)
 *(.sbss .sbss.* .gnu.linkonce.sb.*)
 .sbss          0xa000003c       0x14 output\tmr.o
                0xa000003c                globalTime
                0xa0000040                globalTimeUs
 .sbss          0xa0000050        0x8 output\mal.o
                0xa0000050                gieTemp
                0xa0000054                isrLockCnt
 .sbss          0xa0000058        0xc output\task.o
                0xa0000058                tasksTotalTime
                0xa000005c                doTaskList1ms
                0xa000005d                doTaskListGuard
                0xa0000060                taskListsPtr
 .sbss          0xa0000064       0x1c output\sleep.o
                0xa0000064                sleepTime
                0xa0000068                sleepRequestLock
                0xa000006c                sleepRequestApp
                0xa0000070                sleepRequestDriver
                0xa0000074                sleepAppRequest_delay
                0xa0000078                sleepDriverRequest_delay
                0xa000007c                sleepEdgeDetector
                0xa000007d                sleepPointOfNoReturn
                0xa000007e                sleepPointOfNoReturnRegisteredRequest
                0xa000007f                do_isr_sleep_1ms
 .sbss          0xa0000080       0x20 output\eep_manager.o
                0xa0000080                eep_manager_persistent_config
                0xa0000084                eep_manager_persistent_eeprom
                0xa0000088                eep_manager_persistent_eeprom_2
                0xa000008c                do_eep_manager_1ms
 .sbss          0xa00000a0        0x2 output\usb.o
 *fill*         0xa00000a2        0x2 
 .sbss          0xa00000a4        0x8 output\exceptions.o
                0xa00000a4                exceptionCounter
                0xa00000a8                generateException
 .sbss          0xa00000ac       0x20 output\main.o
                0xa00000ac                do_loopCnt
                0xa00000b0                loopCntTemp
                0xa00000b4                loopCnt
                0xa00000b8                tick_count
                0xa00000bc                loopCntHistoryCnt
                0xa00000c0                resetReason
                0xa00000c4                RCONtemp
 .sbss          0xa00000cc        0x2 output\ad.o
                0xa00000cc                doAd100ms
 .sbss          0xa00000ce        0x1 output\gcode.o
 *fill*         0xa00000cf        0x1 
 .sbss          0xa00000d0       0x14 output\limits.o
                0xa00000d0                do_limits_go_home
                0xa00000d4                limit_go_home_state
                0xa00000d8                do_limits_1ms
                0xa00000d9                do_limits_polling
                0xa00000da                limits_get_state_last
                0xa00000db                limits_get_state_current
                0xa00000dc                limits_get_state_debug
                0xa00000de                limit_delay_home
                0xa00000e0                limit_flag_for_homeing_EXEC_CYCLE_STOP
 .sbss          0xa00000e4        0x8 output\motion_control.o
                0xa00000e4                do_ArcGenerating
                0xa00000e5                count
                0xa00000e6                do_mc_homing_cycle
                0xa00000e8                mc_homing_state_machine
 .sbss          0xa00000ec        0x5 output\nuts_bolts.o
                0xa00000ec                grbl_not_existing_tris
                0xa00000ed                grbl_not_existing_port
                0xa00000ee                grbl_not_existing_lat
                0xa00000ef                do_nuts_bolts_delay1ms
                0xa00000f0                nuts_bolts_delayCnt
 *fill*         0xa00000f1        0x3 
 .sbss          0xa00000f4        0xc output\stepper.o
 .sbss          0xa0000100       0x10 output\system.o
                0xa0000100                grbl_system_sm
                0xa0000104                sys_rt_exec_motion_override
                0xa0000105                sys_rt_exec_accessory_override
                0xa0000108                restore_spindle_speed
                0xa000010c                restore_condition
 .sbss          0xa0000110       0x1c output\dee.o
                0xa0000110                dee_debug_last_return_value
                0xa0000114                dee_cache_valid
                0xa0000118                dee_data_cache
                0xa000011c                dee_addr_cache
                0xa0000120                do_dee_debug
                0xa0000124                dee_debug_init_dee
 .sbss          0xa000012c        0x6 output\system_control.o
                0xa000012c                system_reset_debug
                0xa000012d                do_system_control_1ms
                0xa000012e                do_system_poll_control_pins
                0xa000012f                system_control_get_state_current
                0xa0000130                system_control_get_state_last
                0xa0000131                system_control_get_state_debug
 *fill*         0xa0000132        0x2 
 .sbss          0xa0000134       0x10 output\stepper_enable.o
                0xa0000134                do_stepper_enable_1ms
                0xa0000135                stepper_enable_delayed_enabling
                0xa0000138                stepper_enable_delayed_enabling_cnt
                0xa000013c                stepper_enable_emergency_stop_delay
                0xa0000140                stepper_enable_emergency_stop_delay_cnt
 .sbss          0xa0000144        0x2 output\system_exec.o
                0xa0000144                sys_rt_exec_state
 .sbss          0xa0000146        0x2 output\system_alarm.o
                0xa0000146                sys_rt_exec_alarm
 .sbss          0xa0000148        0xe output\grbl_eeprom.o
                0xa0000148                do_grbl_eeprom_1ms
                0xa0000149                grbl_eeprom_triggerWriteAll
                0xa000014a                grbl_eeprom_triggerWriteSettings
                0xa000014b                grbl_eeprom_triggerWriteItems
                0xa000014c                grbl_master_eep_error
                0xa000014d                grbl_backup_eep_error
                0xa000014e                grbl_critical_eep_error
 *fill*         0xa0000156        0x2 
 .sbss          0xa0000158       0x14 output\grbl_protocol.o
                0xa0000158                lineStateMachine
                0xa000015c                requestSynchMotion
                0xa000015d                gc_execute_line_result
                0xa000015e                serialCharReceived
                0xa000015f                protocol_execute_line_status
                0xa0000160                protocol_set_requestDwell_dwellTime
                0xa0000164                missedRxChar_Grbl_Protocol
 .sbss          0xa000016c        0x8 output\stackmeasure.o
                0xa000016c                stackmeasure_current_pos
                0xa0000170                stackmeasure_maxfillness
 .sbss          0xa0000174        0xc output\grbl_toolchange.o
                0xa0000174                GRBL_Toolchange_SM_State
                0xa0000178                grbl_toolchange_isRunning
                0xa000017a                grbl_toolchange_toolNumber
                0xa000017c                grbl_toolchange_load_or_load_and_change
                0xa000017d                do_grbl_toolchange_1ms
 .sbss          0xa0000180       0x20 output\grbl_running.o
                0xa0000180                grbl_running_running_minutes
                0xa0000184                grbl_running_running_hours
                0xa0000188                grbl_running_startup_cnt
                0xa000018c                grbl_running_spindle_running_minutes
                0xa0000190                do_grbl_running_1s
                0xa0000191                do_grbl_running_1min
                0xa0000192                do_grbl_running_1h
 .sbss          0xa00001a0        0x6 output\grbl_probe.o
                0xa00001a0                probe_invert_mask
                0xa00001a1                probe_pin_state
                0xa00001a2                do_probe_1ms
                0xa00001a3                sys_probe_state
                0xa00001a4                do_mc_probe_cycle
                0xa00001a5                probe_is_no_error
 .sbss          0xa00001a6        0x3 output\grbl_bootloader.o
                0xa00001a6                do_grbl_bootloader_1ms
                0xa00001a7                grbl_bootloader_triggered
 *fill*         0xa00001a9        0x3 
 .sbss          0xa00001ac        0x8 output\usb_grbl.o
                0xa00001ac                missedTxCharHID
                0xa00001b0                missedRxCharHID
 *(.scommon)
 .scommon       0xa00001b4       0x5c output\usb_device.o
                0xa00001b4                pDst
                0xa00001b8                USBDeferINDataStagePackets
                0xa00001bc                CtrlTrfData
                0xa00001c4                USBDeferOUTDataStagePackets
                0xa00001c8                USBDeviceState
                0xa00001cc                controlTransferState
                0xa00001cd                endpoint_number
                0xa00001d0                ep_data_out
                0xa00001d4                USBStatusStageEnabledFlag1
                0xa00001d8                USBStatusStageEnabledFlag2
                0xa00001dc                BothEP0OutUOWNsSet
                0xa00001e0                pBDTEntryEP0OutNext
                0xa00001e4                USBBusIsSuspended
                0xa00001e8                USBStatusStageTimeoutCounter
                0xa00001ec                SetupPkt
                0xa00001f4                ep_data_in
                0xa00001f7                shortPacketStatus
                0xa00001f8                pBDTEntryEP0OutCurrent
                0xa00001fc                USBActiveConfiguration
                0xa0000200                RemoteWakeup
                0xa0000204                USTATcopy
                0xa0000208                USBAlternateInterface
                0xa000020c                USBDeferStatusStagePacket
 .scommon       0xa0000210       0x18 output\exceptions.o
                0xa0000210                _return_addr
                0xa0000214                tempB
                0xa0000218                tempA
                0xa000021c                _excep_code
                0xa0000220                tempResult
                0xa0000224                _excep_addr
 .scommon       0xa0000228        0x2 output\ad.o
                0xa0000228                adResults
 *fill*         0xa000022a        0x2 
 .scommon       0xa000022c        0x4 output\gcode.o
                0xa000022c                gcodePositionSave
 .scommon       0xa0000230       0x15 output\limits.o
                0xa0000230                limit_state
                0xa0000231                axislock
                0xa0000232                approach
                0xa0000234                homing_rate
                0xa0000238                n_active_axis
                0xa000023c                max_travel
                0xa0000240                step_pin
                0xa0000243                cycle_mask_asynch
                0xa0000244                n_cycle
 *fill*         0xa0000245        0x3 
 .scommon       0xa0000248       0x4a output\motion_control.o
                0xa0000248                axis_1_buffer
                0xa000024c                center_axis0
                0xa0000250                linear_per_segment
                0xa0000254                r_axisi
                0xa0000258                theta_per_segment
                0xa000025c                sin_Ti
                0xa0000260                axis_linear_buffer
                0xa0000264                cos_T
                0xa0000268                r_axis0
                0xa000026c                axis_0_buffer
                0xa0000270                r_axis1
                0xa0000274                sin_T
                0xa0000278                cycle_mask_buffer
                0xa000027c                radius_buffer
                0xa0000280                is_clockwise_arc_buffer
                0xa0000284                center_axis1
                0xa0000288                segments_buffer
                0xa000028c                cos_Ti
                0xa0000290                i_buffer
 .scommon       0xa0000292        0x4 output\planner.o
                0xa0000292                block_buffer_head
                0xa0000293                next_buffer_head
                0xa0000294                block_buffer_tail
                0xa0000295                block_buffer_planned
 .scommon       0xa0000296        0x1 output\settings.o
                0xa0000296                eep_settings_version
 .scommon       0xa0000297        0x3 output\stepper.o
                0xa0000297                segment_buffer_head
                0xa0000298                segment_buffer_tail
                0xa0000299                segment_next_head
 *fill*         0xa000029a        0x2 
 .scommon       0xa000029c        0x4 output\system.o
                0xa000029c                system_suspendTime
 .scommon       0xa00002a0        0xc output\grbl.o
                0xa00002a0                dummyTRIS
                0xa00002a4                dummyPORT
                0xa00002a8                dummyLAT
 .scommon       0xa00002ac       0x38 output\usb_function_cdc.o
                0xa00002ac                control_signal_bitmap
                0xa00002b0                cdc_tx_len
                0xa00002b4                pCDCSrc
                0xa00002b8                CDCDataOutHandle
                0xa00002bc                cdc_rx_len
                0xa00002c0                line_coding
                0xa00002c8                BaudRateGen
                0xa00002cc                CDCDataInHandle
                0xa00002d0                cdc_trf_state
                0xa00002d4                pCDCDst
                0xa00002d8                cdc_mem_type
                0xa00002dc                dummy_encapsulated_cmd_response
 .scommon       0xa00002e4        0x4 output\dee.o
                0xa00002e4                dataEEFlags
 .scommon       0xa00002e8        0x4 output\dee_page.o
                0xa00002e8                read_dee_page
 .scommon       0xa00002ec        0x4 output\grbl_protocol.o
                0xa00002ec                protocol_dwellTime
 .scommon       0xa00002f0        0x4 output\grbl_toolchange.o
                0xa00002f0                grbl_toolchange_failsafe_timeout
 .scommon       0xa00002f4        0x4 output\grbl_bootloader.o
                0xa00002f4                grbl_bootloader_timer
                0xa00002f8                _sbss_end = .
                0xa00002f8                . = ALIGN (0x4)

.bss            0xa0000400     0x2154
 *(.dynbss)
 *(COMMON)
 COMMON         0xa0000400      0x480 output\task.o
                0xa0000400                taskLists
 COMMON         0xa0000880       0x68 output\eep_manager.o
                0xa0000880                eep_manager_write_all_trigger
                0xa00008b4                eep_manager_debug_address
 *fill*         0xa00008e8      0x118 
 COMMON         0xa0000a00       0x93 output\usb_device.o
                0xa0000a00                BDT
                0xa0000a60                inPipes
                0xa0000a70                pBDTEntryIn
                0xa0000a7c                pBDTEntryOut
                0xa0000a88                outPipes
 *fill*         0xa0000a93        0x1 
 COMMON         0xa0000a94       0xf0 output\main.o
                0xa0000a94                loopCntHistory
 COMMON         0xa0000b84       0x9c output\gcode.o
                0xa0000b84                coord_offset_eep
                0xa0000b90                gc_state
                0xa0000bd4                gc_block
                0xa0000c14                coord_system_eep
 COMMON         0xa0000c20       0x18 output\limits.o
                0xa0000c20                plan_data
                0xa0000c2c                target
 COMMON         0xa0000c38       0x30 output\motion_control.o
                0xa0000c38                target_buffer
                0xa0000c44                offset_buffer
                0xa0000c50                pl_data_buffer
                0xa0000c5c                position_buffer
 COMMON         0xa0000c68      0xd1c output\planner.o
                0xa0000c68                pl
                0xa0000c84                block_buffer
 COMMON         0xa0001984      0x1e8 output\settings.o
                0xa0001984                eep_coord_data
                0xa00019fc                settings
                0xa0001a5c                eep_settings_backup
                0xa0001abc                eep_build_info
                0xa0001b0c                eep_settings
 COMMON         0xa0001b6c      0x34c output\stepper.o
                0xa0001b6c                prep
                0xa0001ba4                segment_buffer
                0xa0001cc4                st_block_buffer
                0xa0001e90                st
 COMMON         0xa0001eb8       0x2c output\system.o
                0xa0001eb8                sys
                0xa0001ecc                sys_probe_position
                0xa0001ed8                sys_position
 COMMON         0xa0001ee4       0x40 output\pwm.o
                0xa0001ee4                pwm_duty
 COMMON         0xa0001f24       0x8a output\usb_function_cdc.o
                0xa0001f24                cdc_data_tx
                0xa0001f64                cdc_data_rx
                0xa0001fa4                cdc_notice
 *fill*         0xa0001fae        0x2 
 COMMON         0xa0001fb0        0xc output\dee_page.o
                0xa0001fb0                dee_debug_page_status
 COMMON         0xa0001fbc       0xe8 output\grbl_protocol.o
                0xa0001fbc                myRingBuffer_grbl_protocol_rx
                0xa0001fd4                line_buffer
                0xa0002024                grbl_protocol_rx
 COMMON         0xa00020a4      0x4b0 output\usb_grbl.o
                0xa00020a4                myRingBuffer_hid_rx
                0xa00020bc                myRingBuffer_hid_tx
                0xa00020d4                ReceivedDataBuffer
                0xa0002114                ToSendDataBuffer
                0xa0002154                hid_rx
                0xa0002354                hid_tx
                0xa0002554                . = ALIGN ((. != 0x0)?0x4:0x1)
                0xa0002554                . = ALIGN (0x4)
                0xa0002554                _end = .
                0xa0002554                _bss_end = .
                0x00020000                _bmxdudba_address = 0x20000
                0x00020000                _bmxdupba_address = 0x20000

/DISCARD/
 *(.pdr)
 *(.rel.dyn)
 *(.note.GNU-stack)
 *(.note.GNU-stack)
 *(.gnu_debuglink)
 *(.gnu.lto_*)
 *(.discard)
 *(._debug_exception)

.gptab.sdata
 *(.gptab.data)
 *(.gptab.sdata)

.gptab.sbss
 *(.gptab.bss)
 *(.gptab.sbss)

.mdebug.abi32   0xa0002554        0x0
 *(.mdebug.abi32)
 .mdebug.abi32  0xa0002554        0x0 output\tmr.o
 .mdebug.abi32  0xa0002554        0x0 output\mal.o
 .mdebug.abi32  0xa0002554        0x0 output\ringBuffer.o
 .mdebug.abi32  0xa0002554        0x0 output\task.o
 .mdebug.abi32  0xa0002554        0x0 output\sleep.o
 .mdebug.abi32  0xa0002554        0x0 output\eeprom.o
 .mdebug.abi32  0xa0002554        0x0 output\eep_manager.o
 .mdebug.abi32  0xa0002554        0x0 output\usb.o
 .mdebug.abi32  0xa0002554        0x0 output\usb_descriptors.o
 .mdebug.abi32  0xa0002554        0x0 output\usb_device.o
 .mdebug.abi32  0xa0002554        0x0 output\exceptions.o
 .mdebug.abi32  0xa0002554        0x0 output\isr.o
 .mdebug.abi32  0xa0002554        0x0 output\main.o
 .mdebug.abi32  0xa0002554        0x0 output\c_eep_manager.o
 .mdebug.abi32  0xa0002554        0x0 output\app.o
 .mdebug.abi32  0xa0002554        0x0 output\ad.o
 .mdebug.abi32  0xa0002554        0x0 output\gcode.o
 .mdebug.abi32  0xa0002554        0x0 output\limits.o
 .mdebug.abi32  0xa0002554        0x0 output\coolant_control.o
 .mdebug.abi32  0xa0002554        0x0 output\motion_control.o
 .mdebug.abi32  0xa0002554        0x0 output\nuts_bolts.o
 .mdebug.abi32  0xa0002554        0x0 output\planner.o
 .mdebug.abi32  0xa0002554        0x0 output\print.o
 .mdebug.abi32  0xa0002554        0x0 output\report.o
 .mdebug.abi32  0xa0002554        0x0 output\settings.o
 .mdebug.abi32  0xa0002554        0x0 output\spindle_control.o
 .mdebug.abi32  0xa0002554        0x0 output\stepper.o
 .mdebug.abi32  0xa0002554        0x0 output\system.o
 .mdebug.abi32  0xa0002554        0x0 output\grbl.o
 .mdebug.abi32  0xa0002554        0x0 output\pwm.o
 .mdebug.abi32  0xa0002554        0x0 output\jog.o
 .mdebug.abi32  0xa0002554        0x0 output\usb_function_cdc.o
 .mdebug.abi32  0xa0002554        0x0 output\dee.o
 .mdebug.abi32  0xa0002554        0x0 output\dee_page.o
 .mdebug.abi32  0xa0002554        0x0 output\dee_page_helper.o
 .mdebug.abi32  0xa0002554        0x0 output\eep_manager_crc.o
 .mdebug.abi32  0xa0002554        0x0 output\system_control.o
 .mdebug.abi32  0xa0002554        0x0 output\stepper_enable.o
 .mdebug.abi32  0xa0002554        0x0 output\system_exec.o
 .mdebug.abi32  0xa0002554        0x0 output\system_alarm.o
 .mdebug.abi32  0xa0002554        0x0 output\grbl_eeprom.o
 .mdebug.abi32  0xa0002554        0x0 output\bootloader_interface.o
 .mdebug.abi32  0xa0002554        0x0 output\grbl_protocol.o
 .mdebug.abi32  0xa0002554        0x0 output\stackmeasure.o
 .mdebug.abi32  0xa0002554        0x0 output\grbl_toolchange.o
 .mdebug.abi32  0xa0002554        0x0 output\grbl_running.o
 .mdebug.abi32  0xa0002554        0x0 output\grbl_probe.o
 .mdebug.abi32  0xa0002554        0x0 output\grbl_bootloader.o
 .mdebug.abi32  0xa0002554        0x0 output\usb_grbl.o
 .mdebug.abi32  0xa0002554        0x0 c:/program files (x86)/microchip/xc32/v2.30/bin/bin/../../lib/gcc/pic32mx/4.8.3/../../../../pic32mx/lib\libmchp_peripheral_32MX470F512L.a(soft_reset_lib.o)
 .mdebug.abi32  0xa0002554        0x0 c:/program files (x86)/microchip/xc32/v2.30/bin/bin/../../lib/gcc/pic32mx/4.8.3/../../../../pic32mx/lib\libmchp_peripheral_32MX470F512L.a(pcache.o)
 .mdebug.abi32  0xa0002554        0x0 c:/program files (x86)/microchip/xc32/v2.30/bin/bin/../../lib/gcc/pic32mx/4.8.3/../../../../pic32mx/lib\libmchp_peripheral_32MX470F512L.a(int_disable_interrupts_lib.o)
 .mdebug.abi32  0xa0002554        0x0 c:/program files (x86)/microchip/xc32/v2.30/bin/bin/../../lib/gcc/pic32mx/4.8.3/../../../../pic32mx/lib\libmchp_peripheral_32MX470F512L.a(power_idle_lib.o)
 .mdebug.abi32  0xa0002554        0x0 c:/program files (x86)/microchip/xc32/v2.30/bin/bin/../../lib/gcc/pic32mx/4.8.3/../../../../pic32mx/lib\libmchp_peripheral_32MX470F512L.a(power_sleep_lib.o)
 .mdebug.abi32  0xa0002554        0x0 c:/program files (x86)/microchip/xc32/v2.30/bin/bin/../../lib/gcc/pic32mx/4.8.3/../../../../pic32mx/lib\libmchp_peripheral_32MX470F512L.a(nvm_erase_page_lib.o)
 .mdebug.abi32  0xa0002554        0x0 c:/program files (x86)/microchip/xc32/v2.30/bin/bin/../../lib/gcc/pic32mx/4.8.3/../../../../pic32mx/lib\libmchp_peripheral_32MX470F512L.a(nvm_operation_lib.o)
 .mdebug.abi32  0xa0002554        0x0 c:/program files (x86)/microchip/xc32/v2.30/bin/bin/../../lib/gcc/pic32mx/4.8.3/../../../../pic32mx/lib\libmchp_peripheral_32MX470F512L.a(nvm_write_word_lib.o)
 .mdebug.abi32  0xa0002554        0x0 c:/program files (x86)/microchip/xc32/v2.30/bin/bin/../../lib/gcc/pic32mx/4.8.3/../../../../pic32mx/lib\libmchp_peripheral_32MX470F512L.a(int_restore_interrupts_lib.o)
 .mdebug.abi32  0xa0002554        0x0 c:/program files (x86)/microchip/xc32/v2.30/bin/bin/../../lib/gcc/pic32mx/4.8.3\libgcc.a(_fixunssfdi.o)
 .mdebug.abi32  0xa0002554        0x0 c:/program files (x86)/microchip/xc32/v2.30/bin/bin/../../lib/gcc/pic32mx/4.8.3\libgcc.a(_floatundisf.o)
 .mdebug.abi32  0xa0002554        0x0 c:/program files (x86)/microchip/xc32/v2.30/bin/bin/../../lib/gcc/pic32mx/4.8.3\libgcc.a(floatunsisf.o)
 .mdebug.abi32  0xa0002554        0x0 c:/program files (x86)/microchip/xc32/v2.30/bin/bin/../../lib/gcc/pic32mx/4.8.3\libgcc.a(floatunsidf.o)
 .mdebug.abi32  0xa0002554        0x0 c:/program files (x86)/microchip/xc32/v2.30/bin/bin/../../lib/gcc/pic32mx/4.8.3/../../../../pic32mx/lib\libpic32.a(default-bootstrap-exception-handler.o)
 .mdebug.abi32  0xa0002554        0x0 c:/program files (x86)/microchip/xc32/v2.30/bin/bin/../../lib/gcc/pic32mx/4.8.3/../../../../pic32mx/lib\libpic32.a(default-on-reset.o)
 .mdebug.abi32  0xa0002554        0x0 c:/program files (x86)/microchip/xc32/v2.30/bin/bin/../../lib/gcc/pic32mx/4.8.3/../../../../pic32mx/lib\libpic32.a(default-on-bootstrap.o)
 .mdebug.abi32  0xa0002554        0x0 c:/program files (x86)/microchip/xc32/v2.30/bin/bin/../../lib/gcc/pic32mx/4.8.3/../../../../pic32mx/lib\libpic32.a(defaultinterrupt.o)
 .mdebug.abi32  0xa0002554        0x0 c:/program files (x86)/microchip/xc32/v2.30/bin/bin/../../lib/gcc/pic32mx/4.8.3/../../../../pic32mx/lib\liblega-c.a(strncmp.o)
 .mdebug.abi32  0xa0002554        0x0 c:/program files (x86)/microchip/xc32/v2.30/bin/bin/../../lib/gcc/pic32mx/4.8.3/../../../../pic32mx/lib\libm.a(w_atan2f.o)
 .mdebug.abi32  0xa0002554        0x0 c:/program files (x86)/microchip/xc32/v2.30/bin/bin/../../lib/gcc/pic32mx/4.8.3/../../../../pic32mx/lib\libm.a(w_sqrtf.o)
 .mdebug.abi32  0xa0002554        0x0 c:/program files (x86)/microchip/xc32/v2.30/bin/bin/../../lib/gcc/pic32mx/4.8.3/../../../../pic32mx/lib\libm.a(support.o)
 .mdebug.abi32  0xa0002554        0x0 c:/program files (x86)/microchip/xc32/v2.30/bin/bin/../../lib/gcc/pic32mx/4.8.3/../../../../pic32mx/lib\libm.a(s_lib_ver.o)
 .mdebug.abi32  0xa0002554        0x0 c:/program files (x86)/microchip/xc32/v2.30/bin/bin/../../lib/gcc/pic32mx/4.8.3/../../../../pic32mx/lib\libpic32.a(errno.o)

.mdebug.abiN32
 *(.mdebug.abiN32)

.mdebug.abi64
 *(.mdebug.abi64)

.mdebug.abiO64
 *(.mdebug.abiO64)

.mdebug.eabi32
 *(.mdebug.eabi32)

.mdebug.eabi64
 *(.mdebug.eabi64)

.gcc_compiled_long32
 *(.gcc_compiled_long32)

.gcc_compiled_long64
 *(.gcc_compiled_long64)

.stab
 *(.stab)

.stabstr
 *(.stabstr)

.stab.excl
 *(.stab.excl)

.stab.exclstr
 *(.stab.exclstr)

.stab.index
 *(.stab.index)

.stab.indexstr
 *(.stab.indexstr)

.comment        0x00000000       0xf9
 *(.comment)
 .comment       0x00000000       0x3c output\tmr.o
                                 0x3d (size before relaxing)
 .comment       0x00000000       0x3d output\mal.o
 .comment       0x00000000       0x3d output\ringBuffer.o
 .comment       0x00000000       0x3d output\task.o
 .comment       0x00000000       0x3d output\sleep.o
 .comment       0x00000000       0x3d output\eeprom.o
 .comment       0x00000000       0x3d output\eep_manager.o
 .comment       0x00000000       0x3d output\usb.o
 .comment       0x00000000       0x3d output\usb_descriptors.o
 .comment       0x00000000       0x3d output\usb_device.o
 .comment       0x00000000       0x3d output\exceptions.o
 .comment       0x00000000       0x3d output\isr.o
 .comment       0x00000000       0x3d output\main.o
 .comment       0x00000000       0x3d output\c_eep_manager.o
 .comment       0x00000000       0x3d output\app.o
 .comment       0x00000000       0x3d output\ad.o
 .comment       0x00000000       0x3d output\gcode.o
 .comment       0x00000000       0x3d output\limits.o
 .comment       0x00000000       0x3d output\coolant_control.o
 .comment       0x00000000       0x3d output\motion_control.o
 .comment       0x00000000       0x3d output\nuts_bolts.o
 .comment       0x00000000       0x3d output\planner.o
 .comment       0x00000000       0x3d output\print.o
 .comment       0x00000000       0x3d output\report.o
 .comment       0x00000000       0x3d output\settings.o
 .comment       0x00000000       0x3d output\spindle_control.o
 .comment       0x00000000       0x3d output\stepper.o
 .comment       0x00000000       0x3d output\system.o
 .comment       0x00000000       0x3d output\grbl.o
 .comment       0x00000000       0x3d output\pwm.o
 .comment       0x00000000       0x3d output\jog.o
 .comment       0x00000000       0x3d output\usb_function_cdc.o
 .comment       0x00000000       0x3d output\dee.o
 .comment       0x00000000       0x3d output\dee_page.o
 .comment       0x00000000       0x3d output\dee_page_helper.o
 .comment       0x00000000       0x3d output\eep_manager_crc.o
 .comment       0x00000000       0x3d output\system_control.o
 .comment       0x00000000       0x3d output\stepper_enable.o
 .comment       0x00000000       0x3d output\system_exec.o
 .comment       0x00000000       0x3d output\system_alarm.o
 .comment       0x00000000       0x3d output\grbl_eeprom.o
 .comment       0x00000000       0x3d output\bootloader_interface.o
 .comment       0x00000000       0x3d output\grbl_protocol.o
 .comment       0x00000000       0x3d output\stackmeasure.o
 .comment       0x00000000       0x3d output\grbl_toolchange.o
 .comment       0x00000000       0x3d output\grbl_running.o
 .comment       0x00000000       0x3d output\grbl_probe.o
 .comment       0x00000000       0x3d output\grbl_bootloader.o
 .comment       0x00000000       0x3d output\usb_grbl.o
 .comment       0x0000003c       0x3c c:/program files (x86)/microchip/xc32/v2.30/bin/bin/../../lib/gcc/pic32mx/4.8.3/../../../../pic32mx/lib\libmchp_peripheral_32MX470F512L.a(soft_reset_lib.o)
                                 0x3d (size before relaxing)
 .comment       0x00000000       0x3d c:/program files (x86)/microchip/xc32/v2.30/bin/bin/../../lib/gcc/pic32mx/4.8.3/../../../../pic32mx/lib\libmchp_peripheral_32MX470F512L.a(pcache.o)
 .comment       0x00000000       0x3d c:/program files (x86)/microchip/xc32/v2.30/bin/bin/../../lib/gcc/pic32mx/4.8.3/../../../../pic32mx/lib\libmchp_peripheral_32MX470F512L.a(int_disable_interrupts_lib.o)
 .comment       0x00000000       0x3d c:/program files (x86)/microchip/xc32/v2.30/bin/bin/../../lib/gcc/pic32mx/4.8.3/../../../../pic32mx/lib\libmchp_peripheral_32MX470F512L.a(power_idle_lib.o)
 .comment       0x00000000       0x3d c:/program files (x86)/microchip/xc32/v2.30/bin/bin/../../lib/gcc/pic32mx/4.8.3/../../../../pic32mx/lib\libmchp_peripheral_32MX470F512L.a(power_sleep_lib.o)
 .comment       0x00000000       0x3d c:/program files (x86)/microchip/xc32/v2.30/bin/bin/../../lib/gcc/pic32mx/4.8.3/../../../../pic32mx/lib\libmchp_peripheral_32MX470F512L.a(nvm_erase_page_lib.o)
 .comment       0x00000000       0x3d c:/program files (x86)/microchip/xc32/v2.30/bin/bin/../../lib/gcc/pic32mx/4.8.3/../../../../pic32mx/lib\libmchp_peripheral_32MX470F512L.a(nvm_operation_lib.o)
 .comment       0x00000000       0x3d c:/program files (x86)/microchip/xc32/v2.30/bin/bin/../../lib/gcc/pic32mx/4.8.3/../../../../pic32mx/lib\libmchp_peripheral_32MX470F512L.a(nvm_write_word_lib.o)
 .comment       0x00000000       0x3d c:/program files (x86)/microchip/xc32/v2.30/bin/bin/../../lib/gcc/pic32mx/4.8.3/../../../../pic32mx/lib\libmchp_peripheral_32MX470F512L.a(int_restore_interrupts_lib.o)
 .comment       0x00000000       0x3d c:/program files (x86)/microchip/xc32/v2.30/bin/bin/../../lib/gcc/pic32mx/4.8.3\libgcc.a(_fixunssfdi.o)
 .comment       0x00000000       0x3d c:/program files (x86)/microchip/xc32/v2.30/bin/bin/../../lib/gcc/pic32mx/4.8.3\libgcc.a(_floatundisf.o)
 .comment       0x00000000       0x3d c:/program files (x86)/microchip/xc32/v2.30/bin/bin/../../lib/gcc/pic32mx/4.8.3\libgcc.a(floatunsisf.o)
 .comment       0x00000000       0x3d c:/program files (x86)/microchip/xc32/v2.30/bin/bin/../../lib/gcc/pic32mx/4.8.3\libgcc.a(floatunsidf.o)
 .comment       0x00000078       0x18 c:/program files (x86)/microchip/xc32/v2.30/bin/bin/../../lib/gcc/pic32mx/4.8.3/../../../../pic32mx/lib\libpic32.a(memset.o)
                                 0x19 (size before relaxing)
 .comment       0x00000090       0x19 c:/program files (x86)/microchip/xc32/v2.30/bin/bin/../../lib/gcc/pic32mx/4.8.3/../../../../pic32mx/lib\libpic32.a(strcmp.o)
                                 0x1a (size before relaxing)
 .comment       0x00000000       0x3d c:/program files (x86)/microchip/xc32/v2.30/bin/bin/../../lib/gcc/pic32mx/4.8.3/../../../../pic32mx/lib\libpic32.a(default-bootstrap-exception-handler.o)
 .comment       0x00000000       0x3d c:/program files (x86)/microchip/xc32/v2.30/bin/bin/../../lib/gcc/pic32mx/4.8.3/../../../../pic32mx/lib\libpic32.a(default-on-reset.o)
 .comment       0x00000000       0x3d c:/program files (x86)/microchip/xc32/v2.30/bin/bin/../../lib/gcc/pic32mx/4.8.3/../../../../pic32mx/lib\libpic32.a(default-on-bootstrap.o)
 .comment       0x00000000       0x3d c:/program files (x86)/microchip/xc32/v2.30/bin/bin/../../lib/gcc/pic32mx/4.8.3/../../../../pic32mx/lib\libpic32.a(defaultinterrupt.o)
 .comment       0x000000a9       0x50 c:/program files (x86)/microchip/xc32/v2.30/bin/bin/../../lib/gcc/pic32mx/4.8.3/../../../../pic32mx/lib\liblega-c.a(strncmp.o)
                                 0x8d (size before relaxing)
 .comment       0x00000000       0x3d c:/program files (x86)/microchip/xc32/v2.30/bin/bin/../../lib/gcc/pic32mx/4.8.3/../../../../pic32mx/lib\libm.a(w_atan2f.o)
 .comment       0x00000000       0x3d c:/program files (x86)/microchip/xc32/v2.30/bin/bin/../../lib/gcc/pic32mx/4.8.3/../../../../pic32mx/lib\libm.a(w_sqrtf.o)
 .comment       0x00000000       0x3d c:/program files (x86)/microchip/xc32/v2.30/bin/bin/../../lib/gcc/pic32mx/4.8.3/../../../../pic32mx/lib\libm.a(support.o)
 .comment       0x00000000       0x3d c:/program files (x86)/microchip/xc32/v2.30/bin/bin/../../lib/gcc/pic32mx/4.8.3/../../../../pic32mx/lib\libm.a(s_lib_ver.o)
 .comment       0x00000000       0x3d c:/program files (x86)/microchip/xc32/v2.30/bin/bin/../../lib/gcc/pic32mx/4.8.3/../../../../pic32mx/lib\libpic32.a(errno.o)

.debug
 *(.debug)

.line
 *(.line)

.debug_srcinfo
 *(.debug_srcinfo)

.debug_sfnames
 *(.debug_sfnames)

.debug_aranges  0x00000000      0x8f0
 *(.debug_aranges)
 .debug_aranges
                0x00000000       0x20 output\tmr.o
 .debug_aranges
                0x00000020       0x20 output\mal.o
 .debug_aranges
                0x00000040       0x20 output\ringBuffer.o
 .debug_aranges
                0x00000060       0x20 output\task.o
 .debug_aranges
                0x00000080       0x20 output\sleep.o
 .debug_aranges
                0x000000a0       0x20 output\eeprom.o
 .debug_aranges
                0x000000c0       0x20 output\eep_manager.o
 .debug_aranges
                0x000000e0       0x20 output\usb.o
 .debug_aranges
                0x00000100       0x18 output\usb_descriptors.o
 .debug_aranges
                0x00000118       0x20 output\usb_device.o
 .debug_aranges
                0x00000138       0x20 output\exceptions.o
 .debug_aranges
                0x00000158       0x20 output\isr.o
 .debug_aranges
                0x00000178       0x20 output\main.o
 .debug_aranges
                0x00000198       0x18 output\c_eep_manager.o
 .debug_aranges
                0x000001b0       0x20 output\app.o
 .debug_aranges
                0x000001d0       0x20 output\ad.o
 .debug_aranges
                0x000001f0       0x20 output\gcode.o
 .debug_aranges
                0x00000210       0x20 output\limits.o
 .debug_aranges
                0x00000230       0x20 output\coolant_control.o
 .debug_aranges
                0x00000250       0x20 output\motion_control.o
 .debug_aranges
                0x00000270       0x20 output\nuts_bolts.o
 .debug_aranges
                0x00000290       0x20 output\planner.o
 .debug_aranges
                0x000002b0       0x20 output\print.o
 .debug_aranges
                0x000002d0       0x20 output\report.o
 .debug_aranges
                0x000002f0       0x20 output\settings.o
 .debug_aranges
                0x00000310       0x20 output\spindle_control.o
 .debug_aranges
                0x00000330       0x20 output\stepper.o
 .debug_aranges
                0x00000350       0x20 output\system.o
 .debug_aranges
                0x00000370       0x20 output\grbl.o
 .debug_aranges
                0x00000390       0x20 output\pwm.o
 .debug_aranges
                0x000003b0       0x20 output\jog.o
 .debug_aranges
                0x000003d0       0x20 output\usb_function_cdc.o
 .debug_aranges
                0x000003f0       0x20 output\dee.o
 .debug_aranges
                0x00000410       0x20 output\dee_page.o
 .debug_aranges
                0x00000430       0x20 output\dee_page_helper.o
 .debug_aranges
                0x00000450       0x20 output\eep_manager_crc.o
 .debug_aranges
                0x00000470       0x20 output\system_control.o
 .debug_aranges
                0x00000490       0x20 output\stepper_enable.o
 .debug_aranges
                0x000004b0       0x20 output\system_exec.o
 .debug_aranges
                0x000004d0       0x20 output\system_alarm.o
 .debug_aranges
                0x000004f0       0x20 output\grbl_eeprom.o
 .debug_aranges
                0x00000510       0x20 output\bootloader_interface.o
 .debug_aranges
                0x00000530       0x20 output\grbl_protocol.o
 .debug_aranges
                0x00000550       0x20 output\stackmeasure.o
 .debug_aranges
                0x00000570       0x20 output\grbl_toolchange.o
 .debug_aranges
                0x00000590       0x20 output\grbl_running.o
 .debug_aranges
                0x000005b0       0x20 output\grbl_probe.o
 .debug_aranges
                0x000005d0       0x20 output\grbl_bootloader.o
 .debug_aranges
                0x000005f0       0x20 output\usb_grbl.o
 .debug_aranges
                0x00000610       0x20 c:/program files (x86)/microchip/xc32/v2.30/bin/bin/../../lib/gcc/pic32mx/4.8.3/../../../../pic32mx/lib\libmchp_peripheral_32MX470F512L.a(soft_reset_lib.o)
 .debug_aranges
                0x00000630       0x28 c:/program files (x86)/microchip/xc32/v2.30/bin/bin/../../lib/gcc/pic32mx/4.8.3/../../../../pic32mx/lib\libmchp_peripheral_32MX470F512L.a(pcache.o)
 .debug_aranges
                0x00000658       0x20 c:/program files (x86)/microchip/xc32/v2.30/bin/bin/../../lib/gcc/pic32mx/4.8.3/../../../../pic32mx/lib\libmchp_peripheral_32MX470F512L.a(int_disable_interrupts_lib.o)
 .debug_aranges
                0x00000678       0x20 c:/program files (x86)/microchip/xc32/v2.30/bin/bin/../../lib/gcc/pic32mx/4.8.3/../../../../pic32mx/lib\libmchp_peripheral_32MX470F512L.a(power_idle_lib.o)
 .debug_aranges
                0x00000698       0x20 c:/program files (x86)/microchip/xc32/v2.30/bin/bin/../../lib/gcc/pic32mx/4.8.3/../../../../pic32mx/lib\libmchp_peripheral_32MX470F512L.a(power_sleep_lib.o)
 .debug_aranges
                0x000006b8       0x20 c:/program files (x86)/microchip/xc32/v2.30/bin/bin/../../lib/gcc/pic32mx/4.8.3/../../../../pic32mx/lib\libmchp_peripheral_32MX470F512L.a(nvm_erase_page_lib.o)
 .debug_aranges
                0x000006d8       0x20 c:/program files (x86)/microchip/xc32/v2.30/bin/bin/../../lib/gcc/pic32mx/4.8.3/../../../../pic32mx/lib\libmchp_peripheral_32MX470F512L.a(nvm_operation_lib.o)
 .debug_aranges
                0x000006f8       0x20 c:/program files (x86)/microchip/xc32/v2.30/bin/bin/../../lib/gcc/pic32mx/4.8.3/../../../../pic32mx/lib\libmchp_peripheral_32MX470F512L.a(nvm_write_word_lib.o)
 .debug_aranges
                0x00000718       0x20 c:/program files (x86)/microchip/xc32/v2.30/bin/bin/../../lib/gcc/pic32mx/4.8.3/../../../../pic32mx/lib\libmchp_peripheral_32MX470F512L.a(int_restore_interrupts_lib.o)
 .debug_aranges
                0x00000738       0x20 c:/program files (x86)/microchip/xc32/v2.30/bin/bin/../../lib/gcc/pic32mx/4.8.3\libgcc.a(_fixunssfdi.o)
 .debug_aranges
                0x00000758       0x20 c:/program files (x86)/microchip/xc32/v2.30/bin/bin/../../lib/gcc/pic32mx/4.8.3\libgcc.a(_floatundisf.o)
 .debug_aranges
                0x00000778       0x20 c:/program files (x86)/microchip/xc32/v2.30/bin/bin/../../lib/gcc/pic32mx/4.8.3\libgcc.a(floatunsisf.o)
 .debug_aranges
                0x00000798       0x20 c:/program files (x86)/microchip/xc32/v2.30/bin/bin/../../lib/gcc/pic32mx/4.8.3\libgcc.a(floatunsidf.o)
 .debug_aranges
                0x000007b8       0x20 c:/program files (x86)/microchip/xc32/v2.30/bin/bin/../../lib/gcc/pic32mx/4.8.3/../../../../pic32mx/lib\libpic32.a(default-bootstrap-exception-handler.o)
 .debug_aranges
                0x000007d8       0x20 c:/program files (x86)/microchip/xc32/v2.30/bin/bin/../../lib/gcc/pic32mx/4.8.3/../../../../pic32mx/lib\libpic32.a(default-on-reset.o)
 .debug_aranges
                0x000007f8       0x20 c:/program files (x86)/microchip/xc32/v2.30/bin/bin/../../lib/gcc/pic32mx/4.8.3/../../../../pic32mx/lib\libpic32.a(default-on-bootstrap.o)
 .debug_aranges
                0x00000818       0x20 c:/program files (x86)/microchip/xc32/v2.30/bin/bin/../../lib/gcc/pic32mx/4.8.3/../../../../pic32mx/lib\libpic32.a(defaultinterrupt.o)
 .debug_aranges
                0x00000838       0x20 c:/program files (x86)/microchip/xc32/v2.30/bin/bin/../../lib/gcc/pic32mx/4.8.3/../../../../pic32mx/lib\libm.a(w_atan2f.o)
 .debug_aranges
                0x00000858       0x20 c:/program files (x86)/microchip/xc32/v2.30/bin/bin/../../lib/gcc/pic32mx/4.8.3/../../../../pic32mx/lib\libm.a(w_sqrtf.o)
 .debug_aranges
                0x00000878       0x78 c:/program files (x86)/microchip/xc32/v2.30/bin/bin/../../lib/gcc/pic32mx/4.8.3/../../../../pic32mx/lib\libm.a(support.o)

.debug_pubnames
 *(.debug_pubnames)

.debug_info     0x00000000    0x1fdd8
 *(.debug_info .gnu.linkonce.wi.*)
 .debug_info    0x00000000      0x6a6 output\tmr.o
 .debug_info    0x000006a6      0x46c output\mal.o
 .debug_info    0x00000b12      0x57c output\ringBuffer.o
 .debug_info    0x0000108e      0x7ec output\task.o
 .debug_info    0x0000187a      0x5f0 output\sleep.o
 .debug_info    0x00001e6a      0x33e output\eeprom.o
 .debug_info    0x000021a8      0xc9b output\eep_manager.o
 .debug_info    0x00002e43      0xd5e output\usb.o
 .debug_info    0x00003ba1      0x783 output\usb_descriptors.o
 .debug_info    0x00004324     0x27f0 output\usb_device.o
 .debug_info    0x00006b14      0x494 output\exceptions.o
 .debug_info    0x00006fa8      0xbe3 output\isr.o
 .debug_info    0x00007b8b      0xddd output\main.o
 .debug_info    0x00008968      0x9e0 output\c_eep_manager.o
 .debug_info    0x00009348      0x2fb output\app.o
 .debug_info    0x00009643      0x854 output\ad.o
 .debug_info    0x00009e97      0xe8f output\gcode.o
 .debug_info    0x0000ad26     0x154e output\limits.o
 .debug_info    0x0000c274      0x3b0 output\coolant_control.o
 .debug_info    0x0000c624      0xca4 output\motion_control.o
 .debug_info    0x0000d2c8      0x6a7 output\nuts_bolts.o
 .debug_info    0x0000d96f      0xdb6 output\planner.o
 .debug_info    0x0000e725      0x75f output\print.o
 .debug_info    0x0000ee84     0x1559 output\report.o
 .debug_info    0x000103dd      0x7a1 output\settings.o
 .debug_info    0x00010b7e      0xa57 output\spindle_control.o
 .debug_info    0x000115d5     0x12aa output\stepper.o
 .debug_info    0x0001287f      0xfbd output\system.o
 .debug_info    0x0001383c      0xd30 output\grbl.o
 .debug_info    0x0001456c      0xb6e output\pwm.o
 .debug_info    0x000150da      0x7a8 output\jog.o
 .debug_info    0x00015882     0x1c0e output\usb_function_cdc.o
 .debug_info    0x00017490      0xb88 output\dee.o
 .debug_info    0x00018018      0xb78 output\dee_page.o
 .debug_info    0x00018b90      0x517 output\dee_page_helper.o
 .debug_info    0x000190a7      0x605 output\eep_manager_crc.o
 .debug_info    0x000196ac      0x6d7 output\system_control.o
 .debug_info    0x00019d83      0x6fe output\stepper_enable.o
 .debug_info    0x0001a481      0x264 output\system_exec.o
 .debug_info    0x0001a6e5      0x242 output\system_alarm.o
 .debug_info    0x0001a927      0x8e3 output\grbl_eeprom.o
 .debug_info    0x0001b20a      0x13a output\bootloader_interface.o
 .debug_info    0x0001b344      0xd93 output\grbl_protocol.o
 .debug_info    0x0001c0d7      0x1ec output\stackmeasure.o
 .debug_info    0x0001c2c3      0x76d output\grbl_toolchange.o
 .debug_info    0x0001ca30      0x52c output\grbl_running.o
 .debug_info    0x0001cf5c      0xc2c output\grbl_probe.o
 .debug_info    0x0001db88      0x451 output\grbl_bootloader.o
 .debug_info    0x0001dfd9      0x97d output\usb_grbl.o
 .debug_info    0x0001e956       0xb0 c:/program files (x86)/microchip/xc32/v2.30/bin/bin/../../lib/gcc/pic32mx/4.8.3/../../../../pic32mx/lib\libmchp_peripheral_32MX470F512L.a(soft_reset_lib.o)
 .debug_info    0x0001ea06       0xbe c:/program files (x86)/microchip/xc32/v2.30/bin/bin/../../lib/gcc/pic32mx/4.8.3/../../../../pic32mx/lib\libmchp_peripheral_32MX470F512L.a(pcache.o)
 .debug_info    0x0001eac4       0xb4 c:/program files (x86)/microchip/xc32/v2.30/bin/bin/../../lib/gcc/pic32mx/4.8.3/../../../../pic32mx/lib\libmchp_peripheral_32MX470F512L.a(int_disable_interrupts_lib.o)
 .debug_info    0x0001eb78       0xc4 c:/program files (x86)/microchip/xc32/v2.30/bin/bin/../../lib/gcc/pic32mx/4.8.3/../../../../pic32mx/lib\libmchp_peripheral_32MX470F512L.a(power_idle_lib.o)
 .debug_info    0x0001ec3c       0xc6 c:/program files (x86)/microchip/xc32/v2.30/bin/bin/../../lib/gcc/pic32mx/4.8.3/../../../../pic32mx/lib\libmchp_peripheral_32MX470F512L.a(power_sleep_lib.o)
 .debug_info    0x0001ed02       0xa4 c:/program files (x86)/microchip/xc32/v2.30/bin/bin/../../lib/gcc/pic32mx/4.8.3/../../../../pic32mx/lib\libmchp_peripheral_32MX470F512L.a(nvm_erase_page_lib.o)
 .debug_info    0x0001eda6       0xc5 c:/program files (x86)/microchip/xc32/v2.30/bin/bin/../../lib/gcc/pic32mx/4.8.3/../../../../pic32mx/lib\libmchp_peripheral_32MX470F512L.a(nvm_operation_lib.o)
 .debug_info    0x0001ee6b       0xa4 c:/program files (x86)/microchip/xc32/v2.30/bin/bin/../../lib/gcc/pic32mx/4.8.3/../../../../pic32mx/lib\libmchp_peripheral_32MX470F512L.a(nvm_write_word_lib.o)
 .debug_info    0x0001ef0f       0xb4 c:/program files (x86)/microchip/xc32/v2.30/bin/bin/../../lib/gcc/pic32mx/4.8.3/../../../../pic32mx/lib\libmchp_peripheral_32MX470F512L.a(int_restore_interrupts_lib.o)
 .debug_info    0x0001efc3      0x280 c:/program files (x86)/microchip/xc32/v2.30/bin/bin/../../lib/gcc/pic32mx/4.8.3\libgcc.a(_fixunssfdi.o)
 .debug_info    0x0001f243      0x253 c:/program files (x86)/microchip/xc32/v2.30/bin/bin/../../lib/gcc/pic32mx/4.8.3\libgcc.a(_floatundisf.o)
 .debug_info    0x0001f496      0x129 c:/program files (x86)/microchip/xc32/v2.30/bin/bin/../../lib/gcc/pic32mx/4.8.3\libgcc.a(floatunsisf.o)
 .debug_info    0x0001f5bf      0x137 c:/program files (x86)/microchip/xc32/v2.30/bin/bin/../../lib/gcc/pic32mx/4.8.3\libgcc.a(floatunsidf.o)
 .debug_info    0x0001f6f6       0xf4 c:/program files (x86)/microchip/xc32/v2.30/bin/bin/../../lib/gcc/pic32mx/4.8.3/../../../../pic32mx/lib\libpic32.a(default-bootstrap-exception-handler.o)
 .debug_info    0x0001f7ea       0xcd c:/program files (x86)/microchip/xc32/v2.30/bin/bin/../../lib/gcc/pic32mx/4.8.3/../../../../pic32mx/lib\libpic32.a(default-on-reset.o)
 .debug_info    0x0001f8b7       0xd5 c:/program files (x86)/microchip/xc32/v2.30/bin/bin/../../lib/gcc/pic32mx/4.8.3/../../../../pic32mx/lib\libpic32.a(default-on-bootstrap.o)
 .debug_info    0x0001f98c       0xe7 c:/program files (x86)/microchip/xc32/v2.30/bin/bin/../../lib/gcc/pic32mx/4.8.3/../../../../pic32mx/lib\libpic32.a(defaultinterrupt.o)
 .debug_info    0x0001fa73       0xce c:/program files (x86)/microchip/xc32/v2.30/bin/bin/../../lib/gcc/pic32mx/4.8.3/../../../../pic32mx/lib\libm.a(w_atan2f.o)
 .debug_info    0x0001fb41       0xbe c:/program files (x86)/microchip/xc32/v2.30/bin/bin/../../lib/gcc/pic32mx/4.8.3/../../../../pic32mx/lib\libm.a(w_sqrtf.o)
 .debug_info    0x0001fbff      0x1d9 c:/program files (x86)/microchip/xc32/v2.30/bin/bin/../../lib/gcc/pic32mx/4.8.3/../../../../pic32mx/lib\libm.a(support.o)

.debug_abbrev   0x00000000     0x4613
 *(.debug_abbrev)
 .debug_abbrev  0x00000000      0x15e output\tmr.o
 .debug_abbrev  0x0000015e      0x107 output\mal.o
 .debug_abbrev  0x00000265      0x100 output\ringBuffer.o
 .debug_abbrev  0x00000365      0x19b output\task.o
 .debug_abbrev  0x00000500      0x111 output\sleep.o
 .debug_abbrev  0x00000611       0xb8 output\eeprom.o
 .debug_abbrev  0x000006c9      0x221 output\eep_manager.o
 .debug_abbrev  0x000008ea      0x17b output\usb.o
 .debug_abbrev  0x00000a65       0xd8 output\usb_descriptors.o
 .debug_abbrev  0x00000b3d      0x2ee output\usb_device.o
 .debug_abbrev  0x00000e2b      0x112 output\exceptions.o
 .debug_abbrev  0x00000f3d      0x139 output\isr.o
 .debug_abbrev  0x00001076      0x17d output\main.o
 .debug_abbrev  0x000011f3       0xa0 output\c_eep_manager.o
 .debug_abbrev  0x00001293       0xf6 output\app.o
 .debug_abbrev  0x00001389      0x12a output\ad.o
 .debug_abbrev  0x000014b3      0x178 output\gcode.o
 .debug_abbrev  0x0000162b      0x22c output\limits.o
 .debug_abbrev  0x00001857       0xdf output\coolant_control.o
 .debug_abbrev  0x00001936      0x1e8 output\motion_control.o
 .debug_abbrev  0x00001b1e       0xef output\nuts_bolts.o
 .debug_abbrev  0x00001c0d      0x270 output\planner.o
 .debug_abbrev  0x00001e7d       0xbe output\print.o
 .debug_abbrev  0x00001f3b      0x231 output\report.o
 .debug_abbrev  0x0000216c      0x173 output\settings.o
 .debug_abbrev  0x000022df      0x169 output\spindle_control.o
 .debug_abbrev  0x00002448      0x1ff output\stepper.o
 .debug_abbrev  0x00002647      0x216 output\system.o
 .debug_abbrev  0x0000285d      0x11d output\grbl.o
 .debug_abbrev  0x0000297a      0x189 output\pwm.o
 .debug_abbrev  0x00002b03       0xbd output\jog.o
 .debug_abbrev  0x00002bc0      0x233 output\usb_function_cdc.o
 .debug_abbrev  0x00002df3      0x1a1 output\dee.o
 .debug_abbrev  0x00002f94      0x1ec output\dee_page.o
 .debug_abbrev  0x00003180       0xf4 output\dee_page_helper.o
 .debug_abbrev  0x00003274       0xc0 output\eep_manager_crc.o
 .debug_abbrev  0x00003334      0x11d output\system_control.o
 .debug_abbrev  0x00003451      0x139 output\stepper_enable.o
 .debug_abbrev  0x0000358a       0xa9 output\system_exec.o
 .debug_abbrev  0x00003633       0xc1 output\system_alarm.o
 .debug_abbrev  0x000036f4      0x133 output\grbl_eeprom.o
 .debug_abbrev  0x00003827       0x4f output\bootloader_interface.o
 .debug_abbrev  0x00003876      0x218 output\grbl_protocol.o
 .debug_abbrev  0x00003a8e       0x9c output\stackmeasure.o
 .debug_abbrev  0x00003b2a      0x144 output\grbl_toolchange.o
 .debug_abbrev  0x00003c6e       0xcb output\grbl_running.o
 .debug_abbrev  0x00003d39      0x1e0 output\grbl_probe.o
 .debug_abbrev  0x00003f19       0xbe output\grbl_bootloader.o
 .debug_abbrev  0x00003fd7      0x197 output\usb_grbl.o
 .debug_abbrev  0x0000416e       0x37 c:/program files (x86)/microchip/xc32/v2.30/bin/bin/../../lib/gcc/pic32mx/4.8.3/../../../../pic32mx/lib\libmchp_peripheral_32MX470F512L.a(soft_reset_lib.o)
 .debug_abbrev  0x000041a5       0x28 c:/program files (x86)/microchip/xc32/v2.30/bin/bin/../../lib/gcc/pic32mx/4.8.3/../../../../pic32mx/lib\libmchp_peripheral_32MX470F512L.a(pcache.o)
 .debug_abbrev  0x000041cd       0x28 c:/program files (x86)/microchip/xc32/v2.30/bin/bin/../../lib/gcc/pic32mx/4.8.3/../../../../pic32mx/lib\libmchp_peripheral_32MX470F512L.a(int_disable_interrupts_lib.o)
 .debug_abbrev  0x000041f5       0x37 c:/program files (x86)/microchip/xc32/v2.30/bin/bin/../../lib/gcc/pic32mx/4.8.3/../../../../pic32mx/lib\libmchp_peripheral_32MX470F512L.a(power_idle_lib.o)
 .debug_abbrev  0x0000422c       0x37 c:/program files (x86)/microchip/xc32/v2.30/bin/bin/../../lib/gcc/pic32mx/4.8.3/../../../../pic32mx/lib\libmchp_peripheral_32MX470F512L.a(power_sleep_lib.o)
 .debug_abbrev  0x00004263       0x28 c:/program files (x86)/microchip/xc32/v2.30/bin/bin/../../lib/gcc/pic32mx/4.8.3/../../../../pic32mx/lib\libmchp_peripheral_32MX470F512L.a(nvm_erase_page_lib.o)
 .debug_abbrev  0x0000428b       0x37 c:/program files (x86)/microchip/xc32/v2.30/bin/bin/../../lib/gcc/pic32mx/4.8.3/../../../../pic32mx/lib\libmchp_peripheral_32MX470F512L.a(nvm_operation_lib.o)
 .debug_abbrev  0x000042c2       0x28 c:/program files (x86)/microchip/xc32/v2.30/bin/bin/../../lib/gcc/pic32mx/4.8.3/../../../../pic32mx/lib\libmchp_peripheral_32MX470F512L.a(nvm_write_word_lib.o)
 .debug_abbrev  0x000042ea       0x28 c:/program files (x86)/microchip/xc32/v2.30/bin/bin/../../lib/gcc/pic32mx/4.8.3/../../../../pic32mx/lib\libmchp_peripheral_32MX470F512L.a(int_restore_interrupts_lib.o)
 .debug_abbrev  0x00004312       0x6d c:/program files (x86)/microchip/xc32/v2.30/bin/bin/../../lib/gcc/pic32mx/4.8.3\libgcc.a(_fixunssfdi.o)
 .debug_abbrev  0x0000437f       0x64 c:/program files (x86)/microchip/xc32/v2.30/bin/bin/../../lib/gcc/pic32mx/4.8.3\libgcc.a(_floatundisf.o)
 .debug_abbrev  0x000043e3       0x62 c:/program files (x86)/microchip/xc32/v2.30/bin/bin/../../lib/gcc/pic32mx/4.8.3\libgcc.a(floatunsisf.o)
 .debug_abbrev  0x00004445       0x62 c:/program files (x86)/microchip/xc32/v2.30/bin/bin/../../lib/gcc/pic32mx/4.8.3\libgcc.a(floatunsidf.o)
 .debug_abbrev  0x000044a7       0x28 c:/program files (x86)/microchip/xc32/v2.30/bin/bin/../../lib/gcc/pic32mx/4.8.3/../../../../pic32mx/lib\libpic32.a(default-bootstrap-exception-handler.o)
 .debug_abbrev  0x000044cf       0x28 c:/program files (x86)/microchip/xc32/v2.30/bin/bin/../../lib/gcc/pic32mx/4.8.3/../../../../pic32mx/lib\libpic32.a(default-on-reset.o)
 .debug_abbrev  0x000044f7       0x28 c:/program files (x86)/microchip/xc32/v2.30/bin/bin/../../lib/gcc/pic32mx/4.8.3/../../../../pic32mx/lib\libpic32.a(default-on-bootstrap.o)
 .debug_abbrev  0x0000451f       0x28 c:/program files (x86)/microchip/xc32/v2.30/bin/bin/../../lib/gcc/pic32mx/4.8.3/../../../../pic32mx/lib\libpic32.a(defaultinterrupt.o)
 .debug_abbrev  0x00004547       0x37 c:/program files (x86)/microchip/xc32/v2.30/bin/bin/../../lib/gcc/pic32mx/4.8.3/../../../../pic32mx/lib\libm.a(w_atan2f.o)
 .debug_abbrev  0x0000457e       0x28 c:/program files (x86)/microchip/xc32/v2.30/bin/bin/../../lib/gcc/pic32mx/4.8.3/../../../../pic32mx/lib\libm.a(w_sqrtf.o)
 .debug_abbrev  0x000045a6       0x6d c:/program files (x86)/microchip/xc32/v2.30/bin/bin/../../lib/gcc/pic32mx/4.8.3/../../../../pic32mx/lib\libm.a(support.o)

.debug_line     0x00000000     0x6e10
 *(.debug_line)
 .debug_line    0x00000000      0x24e output\tmr.o
 .debug_line    0x0000024e      0x16d output\mal.o
 .debug_line    0x000003bb      0x136 output\ringBuffer.o
 .debug_line    0x000004f1      0x1b7 output\task.o
 .debug_line    0x000006a8      0x203 output\sleep.o
 .debug_line    0x000008ab       0xe7 output\eeprom.o
 .debug_line    0x00000992      0x2e7 output\eep_manager.o
 .debug_line    0x00000c79      0x272 output\usb.o
 .debug_line    0x00000eeb       0xfb output\usb_descriptors.o
 .debug_line    0x00000fe6      0x60f output\usb_device.o
 .debug_line    0x000015f5       0xea output\exceptions.o
 .debug_line    0x000016df      0x1f8 output\isr.o
 .debug_line    0x000018d7      0x250 output\main.o
 .debug_line    0x00001b27      0x1ca output\c_eep_manager.o
 .debug_line    0x00001cf1       0xb6 output\app.o
 .debug_line    0x00001da7      0x172 output\ad.o
 .debug_line    0x00001f19      0x585 output\gcode.o
 .debug_line    0x0000249e      0x2fe output\limits.o
 .debug_line    0x0000279c       0xf8 output\coolant_control.o
 .debug_line    0x00002894      0x1e9 output\motion_control.o
 .debug_line    0x00002a7d      0x1b2 output\nuts_bolts.o
 .debug_line    0x00002c2f      0x2ad output\planner.o
 .debug_line    0x00002edc      0x1ad output\print.o
 .debug_line    0x00003089      0x474 output\report.o
 .debug_line    0x000034fd      0x214 output\settings.o
 .debug_line    0x00003711      0x1f5 output\spindle_control.o
 .debug_line    0x00003906      0x465 output\stepper.o
 .debug_line    0x00003d6b      0x3af output\system.o
 .debug_line    0x0000411a      0x1ff output\grbl.o
 .debug_line    0x00004319      0x1f3 output\pwm.o
 .debug_line    0x0000450c      0x162 output\jog.o
 .debug_line    0x0000466e      0x2d9 output\usb_function_cdc.o
 .debug_line    0x00004947      0x2d3 output\dee.o
 .debug_line    0x00004c1a      0x197 output\dee_page.o
 .debug_line    0x00004db1      0x162 output\dee_page_helper.o
 .debug_line    0x00004f13      0x13f output\eep_manager_crc.o
 .debug_line    0x00005052      0x1a1 output\system_control.o
 .debug_line    0x000051f3      0x1ab output\stepper_enable.o
 .debug_line    0x0000539e      0x106 output\system_exec.o
 .debug_line    0x000054a4      0x102 output\system_alarm.o
 .debug_line    0x000055a6      0x15d output\grbl_eeprom.o
 .debug_line    0x00005703       0x72 output\bootloader_interface.o
 .debug_line    0x00005775      0x2fe output\grbl_protocol.o
 .debug_line    0x00005a73       0x89 output\stackmeasure.o
 .debug_line    0x00005afc      0x155 output\grbl_toolchange.o
 .debug_line    0x00005c51       0xfe output\grbl_running.o
 .debug_line    0x00005d4f      0x223 output\grbl_probe.o
 .debug_line    0x00005f72      0x134 output\grbl_bootloader.o
 .debug_line    0x000060a6      0x23f output\usb_grbl.o
 .debug_line    0x000062e5       0xa7 c:/program files (x86)/microchip/xc32/v2.30/bin/bin/../../lib/gcc/pic32mx/4.8.3/../../../../pic32mx/lib\libmchp_peripheral_32MX470F512L.a(soft_reset_lib.o)
 .debug_line    0x0000638c       0x5f c:/program files (x86)/microchip/xc32/v2.30/bin/bin/../../lib/gcc/pic32mx/4.8.3/../../../../pic32mx/lib\libmchp_peripheral_32MX470F512L.a(pcache.o)
 .debug_line    0x000063eb       0x70 c:/program files (x86)/microchip/xc32/v2.30/bin/bin/../../lib/gcc/pic32mx/4.8.3/../../../../pic32mx/lib\libmchp_peripheral_32MX470F512L.a(int_disable_interrupts_lib.o)
 .debug_line    0x0000645b       0xa7 c:/program files (x86)/microchip/xc32/v2.30/bin/bin/../../lib/gcc/pic32mx/4.8.3/../../../../pic32mx/lib\libmchp_peripheral_32MX470F512L.a(power_idle_lib.o)
 .debug_line    0x00006502       0xa8 c:/program files (x86)/microchip/xc32/v2.30/bin/bin/../../lib/gcc/pic32mx/4.8.3/../../../../pic32mx/lib\libmchp_peripheral_32MX470F512L.a(power_sleep_lib.o)
 .debug_line    0x000065aa       0x68 c:/program files (x86)/microchip/xc32/v2.30/bin/bin/../../lib/gcc/pic32mx/4.8.3/../../../../pic32mx/lib\libmchp_peripheral_32MX470F512L.a(nvm_erase_page_lib.o)
 .debug_line    0x00006612       0xa8 c:/program files (x86)/microchip/xc32/v2.30/bin/bin/../../lib/gcc/pic32mx/4.8.3/../../../../pic32mx/lib\libmchp_peripheral_32MX470F512L.a(nvm_operation_lib.o)
 .debug_line    0x000066ba       0x68 c:/program files (x86)/microchip/xc32/v2.30/bin/bin/../../lib/gcc/pic32mx/4.8.3/../../../../pic32mx/lib\libmchp_peripheral_32MX470F512L.a(nvm_write_word_lib.o)
 .debug_line    0x00006722       0x70 c:/program files (x86)/microchip/xc32/v2.30/bin/bin/../../lib/gcc/pic32mx/4.8.3/../../../../pic32mx/lib\libmchp_peripheral_32MX470F512L.a(int_restore_interrupts_lib.o)
 .debug_line    0x00006792       0xa4 c:/program files (x86)/microchip/xc32/v2.30/bin/bin/../../lib/gcc/pic32mx/4.8.3\libgcc.a(_fixunssfdi.o)
 .debug_line    0x00006836       0xaa c:/program files (x86)/microchip/xc32/v2.30/bin/bin/../../lib/gcc/pic32mx/4.8.3\libgcc.a(_floatundisf.o)
 .debug_line    0x000068e0       0x94 c:/program files (x86)/microchip/xc32/v2.30/bin/bin/../../lib/gcc/pic32mx/4.8.3\libgcc.a(floatunsisf.o)
 .debug_line    0x00006974       0x93 c:/program files (x86)/microchip/xc32/v2.30/bin/bin/../../lib/gcc/pic32mx/4.8.3\libgcc.a(floatunsidf.o)
 .debug_line    0x00006a07       0xa6 c:/program files (x86)/microchip/xc32/v2.30/bin/bin/../../lib/gcc/pic32mx/4.8.3/../../../../pic32mx/lib\libpic32.a(default-bootstrap-exception-handler.o)
 .debug_line    0x00006aad       0x93 c:/program files (x86)/microchip/xc32/v2.30/bin/bin/../../lib/gcc/pic32mx/4.8.3/../../../../pic32mx/lib\libpic32.a(default-on-reset.o)
 .debug_line    0x00006b40       0x97 c:/program files (x86)/microchip/xc32/v2.30/bin/bin/../../lib/gcc/pic32mx/4.8.3/../../../../pic32mx/lib\libpic32.a(default-on-bootstrap.o)
 .debug_line    0x00006bd7       0xa5 c:/program files (x86)/microchip/xc32/v2.30/bin/bin/../../lib/gcc/pic32mx/4.8.3/../../../../pic32mx/lib\libpic32.a(defaultinterrupt.o)
 .debug_line    0x00006c7c       0x88 c:/program files (x86)/microchip/xc32/v2.30/bin/bin/../../lib/gcc/pic32mx/4.8.3/../../../../pic32mx/lib\libm.a(w_atan2f.o)
 .debug_line    0x00006d04       0x87 c:/program files (x86)/microchip/xc32/v2.30/bin/bin/../../lib/gcc/pic32mx/4.8.3/../../../../pic32mx/lib\libm.a(w_sqrtf.o)
 .debug_line    0x00006d8b       0x85 c:/program files (x86)/microchip/xc32/v2.30/bin/bin/../../lib/gcc/pic32mx/4.8.3/../../../../pic32mx/lib\libm.a(support.o)
 .debug_line    0x00006e10        0x0 c:/program files (x86)/microchip/xc32/v2.30/bin/bin/../../lib/gcc/pic32mx/4.8.3/../../../../pic32mx/lib\libm.a(s_lib_ver.o)
 .debug_line    0x00006e10        0x0 c:/program files (x86)/microchip/xc32/v2.30/bin/bin/../../lib/gcc/pic32mx/4.8.3/../../../../pic32mx/lib\libpic32.a(errno.o)

.debug_frame    0x00000000     0x461c
 *(.debug_frame)
 .debug_frame   0x00000000      0x23c output\tmr.o
 .debug_frame   0x0000023c       0x50 output\mal.o
 .debug_frame   0x0000028c      0x11c output\ringBuffer.o
 .debug_frame   0x000003a8      0x27c output\task.o
 .debug_frame   0x00000624      0x208 output\sleep.o