Archive member included because of file (symbol)

c:/program files (x86)/microchip/xc32/v2.30/bin/bin/../../lib/gcc/pic32mx/4.8.3/../../../../pic32mx/lib\libmchp_peripheral_32MX440F256H.a(soft_reset_lib.o)
                              output\mal.o (SoftReset)
c:/program files (x86)/microchip/xc32/v2.30/bin/bin/../../lib/gcc/pic32mx/4.8.3/../../../../pic32mx/lib\libmchp_peripheral_32MX440F256H.a(pcache.o)
                              output\mal.o (CheKseg0CacheOn)
c:/program files (x86)/microchip/xc32/v2.30/bin/bin/../../lib/gcc/pic32mx/4.8.3/../../../../pic32mx/lib\libmchp_peripheral_32MX440F256H.a(int_disable_interrupts_lib.o)
                              c:/program files (x86)/microchip/xc32/v2.30/bin/bin/../../lib/gcc/pic32mx/4.8.3/../../../../pic32mx/lib\libmchp_peripheral_32MX440F256H.a(soft_reset_lib.o) (INTDisableInterrupts)
c:/program files (x86)/microchip/xc32/v2.30/bin/bin/../../lib/gcc/pic32mx/4.8.3/../../../../pic32mx/lib\libmchp_peripheral_32MX440F256H.a(power_idle_lib.o)
                              output\sleep.o (PowerSaveIdle)
c:/program files (x86)/microchip/xc32/v2.30/bin/bin/../../lib/gcc/pic32mx/4.8.3/../../../../pic32mx/lib\libmchp_peripheral_32MX440F256H.a(power_sleep_lib.o)
                              output\sleep.o (PowerSaveSleep)
c:/program files (x86)/microchip/xc32/v2.30/bin/bin/../../lib/gcc/pic32mx/4.8.3/../../../../pic32mx/lib\libmchp_peripheral_32MX440F256H.a(nvm_erase_page_lib.o)
                              output\dee_page.o (NVMErasePage)
c:/program files (x86)/microchip/xc32/v2.30/bin/bin/../../lib/gcc/pic32mx/4.8.3/../../../../pic32mx/lib\libmchp_peripheral_32MX440F256H.a(nvm_operation_lib.o)
                              c:/program files (x86)/microchip/xc32/v2.30/bin/bin/../../lib/gcc/pic32mx/4.8.3/../../../../pic32mx/lib\libmchp_peripheral_32MX440F256H.a(nvm_erase_page_lib.o) (_NVMOperation)
c:/program files (x86)/microchip/xc32/v2.30/bin/bin/../../lib/gcc/pic32mx/4.8.3/../../../../pic32mx/lib\libmchp_peripheral_32MX440F256H.a(nvm_write_word_lib.o)
                              output\dee_page.o (NVMWriteWord)
c:/program files (x86)/microchip/xc32/v2.30/bin/bin/../../lib/gcc/pic32mx/4.8.3/../../../../pic32mx/lib\libmchp_peripheral_32MX440F256H.a(int_restore_interrupts_lib.o)
                              c:/program files (x86)/microchip/xc32/v2.30/bin/bin/../../lib/gcc/pic32mx/4.8.3/../../../../pic32mx/lib\libmchp_peripheral_32MX440F256H.a(power_idle_lib.o) (INTRestoreInterrupts)
c:/program files (x86)/microchip/xc32/v2.30/bin/bin/../../lib/gcc/pic32mx/4.8.3\libgcc.a(_fixunssfdi.o)
                              output\stepper.o (__fixunssfdi)
c:/program files (x86)/microchip/xc32/v2.30/bin/bin/../../lib/gcc/pic32mx/4.8.3\libgcc.a(_floatundisf.o)
                              output\stepper.o (__floatundisf)
c:/program files (x86)/microchip/xc32/v2.30/bin/bin/../../lib/gcc/pic32mx/4.8.3\libgcc.a(floatunsisf.o)
                              output\grbl_limits.o (__floatunsisf)
c:/program files (x86)/microchip/xc32/v2.30/bin/bin/../../lib/gcc/pic32mx/4.8.3\libgcc.a(floatunsidf.o)
                              c:/program files (x86)/microchip/xc32/v2.30/bin/bin/../../lib/gcc/pic32mx/4.8.3\libgcc.a(_fixunssfdi.o) (__floatunsidf)
c:/program files (x86)/microchip/xc32/v2.30/bin/bin/../../lib/gcc/pic32mx/4.8.3/../../../../pic32mx/lib\libpic32.a(memcmp.o)
                              output\grbl_eeprom.o (memcmp)
c:/program files (x86)/microchip/xc32/v2.30/bin/bin/../../lib/gcc/pic32mx/4.8.3/../../../../pic32mx/lib\libpic32.a(memcpy.o)
                              output\eep_manager.o (memcpy)
c:/program files (x86)/microchip/xc32/v2.30/bin/bin/../../lib/gcc/pic32mx/4.8.3/../../../../pic32mx/lib\libpic32.a(memset.o)
                              output\ringBuffer.o (memset)
c:/program files (x86)/microchip/xc32/v2.30/bin/bin/../../lib/gcc/pic32mx/4.8.3/../../../../pic32mx/lib\libpic32.a(strcmp.o)
                              output\grbl_protocol.o (strcmp)
c:/program files (x86)/microchip/xc32/v2.30/bin/bin/../../lib/gcc/pic32mx/4.8.3/../../../../pic32mx/lib\libpic32.a(strlen.o)
                              output\Helpers.o (strlen)
c:/program files (x86)/microchip/xc32/v2.30/bin/bin/../../lib/gcc/pic32mx/4.8.3/../../../../pic32mx/lib\libpic32.a(default-bootstrap-exception-handler.o)
                              C:\Users\kyrk\AppData\Local\Temp\ccO7tWVt.o (_bootstrap_exception_handler)
c:/program files (x86)/microchip/xc32/v2.30/bin/bin/../../lib/gcc/pic32mx/4.8.3/../../../../pic32mx/lib\libpic32.a(default-on-reset.o)
                              C:\Users\kyrk\AppData\Local\Temp\ccO7tWVt.o (_on_reset)
c:/program files (x86)/microchip/xc32/v2.30/bin/bin/../../lib/gcc/pic32mx/4.8.3/../../../../pic32mx/lib\libpic32.a(default-on-bootstrap.o)
                              C:\Users\kyrk\AppData\Local\Temp\ccO7tWVt.o (_on_bootstrap)
[...]
Memory Configuration

Name             Origin             Length             Attributes
kseg0_program_mem 0x9d007490         0x00038b70         xr
kseg0_boot_mem   0x9d006000         0x00000000
exception_mem    0x9d006000         0x00001000
kseg1_boot_mem   0x9d007000         0x00000490
debug_exec_mem   0xbfc02000         0x00000ff0
config3          0xbfc02ff0         0x00000004
config2          0xbfc02ff4         0x00000004
config1          0xbfc02ff8         0x00000004
config0          0xbfc02ffc         0x00000004
kseg1_shared_mem 0xa0000000         0x00001000         w !x
kseg1_data_mem   0xa0001000         0x00007000         w !x
sfrs             0xbf800000         0x00100000
configsfrs       0xbfc02ff0         0x00000010
*default*        0x00000000         0xffffffff

Linker script and memory map

LOAD c:/program files (x86)/microchip/xc32/v2.30/bin/bin/../../lib/gcc/pic32mx/4.8.3/../../../../pic32mx/lib\debug-exception-return.o
LOAD output\tmr.o
LOAD output\mal.o
LOAD output\ringBuffer.o
LOAD output\task.o
LOAD output\sleep.o
LOAD output\eeprom.o
LOAD output\eep_manager.o
LOAD output\usb.o
LOAD output\usb_descriptors.o
LOAD output\usb_device.o
LOAD output\exceptions.o
LOAD output\isr.o
LOAD output\main.o
LOAD output\c_eep_manager.o
LOAD output\app.o
LOAD output\ad.o
LOAD output\gcode.o
LOAD output\grbl_limits.o
LOAD output\coolant_control.o
LOAD output\motion_control.o
LOAD output\nuts_bolts.o
LOAD output\planner.o
LOAD output\print.o
LOAD output\report.o
LOAD output\settings.o
LOAD output\spindle_control.o
LOAD output\stepper.o
LOAD output\system.o
LOAD output\grbl.o
LOAD output\pwm.o
LOAD output\jog.o
LOAD output\usb_function_cdc.o
LOAD output\dee.o
LOAD output\dee_page.o
LOAD output\dee_page_helper.o
LOAD output\eep_manager_crc.o
LOAD output\system_control.o
LOAD output\stepper_enable.o
LOAD output\system_exec.o
LOAD output\system_alarm.o
LOAD output\grbl_eeprom.o
LOAD output\bootloader_interface.o
LOAD output\grbl_toolchange.o
LOAD output\stackmeasure.o
LOAD output\stackmeasure_helper.o
LOAD output\grbl_protocol.o
LOAD output\grbl_running.o
LOAD output\grbl_bootloader.o
LOAD output\grbl_probe.o
LOAD output\ethernet.o
LOAD output\ENC28J60.o
LOAD output\DHCP.o
LOAD output\Delay.o
LOAD output\ARP.o
LOAD output\Announce.o
LOAD output\Helpers.o
LOAD output\ICMP.o
LOAD output\IP.o
LOAD output\StackTsk.o
LOAD output\UDP.o
LOAD output\usb_grbl_multi.o
LOAD output\ethernet_grbl_multi.o
LOAD output\grbl_multi.o
LOAD output\Reboot.o
LOAD output\TCP.o
LOAD output\BerkeleyAPI.o
LOAD output\noinitram.o
                0x00000400                PROVIDE (_min_stack_size, 0x400)
LOAD c:/program files (x86)/microchip/xc32/v2.30/bin/bin/../../lib/gcc/pic32mx/4.8.3/../../../../pic32mx/lib/./proc/32MX440F256H\processor.o
START GROUP
LOAD c:/program files (x86)/microchip/xc32/v2.30/bin/bin/../../lib/gcc/pic32mx/4.8.3/../../../../pic32mx/lib\libmchp_peripheral.a
END GROUP
START GROUP
LOAD c:/program files (x86)/microchip/xc32/v2.30/bin/bin/../../lib/gcc/pic32mx/4.8.3/../../../../pic32mx/lib\libmchp_peripheral_32MX440F256H.a
END GROUP
                0x00000001                PROVIDE (_vector_spacing, 0x1)
                0x9d006000                _ebase_address = 0x9d006000
                0x9d007000                _RESET_ADDR = 0x9d007000
                0x9d007380                _BEV_EXCPT_ADDR = 0x9d007380
                0x9d007480                _DBG_EXCPT_ADDR = 0x9d007480
                0xbfc02000                _DBG_CODE_ADDR = 0xbfc02000
                0x00000ff0                _DBG_CODE_SIZE = 0xff0
                0x9d006180                _GEN_EXCPT_ADDR = (_ebase_address + 0x180)

.config_BFC02FF0
 *(.config_BFC02FF0)

.config_BFC02FF4
 *(.config_BFC02FF4)

.config_BFC02FF8
 *(.config_BFC02FF8)

.config_BFC02FFC
 *(.config_BFC02FFC)
                0xbfc02000                PROVIDE (_DBG_CODE_ADDR, 0xbfc02000)
                0x00000ff0                PROVIDE (_DBG_CODE_SIZE, 0xff0)

.reset          0x9d007000      0x19c
 *(.reset)
 .reset         0x9d007000        0x8 C:\Users\kyrk\AppData\Local\Temp\ccO7tWVt.o
                0x9d007000                _reset
 *(.reset.startup)
 .reset.startup
                0x9d007008      0x194 C:\Users\kyrk\AppData\Local\Temp\ccO7tWVt.o
                0x9d007008                _startup

.bev_excpt      0x9d007380       0x10
 *(.bev_handler)
 .bev_handler   0x9d007380       0x10 C:\Users\kyrk\AppData\Local\Temp\ccO7tWVt.o

.dbg_excpt      0x9d007480        0x0
                0x9d007480                . = (. + DEFINED (_DEBUGGER)?0x8:0x0)

.dbg_code       0xbfc02000        0x0
                0xbfc02000                . = (. + DEFINED (_DEBUGGER)?_DBG_CODE_SIZE:0x0)

.app_excpt      0x9d006180       0x10
 *(.gen_handler)
 .gen_handler   0x9d006180       0x10 C:\Users\kyrk\AppData\Local\Temp\ccO7tWVt.o

.vector_0       0x9d006200        0x8
 *(.vector_0)
 .vector_0      0x9d006200        0x8 output\isr.o
                0x9d006200                __vector_dispatch_0
                0x00000001                ASSERT (((_vector_spacing == 0x0) || (SIZEOF (.vector_0) <= (_vector_spacing << 0x5))), function at exception vector 0 too large)

.vector_1       0x9d006220        0x8
 *(.vector_1)
 .vector_1      0x9d006220        0x8 c:/program files (x86)/microchip/xc32/v2.30/bin/bin/../../lib/gcc/pic32mx/4.8.3/../../../../pic32mx/lib\libpic32.a(vector1.o)
                0x9d006220                __vector_dispatch_1
                0x00000001                ASSERT (((_vector_spacing == 0x0) || (SIZEOF (.vector_1) <= (_vector_spacing << 0x5))), function at exception vector 1 too large)

.vector_2       0x9d006240        0x8
 *(.vector_2)
 .vector_2      0x9d006240        0x8 c:/program files (x86)/microchip/xc32/v2.30/bin/bin/../../lib/gcc/pic32mx/4.8.3/../../../../pic32mx/lib\libpic32.a(vector2.o)
                0x9d006240                __vector_dispatch_2
                0x00000001                ASSERT (((_vector_spacing == 0x0) || (SIZEOF (.vector_2) <= (_vector_spacing << 0x5))), function at exception vector 2 too large)

.vector_3       0x9d006260        0x8
 *(.vector_3)
 .vector_3      0x9d006260        0x8 c:/program files (x86)/microchip/xc32/v2.30/bin/bin/../../lib/gcc/pic32mx/4.8.3/../../../../pic32mx/lib\libpic32.a(vector3.o)
                0x9d006260                __vector_dispatch_3
                0x00000001                ASSERT (((_vector_spacing == 0x0) || (SIZEOF (.vector_3) <= (_vector_spacing << 0x5))), function at exception vector 3 too large)

.vector_4       0x9d006280        0x8
 *(.vector_4)
 .vector_4      0x9d006280        0x8 output\isr.o
                0x9d006280                __vector_dispatch_4
                0x00000001                ASSERT (((_vector_spacing == 0x0) || (SIZEOF (.vector_4) <= (_vector_spacing << 0x5))), function at exception vector 4 too large)

.vector_5       0x9d0062a0        0x8
 *(.vector_5)
 .vector_5      0x9d0062a0        0x8 c:/program files (x86)/microchip/xc32/v2.30/bin/bin/../../lib/gcc/pic32mx/4.8.3/../../../../pic32mx/lib\libpic32.a(vector5.o)
                0x9d0062a0                __vector_dispatch_5
                0x00000001                ASSERT (((_vector_spacing == 0x0) || (SIZEOF (.vector_5) <= (_vector_spacing << 0x5))), function at exception vector 5 too large)

.vector_6       0x9d0062c0        0x8
 *(.vector_6)
 .vector_6      0x9d0062c0        0x8 c:/program files (x86)/microchip/xc32/v2.30/bin/bin/../../lib/gcc/pic32mx/4.8.3/../../../../pic32mx/lib\libpic32.a(vector6.o)
                0x9d0062c0                __vector_dispatch_6
                0x00000001                ASSERT (((_vector_spacing == 0x0) || (SIZEOF (.vector_6) <= (_vector_spacing << 0x5))), function at exception vector 6 too large)

.vector_7       0x9d0062e0        0x8
 *(.vector_7)
 .vector_7      0x9d0062e0        0x8 c:/program files (x86)/microchip/xc32/v2.30/bin/bin/../../lib/gcc/pic32mx/4.8.3/../../../../pic32mx/lib\libpic32.a(vector7.o)
                0x9d0062e0                __vector_dispatch_7
                0x00000001                ASSERT (((_vector_spacing == 0x0) || (SIZEOF (.vector_7) <= (_vector_spacing << 0x5))), function at exception vector 7 too large)

.vector_8       0x9d006300        0x8
 *(.vector_8)
 .vector_8      0x9d006300        0x8 output\isr.o
                0x9d006300                __vector_dispatch_8
                0x00000001                ASSERT (((_vector_spacing == 0x0) || (SIZEOF (.vector_8) <= (_vector_spacing << 0x5))), function at exception vector 8 too large)

.vector_9       0x9d006320        0x8
 *(.vector_9)
 .vector_9      0x9d006320        0x8 c:/program files (x86)/microchip/xc32/v2.30/bin/bin/../../lib/gcc/pic32mx/4.8.3/../../../../pic32mx/lib\libpic32.a(vector9.o)
                0x9d006320                __vector_dispatch_9
                0x00000001                ASSERT (((_vector_spacing == 0x0) || (SIZEOF (.vector_9) <= (_vector_spacing << 0x5))), function at exception vector 9 too large)

.vector_10      0x9d006340        0x8
 *(.vector_10)
 .vector_10     0x9d006340        0x8 c:/program files (x86)/microchip/xc32/v2.30/bin/bin/../../lib/gcc/pic32mx/4.8.3/../../../../pic32mx/lib\libpic32.a(vector10.o)
                0x9d006340                __vector_dispatch_10
                0x00000001                ASSERT (((_vector_spacing == 0x0) || (SIZEOF (.vector_10) <= (_vector_spacing << 0x5))), function at exception vector 10 too large)

.vector_11      0x9d006360        0x8
 *(.vector_11)
 .vector_11     0x9d006360        0x8 c:/program files (x86)/microchip/xc32/v2.30/bin/bin/../../lib/gcc/pic32mx/4.8.3/../../../../pic32mx/lib\libpic32.a(vector11.o)
                0x9d006360                __vector_dispatch_11
                0x00000001                ASSERT (((_vector_spacing == 0x0) || (SIZEOF (.vector_11) <= (_vector_spacing << 0x5))), function at exception vector 11 too large)

.vector_12      0x9d006380        0x8
 *(.vector_12)
 .vector_12     0x9d006380        0x8 output\isr.o
                0x9d006380                __vector_dispatch_12
                0x00000001                ASSERT (((_vector_spacing == 0x0) || (SIZEOF (.vector_12) <= (_vector_spacing << 0x5))), function at exception vector 12 too large)

.vector_13      0x9d0063a0        0x8
 *(.vector_13)
 .vector_13     0x9d0063a0        0x8 c:/program files (x86)/microchip/xc32/v2.30/bin/bin/../../lib/gcc/pic32mx/4.8.3/../../../../pic32mx/lib\libpic32.a(vector13.o)
                0x9d0063a0                __vector_dispatch_13
                0x00000001                ASSERT (((_vector_spacing == 0x0) || (SIZEOF (.vector_13) <= (_vector_spacing << 0x5))), function at exception vector 13 too large)

.vector_14      0x9d0063c0        0x8
 *(.vector_14)
 .vector_14     0x9d0063c0        0x8 c:/program files (x86)/microchip/xc32/v2.30/bin/bin/../../lib/gcc/pic32mx/4.8.3/../../../../pic32mx/lib\libpic32.a(vector14.o)
                0x9d0063c0                __vector_dispatch_14
                0x00000001                ASSERT (((_vector_spacing == 0x0) || (SIZEOF (.vector_14) <= (_vector_spacing << 0x5))), function at exception vector 14 too large)

.vector_15      0x9d0063e0        0x8
 *(.vector_15)
 .vector_15     0x9d0063e0        0x8 output\isr.o
                0x9d0063e0                __vector_dispatch_15
                0x00000001                ASSERT (((_vector_spacing == 0x0) || (SIZEOF (.vector_15) <= (_vector_spacing << 0x5))), function at exception vector 15 too large)

.vector_16      0x9d006400        0x8
 *(.vector_16)
 .vector_16     0x9d006400        0x8 output\isr.o
                0x9d006400                __vector_dispatch_16
                0x00000001                ASSERT (((_vector_spacing == 0x0) || (SIZEOF (.vector_16) <= (_vector_spacing << 0x5))), function at exception vector 16 too large)

.vector_17      0x9d006420        0x8
 *(.vector_17)
 .vector_17     0x9d006420        0x8 c:/program files (x86)/microchip/xc32/v2.30/bin/bin/../../lib/gcc/pic32mx/4.8.3/../../../../pic32mx/lib\libpic32.a(vector17.o)
                0x9d006420                __vector_dispatch_17
                0x00000001                ASSERT (((_vector_spacing == 0x0) || (SIZEOF (.vector_17) <= (_vector_spacing << 0x5))), function at exception vector 17 too large)

.vector_18      0x9d006440        0x8
 *(.vector_18)
 .vector_18     0x9d006440        0x8 c:/program files (x86)/microchip/xc32/v2.30/bin/bin/../../lib/gcc/pic32mx/4.8.3/../../../../pic32mx/lib\libpic32.a(vector18.o)
                0x9d006440                __vector_dispatch_18
                0x00000001                ASSERT (((_vector_spacing == 0x0) || (SIZEOF (.vector_18) <= (_vector_spacing << 0x5))), function at exception vector 18 too large)

.vector_19      0x9d006460        0x8
 *(.vector_19)
 .vector_19     0x9d006460        0x8 c:/program files (x86)/microchip/xc32/v2.30/bin/bin/../../lib/gcc/pic32mx/4.8.3/../../../../pic32mx/lib\libpic32.a(vector19.o)
                0x9d006460                __vector_dispatch_19
                0x00000001                ASSERT (((_vector_spacing == 0x0) || (SIZEOF (.vector_19) <= (_vector_spacing << 0x5))), function at exception vector 19 too large)

.vector_20      0x9d006480        0x8
 *(.vector_20)
 .vector_20     0x9d006480        0x8 output\isr.o
                0x9d006480                __vector_dispatch_20
                0x00000001                ASSERT (((_vector_spacing == 0x0) || (SIZEOF (.vector_20) <= (_vector_spacing << 0x5))), function at exception vector 20 too large)

.vector_21      0x9d0064a0        0x8
 *(.vector_21)
 .vector_21     0x9d0064a0        0x8 c:/program files (x86)/microchip/xc32/v2.30/bin/bin/../../lib/gcc/pic32mx/4.8.3/../../../../pic32mx/lib\libpic32.a(vector21.o)
                0x9d0064a0                __vector_dispatch_21
                0x00000001                ASSERT (((_vector_spacing == 0x0) || (SIZEOF (.vector_21) <= (_vector_spacing << 0x5))), function at exception vector 21 too large)

.vector_22      0x9d0064c0        0x8
 *(.vector_22)
 .vector_22     0x9d0064c0        0x8 c:/program files (x86)/microchip/xc32/v2.30/bin/bin/../../lib/gcc/pic32mx/4.8.3/../../../../pic32mx/lib\libpic32.a(vector22.o)
                0x9d0064c0                __vector_dispatch_22
                0x00000001                ASSERT (((_vector_spacing == 0x0) || (SIZEOF (.vector_22) <= (_vector_spacing << 0x5))), function at exception vector 22 too large)

.vector_23      0x9d0064e0        0x8
 *(.vector_23)
 .vector_23     0x9d0064e0        0x8 c:/program files (x86)/microchip/xc32/v2.30/bin/bin/../../lib/gcc/pic32mx/4.8.3/../../../../pic32mx/lib\libpic32.a(vector23.o)
                0x9d0064e0                __vector_dispatch_23
                0x00000001                ASSERT (((_vector_spacing == 0x0) || (SIZEOF (.vector_23) <= (_vector_spacing << 0x5))), function at exception vector 23 too large)

.vector_24      0x9d006500        0x8
 *(.vector_24)
 .vector_24     0x9d006500        0x8 output\isr.o
                0x9d006500                __vector_dispatch_24
                0x00000001                ASSERT (((_vector_spacing == 0x0) || (SIZEOF (.vector_24) <= (_vector_spacing << 0x5))), function at exception vector 24 too large)

.vector_25      0x9d006520        0x8
 *(.vector_25)
 .vector_25     0x9d006520        0x8 output\isr.o
                0x9d006520                __vector_dispatch_25
                0x00000001                ASSERT (((_vector_spacing == 0x0) || (SIZEOF (.vector_25) <= (_vector_spacing << 0x5))), function at exception vector 25 too large)

.vector_26      0x9d006540        0x8
 *(.vector_26)
 .vector_26     0x9d006540        0x8 output\isr.o
                0x9d006540                __vector_dispatch_26
                0x00000001                ASSERT (((_vector_spacing == 0x0) || (SIZEOF (.vector_26) <= (_vector_spacing << 0x5))), function at exception vector 26 too large)

.vector_27      0x9d006560        0x8
 *(.vector_27)
 .vector_27     0x9d006560        0x8 c:/program files (x86)/microchip/xc32/v2.30/bin/bin/../../lib/gcc/pic32mx/4.8.3/../../../../pic32mx/lib\libpic32.a(vector27.o)
                0x9d006560                __vector_dispatch_27
                0x00000001                ASSERT (((_vector_spacing == 0x0) || (SIZEOF (.vector_27) <= (_vector_spacing << 0x5))), function at exception vector 27 too large)

.vector_28      0x9d006580        0x8
 *(.vector_28)
 .vector_28     0x9d006580        0x8 c:/program files (x86)/microchip/xc32/v2.30/bin/bin/../../lib/gcc/pic32mx/4.8.3/../../../../pic32mx/lib\libpic32.a(vector28.o)
                0x9d006580                __vector_dispatch_28
                0x00000001                ASSERT (((_vector_spacing == 0x0) || (SIZEOF (.vector_28) <= (_vector_spacing << 0x5))), function at exception vector 28 too large)

.vector_29      0x9d0065a0        0x8
 *(.vector_29)
 .vector_29     0x9d0065a0        0x8 c:/program files (x86)/microchip/xc32/v2.30/bin/bin/../../lib/gcc/pic32mx/4.8.3/../../../../pic32mx/lib\libpic32.a(vector29.o)
                0x9d0065a0                __vector_dispatch_29
                0x00000001                ASSERT (((_vector_spacing == 0x0) || (SIZEOF (.vector_29) <= (_vector_spacing << 0x5))), function at exception vector 29 too large)

.vector_30      0x9d0065c0        0x8
 *(.vector_30)
 .vector_30     0x9d0065c0        0x8 c:/program files (x86)/microchip/xc32/v2.30/bin/bin/../../lib/gcc/pic32mx/4.8.3/../../../../pic32mx/lib\libpic32.a(vector30.o)
                0x9d0065c0                __vector_dispatch_30
                0x00000001                ASSERT (((_vector_spacing == 0x0) || (SIZEOF (.vector_30) <= (_vector_spacing << 0x5))), function at exception vector 30 too large)

.vector_31      0x9d0065e0        0x8
 *(.vector_31)
 .vector_31     0x9d0065e0        0x8 output\isr.o
                0x9d0065e0                __vector_dispatch_31
                0x00000001                ASSERT (((_vector_spacing == 0x0) || (SIZEOF (.vector_31) <= (_vector_spacing << 0x5))), function at exception vector 31 too large)

.vector_32      0x9d006600        0x8
 *(.vector_32)
 .vector_32     0x9d006600        0x8 output\isr.o
                0x9d006600                __vector_dispatch_32
                0x00000001                ASSERT (((_vector_spacing == 0x0) || (SIZEOF (.vector_32) <= (_vector_spacing << 0x5))), function at exception vector 32 too large)

.vector_33      0x9d006620        0x8
 *(.vector_33)
 .vector_33     0x9d006620        0x8 output\isr.o
                0x9d006620                __vector_dispatch_33
                0x00000001                ASSERT (((_vector_spacing == 0x0) || (SIZEOF (.vector_33) <= (_vector_spacing << 0x5))), function at exception vector 33 too large)

.vector_34      0x9d006640        0x8
 *(.vector_34)
 .vector_34     0x9d006640        0x8 c:/program files (x86)/microchip/xc32/v2.30/bin/bin/../../lib/gcc/pic32mx/4.8.3/../../../../pic32mx/lib\libpic32.a(vector34.o)
                0x9d006640                __vector_dispatch_34
                0x00000001                ASSERT (((_vector_spacing == 0x0) || (SIZEOF (.vector_34) <= (_vector_spacing << 0x5))), function at exception vector 34 too large)

.vector_35      0x9d006660        0x8
 *(.vector_35)
 .vector_35     0x9d006660        0x8 c:/program files (x86)/microchip/xc32/v2.30/bin/bin/../../lib/gcc/pic32mx/4.8.3/../../../../pic32mx/lib\libpic32.a(vector35.o)
                0x9d006660                __vector_dispatch_35
                0x00000001                ASSERT (((_vector_spacing == 0x0) || (SIZEOF (.vector_35) <= (_vector_spacing << 0x5))), function at exception vector 35 too large)

.vector_36      0x9d006680        0x8
 *(.vector_36)
 .vector_36     0x9d006680        0x8 output\isr.o
                0x9d006680                __vector_dispatch_36
                0x00000001                ASSERT (((_vector_spacing == 0x0) || (SIZEOF (.vector_36) <= (_vector_spacing << 0x5))), function at exception vector 36 too large)

.vector_37      0x9d0066a0        0x8
 *(.vector_37)
 .vector_37     0x9d0066a0        0x8 output\isr.o
                0x9d0066a0                __vector_dispatch_37
                0x00000001                ASSERT (((_vector_spacing == 0x0) || (SIZEOF (.vector_37) <= (_vector_spacing << 0x5))), function at exception vector 37 too large)

.vector_38      0x9d0066c0        0x8
 *(.vector_38)
 .vector_38     0x9d0066c0        0x8 output\isr.o
                0x9d0066c0                __vector_dispatch_38
                0x00000001                ASSERT (((_vector_spacing == 0x0) || (SIZEOF (.vector_38) <= (_vector_spacing << 0x5))), function at exception vector 38 too large)

.vector_39      0x9d0066e0        0x8
 *(.vector_39)
 .vector_39     0x9d0066e0        0x8 output\isr.o
                0x9d0066e0                __vector_dispatch_39
                0x00000001                ASSERT (((_vector_spacing == 0x0) || (SIZEOF (.vector_39) <= (_vector_spacing << 0x5))), function at exception vector 39 too large)

.vector_40      0x9d006700        0x8
 *(.vector_40)
 .vector_40     0x9d006700        0x8 c:/program files (x86)/microchip/xc32/v2.30/bin/bin/../../lib/gcc/pic32mx/4.8.3/../../../../pic32mx/lib\libpic32.a(vector40.o)
                0x9d006700                __vector_dispatch_40
                0x00000001                ASSERT (((_vector_spacing == 0x0) || (SIZEOF (.vector_40) <= (_vector_spacing << 0x5))), function at exception vector 40 too large)

.vector_41      0x9d006720        0x8
 *(.vector_41)
 .vector_41     0x9d006720        0x8 c:/program files (x86)/microchip/xc32/v2.30/bin/bin/../../lib/gcc/pic32mx/4.8.3/../../../../pic32mx/lib\libpic32.a(vector41.o)
                0x9d006720                __vector_dispatch_41
                0x00000001                ASSERT (((_vector_spacing == 0x0) || (SIZEOF (.vector_41) <= (_vector_spacing << 0x5))), function at exception vector 41 too large)

.vector_42      0x9d006740        0x8
 *(.vector_42)
 .vector_42     0x9d006740        0x8 c:/program files (x86)/microchip/xc32/v2.30/bin/bin/../../lib/gcc/pic32mx/4.8.3/../../../../pic32mx/lib\libpic32.a(vector42.o)
                0x9d006740                __vector_dispatch_42
                0x00000001                ASSERT (((_vector_spacing == 0x0) || (SIZEOF (.vector_42) <= (_vector_spacing << 0x5))), function at exception vector 42 too large)

.vector_43      0x9d006760        0x8
 *(.vector_43)
 .vector_43     0x9d006760        0x8 c:/program files (x86)/microchip/xc32/v2.30/bin/bin/../../lib/gcc/pic32mx/4.8.3/../../../../pic32mx/lib\libpic32.a(vector43.o)
                0x9d006760                __vector_dispatch_43
                0x00000001                ASSERT (((_vector_spacing == 0x0) || (SIZEOF (.vector_43) <= (_vector_spacing << 0x5))), function at exception vector 43 too large)

.vector_44      0x9d006780        0x8
 *(.vector_44)
 .vector_44     0x9d006780        0x8 c:/program files (x86)/microchip/xc32/v2.30/bin/bin/../../lib/gcc/pic32mx/4.8.3/../../../../pic32mx/lib\libpic32.a(vector44.o)
                0x9d006780                __vector_dispatch_44
                0x00000001                ASSERT (((_vector_spacing == 0x0) || (SIZEOF (.vector_44) <= (_vector_spacing << 0x5))), function at exception vector 44 too large)

.vector_45      0x9d0067a0        0x8
 *(.vector_45)
 .vector_45     0x9d0067a0        0x8 output\isr.o
                0x9d0067a0                __vector_dispatch_45
                0x00000001                ASSERT (((_vector_spacing == 0x0) || (SIZEOF (.vector_45) <= (_vector_spacing << 0x5))), function at exception vector 45 too large)

.vector_46      0x9d0067c0        0x0
 *(.vector_46)
                0x00000001                ASSERT (((_vector_spacing == 0x0) || (SIZEOF (.vector_46) <= (_vector_spacing << 0x5))), function at exception vector 46 too large)

.vector_47      0x9d0067e0        0x0
 *(.vector_47)
                0x00000001                ASSERT (((_vector_spacing == 0x0) || (SIZEOF (.vector_47) <= (_vector_spacing << 0x5))), function at exception vector 47 too large)

.vector_48      0x9d006800        0x0
 *(.vector_48)
                0x00000001                ASSERT (((_vector_spacing == 0x0) || (SIZEOF (.vector_48) <= (_vector_spacing << 0x5))), function at exception vector 48 too large)

.vector_49      0x9d006820        0x0
 *(.vector_49)
                0x00000001                ASSERT (((_vector_spacing == 0x0) || (SIZEOF (.vector_49) <= (_vector_spacing << 0x5))), function at exception vector 49 too large)

.vector_50      0x9d006840        0x0
 *(.vector_50)
                0x00000001                ASSERT (((_vector_spacing == 0x0) || (SIZEOF (.vector_50) <= (_vector_spacing << 0x5))), function at exception vector 50 too large)

.vector_51      0x9d006860        0x0
 *(.vector_51)
                0x00000001                ASSERT (((_vector_spacing == 0x0) || (SIZEOF (.vector_51) <= (_vector_spacing << 0x5))), function at exception vector 51 too large)

.vector_52      0x9d006880        0x0
 *(.vector_52)
                0x00000001                ASSERT (((_vector_spacing == 0x0) || (SIZEOF (.vector_52) <= (_vector_spacing << 0x5))), function at exception vector 52 too large)

.vector_53      0x9d0068a0        0x0
 *(.vector_53)
                0x00000001                ASSERT (((_vector_spacing == 0x0) || (SIZEOF (.vector_53) <= (_vector_spacing << 0x5))), function at exception vector 53 too large)

.vector_54      0x9d0068c0        0x0
 *(.vector_54)
                0x00000001                ASSERT (((_vector_spacing == 0x0) || (SIZEOF (.vector_54) <= (_vector_spacing << 0x5))), function at exception vector 54 too large)

.vector_55      0x9d0068e0        0x0
 *(.vector_55)
                0x00000001                ASSERT (((_vector_spacing == 0x0) || (SIZEOF (.vector_55) <= (_vector_spacing << 0x5))), function at exception vector 55 too large)

.vector_56      0x9d006900        0x0
 *(.vector_56)
                0x00000001                ASSERT (((_vector_spacing == 0x0) || (SIZEOF (.vector_56) <= (_vector_spacing << 0x5))), function at exception vector 56 too large)

.vector_57      0x9d006920        0x0
 *(.vector_57)
                0x00000001                ASSERT (((_vector_spacing == 0x0) || (SIZEOF (.vector_57) <= (_vector_spacing << 0x5))), function at exception vector 57 too large)

.vector_58      0x9d006940        0x0
 *(.vector_58)
                0x00000001                ASSERT (((_vector_spacing == 0x0) || (SIZEOF (.vector_58) <= (_vector_spacing << 0x5))), function at exception vector 58 too large)

.vector_59      0x9d006960        0x0
 *(.vector_59)
                0x00000001                ASSERT (((_vector_spacing == 0x0) || (SIZEOF (.vector_59) <= (_vector_spacing << 0x5))), function at exception vector 59 too large)

.vector_60      0x9d006980        0x0
 *(.vector_60)
                0x00000001                ASSERT (((_vector_spacing == 0x0) || (SIZEOF (.vector_60) <= (_vector_spacing << 0x5))), function at exception vector 60 too large)

.vector_61      0x9d0069a0        0x0
 *(.vector_61)
                0x00000001                ASSERT (((_vector_spacing == 0x0) || (SIZEOF (.vector_61) <= (_vector_spacing << 0x5))), function at exception vector 61 too large)

.vector_62      0x9d0069c0        0x0
 *(.vector_62)
                0x00000001                ASSERT (((_vector_spacing == 0x0) || (SIZEOF (.vector_62) <= (_vector_spacing << 0x5))), function at exception vector 62 too large)

.vector_63      0x9d0069e0        0x0
 *(.vector_63)
                0x00000001                ASSERT (((_vector_spacing == 0x0) || (SIZEOF (.vector_63) <= (_vector_spacing << 0x5))), function at exception vector 63 too large)

.startup
 *(.startup)

.text           0x9d007490        0x0
 *(.stub .gnu.linkonce.t.*)
 *(.text.*personality*)
 *(.mips16.fn.*)
 *(.mips16.call.*)
 *(.gnu.warning)
                0x9d007490                . = ALIGN (0x4)

.init           0x9d007490        0x0
 *crti.o(.init)
 *crtbegin.o(.init)
 *(EXCLUDE_FILE(*crtn.o *crtend?.o *crtend.o) .init)
 *crtend.o(.init)
 *crtn.o(.init)
                0x9d007490                . = ALIGN (0x4)

.fini           0x9d007490        0x0
 *(.fini)
                0x9d007490                . = ALIGN (0x4)

.preinit_array  0x9d007490        0x0
                0x9d007490                PROVIDE (__preinit_array_start, .)
 *(.preinit_array)
                0x9d007490                PROVIDE (__preinit_array_end, .)
                0x9d007490                . = ALIGN (0x4)

.init_array     0x9d007490        0x0
                0x9d007490                PROVIDE (__init_array_start, .)
 *(SORT(.init_array.*))
 *(.init_array)
                0x9d007490                PROVIDE (__init_array_end, .)
                0x9d007490                . = ALIGN (0x4)

.fini_array     0x9d007490        0x0
                0x9d007490                PROVIDE (__fini_array_start, .)
 *(SORT(.fini_array.*))
 *(.fini_array)
                0x9d007490                PROVIDE (__fini_array_end, .)
                0x9d007490                . = ALIGN (0x4)

.ctors          0x9d007490        0x0
 *crtbegin.o(.ctors)
 *crtbegin?.o(.ctors)
 *(EXCLUDE_FILE(*crtend?.o *crtend.o) .ctors)
 *(SORT(.ctors.*))
 *(.ctors)
                0x9d007490                . = ALIGN (0x4)

.dtors          0x9d007490        0x0
 *crtbegin.o(.dtors)
 *crtbegin?.o(.dtors)
 *(EXCLUDE_FILE(*crtend?.o *crtend.o) .dtors)
 *(SORT(.dtors.*))
 *(.dtors)
                0x9d007490                . = ALIGN (0x4)

.rodata         0x9d007490        0x0
 *(.gnu.linkonce.r.*)
 *(.rodata1)
                0x9d007490                . = ALIGN (0x4)

.sdata2         0x9d006000        0x0
 *(.sdata2 .sdata2.* .gnu.linkonce.s2.*)
                0x9d006000                . = ALIGN (0x4)

.sbss2          0x9d006000        0x0
 *(.sbss2 .sbss2.* .gnu.linkonce.sb2.*)
                0x9d006000                . = ALIGN (0x4)

.eh_frame_hdr
 *(.eh_frame_hdr)
                0x9d006000                . = ALIGN (0x4)

.eh_frame
 *(.eh_frame)
                0x9d006000                . = ALIGN (0x4)

.gcc_except_table
 *(.gcc_except_table .gcc_except_table.*)
                0x9d006000                . = ALIGN (0x4)

.dbg_data       0xa0001000        0x0
                0xa0001000                . = (. + DEFINED (_DEBUGGER)?0x200:0x0)

.jcr            0xa0001000        0x0
 *(.jcr)
                0xa0001000                . = ALIGN (0x4)

.eh_frame
 *(.eh_frame)
                0xa0001000                . = ALIGN (0x4)

.gcc_except_table
 *(.gcc_except_table .gcc_except_table.*)
                0xa0001000                . = ALIGN (0x4)

.persist        0xa0001000        0x4
                0xa0001000                _persist_begin = .
 *(.persist .persist.*)
 *(.pbss .pbss.*)
 .pbss          0xa0001000        0x2 output\UDP.o
 .pbss          0xa0001002        0x2 output\TCP.o
                0xa0001004                . = ALIGN (0x4)
                0xa0001004                _persist_end = .

.data           0xa0001004        0x0
 *(.gnu.linkonce.d.*)
 *(.data1)
                0xa0001004                . = ALIGN (0x4)
                0xa0001004                . = .
                0xa0009000                _gp = (ALIGN (0x10) + 0x7ff0)

.got            0xa0001004        0x0
 *(.got.plt)
 *(.got)
                0xa0001004                . = ALIGN (0x4)

.sdata          0xa0001004       0x5c
                0xa0001004                _sdata_begin = .
 *(.sdata .sdata.* .gnu.linkonce.s.*)
 .sdata         0xa0001004        0x1 output\sleep.o
                0xa0001004                sleepGetMainLoopRun_result
 *fill*         0xa0001005        0x3 
 .sdata         0xa0001008        0x4 output\eep_manager.o
 .sdata         0xa000100c        0x1 output\app.o
 *fill*         0xa000100d        0x3 
 .sdata         0xa0001010        0x8 output\grbl_limits.o
                0xa0001010                limits_disabled
                0xa0001014                pl_data
 .sdata         0xa0001018        0x8 output\pwm.o
                0xa0001018                maxFreq
                0xa000101c                maxDuty
 .sdata         0xa0001020        0x1 output\dee.o
                0xa0001020                dee_debug_enable
 *fill*         0xa0001021        0x3 
 .sdata         0xa0001024        0x8 output\stepper_enable.o
                0xa0001028                stepper_enable_emergency_stop_active
 .sdata         0xa000102c        0x3 output\grbl_eeprom.o
                0xa000102c                grbl_eeprom_trigger_prev
                0xa000102d                backup_eep_error_single_shoot
                0xa000102e                master_eep_error_single_shoot
 *fill*         0xa000102f        0x1 
 .sdata         0xa0001030        0x8 output\stackmeasure.o
                0xa0001030                stackmeasure_to
                0xa0001034                stackmeasure_from
 .sdata         0xa0001038        0x1 output\grbl_running.o
 *fill*         0xa0001039        0x3 
 .sdata         0xa000103c        0x8 output\ethernet.o
                0xa000103c                SerializedMACAddress
 .sdata         0xa0001044        0x4 output\Helpers.o
 .sdata         0xa0001048        0x2 output\UDP.o
 *fill*         0xa000104a        0x2 
 .sdata         0xa000104c        0x8 output\ethernet_grbl_multi.o
                0xa000104c                addrlen
                0xa0001050                serverPort
 .sdata         0xa0001054        0x1 output\Reboot.o
 .sdata         0xa0001055        0x2 output\TCP.o
 *fill*         0xa0001057        0x1 
 .sdata         0xa0001058        0x8 output\BerkeleyAPI.o
                0xa0001060                . = ALIGN (0x4)
                0xa0001060                _sdata_end = .

.lit8
 *(.lit8)

.lit4
 *(.lit4)
                0xa0001060                . = ALIGN (0x4)
                0xa0001060                _data_end = .
                0xa0001060                _bss_begin = .

.sbss           0xa0001060      0x3ec
                0xa0001060                _sbss_begin = .
 *(.dynsbss)
 *(.sbss .sbss.* .gnu.linkonce.sb.*)
 .sbss          0xa0001060       0x14 output\tmr.o
                0xa000106c                globalTimeUs
                0xa0001070                globalTime
 .sbss          0xa0001074       0x10 output\mal.o
                0xa0001074                isrLockCnt
                0xa0001078                gieTemp
                0xa000107c                mal_RCON_temp
                0xa0001080                mal_resetReason_temp
 .sbss          0xa0001084        0xc output\task.o
                0xa0001084                taskListsPtr
                0xa0001088                doTaskListGuard
                0xa0001089                doTaskList1ms
                0xa000108c                tasksTotalTime
 .sbss          0xa0001090       0x20 output\sleep.o
                0xa0001090                do_isr_sleep_1ms
                0xa0001091                sleep_executeSleep
                0xa0001092                sleepPointOfNoReturnRegisteredRequest
                0xa0001093                sleepPointOfNoReturn
                0xa0001094                sleepEdgeDetector
                0xa0001098                sleepDriverRequest_delay
                0xa000109c                sleepAppRequest_delay
                0xa00010a0                sleepRequestDriver
                0xa00010a4                sleepRequestApp
                0xa00010a8                sleepRequestLock
                0xa00010ac                sleepTime
 .sbss          0xa00010b0       0x20 output\eep_manager.o
                0xa00010c1                do_eep_manager_1ms
                0xa00010c4                eep_manager_persistent_eeprom_2
                0xa00010c8                eep_manager_persistent_eeprom
                0xa00010cc                eep_manager_persistent_config
 .sbss          0xa00010d0        0x8 output\exceptions.o
                0xa00010d0                generateException
                0xa00010d4                exceptionCounter
 .sbss          0xa00010d8       0x20 output\main.o
                0xa00010e4                loopCntHistoryCnt
                0xa00010e8                tick_count
                0xa00010ec                loopCnt
                0xa00010f0                loopCntTemp
                0xa00010f4                do_loopCnt
 .sbss          0xa00010f8        0x2 output\ad.o
                0xa00010f9                doAd100ms
 *fill*         0xa00010fa        0x2 
 .sbss          0xa00010fc        0x8 output\gcode.o
                0xa00010fc                grbl_Tool_Length_2
                0xa0001100                grbl_Tool_Length_1
 .sbss          0xa0001104       0x18 output\grbl_limits.o
                0xa0001104                logger_limits_get_state_prev
                0xa0001105                limit_flag_for_homeing_EXEC_CYCLE_STOP
                0xa0001106                limit_delay_home
                0xa0001108                limits_get_state_debug
                0xa0001109                limits_get_state_current
                0xa000110a                limits_get_state_last
                0xa000110c                do_limits_polling
                0xa0001110                do_limits_1ms
                0xa0001114                limit_go_home_state
                0xa0001118                do_limits_go_home
 .sbss          0xa000111c        0x8 output\motion_control.o
                0xa000111c                mc_homing_state_machine
                0xa0001120                do_mc_homing_cycle
                0xa0001121                count
                0xa0001122                do_ArcGenerating
 .sbss          0xa0001124        0x5 output\nuts_bolts.o
                0xa0001124                nuts_bolts_delayCnt
                0xa0001125                do_nuts_bolts_delay1ms
                0xa0001126                grbl_not_existing_lat
                0xa0001127                grbl_not_existing_port
                0xa0001128                grbl_not_existing_tris
 *fill*         0xa0001129        0x3 
 .sbss          0xa000112c       0x28 output\report.o
                0xa0001144                do_grbl_report_50ms
                0xa0001148                grbl_report_eeprom_dump
                0xa000114c                grbl_report_sys_log_1
                0xa0001150                grbl_report_sys_log_0
 .sbss          0xa0001154       0x10 output\stepper.o
                0xa0001160                segment_next_head
                0xa0001161                segment_buffer_head
                0xa0001162                segment_buffer_tail
 .sbss          0xa0001164       0x10 output\system.o
                0xa0001165                restore_condition
                0xa0001168                restore_spindle_speed
                0xa000116c                sys_rt_exec_accessory_override
                0xa000116d                sys_rt_exec_motion_override
                0xa0001170                grbl_system_sm
 .sbss          0xa0001174       0x1c output\dee.o
                0xa0001178                dee_debug_init_dee
                0xa000117c                do_dee_debug
                0xa0001180                dee_addr_cache
                0xa0001184                dee_data_cache
                0xa0001188                dee_cache_valid
                0xa000118c                dee_debug_last_return_value
 .sbss          0xa0001190        0xc output\system_control.o
                0xa0001190                system_control_get_state_debug
                0xa0001191                system_control_get_state_last_SAFETY_DOOR
                0xa0001192                system_control_get_state_last_CYCLE_START
                0xa0001193                system_control_get_state_last_FEED_HOLD
                0xa0001194                system_control_get_state_last_ABORT
                0xa0001195                system_control_get_state_current_SAFETY_DOOR
                0xa0001196                system_control_get_state_current_CYCLE_START
                0xa0001197                system_control_get_state_current_FEED_HOLD
                0xa0001198                system_control_get_state_current_ABORT
                0xa0001199                do_system_poll_control_pins
                0xa000119a                do_system_control_1ms
                0xa000119b                system_reset_debug
 .sbss          0xa000119c       0x14 output\stepper_enable.o
                0xa000119c                stepper_logger_single_shoot
                0xa000119d                stepper_enable_abort_cnt
                0xa00011a0                stepper_enable_emergency_stop_delay_cnt
                0xa00011a4                stepper_enable_emergency_stop_delay
                0xa00011a8                stepper_enable_delayed_enabling_cnt
                0xa00011ac                stepper_enable_delayed_enabling
                0xa00011ad                do_stepper_enable_1ms
 .sbss          0xa00011b0        0x2 output\system_exec.o
                0xa00011b0                sys_rt_exec_state
 .sbss          0xa00011b2        0x2 output\system_alarm.o
                0xa00011b2                sys_rt_exec_alarm
 .sbss          0xa00011b4        0xc output\grbl_eeprom.o
                0xa00011b8                grbl_eeprom_trigger_current
                0xa00011b9                gc_main_eeprom_trigger
                0xa00011ba                grbl_critical_eep_error
                0xa00011bb                grbl_backup_eep_error
                0xa00011bc                grbl_master_eep_error
                0xa00011bd                grbl_eeprom_triggerWriteSettings
                0xa00011be                grbl_eeprom_triggerWriteAll
                0xa00011bf                do_grbl_eeprom_1ms
 .sbss          0xa00011c0        0xc output\grbl_toolchange.o
                0xa00011c0                do_grbl_toolchange_1ms
                0xa00011c1                grbl_toolchange_load_or_load_and_change
                0xa00011c2                grbl_toolchange_toolNumber
                0xa00011c4                grbl_toolchange_isRunning
                0xa00011c8                GRBL_Toolchange_SM_State
 .sbss          0xa00011cc        0x8 output\stackmeasure.o
                0xa00011cc                stackmeasure_maxfillness
                0xa00011d0                stackmeasure_current_pos
 .sbss          0xa00011d4       0x14 output\grbl_protocol.o
                0xa00011d8                missedRxChar_Grbl_Protocol
                0xa00011dc                protocol_set_requestDwell_dwellTime
                0xa00011e0                protocol_execute_line_status
                0xa00011e2                gc_execute_line_result
                0xa00011e3                requestSynchMotion
                0xa00011e4                lineStateMachine
 .sbss          0xa00011e8       0x20 output\grbl_running.o
                0xa00011f4                do_grbl_running_1h
                0xa00011f5                do_grbl_running_1min
                0xa00011f6                do_grbl_running_1s
                0xa00011f8                grbl_running_spindle_running_minutes
                0xa00011fc                grbl_running_startup_cnt
                0xa0001200                grbl_running_running_hours
                0xa0001204                grbl_running_running_minutes
 .sbss          0xa0001208        0x3 output\grbl_bootloader.o
                0xa0001209                grbl_bootloader_triggered
                0xa000120a                do_grbl_bootloader_1ms
 .sbss          0xa000120b        0x6 output\grbl_probe.o
                0xa000120b                probe_is_no_error
                0xa000120c                do_mc_probe_cycle
                0xa000120d                sys_probe_state
                0xa000120e                do_probe_1ms
                0xa000120f                probe_pin_state
                0xa0001210                probe_invert_mask
 *fill*         0xa0001211        0x3 
 .sbss          0xa0001214       0x3c output\ENC28J60.o
                0xa000121c                enc28j60_Dummy
                0xa0001220                enc28j60_spi_corruption_reinit_state
                0xa0001224                enc28j60_spi_corruption2_cnt
                0xa0001228                enc28j60_spi_corruption1_cnt
                0xa000122c                enc28j60_spi_corruption_reinit
                0xa0001230                ENC28J60_MACON4
                0xa0001231                ENC28J60_MACON3
                0xa0001232                ENC28J60_MACON1
                0xa0001233                ENC28J60_EFLOCON
                0xa0001234                ENC28J60_ECOCON
                0xa0001235                ENC28J60_MISTAT
                0xa0001236                ENC28J60_EBSTCON
                0xa0001237                ENC28J60_MICMD
                0xa0001238                ENC28J60_ERXFCON
                0xa0001239                ENC28J60_ECON1
                0xa000123a                ENC28J60_ECON2
                0xa000123b                ENC28J60_ESTAT
                0xa000123c                ENC28J60_EIR
                0xa000123d                ENC28J60_EIE
                0xa000123e                do_enc28j60_100ms
                0xa000123f                do_enc28j60_1ms
 .sbss          0xa0001250        0x4 output\ARP.o
 .sbss          0xa0001254        0x8 output\Announce.o
 .sbss          0xa000125c        0x4 output\IP.o
 .sbss          0xa0001260        0xc output\StackTsk.o
 .sbss          0xa000126c        0xc output\UDP.o
                0xa000126c                do_udp_1ms
 .sbss          0xa0001278        0x8 output\usb_grbl_multi.o
                0xa0001278                missedRxCharHID
                0xa000127c                missedTxCharHID
 .sbss          0xa0001280       0x1c output\ethernet_grbl_multi.o
                0xa0001284                do_serial_grbl_ethernet_multi_100ms
                0xa0001288                do_serial_grbl_ethernet_multi_1ms
                0xa000128c                ToSendDataBuffer_grbl_ethernet_multi_filled
                0xa0001290                missedRxCharEthernet
                0xa0001294                missedTxCharEthernet
                0xa0001298                bsdServerState
 .sbss          0xa000129c        0x4 output\grbl_multi.o
                0xa000129c                grbl_multi_source
 .sbss          0xa00012a0        0x4 output\TCP.o
                0xa00012a0                do_tcp_1ms
 .sbss          0xa00012a4        0x4 output\BerkeleyAPI.o
                0xa00012a4                do_berkeleyapi_1ms
 .sbss          0xa00012a8        0x4 output\noinitram.o
                0xa00012a8                noinitram_valid_block
 *(.scommon)
 .scommon       0xa00012ac       0x5c output\usb_device.o
                0xa00012ac                pDst
                0xa00012b0                USBDeferINDataStagePackets
                0xa00012b4                CtrlTrfData
                0xa00012bc                USBDeferOUTDataStagePackets
                0xa00012c0                USBDeviceState
                0xa00012c4                controlTransferState
                0xa00012c5                endpoint_number
                0xa00012c8                ep_data_out
                0xa00012cc                USBStatusStageEnabledFlag1
                0xa00012d0                USBStatusStageEnabledFlag2
                0xa00012d4                BothEP0OutUOWNsSet
                0xa00012d8                pBDTEntryEP0OutNext
                0xa00012dc                USBBusIsSuspended
                0xa00012e0                USBStatusStageTimeoutCounter
                0xa00012e4                SetupPkt
                0xa00012ec                ep_data_in
                0xa00012ef                shortPacketStatus
                0xa00012f0                pBDTEntryEP0OutCurrent
                0xa00012f4                USBActiveConfiguration
                0xa00012f8                RemoteWakeup
                0xa00012fc                USTATcopy
                0xa0001300                USBAlternateInterface
                0xa0001304                USBDeferStatusStagePacket
 .scommon       0xa0001308       0x18 output\exceptions.o
                0xa0001308                _return_addr
                0xa000130c                tempB
                0xa0001310                tempA
                0xa0001314                _excep_code
                0xa0001318                tempResult
                0xa000131c                _excep_addr
 .scommon       0xa0001320        0x2 output\ad.o
                0xa0001320                adResults
 *fill*         0xa0001322        0x2 
 .scommon       0xa0001324       0x19 output\grbl_limits.o
                0xa0001324                limit_state
                0xa0001325                axislock
                0xa0001326                approach
                0xa0001328                limit_filter_state
                0xa000132c                homing_rate
                0xa0001330                limits_set_state_filtered_currentState
                0xa0001331                n_active_axis
                0xa0001334                max_travel
                0xa0001338                step_pin
                0xa000133b                cycle_mask_asynch
                0xa000133c                n_cycle
 *fill*         0xa000133d        0x3 
 .scommon       0xa0001340       0x4a output\motion_control.o
                0xa0001340                axis_1_buffer
                0xa0001344                center_axis0
                0xa0001348                linear_per_segment
                0xa000134c                r_axisi
                0xa0001350                theta_per_segment
                0xa0001354                sin_Ti
                0xa0001358                axis_linear_buffer
                0xa000135c                cos_T
                0xa0001360                r_axis0
                0xa0001364                axis_0_buffer
                0xa0001368                r_axis1
                0xa000136c                sin_T
                0xa0001370                cycle_mask_buffer
                0xa0001374                radius_buffer
                0xa0001378                is_clockwise_arc_buffer
                0xa000137c                center_axis1
                0xa0001380                segments_buffer
                0xa0001384                cos_Ti
                0xa0001388                i_buffer
 .scommon       0xa000138a        0x4 output\planner.o
                0xa000138a                block_buffer_head
                0xa000138b                next_buffer_head
                0xa000138c                block_buffer_tail
                0xa000138d                block_buffer_planned
 .scommon       0xa000138e        0x1 output\settings.o
                0xa000138e                eep_settings_version
 *fill*         0xa000138f        0x1 
 .scommon       0xa0001390        0x4 output\system.o
                0xa0001390                system_suspendTime
 .scommon       0xa0001394       0x54 output\grbl.o
                0xa0001394                dummyTRIS6
                0xa0001398                dummyLAT4
                0xa000139c                dummyPORT1
                0xa00013a0                dummyPORT4
                0xa00013a4                dummyTRIS1
                0xa00013a8                dummyLAT1
                0xa00013ac                dummyTRIS3
                0xa00013b0                dummyPORT7
                0xa00013b4                dummyTRIS5
                0xa00013b8                dummyPORT2
                0xa00013bc                dummyLAT3
                0xa00013c0                dummyTRIS4
                0xa00013c4                dummyLAT5
                0xa00013c8                dummyLAT7
                0xa00013cc                dummyLAT2
                0xa00013d0                dummyPORT5
                0xa00013d4                dummyTRIS7
                0xa00013d8                dummyLAT6
                0xa00013dc                dummyTRIS2
                0xa00013e0                dummyPORT3
                0xa00013e4                dummyPORT6
 .scommon       0xa00013e8       0x38 output\usb_function_cdc.o
                0xa00013e8                control_signal_bitmap
                0xa00013ec                cdc_tx_len
                0xa00013f0                pCDCSrc
                0xa00013f4                CDCDataOutHandle
                0xa00013f8                cdc_rx_len
                0xa00013fc                line_coding
                0xa0001404                BaudRateGen
                0xa0001408                CDCDataInHandle
                0xa000140c                cdc_trf_state
                0xa0001410                pCDCDst
                0xa0001414                cdc_mem_type
                0xa0001418                dummy_encapsulated_cmd_response
 .scommon       0xa0001420        0x4 output\dee.o
                0xa0001420                dataEEFlags
 .scommon       0xa0001424        0xc output\dee_page.o
                0xa0001424                read_dee_page_size
                0xa0001428                read_dee_page
                0xa000142c                read_dee_page_startaddress
 .scommon       0xa0001430        0x4 output\grbl_eeprom.o
                0xa0001430                gcodePositionSave
 .scommon       0xa0001434        0x4 output\grbl_toolchange.o
                0xa0001434                grbl_toolchange_failsafe_timeout
 .scommon       0xa0001438        0x4 output\grbl_protocol.o
                0xa0001438                protocol_dwellTime
 .scommon       0xa000143c        0x4 output\grbl_bootloader.o
                0xa000143c                grbl_bootloader_timer
 .scommon       0xa0001440        0x6 output\UDP.o
                0xa0001440                UDPTxCount
                0xa0001442                activeUDPSocket
                0xa0001444                UDPRxCount
 *fill*         0xa0001446        0x2 
 .scommon       0xa0001448        0x2 output\ethernet_grbl_multi.o
                0xa0001448                ClientSock
                0xa0001449                bsdServerSocket
                0xa000144a                _sbss_end = .
                0xa000144c                . = ALIGN (0x4)
 *fill*         0xa000144a        0x2 

.bss            0xa0001600     0x2800
 *(.dynbss)
 *(COMMON)
 COMMON         0xa0001600      0x480 output\task.o
                0xa0001600                taskLists
 COMMON         0xa0001a80       0x78 output\eep_manager.o
                0xa0001a80                eep_manager_write_all_trigger
                0xa0001abc                eep_manager_debug_address
 *fill*         0xa0001af8      0x108 
 COMMON         0xa0001c00       0x93 output\usb_device.o
                0xa0001c00                BDT
                0xa0001c60                inPipes
                0xa0001c70                pBDTEntryIn
                0xa0001c7c                pBDTEntryOut
                0xa0001c88                outPipes
 *fill*         0xa0001c93        0x1 
 COMMON         0xa0001c94       0xf0 output\main.o
                0xa0001c94                loopCntHistory
 COMMON         0xa0001d84       0x9c output\gcode.o
                0xa0001d84                coord_offset_eep
                0xa0001d90                gc_state
                0xa0001dd4                gc_block
                0xa0001e14                coord_system_eep
 COMMON         0xa0001e20       0x18 output\grbl_limits.o
                0xa0001e20                plan_data
                0xa0001e2c                target
 COMMON         0xa0001e38       0x30 output\motion_control.o
                0xa0001e38                target_buffer
                0xa0001e44                offset_buffer
                0xa0001e50                pl_data_buffer
                0xa0001e5c                position_buffer
 COMMON         0xa0001e68      0xd1c output\planner.o
                0xa0001e68                pl
                0xa0001e84                block_buffer
 COMMON         0xa0002b84      0x1a4 output\settings.o
                0xa0002b84                eep_coord_data
                0xa0002bfc                settings
                0xa0002c5c                eep_coord_teached
                0xa0002c68                eep_settings_backup
                0xa0002cc8                eep_settings
 COMMON         0xa0002d28      0x34c output\stepper.o
                0xa0002d28                prep
                0xa0002d60                segment_buffer
                0xa0002e80                st_block_buffer
                0xa000304c                st
 COMMON         0xa0003074      0x12c output\system.o
                0xa0003074                system_log
                0xa00030f4                sys
                0xa0003108                system_log_caller
                0xa0003188                sys_probe_position
                0xa0003194                sys_position
 COMMON         0xa00031a0       0x40 output\pwm.o
                0xa00031a0                pwm_duty
 COMMON         0xa00031e0       0x8a output\usb_function_cdc.o
                0xa00031e0                cdc_data_tx
                0xa0003220                cdc_data_rx
                0xa0003260                cdc_notice
 *fill*         0xa000326a        0x2 
 COMMON         0xa000326c        0xc output\dee_page.o
                0xa000326c                dee_debug_page_status
 COMMON         0xa0003278       0xe8 output\grbl_protocol.o
                0xa0003278                myRingBuffer_grbl_protocol_rx
                0xa0003290                line_buffer
                0xa00032e0                grbl_protocol_rx
 COMMON         0xa0003360       0x33 output\ethernet.o
                0xa0003360                AppConfig
 *fill*         0xa0003393        0x1 
 COMMON         0xa0003394        0xa output\StackTsk.o
                0xa0003394                remoteNode
 *fill*         0xa000339e        0x2 
 COMMON         0xa00033a0       0xe0 output\UDP.o
                0xa00033a0                UDPSocketInfo
 COMMON         0xa0003480      0x4b0 output\usb_grbl_multi.o
                0xa0003480                myRingBuffer_hid_rx
                0xa0003498                myRingBuffer_hid_tx
                0xa00034b0                ReceivedDataBuffer
                0xa00034f0                ToSendDataBuffer
                0xa0003530                hid_rx
                0xa0003730                hid_tx
 COMMON         0xa0003930      0x4d0 output\ethernet_grbl_multi.o
                0xa0003930                ReceivedDataBuffer_grbl_ethernet_multi
                0xa0003970                eth_tx
                0xa0003b70                myRingBuffer_eth_rx
                0xa0003b88                addr
                0xa0003b98                ToSendDataBuffer_grbl_ethernet_multi
                0xa0003bd8                eth_rx
                0xa0003dd8                myRingBuffer_eth_tx
                0xa0003df0                addRemote
                0xa0003e00                . = ALIGN ((. != 0x0)?0x4:0x1)
                0xa0003e00                . = ALIGN (0x4)
                0xa0003e00                _end = .
                0xa0003e00                _bss_end = .
                0x00007000                _bmxdudba_address = 0x7000
                0x00007000                _bmxdupba_address = 0x7000

/DISCARD/
 *(.pdr)
 *(.rel.dyn)
 *(.note.GNU-stack)
 *(.note.GNU-stack)
 *(.gnu_debuglink)
 *(.gnu.lto_*)
 *(.discard)
 *(._debug_exception)

.gptab.sdata
 *(.gptab.data)
 *(.gptab.sdata)

.gptab.sbss
 *(.gptab.bss)
 *(.gptab.sbss)

.mdebug.abi32   0xa0000000        0x0
 *(.mdebug.abi32)
 .mdebug.abi32  0xa0000000        0x0 output\tmr.o
 .mdebug.abi32  0xa0000000        0x0 output\mal.o
 .mdebug.abi32  0xa0000000        0x0 output\ringBuffer.o
 .mdebug.abi32  0xa0000000        0x0 output\task.o
 .mdebug.abi32  0xa0000000        0x0 output\sleep.o
 .mdebug.abi32  0xa0000000        0x0 output\eeprom.o
 .mdebug.abi32  0xa0000000        0x0 output\eep_manager.o
 .mdebug.abi32  0xa0000000        0x0 output\usb.o
 .mdebug.abi32  0xa0000000        0x0 output\usb_descriptors.o
 .mdebug.abi32  0xa0000000        0x0 output\usb_device.o
 .mdebug.abi32  0xa0000000        0x0 output\exceptions.o
 .mdebug.abi32  0xa0000000        0x0 output\isr.o
 .mdebug.abi32  0xa0000000        0x0 output\main.o
 .mdebug.abi32  0xa0000000        0x0 output\c_eep_manager.o
 .mdebug.abi32  0xa0000000        0x0 output\app.o
 .mdebug.abi32  0xa0000000        0x0 output\ad.o
 .mdebug.abi32  0xa0000000        0x0 output\gcode.o
 .mdebug.abi32  0xa0000000        0x0 output\grbl_limits.o
 .mdebug.abi32  0xa0000000        0x0 output\coolant_control.o
 .mdebug.abi32  0xa0000000        0x0 output\motion_control.o
 .mdebug.abi32  0xa0000000        0x0 output\nuts_bolts.o
 .mdebug.abi32  0xa0000000        0x0 output\planner.o
 .mdebug.abi32  0xa0000000        0x0 output\print.o
 .mdebug.abi32  0xa0000000        0x0 output\report.o
 .mdebug.abi32  0xa0000000        0x0 output\settings.o
 .mdebug.abi32  0xa0000000        0x0 output\spindle_control.o
 .mdebug.abi32  0xa0000000        0x0 output\stepper.o
 .mdebug.abi32  0xa0000000        0x0 output\system.o
 .mdebug.abi32  0xa0000000        0x0 output\grbl.o
 .mdebug.abi32  0xa0000000        0x0 output\pwm.o
 .mdebug.abi32  0xa0000000        0x0 output\jog.o
 .mdebug.abi32  0xa0000000        0x0 output\usb_function_cdc.o
 .mdebug.abi32  0xa0000000        0x0 output\dee.o
 .mdebug.abi32  0xa0000000        0x0 output\dee_page.o
 .mdebug.abi32  0xa0000000        0x0 output\dee_page_helper.o
 .mdebug.abi32  0xa0000000        0x0 output\eep_manager_crc.o
 .mdebug.abi32  0xa0000000        0x0 output\system_control.o
 .mdebug.abi32  0xa0000000        0x0 output\stepper_enable.o
 .mdebug.abi32  0xa0000000        0x0 output\system_exec.o
 .mdebug.abi32  0xa0000000        0x0 output\system_alarm.o
 .mdebug.abi32  0xa0000000        0x0 output\grbl_eeprom.o
 .mdebug.abi32  0xa0000000        0x0 output\bootloader_interface.o
 .mdebug.abi32  0xa0000000        0x0 output\grbl_toolchange.o
 .mdebug.abi32  0xa0000000        0x0 output\stackmeasure.o
 .mdebug.abi32  0xa0000000        0x0 output\grbl_protocol.o
 .mdebug.abi32  0xa0000000        0x0 output\grbl_running.o
 .mdebug.abi32  0xa0000000        0x0 output\grbl_bootloader.o
 .mdebug.abi32  0xa0000000        0x0 output\grbl_probe.o
 .mdebug.abi32  0xa0000000        0x0 output\ethernet.o
 .mdebug.abi32  0xa0000000        0x0 output\ENC28J60.o
 .mdebug.abi32  0xa0000000        0x0 output\DHCP.o
 .mdebug.abi32  0xa0000000        0x0 output\Delay.o
 .mdebug.abi32  0xa0000000        0x0 output\ARP.o
 .mdebug.abi32  0xa0000000        0x0 output\Announce.o
 .mdebug.abi32  0xa0000000        0x0 output\Helpers.o
 .mdebug.abi32  0xa0000000        0x0 output\ICMP.o
 .mdebug.abi32  0xa0000000        0x0 output\IP.o
 .mdebug.abi32  0xa0000000        0x0 output\StackTsk.o
 .mdebug.abi32  0xa0000000        0x0 output\UDP.o
 .mdebug.abi32  0xa0000000        0x0 output\usb_grbl_multi.o
 .mdebug.abi32  0xa0000000        0x0 output\ethernet_grbl_multi.o
 .mdebug.abi32  0xa0000000        0x0 output\grbl_multi.o
 .mdebug.abi32  0xa0000000        0x0 output\Reboot.o
 .mdebug.abi32  0xa0000000        0x0 output\TCP.o
 .mdebug.abi32  0xa0000000        0x0 output\BerkeleyAPI.o
 .mdebug.abi32  0xa0000000        0x0 output\noinitram.o
 .mdebug.abi32  0xa0000000        0x0 c:/program files (x86)/microchip/xc32/v2.30/bin/bin/../../lib/gcc/pic32mx/4.8.3/../../../../pic32mx/lib\libmchp_peripheral_32MX440F256H.a(soft_reset_lib.o)
 .mdebug.abi32  0xa0000000        0x0 c:/program files (x86)/microchip/xc32/v2.30/bin/bin/../../lib/gcc/pic32mx/4.8.3/../../../../pic32mx/lib\libmchp_peripheral_32MX440F256H.a(pcache.o)
 .mdebug.abi32  0xa0000000        0x0 c:/program files (x86)/microchip/xc32/v2.30/bin/bin/../../lib/gcc/pic32mx/4.8.3/../../../../pic32mx/lib\libmchp_peripheral_32MX440F256H.a(int_disable_interrupts_lib.o)
 .mdebug.abi32  0xa0000000        0x0 c:/program files (x86)/microchip/xc32/v2.30/bin/bin/../../lib/gcc/pic32mx/4.8.3/../../../../pic32mx/lib\libmchp_peripheral_32MX440F256H.a(power_idle_lib.o)
 .mdebug.abi32  0xa0000000        0x0 c:/program files (x86)/microchip/xc32/v2.30/bin/bin/../../lib/gcc/pic32mx/4.8.3/../../../../pic32mx/lib\libmchp_peripheral_32MX440F256H.a(power_sleep_lib.o)
 .mdebug.abi32  0xa0000000        0x0 c:/program files (x86)/microchip/xc32/v2.30/bin/bin/../../lib/gcc/pic32mx/4.8.3/../../../../pic32mx/lib\libmchp_peripheral_32MX440F256H.a(nvm_erase_page_lib.o)
 .mdebug.abi32  0xa0000000        0x0 c:/program files (x86)/microchip/xc32/v2.30/bin/bin/../../lib/gcc/pic32mx/4.8.3/../../../../pic32mx/lib\libmchp_peripheral_32MX440F256H.a(nvm_operation_lib.o)
 .mdebug.abi32  0xa0000000        0x0 c:/program files (x86)/microchip/xc32/v2.30/bin/bin/../../lib/gcc/pic32mx/4.8.3/../../../../pic32mx/lib\libmchp_peripheral_32MX440F256H.a(nvm_write_word_lib.o)
 .mdebug.abi32  0xa0000000        0x0 c:/program files (x86)/microchip/xc32/v2.30/bin/bin/../../lib/gcc/pic32mx/4.8.3/../../../../pic32mx/lib\libmchp_peripheral_32MX440F256H.a(int_restore_interrupts_lib.o)
 .mdebug.abi32  0xa0000000        0x0 c:/program files (x86)/microchip/xc32/v2.30/bin/bin/../../lib/gcc/pic32mx/4.8.3\libgcc.a(_fixunssfdi.o)
 .mdebug.abi32  0xa0000000        0x0 c:/program files (x86)/microchip/xc32/v2.30/bin/bin/../../lib/gcc/pic32mx/4.8.3\libgcc.a(_floatundisf.o)
 .mdebug.abi32  0xa0000000        0x0 c:/program files (x86)/microchip/xc32/v2.30/bin/bin/../../lib/gcc/pic32mx/4.8.3\libgcc.a(floatunsisf.o)
 .mdebug.abi32  0xa0000000        0x0 c:/program files (x86)/microchip/xc32/v2.30/bin/bin/../../lib/gcc/pic32mx/4.8.3\libgcc.a(floatunsidf.o)
 .mdebug.abi32  0xa0000000        0x0 c:/program files (x86)/microchip/xc32/v2.30/bin/bin/../../lib/gcc/pic32mx/4.8.3/../../../../pic32mx/lib\libpic32.a(default-bootstrap-exception-handler.o)
 .mdebug.abi32  0xa0000000        0x0 c:/program files (x86)/microchip/xc32/v2.30/bin/bin/../../lib/gcc/pic32mx/4.8.3/../../../../pic32mx/lib\libpic32.a(default-on-reset.o)
 .mdebug.abi32  0xa0000000        0x0 c:/program files (x86)/microchip/xc32/v2.30/bin/bin/../../lib/gcc/pic32mx/4.8.3/../../../../pic32mx/lib\libpic32.a(default-on-bootstrap.o)
 .mdebug.abi32  0xa0000000        0x0 c:/program files (x86)/microchip/xc32/v2.30/bin/bin/../../lib/gcc/pic32mx/4.8.3/../../../../pic32mx/lib\libpic32.a(defaultinterrupt.o)
 .mdebug.abi32  0xa0000000        0x0 c:/program files (x86)/microchip/xc32/v2.30/bin/bin/../../lib/gcc/pic32mx/4.8.3/../../../../pic32mx/lib\liblega-c.a(strncmp.o)
 .mdebug.abi32  0xa0000000        0x0 c:/program files (x86)/microchip/xc32/v2.30/bin/bin/../../lib/gcc/pic32mx/4.8.3/../../../../pic32mx/lib\liblega-c.a(strncpy.o)
 .mdebug.abi32  0xa0000000        0x0 c:/program files (x86)/microchip/xc32/v2.30/bin/bin/../../lib/gcc/pic32mx/4.8.3/../../../../pic32mx/lib\libm.a(w_atan2f.o)
 .mdebug.abi32  0xa0000000        0x0 c:/program files (x86)/microchip/xc32/v2.30/bin/bin/../../lib/gcc/pic32mx/4.8.3/../../../../pic32mx/lib\libm.a(w_sqrtf.o)
 .mdebug.abi32  0xa0000000        0x0 c:/program files (x86)/microchip/xc32/v2.30/bin/bin/../../lib/gcc/pic32mx/4.8.3/../../../../pic32mx/lib\libm.a(support.o)
 .mdebug.abi32  0xa0000000        0x0 c:/program files (x86)/microchip/xc32/v2.30/bin/bin/../../lib/gcc/pic32mx/4.8.3/../../../../pic32mx/lib\libm.a(s_lib_ver.o)
 .mdebug.abi32  0xa0000000        0x0 c:/program files (x86)/microchip/xc32/v2.30/bin/bin/../../lib/gcc/pic32mx/4.8.3/../../../../pic32mx/lib\libpic32.a(errno.o)

.mdebug.abiN32
 *(.mdebug.abiN32)

.mdebug.abi64
 *(.mdebug.abi64)

.mdebug.abiO64
 *(.mdebug.abiO64)

.mdebug.eabi32
 *(.mdebug.eabi32)

.mdebug.eabi64
 *(.mdebug.eabi64)

.gcc_compiled_long32
 *(.gcc_compiled_long32)

.gcc_compiled_long64
 *(.gcc_compiled_long64)

.stab
 *(.stab)

.stabstr
 *(.stabstr)

.stab.excl
 *(.stab.excl)

.stab.exclstr
 *(.stab.exclstr)

.stab.index
 *(.stab.index)

.stab.indexstr
 *(.stab.indexstr)

.comment        0x00000000      0x17a
 *(.comment)
 .comment       0x00000000       0x3c output\tmr.o
                                 0x3d (size before relaxing)
 .comment       0x00000000       0x3d output\mal.o
 .comment       0x00000000       0x3d output\ringBuffer.o
 .comment       0x00000000       0x3d output\task.o
 .comment       0x00000000       0x3d output\sleep.o
 .comment       0x00000000       0x3d output\eeprom.o
 .comment       0x00000000       0x3d output\eep_manager.o
 .comment       0x00000000       0x3d output\usb.o
 .comment       0x00000000       0x3d output\usb_descriptors.o
 .comment       0x00000000       0x3d output\usb_device.o
 .comment       0x00000000       0x3d output\exceptions.o
 .comment       0x00000000       0x3d output\isr.o
 .comment       0x00000000       0x3d output\main.o
 .comment       0x00000000       0x3d output\c_eep_manager.o
 .comment       0x00000000       0x3d output\app.o
 .comment       0x00000000       0x3d output\ad.o
 .comment       0x00000000       0x3d output\gcode.o
 .comment       0x00000000       0x3d output\grbl_limits.o
 .comment       0x00000000       0x3d output\coolant_control.o
 .comment       0x00000000       0x3d output\motion_control.o
 .comment       0x00000000       0x3d output\nuts_bolts.o
 .comment       0x00000000       0x3d output\planner.o
 .comment       0x00000000       0x3d output\print.o
 .comment       0x00000000       0x3d output\report.o
 .comment       0x00000000       0x3d output\settings.o
 .comment       0x00000000       0x3d output\spindle_control.o
 .comment       0x00000000       0x3d output\stepper.o
 .comment       0x00000000       0x3d output\system.o
 .comment       0x00000000       0x3d output\grbl.o
 .comment       0x00000000       0x3d output\pwm.o
 .comment       0x00000000       0x3d output\jog.o
 .comment       0x00000000       0x3d output\usb_function_cdc.o
 .comment       0x00000000       0x3d output\dee.o
 .comment       0x00000000       0x3d output\dee_page.o
 .comment       0x00000000       0x3d output\dee_page_helper.o
 .comment       0x00000000       0x3d output\eep_manager_crc.o
 .comment       0x00000000       0x3d output\system_control.o
 .comment       0x00000000       0x3d output\stepper_enable.o
 .comment       0x00000000       0x3d output\system_exec.o
 .comment       0x00000000       0x3d output\system_alarm.o
 .comment       0x00000000       0x3d output\grbl_eeprom.o
 .comment       0x00000000       0x3d output\bootloader_interface.o
 .comment       0x00000000       0x3d output\grbl_toolchange.o
 .comment       0x00000000       0x3d output\stackmeasure.o
 .comment       0x00000000       0x3d output\grbl_protocol.o
 .comment       0x00000000       0x3d output\grbl_running.o
 .comment       0x00000000       0x3d output\grbl_bootloader.o
 .comment       0x00000000       0x3d output\grbl_probe.o
 .comment       0x00000000       0x3d output\ethernet.o
 .comment       0x00000000       0x3d output\ENC28J60.o
 .comment       0x00000000       0x3d output\DHCP.o
 .comment       0x00000000       0x3d output\Delay.o
 .comment       0x00000000       0x3d output\ARP.o
 .comment       0x00000000       0x3d output\Announce.o
 .comment       0x00000000       0x3d output\Helpers.o
 .comment       0x00000000       0x3d output\ICMP.o
 .comment       0x00000000       0x3d output\IP.o
 .comment       0x00000000       0x3d output\StackTsk.o
 .comment       0x00000000       0x3d output\UDP.o
 .comment       0x00000000       0x3d output\usb_grbl_multi.o
 .comment       0x00000000       0x3d output\ethernet_grbl_multi.o
 .comment       0x00000000       0x3d output\grbl_multi.o
 .comment       0x00000000       0x3d output\Reboot.o
 .comment       0x00000000       0x3d output\TCP.o
 .comment       0x00000000       0x3d output\BerkeleyAPI.o
 .comment       0x00000000       0x3d output\noinitram.o
 .comment       0x0000003c       0x3c c:/program files (x86)/microchip/xc32/v2.30/bin/bin/../../lib/gcc/pic32mx/4.8.3/../../../../pic32mx/lib\libmchp_peripheral_32MX440F256H.a(soft_reset_lib.o)
                                 0x3d (size before relaxing)
 .comment       0x00000000       0x3d c:/program files (x86)/microchip/xc32/v2.30/bin/bin/../../lib/gcc/pic32mx/4.8.3/../../../../pic32mx/lib\libmchp_peripheral_32MX440F256H.a(pcache.o)
 .comment       0x00000000       0x3d c:/program files (x86)/microchip/xc32/v2.30/bin/bin/../../lib/gcc/pic32mx/4.8.3/../../../../pic32mx/lib\libmchp_peripheral_32MX440F256H.a(int_disable_interrupts_lib.o)
 .comment       0x00000000       0x3d c:/program files (x86)/microchip/xc32/v2.30/bin/bin/../../lib/gcc/pic32mx/4.8.3/../../../../pic32mx/lib\libmchp_peripheral_32MX440F256H.a(power_idle_lib.o)
 .comment       0x00000000       0x3d c:/program files (x86)/microchip/xc32/v2.30/bin/bin/../../lib/gcc/pic32mx/4.8.3/../../../../pic32mx/lib\libmchp_peripheral_32MX440F256H.a(power_sleep_lib.o)
 .comment       0x00000000       0x3d c:/program files (x86)/microchip/xc32/v2.30/bin/bin/../../lib/gcc/pic32mx/4.8.3/../../../../pic32mx/lib\libmchp_peripheral_32MX440F256H.a(nvm_erase_page_lib.o)
 .comment       0x00000000       0x3d c:/program files (x86)/microchip/xc32/v2.30/bin/bin/../../lib/gcc/pic32mx/4.8.3/../../../../pic32mx/lib\libmchp_peripheral_32MX440F256H.a(nvm_operation_lib.o)
 .comment       0x00000000       0x3d c:/program files (x86)/microchip/xc32/v2.30/bin/bin/../../lib/gcc/pic32mx/4.8.3/../../../../pic32mx/lib\libmchp_peripheral_32MX440F256H.a(nvm_write_word_lib.o)
 .comment       0x00000000       0x3d c:/program files (x86)/microchip/xc32/v2.30/bin/bin/../../lib/gcc/pic32mx/4.8.3/../../../../pic32mx/lib\libmchp_peripheral_32MX440F256H.a(int_restore_interrupts_lib.o)
 .comment       0x00000000       0x3d c:/program files (x86)/microchip/xc32/v2.30/bin/bin/../../lib/gcc/pic32mx/4.8.3\libgcc.a(_fixunssfdi.o)
 .comment       0x00000000       0x3d c:/program files (x86)/microchip/xc32/v2.30/bin/bin/../../lib/gcc/pic32mx/4.8.3\libgcc.a(_floatundisf.o)
 .comment       0x00000000       0x3d c:/program files (x86)/microchip/xc32/v2.30/bin/bin/../../lib/gcc/pic32mx/4.8.3\libgcc.a(floatunsisf.o)
 .comment       0x00000000       0x3d c:/program files (x86)/microchip/xc32/v2.30/bin/bin/../../lib/gcc/pic32mx/4.8.3\libgcc.a(floatunsidf.o)
 .comment       0x00000078       0x18 c:/program files (x86)/microchip/xc32/v2.30/bin/bin/../../lib/gcc/pic32mx/4.8.3/../../../../pic32mx/lib\libpic32.a(memcmp.o)
                                 0x19 (size before relaxing)
 .comment       0x00000090       0x18 c:/program files (x86)/microchip/xc32/v2.30/bin/bin/../../lib/gcc/pic32mx/4.8.3/../../../../pic32mx/lib\libpic32.a(memset.o)
                                 0x19 (size before relaxing)
 .comment       0x000000a8       0x19 c:/program files (x86)/microchip/xc32/v2.30/bin/bin/../../lib/gcc/pic32mx/4.8.3/../../../../pic32mx/lib\libpic32.a(strcmp.o)
                                 0x1a (size before relaxing)
 .comment       0x000000c1       0x19 c:/program files (x86)/microchip/xc32/v2.30/bin/bin/../../lib/gcc/pic32mx/4.8.3/../../../../pic32mx/lib\libpic32.a(strlen.o)
                                 0x1a (size before relaxing)
 .comment       0x00000000       0x3d c:/program files (x86)/microchip/xc32/v2.30/bin/bin/../../lib/gcc/pic32mx/4.8.3/../../../../pic32mx/lib\libpic32.a(default-bootstrap-exception-handler.o)
 .comment       0x00000000       0x3d c:/program files (x86)/microchip/xc32/v2.30/bin/bin/../../lib/gcc/pic32mx/4.8.3/../../../../pic32mx/lib\libpic32.a(default-on-reset.o)
 .comment       0x00000000       0x3d c:/program files (x86)/microchip/xc32/v2.30/bin/bin/../../lib/gcc/pic32mx/4.8.3/../../../../pic32mx/lib\libpic32.a(default-on-bootstrap.o)
 .comment       0x00000000       0x3d c:/program files (x86)/microchip/xc32/v2.30/bin/bin/../../lib/gcc/pic32mx/4.8.3/../../../../pic32mx/lib\libpic32.a(defaultinterrupt.o)
 .comment       0x000000da       0x50 c:/program files (x86)/microchip/xc32/v2.30/bin/bin/../../lib/gcc/pic32mx/4.8.3/../../../../pic32mx/lib\liblega-c.a(strncmp.o)
                                 0x8d (size before relaxing)
 .comment       0x0000012a       0x50 c:/program files (x86)/microchip/xc32/v2.30/bin/bin/../../lib/gcc/pic32mx/4.8.3/../../../../pic32mx/lib\liblega-c.a(strncpy.o)
                                 0x8d (size before relaxing)
 .comment       0x00000000       0x3d c:/program files (x86)/microchip/xc32/v2.30/bin/bin/../../lib/gcc/pic32mx/4.8.3/../../../../pic32mx/lib\libm.a(w_atan2f.o)
 .comment       0x00000000       0x3d c:/program files (x86)/microchip/xc32/v2.30/bin/bin/../../lib/gcc/pic32mx/4.8.3/../../../../pic32mx/lib\libm.a(w_sqrtf.o)
 .comment       0x00000000       0x3d c:/program files (x86)/microchip/xc32/v2.30/bin/bin/../../lib/gcc/pic32mx/4.8.3/../../../../pic32mx/lib\libm.a(support.o)
 .comment       0x00000000       0x3d c:/program files (x86)/microchip/xc32/v2.30/bin/bin/../../lib/gcc/pic32mx/4.8.3/../../../../pic32mx/lib\libm.a(s_lib_ver.o)
 .comment       0x00000000       0x3d c:/program files (x86)/microchip/xc32/v2.30/bin/bin/../../lib/gcc/pic32mx/4.8.3/../../../../pic32mx/lib\libpic32.a(errno.o)

.debug
 *(.debug)

.line
 *(.line)

.debug_srcinfo
 *(.debug_srcinfo)

.debug_sfnames
 *(.debug_sfnames)

.debug_aranges  0x00000000      0xb08
 *(.debug_aranges)
 .debug_aranges
                0x00000000       0x20 output\tmr.o
 .debug_aranges
                0x00000020       0x20 output\mal.o
 .debug_aranges
                0x00000040       0x20 output\ringBuffer.o
 .debug_aranges
                0x00000060       0x20 output\task.o
 .debug_aranges
                0x00000080       0x20 output\sleep.o
 .debug_aranges
                0x000000a0       0x20 output\eeprom.o
 .debug_aranges
                0x000000c0       0x20 output\eep_manager.o
 .debug_aranges
                0x000000e0       0x20 output\usb.o
 .debug_aranges
                0x00000100       0x18 output\usb_descriptors.o
 .debug_aranges
                0x00000118       0x20 output\usb_device.o
 .debug_aranges
                0x00000138       0x20 output\exceptions.o
 .debug_aranges
                0x00000158       0x20 output\isr.o
 .debug_aranges
                0x00000178       0x20 output\main.o
 .debug_aranges
                0x00000198       0x18 output\c_eep_manager.o
 .debug_aranges
                0x000001b0       0x20 output\app.o
 .debug_aranges
                0x000001d0       0x20 output\ad.o
 .debug_aranges
                0x000001f0       0x20 output\gcode.o
 .debug_aranges
                0x00000210       0x20 output\grbl_limits.o
 .debug_aranges
                0x00000230       0x20 output\coolant_control.o
 .debug_aranges
                0x00000250       0x20 output\motion_control.o
 .debug_aranges
                0x00000270       0x20 output\nuts_bolts.o
 .debug_aranges
                0x00000290       0x20 output\planner.o
 .debug_aranges
                0x000002b0       0x20 output\print.o
 .debug_aranges
                0x000002d0       0x20 output\report.o
 .debug_aranges
                0x000002f0       0x20 output\settings.o
 .debug_aranges
                0x00000310       0x20 output\spindle_control.o
 .debug_aranges
                0x00000330       0x20 output\stepper.o
 .debug_aranges
                0x00000350       0x20 output\system.o
 .debug_aranges
                0x00000370       0x20 output\grbl.o
 .debug_aranges
                0x00000390       0x20 output\pwm.o
 .debug_aranges
                0x000003b0       0x20 output\jog.o
 .debug_aranges
                0x000003d0       0x20 output\usb_function_cdc.o
 .debug_aranges
                0x000003f0       0x20 output\dee.o
 .debug_aranges
                0x00000410       0x20 output\dee_page.o
 .debug_aranges
                0x00000430       0x20 output\dee_page_helper.o
 .debug_aranges
                0x00000450       0x20 output\eep_manager_crc.o
 .debug_aranges
                0x00000470       0x20 output\system_control.o
 .debug_aranges
                0x00000490       0x20 output\stepper_enable.o
 .debug_aranges
                0x000004b0       0x20 output\system_exec.o
 .debug_aranges
                0x000004d0       0x20 output\system_alarm.o
 .debug_aranges
                0x000004f0       0x20 output\grbl_eeprom.o
 .debug_aranges
                0x00000510       0x20 output\bootloader_interface.o
 .debug_aranges
                0x00000530       0x20 output\grbl_toolchange.o
 .debug_aranges
                0x00000550       0x20 output\stackmeasure.o
 .debug_aranges
                0x00000570       0x20 output\grbl_protocol.o
 .debug_aranges
                0x00000590       0x20 output\grbl_running.o
 .debug_aranges
                0x000005b0       0x20 output\grbl_bootloader.o
 .debug_aranges
                0x000005d0       0x20 output\grbl_probe.o
 .debug_aranges
                0x000005f0       0x20 output\ethernet.o
 .debug_aranges
                0x00000610       0x20 output\ENC28J60.o
 .debug_aranges
                0x00000630       0x18 output\DHCP.o
 .debug_aranges
                0x00000648       0x20 output\Delay.o
 .debug_aranges
                0x00000668       0x20 output\ARP.o
 .debug_aranges
                0x00000688       0x20 output\Announce.o
 .debug_aranges
                0x000006a8       0x20 output\Helpers.o
 .debug_aranges
                0x000006c8       0x20 output\ICMP.o
 .debug_aranges
                0x000006e8       0x20 output\IP.o
 .debug_aranges
                0x00000708       0x20 output\StackTsk.o
 .debug_aranges
                0x00000728       0x20 output\UDP.o
 .debug_aranges
                0x00000748       0x20 output\usb_grbl_multi.o
 .debug_aranges
                0x00000768       0x20 output\ethernet_grbl_multi.o
 .debug_aranges
                0x00000788       0x20 output\grbl_multi.o
 .debug_aranges
                0x000007a8       0x20 output\Reboot.o
 .debug_aranges
                0x000007c8       0x20 output\TCP.o
 .debug_aranges
                0x000007e8       0x20 output\BerkeleyAPI.o
 .debug_aranges
                0x00000808       0x20 output\noinitram.o
 .debug_aranges
                0x00000828       0x20 c:/program files (x86)/microchip/xc32/v2.30/bin/bin/../../lib/gcc/pic32mx/4.8.3/../../../../pic32mx/lib\libmchp_peripheral_32MX440F256H.a(soft_reset_lib.o)
 .debug_aranges
                0x00000848       0x28 c:/program files (x86)/microchip/xc32/v2.30/bin/bin/../../lib/gcc/pic32mx/4.8.3/../../../../pic32mx/lib\libmchp_peripheral_32MX440F256H.a(pcache.o)
 .debug_aranges
                0x00000870       0x20 c:/program files (x86)/microchip/xc32/v2.30/bin/bin/../../lib/gcc/pic32mx/4.8.3/../../../../pic32mx/lib\libmchp_peripheral_32MX440F256H.a(int_disable_interrupts_lib.o)
 .debug_aranges
                0x00000890       0x20 c:/program files (x86)/microchip/xc32/v2.30/bin/bin/../../lib/gcc/pic32mx/4.8.3/../../../../pic32mx/lib\libmchp_peripheral_32MX440F256H.a(power_idle_lib.o)
 .debug_aranges
                0x000008b0       0x20 c:/program files (x86)/microchip/xc32/v2.30/bin/bin/../../lib/gcc/pic32mx/4.8.3/../../../../pic32mx/lib\libmchp_peripheral_32MX440F256H.a(power_sleep_lib.o)
 .debug_aranges
                0x000008d0       0x20 c:/program files (x86)/microchip/xc32/v2.30/bin/bin/../../lib/gcc/pic32mx/4.8.3/../../../../pic32mx/lib\libmchp_peripheral_32MX440F256H.a(nvm_erase_page_lib.o)
 .debug_aranges
                0x000008f0       0x20 c:/program files (x86)/microchip/xc32/v2.30/bin/bin/../../lib/gcc/pic32mx/4.8.3/../../../../pic32mx/lib\libmchp_peripheral_32MX440F256H.a(nvm_operation_lib.o)
 .debug_aranges
                0x00000910       0x20 c:/program files (x86)/microchip/xc32/v2.30/bin/bin/../../lib/gcc/pic32mx/4.8.3/../../../../pic32mx/lib\libmchp_peripheral_32MX440F256H.a(nvm_write_word_lib.o)
 .debug_aranges
                0x00000930       0x20 c:/program files (x86)/microchip/xc32/v2.30/bin/bin/../../lib/gcc/pic32mx/4.8.3/../../../../pic32mx/lib\libmchp_peripheral_32MX440F256H.a(int_restore_interrupts_lib.o)
 .debug_aranges
                0x00000950       0x20 c:/program files (x86)/microchip/xc32/v2.30/bin/bin/../../lib/gcc/pic32mx/4.8.3\libgcc.a(_fixunssfdi.o)
 .debug_aranges
                0x00000970       0x20 c:/program files (x86)/microchip/xc32/v2.30/bin/bin/../../lib/gcc/pic32mx/4.8.3\libgcc.a(_floatundisf.o)
 .debug_aranges
                0x00000990       0x20 c:/program files (x86)/microchip/xc32/v2.30/bin/bin/../../lib/gcc/pic32mx/4.8.3\libgcc.a(floatunsisf.o)
 .debug_aranges
                0x000009b0       0x20 c:/program files (x86)/microchip/xc32/v2.30/bin/bin/../../lib/gcc/pic32mx/4.8.3\libgcc.a(floatunsidf.o)
 .debug_aranges
                0x000009d0       0x20 c:/program files (x86)/microchip/xc32/v2.30/bin/bin/../../lib/gcc/pic32mx/4.8.3/../../../../pic32mx/lib\libpic32.a(default-bootstrap-exception-handler.o)
 .debug_aranges
                0x000009f0       0x20 c:/program files (x86)/microchip/xc32/v2.30/bin/bin/../../lib/gcc/pic32mx/4.8.3/../../../../pic32mx/lib\libpic32.a(default-on-reset.o)
 .debug_aranges
                0x00000a10       0x20 c:/program files (x86)/microchip/xc32/v2.30/bin/bin/../../lib/gcc/pic32mx/4.8.3/../../../../pic32mx/lib\libpic32.a(default-on-bootstrap.o)
 .debug_aranges
                0x00000a30       0x20 c:/program files (x86)/microchip/xc32/v2.30/bin/bin/../../lib/gcc/pic32mx/4.8.3/../../../../pic32mx/lib\libpic32.a(defaultinterrupt.o)
 .debug_aranges
                0x00000a50       0x20 c:/program files (x86)/microchip/xc32/v2.30/bin/bin/../../lib/gcc/pic32mx/4.8.3/../../../../pic32mx/lib\libm.a(w_atan2f.o)
 .debug_aranges
                0x00000a70       0x20 c:/program files (x86)/microchip/xc32/v2.30/bin/bin/../../lib/gcc/pic32mx/4.8.3/../../../../pic32mx/lib\libm.a(w_sqrtf.o)
 .debug_aranges
                0x00000a90       0x78 c:/program files (x86)/microchip/xc32/v2.30/bin/bin/../../lib/gcc/pic32mx/4.8.3/../../../../pic32mx/lib\libm.a(support.o)

.debug_pubnames
 *(.debug_pubnames)

.debug_info     0x00000000    0x4b82a
 *(.debug_info .gnu.linkonce.wi.*)
 .debug_info    0x00000000      0xa31 output\tmr.o
 .debug_info    0x00000a31      0x6a2 output\mal.o
 .debug_info    0x000010d3      0x60c output\ringBuffer.o
 .debug_info    0x000016df      0x977 output\task.o
 .debug_info    0x00002056      0x80a output\sleep.o
 .debug_info    0x00002860      0x440 output\eeprom.o
 .debug_info    0x00002ca0     0x134a output\eep_manager.o
 .debug_info    0x00003fea      0xcff output\usb.o
 .debug_info    0x00004ce9      0x79b output\usb_descriptors.o
 .debug_info    0x00005484     0x29d0 output\usb_device.o
 .debug_info    0x00007e54      0x7f7 output\exceptions.o
 .debug_info    0x0000864b      0xde5 output\isr.o
 .debug_info    0x00009430      0xefe output\main.o
 .debug_info    0x0000a32e     0x17a8 output\c_eep_manager.o
 .debug_info    0x0000bad6      0x2c4 output\app.o
 .debug_info    0x0000bd9a      0x9a6 output\ad.o
 .debug_info    0x0000c740     0x181b output\gcode.o
 .debug_info    0x0000df5b     0x1a37 output\grbl_limits.o
 .debug_info    0x0000f992      0x3f4 output\coolant_control.o
 .debug_info    0x0000fd86     0x12c4 output\motion_control.o
 .debug_info    0x0001104a      0x782 output\nuts_bolts.o
 .debug_info    0x000117cc     0x11ec output\planner.o
 .debug_info    0x000129b8      0x8c4 output\print.o
 .debug_info    0x0001327c     0x3736 output\report.o
 .debug_info    0x000169b2      0x9da output\settings.o
 .debug_info    0x0001738c      0xb07 output\spindle_control.o
 .debug_info    0x00017e93     0x181c output\stepper.o
 .debug_info    0x000196af     0x285e output\system.o
 .debug_info    0x0001bf0d     0x1905 output\grbl.o
 .debug_info    0x0001d812      0xb87 output\pwm.o
 .debug_info    0x0001e399      0xa5a output\jog.o
 .debug_info    0x0001edf3     0x1c66 output\usb_function_cdc.o
 .debug_info    0x00020a59     0x155f output\dee.o
 .debug_info    0x00021fb8     0x100e output\dee_page.o
 .debug_info    0x00022fc6      0x763 output\dee_page_helper.o
 .debug_info    0x00023729      0x67a output\eep_manager_crc.o
 .debug_info    0x00023da3      0xa20 output\system_control.o
 .debug_info    0x000247c3      0x87a output\stepper_enable.o
 .debug_info    0x0002503d      0x294 output\system_exec.o
 .debug_info    0x000252d1      0x26f output\system_alarm.o
 .debug_info    0x00025540     0x120d output\grbl_eeprom.o
 .debug_info    0x0002674d      0x2a6 output\bootloader_interface.o
 .debug_info    0x000269f3      0x883 output\grbl_toolchange.o
 .debug_info    0x00027276      0x228 output\stackmeasure.o
 .debug_info    0x0002749e     0x19d8 output\grbl_protocol.o
 .debug_info    0x00028e76      0x632 output\grbl_running.o
 .debug_info    0x000294a8      0x626 output\grbl_bootloader.o
 .debug_info    0x00029ace      0xdf7 output\grbl_probe.o
 .debug_info    0x0002a8c5     0x1b3b output\ethernet.o
 .debug_info    0x0002c400     0x52e3 output\ENC28J60.o
 .debug_info    0x000316e3      0xdb5 output\DHCP.o
 .debug_info    0x00032498      0xea0 output\Delay.o
 .debug_info    0x00033338     0x1a42 output\ARP.o
 .debug_info    0x00034d7a     0x1b6a output\Announce.o
 .debug_info    0x000368e4     0x1ab6 output\Helpers.o
 .debug_info    0x0003839a     0x15d4 output\ICMP.o
 .debug_info    0x0003996e     0x1973 output\IP.o
 .debug_info    0x0003b2e1     0x1974 output\StackTsk.o
 .debug_info    0x0003cc55     0x24dd output\UDP.o
 .debug_info    0x0003f132      0xc59 output\usb_grbl_multi.o
 .debug_info    0x0003fd8b     0x1adc output\ethernet_grbl_multi.o
 .debug_info    0x00041867      0x44b output\grbl_multi.o
 .debug_info    0x00041cb2     0x18a8 output\Reboot.o
 .debug_info    0x0004355a     0x3fd5 output\TCP.o
 .debug_info    0x0004752f     0x26aa output\BerkeleyAPI.o
 .debug_info    0x00049bd9      0x7cf output\noinitram.o
 .debug_info    0x0004a3a8       0xb0 c:/program files (x86)/microchip/xc32/v2.30/bin/bin/../../lib/gcc/pic32mx/4.8.3/../../../../pic32mx/lib\libmchp_peripheral_32MX440F256H.a(soft_reset_lib.o)
 .debug_info    0x0004a458       0xbe c:/program files (x86)/microchip/xc32/v2.30/bin/bin/../../lib/gcc/pic32mx/4.8.3/../../../../pic32mx/lib\libmchp_peripheral_32MX440F256H.a(pcache.o)
 .debug_info    0x0004a516       0xb4 c:/program files (x86)/microchip/xc32/v2.30/bin/bin/../../lib/gcc/pic32mx/4.8.3/../../../../pic32mx/lib\libmchp_peripheral_32MX440F256H.a(int_disable_interrupts_lib.o)
 .debug_info    0x0004a5ca       0xc4 c:/program files (x86)/microchip/xc32/v2.30/bin/bin/../../lib/gcc/pic32mx/4.8.3/../../../../pic32mx/lib\libmchp_peripheral_32MX440F256H.a(power_idle_lib.o)
 .debug_info    0x0004a68e       0xc6 c:/program files (x86)/microchip/xc32/v2.30/bin/bin/../../lib/gcc/pic32mx/4.8.3/../../../../pic32mx/lib\libmchp_peripheral_32MX440F256H.a(power_sleep_lib.o)
 .debug_info    0x0004a754       0xa4 c:/program files (x86)/microchip/xc32/v2.30/bin/bin/../../lib/gcc/pic32mx/4.8.3/../../../../pic32mx/lib\libmchp_peripheral_32MX440F256H.a(nvm_erase_page_lib.o)
 .debug_info    0x0004a7f8       0xc5 c:/program files (x86)/microchip/xc32/v2.30/bin/bin/../../lib/gcc/pic32mx/4.8.3/../../../../pic32mx/lib\libmchp_peripheral_32MX440F256H.a(nvm_operation_lib.o)
 .debug_info    0x0004a8bd       0xa4 c:/program files (x86)/microchip/xc32/v2.30/bin/bin/../../lib/gcc/pic32mx/4.8.3/../../../../pic32mx/lib\libmchp_peripheral_32MX440F256H.a(nvm_write_word_lib.o)
 .debug_info    0x0004a961       0xb4 c:/program files (x86)/microchip/xc32/v2.30/bin/bin/../../lib/gcc/pic32mx/4.8.3/../../../../pic32mx/lib\libmchp_peripheral_32MX440F256H.a(int_restore_interrupts_lib.o)
 .debug_info    0x0004aa15      0x280 c:/program files (x86)/microchip/xc32/v2.30/bin/bin/../../lib/gcc/pic32mx/4.8.3\libgcc.a(_fixunssfdi.o)
 .debug_info    0x0004ac95      0x253 c:/program files (x86)/microchip/xc32/v2.30/bin/bin/../../lib/gcc/pic32mx/4.8.3\libgcc.a(_floatundisf.o)
 .debug_info    0x0004aee8      0x129 c:/program files (x86)/microchip/xc32/v2.30/bin/bin/../../lib/gcc/pic32mx/4.8.3\libgcc.a(floatunsisf.o)
 .debug_info    0x0004b011      0x137 c:/program files (x86)/microchip/xc32/v2.30/bin/bin/../../lib/gcc/pic32mx/4.8.3\libgcc.a(floatunsidf.o)
 .debug_info    0x0004b148       0xf4 c:/program files (x86)/microchip/xc32/v2.30/bin/bin/../../lib/gcc/pic32mx/4.8.3/../../../../pic32mx/lib\libpic32.a(default-bootstrap-exception-handler.o)
 .debug_info    0x0004b23c       0xcd c:/program files (x86)/microchip/xc32/v2.30/bin/bin/../../lib/gcc/pic32mx/4.8.3/../../../../pic32mx/lib\libpic32.a(default-on-reset.o)
 .debug_info    0x0004b309       0xd5 c:/program files (x86)/microchip/xc32/v2.30/bin/bin/../../lib/gcc/pic32mx/4.8.3/../../../../pic32mx/lib\libpic32.a(default-on-bootstrap.o)