Archive member included because of file (symbol)

c:/program files (x86)/microchip/xc32/v2.30/bin/bin/../../lib/gcc/pic32mx/4.8.3\libgcc.a(_fixunssfdi.o)
                              output\stepper.o (__fixunssfdi)
c:/program files (x86)/microchip/xc32/v2.30/bin/bin/../../lib/gcc/pic32mx/4.8.3\libgcc.a(_floatundisf.o)
                              output\stepper.o (__floatundisf)
c:/program files (x86)/microchip/xc32/v2.30/bin/bin/../../lib/gcc/pic32mx/4.8.3\libgcc.a(floatunsisf.o)
                              output\grbl_limits.o (__floatunsisf)
c:/program files (x86)/microchip/xc32/v2.30/bin/bin/../../lib/gcc/pic32mx/4.8.3\libgcc.a(floatunsidf.o)
                              c:/program files (x86)/microchip/xc32/v2.30/bin/bin/../../lib/gcc/pic32mx/4.8.3\libgcc.a(_fixunssfdi.o) (__floatunsidf)
c:/program files (x86)/microchip/xc32/v2.30/bin/bin/../../lib/gcc/pic32mx/4.8.3/../../../../pic32mx/lib\libpic32.a(memcmp.o)
                              output\grbl_eeprom.o (memcmp)
c:/program files (x86)/microchip/xc32/v2.30/bin/bin/../../lib/gcc/pic32mx/4.8.3/../../../../pic32mx/lib\libpic32.a(memcpy.o)
                              output\eep_manager.o (memcpy)
c:/program files (x86)/microchip/xc32/v2.30/bin/bin/../../lib/gcc/pic32mx/4.8.3/../../../../pic32mx/lib\libpic32.a(memset.o)
                              output\ringBuffer.o (memset)
c:/program files (x86)/microchip/xc32/v2.30/bin/bin/../../lib/gcc/pic32mx/4.8.3/../../../../pic32mx/lib\libpic32.a(strcmp.o)
                              output\grbl_protocol.o (strcmp)
c:/program files (x86)/microchip/xc32/v2.30/bin/bin/../../lib/gcc/pic32mx/4.8.3/../../../../pic32mx/lib\libpic32.a(strlen.o)
                              output\Helpers.o (strlen)
c:/program files (x86)/microchip/xc32/v2.30/bin/bin/../../lib/gcc/pic32mx/4.8.3/../../../../pic32mx/lib\libpic32.a(default-bootstrap-exception-handler.o)
                              C:\Users\kyrk\AppData\Local\Temp\ccW9mKTz.o (_bootstrap_exception_handler)
c:/program files (x86)/microchip/xc32/v2.30/bin/bin/../../lib/gcc/pic32mx/4.8.3/../../../../pic32mx/lib\libpic32.a(default-on-reset.o)
                              C:\Users\kyrk\AppData\Local\Temp\ccW9mKTz.o (_on_reset)
c:/program files (x86)/microchip/xc32/v2.30/bin/bin/../../lib/gcc/pic32mx/4.8.3/../../../../pic32mx/lib\libpic32.a(default-on-bootstrap.o)
                              C:\Users\kyrk\AppData\Local\Temp\ccW9mKTz.o (_on_bootstrap)
c:/program files (x86)/microchip/xc32/v2.30/bin/bin/../../lib/gcc/pic32mx/4.8.3/../../../../pic32mx/lib\libpic32.a(default-nmi-handler.o)
                              C:\Users\kyrk\AppData\Local\Temp\ccW9mKTz.o (_nmi_handler)
c:/program files (x86)/microchip/xc32/v2.30/bin/bin/../../lib/gcc/pic32mx/4.8.3/../../../../pic32mx/lib\libpic32.a(pic32_data_init.o)
                              C:\Users\kyrk\AppData\Local\Temp\ccW9mKTz.o (__pic32_data_init)
c:/program files (x86)/microchip/xc32/v2.30/bin/bin/../../lib/gcc/pic32mx/4.8.3/../../../../pic32mx/lib\libpic32.a(pic32_init_cache.o)
                              C:\Users\kyrk\AppData\Local\Temp\ccW9mKTz.o (__pic32_init_cache)
c:/program files (x86)/microchip/xc32/v2.30/bin/bin/../../lib/gcc/pic32mx/4.8.3/../../../../pic32mx/lib\libpic32.a(pic32_init_tlb_ebi_sqi.o)
                              C:\Users\kyrk\AppData\Local\Temp\ccW9mKTz.o (__pic32_tlb_init_ebi_sqi)
c:/program files (x86)/microchip/xc32/v2.30/bin/bin/../../lib/gcc/pic32mx/4.8.3/../../../../pic32mx/lib\libpic32.a(general-exception.o)
                              C:\Users\kyrk\AppData\Local\Temp\ccW9mKTz.o (_general_exception_context)
c:/program files (x86)/microchip/xc32/v2.30/bin/bin/../../lib/gcc/pic32mx/4.8.3/../../../../pic32mx/lib\libpic32.a(cache-err-exception.o)
                              C:\Users\kyrk\AppData\Local\Temp\ccW9mKTz.o (_cache_err_exception_context)
c:/program files (x86)/microchip/xc32/v2.30/bin/bin/../../lib/gcc/pic32mx/4.8.3/../../../../pic32mx/lib\libpic32.a(simple-tlb-refill-exception.o)
                              C:\Users\kyrk\AppData\Local\Temp\ccW9mKTz.o (_simple_tlb_refill_exception_context)
c:/program files (x86)/microchip/xc32/v2.30/bin/bin/../../lib/gcc/pic32mx/4.8.3/../../../../pic32mx/lib\libpic32.a(defaultinterrupt.o)
                              C:\Users\kyrk\AppData\Local\Temp\ccYFepqr.o (_DefaultInterrupt)
c:/program files (x86)/microchip/xc32/v2.30/bin/bin/../../lib/gcc/pic32mx/4.8.3/../../../../pic32mx/lib\libpic32.a(default-cache-err-exception-handler.o)
                              c:/program files (x86)/microchip/xc32/v2.30/bin/bin/../../lib/gcc/pic32mx/4.8.3/../../../../pic32mx/lib\libpic32.a(cache-err-exception.o) (_cache_err_exception_handler)
c:/program files (x86)/microchip/xc32/v2.30/bin/bin/../../lib/gcc/pic32mx/4.8.3/../../../../pic32mx/lib\libpic32.a(default-simple-tlb-refill-exception-handler.o)
[...]
Memory Configuration

Name             Origin             Length             Attributes
kseg0_program_mem 0x9d001000         0x001ff000         xr
kseg1_boot_mem   0x9d000000         0x00000480
kseg1_boot_mem_4B0 0x9d0004b0         0x00000b50
kseg0_data_mem   0x80000000         0x0007f000         w !x
kseg0_shared_mem 0x8007f000         0x00000100         w !x
sfrs             0xbf800000         0x00100000
kseg2_ebi_data_mem 0xc0000000         0x04000000
kseg2_sqi_data_mem 0xd0000000         0x04000000
kseg3_ebi_data_mem 0xe0000000         0x04000000
kseg3_sqi_data_mem 0xf0000000         0x04000000
*default*        0x00000000         0xffffffff

Linker script and memory map

LOAD c:/program files (x86)/microchip/xc32/v2.30/bin/bin/../../lib/gcc/pic32mx/4.8.3/../../../../pic32mx/lib\debug-exception-return.o
LOAD output\tmr.o
LOAD output\ringBuffer.o
LOAD output\task.o
LOAD output\eeprom.o
LOAD output\eep_manager.o
LOAD output\main.o
LOAD output\c_eep_manager.o
LOAD output\app.o
LOAD output\ad.o
LOAD output\gcode.o
LOAD output\grbl_limits.o
LOAD output\coolant_control.o
LOAD output\motion_control.o
LOAD output\nuts_bolts.o
LOAD output\planner.o
LOAD output\print.o
LOAD output\report.o
LOAD output\settings.o
LOAD output\spindle_control.o
LOAD output\stepper.o
LOAD output\system.o
LOAD output\grbl.o
LOAD output\pwm.o
LOAD output\jog.o
LOAD output\dee.o
LOAD output\dee_page.o
LOAD output\dee_page_helper.o
LOAD output\eep_manager_crc.o
LOAD output\system_control.o
LOAD output\stepper_enable.o
LOAD output\system_exec.o
LOAD output\system_alarm.o
LOAD output\grbl_eeprom.o
LOAD output\bootloader_interface.o
LOAD output\grbl_toolchange.o
LOAD output\grbl_protocol.o
LOAD output\grbl_running.o
LOAD output\grbl_bootloader.o
LOAD output\grbl_probe.o
LOAD output\ethernet.o
LOAD output\ENC28J60.o
LOAD output\DHCP.o
LOAD output\Delay.o
LOAD output\ARP.o
LOAD output\Announce.o
LOAD output\Helpers.o
LOAD output\ICMP.o
LOAD output\IP.o
LOAD output\StackTsk.o
LOAD output\UDP.o
LOAD output\ethernet_grbl_multi.o
LOAD output\grbl_multi.o
LOAD output\Reboot.o
LOAD output\TCP.o
LOAD output\BerkeleyAPI.o
LOAD output\mal.o
LOAD output\isr.o
LOAD output\exceptions.o
LOAD output\usb_device_cdc_acm.o
LOAD output\usb_device_cdc.o
LOAD output\usb_device.o
LOAD output\usb_app.o
LOAD output\usb.o
LOAD output\system_tasks.o
LOAD output\sys_int_pic32.o
LOAD output\system_init.o
LOAD output\peripheral.o
LOAD output\drv_usbhs_device.o
LOAD output\drv_usbhs.o
LOAD output\bsp_sys_init.o
LOAD output\stackmeasure.o
LOAD output\stackmeasure_helper.o
LOAD output\noinitram.o
LOAD output\usb_grbl_multi.o
                0x00000400                PROVIDE (_min_stack_size, 0x400)
START GROUP
LOAD c:/program files (x86)/microchip/xc32/v2.30/bin/bin/../../lib/gcc/pic32mx/4.8.3/../../../../pic32mx/lib/./proc/32MZ2048ECG144\vector_offset_init.o
END GROUP
                0x00000001                PROVIDE (_vector_spacing, 0x1)
                0x9d001000                PROVIDE (_ebase_address, 0x9d001000)
                0x9d000000                _RESET_ADDR = 0x9d000000
                0x9d001000                _SIMPLE_TLB_REFILL_EXCPT_ADDR = (_ebase_address + 0x0)
                0x9d001100                _CACHE_ERR_EXCPT_ADDR = (_ebase_address + 0x100)
                0x9d001180                _GEN_EXCPT_ADDR = (_ebase_address + 0x180)

.reset          0x9d000000      0x1a4
 *(.reset)
 .reset         0x9d000000       0x18 C:\Users\kyrk\AppData\Local\Temp\ccW9mKTz.o
                0x9d000000                _reset
 *(.reset.startup)
 .reset.startup
                0x9d000018      0x18c C:\Users\kyrk\AppData\Local\Temp\ccW9mKTz.o
                0x9d000018                _startup

.cache_init     0x9d0004b0      0x218
 *(.cache_init)
 *(.cache_init.*)
 .cache_init.cache
                0x9d0004b0       0xc0 c:/program files (x86)/microchip/xc32/v2.30/bin/bin/../../lib/gcc/pic32mx/4.8.3/../../../../pic32mx/lib\libpic32.a(pic32_init_cache.o)
 .cache_init.pic32_size_cache
                0x9d000570       0x58 c:/program files (x86)/microchip/xc32/v2.30/bin/bin/../../lib/gcc/pic32mx/4.8.3/../../../../pic32mx/lib\libpic32.a(pic32_init_cache.o)
                0x9d000570                __pic32_size_cache
 .cache_init.pic32_init_cache
                0x9d0005c8      0x100 c:/program files (x86)/microchip/xc32/v2.30/bin/bin/../../lib/gcc/pic32mx/4.8.3/../../../../pic32mx/lib\libpic32.a(pic32_init_cache.o)
                0x9d0005c8                __pic32_init_cache

.simple_tlb_refill_excpt
                0x9d001000       0x10
 *(.simple_tlb_refill_vector)
 .simple_tlb_refill_vector
                0x9d001000       0x10 C:\Users\kyrk\AppData\Local\Temp\ccW9mKTz.o

.cache_err_excpt
                0x9d001100       0x10
 *(.cache_err_vector)
 .cache_err_vector
                0x9d001100       0x10 C:\Users\kyrk\AppData\Local\Temp\ccW9mKTz.o

.app_excpt      0x9d001180       0x10
 *(.gen_handler)
 .gen_handler   0x9d001180       0x10 C:\Users\kyrk\AppData\Local\Temp\ccW9mKTz.o

.vectors        0x9d001200      0x170
                0x9d001200                . = ALIGN (0x4)
                0x00000200                __vector_offset_0 = DEFINED (__vector_dispatch_0)?(. - _ebase_address):__vector_offset_default
 *(.vector_0)
 .vector_0      0x9d001200        0x8 output\isr.o
                0x9d001200                __vector_dispatch_0
                0x9d001208                . = ALIGN (0x4)
                0x00000328                __vector_offset_1 = DEFINED (__vector_dispatch_1)?(. - _ebase_address):__vector_offset_default
 *(.vector_1)
                0x9d001208                . = ALIGN (0x4)
                0x00000328                __vector_offset_2 = DEFINED (__vector_dispatch_2)?(. - _ebase_address):__vector_offset_default
 *(.vector_2)
                0x9d001208                . = ALIGN (0x4)
                0x00000328                __vector_offset_3 = DEFINED (__vector_dispatch_3)?(. - _ebase_address):__vector_offset_default
 *(.vector_3)
                0x9d001208                . = ALIGN (0x4)
                0x00000208                __vector_offset_4 = DEFINED (__vector_dispatch_4)?(. - _ebase_address):__vector_offset_default
 *(.vector_4)
 .vector_4      0x9d001208        0x8 output\isr.o
                0x9d001208                __vector_dispatch_4
                0x9d001210                . = ALIGN (0x4)
                0x00000328                __vector_offset_5 = DEFINED (__vector_dispatch_5)?(. - _ebase_address):__vector_offset_default
 *(.vector_5)
                0x9d001210                . = ALIGN (0x4)
                0x00000328                __vector_offset_6 = DEFINED (__vector_dispatch_6)?(. - _ebase_address):__vector_offset_default
 *(.vector_6)
                0x9d001210                . = ALIGN (0x4)
                0x00000210                __vector_offset_7 = DEFINED (__vector_dispatch_7)?(. - _ebase_address):__vector_offset_default
 *(.vector_7)
 .vector_7      0x9d001210        0x8 output\isr.o
                0x9d001210                __vector_dispatch_7
                0x9d001218                . = ALIGN (0x4)
                0x00000328                __vector_offset_8 = DEFINED (__vector_dispatch_8)?(. - _ebase_address):__vector_offset_default
 *(.vector_8)
                0x9d001218                . = ALIGN (0x4)
                0x00000218                __vector_offset_9 = DEFINED (__vector_dispatch_9)?(. - _ebase_address):__vector_offset_default
 *(.vector_9)
 .vector_9      0x9d001218        0x8 output\isr.o
                0x9d001218                __vector_dispatch_9
                0x9d001220                . = ALIGN (0x4)
                0x00000328                __vector_offset_10 = DEFINED (__vector_dispatch_10)?(. - _ebase_address):__vector_offset_default
 *(.vector_10)
                0x9d001220                . = ALIGN (0x4)
                0x00000328                __vector_offset_11 = DEFINED (__vector_dispatch_11)?(. - _ebase_address):__vector_offset_default
 *(.vector_11)
                0x9d001220                . = ALIGN (0x4)
                0x00000220                __vector_offset_12 = DEFINED (__vector_dispatch_12)?(. - _ebase_address):__vector_offset_default
 *(.vector_12)
 .vector_12     0x9d001220        0x8 output\isr.o
                0x9d001220                __vector_dispatch_12
                0x9d001228                . = ALIGN (0x4)
                0x00000328                __vector_offset_13 = DEFINED (__vector_dispatch_13)?(. - _ebase_address):__vector_offset_default
 *(.vector_13)
                0x9d001228                . = ALIGN (0x4)
                0x00000228                __vector_offset_14 = DEFINED (__vector_dispatch_14)?(. - _ebase_address):__vector_offset_default
 *(.vector_14)
 .vector_14     0x9d001228        0x8 output\isr.o
                0x9d001228                __vector_dispatch_14
                0x9d001230                . = ALIGN (0x4)
                0x00000328                __vector_offset_15 = DEFINED (__vector_dispatch_15)?(. - _ebase_address):__vector_offset_default
 *(.vector_15)
                0x9d001230                . = ALIGN (0x4)
                0x00000328                __vector_offset_16 = DEFINED (__vector_dispatch_16)?(. - _ebase_address):__vector_offset_default
 *(.vector_16)
                0x9d001230                . = ALIGN (0x4)
                0x00000230                __vector_offset_17 = DEFINED (__vector_dispatch_17)?(. - _ebase_address):__vector_offset_default
 *(.vector_17)
 .vector_17     0x9d001230        0x8 output\isr.o
                0x9d001230                __vector_dispatch_17
                0x9d001238                . = ALIGN (0x4)
                0x00000238                __vector_offset_18 = DEFINED (__vector_dispatch_18)?(. - _ebase_address):__vector_offset_default
 *(.vector_18)
 .vector_18     0x9d001238        0x8 output\isr.o
                0x9d001238                __vector_dispatch_18
                0x9d001240                . = ALIGN (0x4)
                0x00000240                __vector_offset_19 = DEFINED (__vector_dispatch_19)?(. - _ebase_address):__vector_offset_default
 *(.vector_19)
 .vector_19     0x9d001240        0x8 output\isr.o
                0x9d001240                __vector_dispatch_19
                0x9d001248                . = ALIGN (0x4)
                0x00000328                __vector_offset_20 = DEFINED (__vector_dispatch_20)?(. - _ebase_address):__vector_offset_default
 *(.vector_20)
                0x9d001248                . = ALIGN (0x4)
                0x00000328                __vector_offset_21 = DEFINED (__vector_dispatch_21)?(. - _ebase_address):__vector_offset_default
 *(.vector_21)
                0x9d001248                . = ALIGN (0x4)
                0x00000248                __vector_offset_22 = DEFINED (__vector_dispatch_22)?(. - _ebase_address):__vector_offset_default
 *(.vector_22)
 .vector_22     0x9d001248        0x8 output\isr.o
                0x9d001248                __vector_dispatch_22
                0x9d001250                . = ALIGN (0x4)
                0x00000328                __vector_offset_23 = DEFINED (__vector_dispatch_23)?(. - _ebase_address):__vector_offset_default
 *(.vector_23)
                0x9d001250                . = ALIGN (0x4)
                0x00000328                __vector_offset_24 = DEFINED (__vector_dispatch_24)?(. - _ebase_address):__vector_offset_default
 *(.vector_24)
                0x9d001250                . = ALIGN (0x4)
                0x00000328                __vector_offset_25 = DEFINED (__vector_dispatch_25)?(. - _ebase_address):__vector_offset_default
 *(.vector_25)
                0x9d001250                . = ALIGN (0x4)
                0x00000328                __vector_offset_26 = DEFINED (__vector_dispatch_26)?(. - _ebase_address):__vector_offset_default
 *(.vector_26)
                0x9d001250                . = ALIGN (0x4)
                0x00000328                __vector_offset_27 = DEFINED (__vector_dispatch_27)?(. - _ebase_address):__vector_offset_default
 *(.vector_27)
                0x9d001250                . = ALIGN (0x4)
                0x00000328                __vector_offset_28 = DEFINED (__vector_dispatch_28)?(. - _ebase_address):__vector_offset_default
 *(.vector_28)
                0x9d001250                . = ALIGN (0x4)
                0x00000328                __vector_offset_29 = DEFINED (__vector_dispatch_29)?(. - _ebase_address):__vector_offset_default
 *(.vector_29)
                0x9d001250                . = ALIGN (0x4)
                0x00000328                __vector_offset_30 = DEFINED (__vector_dispatch_30)?(. - _ebase_address):__vector_offset_default
 *(.vector_30)
                0x9d001250                . = ALIGN (0x4)
                0x00000328                __vector_offset_31 = DEFINED (__vector_dispatch_31)?(. - _ebase_address):__vector_offset_default
 *(.vector_31)
                0x9d001250                . = ALIGN (0x4)
                0x00000328                __vector_offset_32 = DEFINED (__vector_dispatch_32)?(. - _ebase_address):__vector_offset_default
 *(.vector_32)
                0x9d001250                . = ALIGN (0x4)
                0x00000328                __vector_offset_33 = DEFINED (__vector_dispatch_33)?(. - _ebase_address):__vector_offset_default
 *(.vector_33)
                0x9d001250                . = ALIGN (0x4)
                0x00000328                __vector_offset_34 = DEFINED (__vector_dispatch_34)?(. - _ebase_address):__vector_offset_default
 *(.vector_34)
                0x9d001250                . = ALIGN (0x4)
                0x00000328                __vector_offset_35 = DEFINED (__vector_dispatch_35)?(. - _ebase_address):__vector_offset_default
 *(.vector_35)
                0x9d001250                . = ALIGN (0x4)
                0x00000328                __vector_offset_36 = DEFINED (__vector_dispatch_36)?(. - _ebase_address):__vector_offset_default
 *(.vector_36)
                0x9d001250                . = ALIGN (0x4)
                0x00000328                __vector_offset_37 = DEFINED (__vector_dispatch_37)?(. - _ebase_address):__vector_offset_default
 *(.vector_37)
                0x9d001250                . = ALIGN (0x4)
                0x00000328                __vector_offset_38 = DEFINED (__vector_dispatch_38)?(. - _ebase_address):__vector_offset_default
 *(.vector_38)
                0x9d001250                . = ALIGN (0x4)
                0x00000328                __vector_offset_39 = DEFINED (__vector_dispatch_39)?(. - _ebase_address):__vector_offset_default
 *(.vector_39)
                0x9d001250                . = ALIGN (0x4)
                0x00000328                __vector_offset_40 = DEFINED (__vector_dispatch_40)?(. - _ebase_address):__vector_offset_default
 *(.vector_40)
                0x9d001250                . = ALIGN (0x4)
                0x00000328                __vector_offset_41 = DEFINED (__vector_dispatch_41)?(. - _ebase_address):__vector_offset_default
 *(.vector_41)
                0x9d001250                . = ALIGN (0x4)
                0x00000328                __vector_offset_42 = DEFINED (__vector_dispatch_42)?(. - _ebase_address):__vector_offset_default
 *(.vector_42)
                0x9d001250                . = ALIGN (0x4)
                0x00000328                __vector_offset_43 = DEFINED (__vector_dispatch_43)?(. - _ebase_address):__vector_offset_default
 *(.vector_43)
                0x9d001250                . = ALIGN (0x4)
                0x00000328                __vector_offset_44 = DEFINED (__vector_dispatch_44)?(. - _ebase_address):__vector_offset_default
 *(.vector_44)
                0x9d001250                . = ALIGN (0x4)
                0x00000328                __vector_offset_45 = DEFINED (__vector_dispatch_45)?(. - _ebase_address):__vector_offset_default
 *(.vector_45)
                0x9d001250                . = ALIGN (0x4)
                0x00000328                __vector_offset_46 = DEFINED (__vector_dispatch_46)?(. - _ebase_address):__vector_offset_default
 *(.vector_46)
                0x9d001250                . = ALIGN (0x4)
                0x00000328                __vector_offset_47 = DEFINED (__vector_dispatch_47)?(. - _ebase_address):__vector_offset_default
 *(.vector_47)
                0x9d001250                . = ALIGN (0x4)
                0x00000328                __vector_offset_48 = DEFINED (__vector_dispatch_48)?(. - _ebase_address):__vector_offset_default
 *(.vector_48)
                0x9d001250                . = ALIGN (0x4)
                0x00000328                __vector_offset_49 = DEFINED (__vector_dispatch_49)?(. - _ebase_address):__vector_offset_default
 *(.vector_49)
                0x9d001250                . = ALIGN (0x4)
                0x00000328                __vector_offset_50 = DEFINED (__vector_dispatch_50)?(. - _ebase_address):__vector_offset_default
 *(.vector_50)
                0x9d001250                . = ALIGN (0x4)
                0x00000328                __vector_offset_51 = DEFINED (__vector_dispatch_51)?(. - _ebase_address):__vector_offset_default
 *(.vector_51)
                0x9d001250                . = ALIGN (0x4)
                0x00000328                __vector_offset_52 = DEFINED (__vector_dispatch_52)?(. - _ebase_address):__vector_offset_default
 *(.vector_52)
                0x9d001250                . = ALIGN (0x4)
                0x00000328                __vector_offset_53 = DEFINED (__vector_dispatch_53)?(. - _ebase_address):__vector_offset_default
 *(.vector_53)
                0x9d001250                . = ALIGN (0x4)
                0x00000328                __vector_offset_54 = DEFINED (__vector_dispatch_54)?(. - _ebase_address):__vector_offset_default
 *(.vector_54)
                0x9d001250                . = ALIGN (0x4)
                0x00000328                __vector_offset_55 = DEFINED (__vector_dispatch_55)?(. - _ebase_address):__vector_offset_default
 *(.vector_55)
                0x9d001250                . = ALIGN (0x4)
                0x00000328                __vector_offset_56 = DEFINED (__vector_dispatch_56)?(. - _ebase_address):__vector_offset_default
 *(.vector_56)
                0x9d001250                . = ALIGN (0x4)
                0x00000328                __vector_offset_57 = DEFINED (__vector_dispatch_57)?(. - _ebase_address):__vector_offset_default
 *(.vector_57)
                0x9d001250                . = ALIGN (0x4)
                0x00000328                __vector_offset_58 = DEFINED (__vector_dispatch_58)?(. - _ebase_address):__vector_offset_default
 *(.vector_58)
                0x9d001250                . = ALIGN (0x4)
                0x00000328                __vector_offset_59 = DEFINED (__vector_dispatch_59)?(. - _ebase_address):__vector_offset_default
 *(.vector_59)
                0x9d001250                . = ALIGN (0x4)
                0x00000328                __vector_offset_60 = DEFINED (__vector_dispatch_60)?(. - _ebase_address):__vector_offset_default
 *(.vector_60)
                0x9d001250                . = ALIGN (0x4)
                0x00000328                __vector_offset_61 = DEFINED (__vector_dispatch_61)?(. - _ebase_address):__vector_offset_default
 *(.vector_61)
                0x9d001250                . = ALIGN (0x4)
                0x00000328                __vector_offset_62 = DEFINED (__vector_dispatch_62)?(. - _ebase_address):__vector_offset_default
 *(.vector_62)
                0x9d001250                . = ALIGN (0x4)
                0x00000328                __vector_offset_63 = DEFINED (__vector_dispatch_63)?(. - _ebase_address):__vector_offset_default
 *(.vector_63)
                0x9d001250                . = ALIGN (0x4)
                0x00000328                __vector_offset_64 = DEFINED (__vector_dispatch_64)?(. - _ebase_address):__vector_offset_default
 *(.vector_64)
                0x9d001250                . = ALIGN (0x4)
                0x00000328                __vector_offset_65 = DEFINED (__vector_dispatch_65)?(. - _ebase_address):__vector_offset_default
 *(.vector_65)
                0x9d001250                . = ALIGN (0x4)
                0x00000328                __vector_offset_66 = DEFINED (__vector_dispatch_66)?(. - _ebase_address):__vector_offset_default
 *(.vector_66)
                0x9d001250                . = ALIGN (0x4)
                0x00000328                __vector_offset_67 = DEFINED (__vector_dispatch_67)?(. - _ebase_address):__vector_offset_default
 *(.vector_67)
                0x9d001250                . = ALIGN (0x4)
                0x00000328                __vector_offset_68 = DEFINED (__vector_dispatch_68)?(. - _ebase_address):__vector_offset_default
 *(.vector_68)
                0x9d001250                . = ALIGN (0x4)
                0x00000328                __vector_offset_69 = DEFINED (__vector_dispatch_69)?(. - _ebase_address):__vector_offset_default
 *(.vector_69)
                0x9d001250                . = ALIGN (0x4)
                0x00000328                __vector_offset_70 = DEFINED (__vector_dispatch_70)?(. - _ebase_address):__vector_offset_default
 *(.vector_70)
                0x9d001250                . = ALIGN (0x4)
                0x00000328                __vector_offset_71 = DEFINED (__vector_dispatch_71)?(. - _ebase_address):__vector_offset_default
 *(.vector_71)
                0x9d001250                . = ALIGN (0x4)
                0x00000328                __vector_offset_72 = DEFINED (__vector_dispatch_72)?(. - _ebase_address):__vector_offset_default
 *(.vector_72)
                0x9d001250                . = ALIGN (0x4)
                0x00000328                __vector_offset_73 = DEFINED (__vector_dispatch_73)?(. - _ebase_address):__vector_offset_default
 *(.vector_73)
                0x9d001250                . = ALIGN (0x4)
                0x00000328                __vector_offset_74 = DEFINED (__vector_dispatch_74)?(. - _ebase_address):__vector_offset_default
 *(.vector_74)
                0x9d001250                . = ALIGN (0x4)
                0x00000328                __vector_offset_75 = DEFINED (__vector_dispatch_75)?(. - _ebase_address):__vector_offset_default
 *(.vector_75)
                0x9d001250                . = ALIGN (0x4)
                0x00000328                __vector_offset_76 = DEFINED (__vector_dispatch_76)?(. - _ebase_address):__vector_offset_default
 *(.vector_76)
                0x9d001250                . = ALIGN (0x4)
                0x00000328                __vector_offset_77 = DEFINED (__vector_dispatch_77)?(. - _ebase_address):__vector_offset_default
 *(.vector_77)
                0x9d001250                . = ALIGN (0x4)
                0x00000328                __vector_offset_78 = DEFINED (__vector_dispatch_78)?(. - _ebase_address):__vector_offset_default
 *(.vector_78)
                0x9d001250                . = ALIGN (0x4)
                0x00000328                __vector_offset_79 = DEFINED (__vector_dispatch_79)?(. - _ebase_address):__vector_offset_default
 *(.vector_79)
                0x9d001250                . = ALIGN (0x4)
                0x00000328                __vector_offset_80 = DEFINED (__vector_dispatch_80)?(. - _ebase_address):__vector_offset_default
 *(.vector_80)
                0x9d001250                . = ALIGN (0x4)
                0x00000328                __vector_offset_81 = DEFINED (__vector_dispatch_81)?(. - _ebase_address):__vector_offset_default
 *(.vector_81)
                0x9d001250                . = ALIGN (0x4)
                0x00000328                __vector_offset_82 = DEFINED (__vector_dispatch_82)?(. - _ebase_address):__vector_offset_default
 *(.vector_82)
                0x9d001250                . = ALIGN (0x4)
                0x00000328                __vector_offset_83 = DEFINED (__vector_dispatch_83)?(. - _ebase_address):__vector_offset_default
 *(.vector_83)
                0x9d001250                . = ALIGN (0x4)
                0x00000328                __vector_offset_84 = DEFINED (__vector_dispatch_84)?(. - _ebase_address):__vector_offset_default
 *(.vector_84)
                0x9d001250                . = ALIGN (0x4)
                0x00000328                __vector_offset_85 = DEFINED (__vector_dispatch_85)?(. - _ebase_address):__vector_offset_default
 *(.vector_85)
                0x9d001250                . = ALIGN (0x4)
                0x00000328                __vector_offset_86 = DEFINED (__vector_dispatch_86)?(. - _ebase_address):__vector_offset_default
 *(.vector_86)
                0x9d001250                . = ALIGN (0x4)
                0x00000328                __vector_offset_87 = DEFINED (__vector_dispatch_87)?(. - _ebase_address):__vector_offset_default
 *(.vector_87)
                0x9d001250                . = ALIGN (0x4)
                0x00000328                __vector_offset_88 = DEFINED (__vector_dispatch_88)?(. - _ebase_address):__vector_offset_default
 *(.vector_88)
                0x9d001250                . = ALIGN (0x4)
                0x00000328                __vector_offset_89 = DEFINED (__vector_dispatch_89)?(. - _ebase_address):__vector_offset_default
 *(.vector_89)
                0x9d001250                . = ALIGN (0x4)
                0x00000328                __vector_offset_90 = DEFINED (__vector_dispatch_90)?(. - _ebase_address):__vector_offset_default
 *(.vector_90)
                0x9d001250                . = ALIGN (0x4)
                0x00000328                __vector_offset_91 = DEFINED (__vector_dispatch_91)?(. - _ebase_address):__vector_offset_default
 *(.vector_91)
                0x9d001250                . = ALIGN (0x4)
                0x00000328                __vector_offset_92 = DEFINED (__vector_dispatch_92)?(. - _ebase_address):__vector_offset_default
 *(.vector_92)
                0x9d001250                . = ALIGN (0x4)
                0x00000328                __vector_offset_93 = DEFINED (__vector_dispatch_93)?(. - _ebase_address):__vector_offset_default
 *(.vector_93)
                0x9d001250                . = ALIGN (0x4)
                0x00000328                __vector_offset_94 = DEFINED (__vector_dispatch_94)?(. - _ebase_address):__vector_offset_default
 *(.vector_94)
                0x9d001250                . = ALIGN (0x4)
                0x00000328                __vector_offset_95 = DEFINED (__vector_dispatch_95)?(. - _ebase_address):__vector_offset_default
 *(.vector_95)
                0x9d001250                . = ALIGN (0x4)
                0x00000328                __vector_offset_96 = DEFINED (__vector_dispatch_96)?(. - _ebase_address):__vector_offset_default
 *(.vector_96)
                0x9d001250                . = ALIGN (0x4)
                0x00000328                __vector_offset_97 = DEFINED (__vector_dispatch_97)?(. - _ebase_address):__vector_offset_default
 *(.vector_97)
                0x9d001250                . = ALIGN (0x4)
                0x00000328                __vector_offset_98 = DEFINED (__vector_dispatch_98)?(. - _ebase_address):__vector_offset_default
 *(.vector_98)
                0x9d001250                . = ALIGN (0x4)
                0x00000328                __vector_offset_99 = DEFINED (__vector_dispatch_99)?(. - _ebase_address):__vector_offset_default
 *(.vector_99)
                0x9d001250                . = ALIGN (0x4)
                0x00000328                __vector_offset_100 = DEFINED (__vector_dispatch_100)?(. - _ebase_address):__vector_offset_default
 *(.vector_100)
                0x9d001250                . = ALIGN (0x4)
                0x00000328                __vector_offset_101 = DEFINED (__vector_dispatch_101)?(. - _ebase_address):__vector_offset_default
 *(.vector_101)
                0x9d001250                . = ALIGN (0x4)
                0x00000328                __vector_offset_102 = DEFINED (__vector_dispatch_102)?(. - _ebase_address):__vector_offset_default
 *(.vector_102)
                0x9d001250                . = ALIGN (0x4)
                0x00000328                __vector_offset_103 = DEFINED (__vector_dispatch_103)?(. - _ebase_address):__vector_offset_default
 *(.vector_103)
                0x9d001250                . = ALIGN (0x4)
                0x00000328                __vector_offset_104 = DEFINED (__vector_dispatch_104)?(. - _ebase_address):__vector_offset_default
 *(.vector_104)
                0x9d001250                . = ALIGN (0x4)
                0x00000328                __vector_offset_105 = DEFINED (__vector_dispatch_105)?(. - _ebase_address):__vector_offset_default
 *(.vector_105)
                0x9d001250                . = ALIGN (0x4)
                0x00000328                __vector_offset_106 = DEFINED (__vector_dispatch_106)?(. - _ebase_address):__vector_offset_default
 *(.vector_106)
                0x9d001250                . = ALIGN (0x4)
                0x00000328                __vector_offset_107 = DEFINED (__vector_dispatch_107)?(. - _ebase_address):__vector_offset_default
 *(.vector_107)
                0x9d001250                . = ALIGN (0x4)
                0x00000328                __vector_offset_108 = DEFINED (__vector_dispatch_108)?(. - _ebase_address):__vector_offset_default
 *(.vector_108)
                0x9d001250                . = ALIGN (0x4)
                0x00000328                __vector_offset_109 = DEFINED (__vector_dispatch_109)?(. - _ebase_address):__vector_offset_default
 *(.vector_109)
                0x9d001250                . = ALIGN (0x4)
                0x00000328                __vector_offset_110 = DEFINED (__vector_dispatch_110)?(. - _ebase_address):__vector_offset_default
 *(.vector_110)
                0x9d001250                . = ALIGN (0x4)
                0x00000328                __vector_offset_111 = DEFINED (__vector_dispatch_111)?(. - _ebase_address):__vector_offset_default
 *(.vector_111)
                0x9d001250                . = ALIGN (0x4)
                0x00000250                __vector_offset_112 = DEFINED (__vector_dispatch_112)?(. - _ebase_address):__vector_offset_default
 *(.vector_112)
 .vector_112    0x9d001250        0x8 output\isr.o
                0x9d001250                __vector_dispatch_112
                0x9d001258                . = ALIGN (0x4)
                0x00000258                __vector_offset_113 = DEFINED (__vector_dispatch_113)?(. - _ebase_address):__vector_offset_default
 *(.vector_113)
 .vector_113    0x9d001258        0x8 output\isr.o
                0x9d001258                __vector_dispatch_113
                0x9d001260                . = ALIGN (0x4)
                0x00000260                __vector_offset_114 = DEFINED (__vector_dispatch_114)?(. - _ebase_address):__vector_offset_default
 *(.vector_114)
 .vector_114    0x9d001260        0x8 output\isr.o
                0x9d001260                __vector_dispatch_114
                0x9d001268                . = ALIGN (0x4)
                0x00000328                __vector_offset_115 = DEFINED (__vector_dispatch_115)?(. - _ebase_address):__vector_offset_default
 *(.vector_115)
                0x9d001268                . = ALIGN (0x4)
                0x00000328                __vector_offset_116 = DEFINED (__vector_dispatch_116)?(. - _ebase_address):__vector_offset_default
 *(.vector_116)
                0x9d001268                . = ALIGN (0x4)
                0x00000328                __vector_offset_117 = DEFINED (__vector_dispatch_117)?(. - _ebase_address):__vector_offset_default
 *(.vector_117)
                0x9d001268                . = ALIGN (0x4)
                0x00000268                __vector_offset_118 = DEFINED (__vector_dispatch_118)?(. - _ebase_address):__vector_offset_default
 *(.vector_118)
 .vector_118    0x9d001268        0x8 output\isr.o
                0x9d001268                __vector_dispatch_118
                0x9d001270                . = ALIGN (0x4)
                0x00000270                __vector_offset_119 = DEFINED (__vector_dispatch_119)?(. - _ebase_address):__vector_offset_default
 *(.vector_119)
 .vector_119    0x9d001270        0x8 output\isr.o
                0x9d001270                __vector_dispatch_119
                0x9d001278                . = ALIGN (0x4)
                0x00000278                __vector_offset_120 = DEFINED (__vector_dispatch_120)?(. - _ebase_address):__vector_offset_default
 *(.vector_120)
 .vector_120    0x9d001278        0x8 output\isr.o
                0x9d001278                __vector_dispatch_120
                0x9d001280                . = ALIGN (0x4)
                0x00000280                __vector_offset_121 = DEFINED (__vector_dispatch_121)?(. - _ebase_address):__vector_offset_default
 *(.vector_121)
 .vector_121    0x9d001280        0x8 output\isr.o
                0x9d001280                __vector_dispatch_121
                0x9d001288                . = ALIGN (0x4)
                0x00000288                __vector_offset_122 = DEFINED (__vector_dispatch_122)?(. - _ebase_address):__vector_offset_default
 *(.vector_122)
 .vector_122    0x9d001288        0x8 output\isr.o
                0x9d001288                __vector_dispatch_122
                0x9d001290                . = ALIGN (0x4)
                0x00000290                __vector_offset_123 = DEFINED (__vector_dispatch_123)?(. - _ebase_address):__vector_offset_default
 *(.vector_123)
 .vector_123    0x9d001290        0x8 output\isr.o
                0x9d001290                __vector_dispatch_123
                0x9d001298                . = ALIGN (0x4)
                0x00000298                __vector_offset_124 = DEFINED (__vector_dispatch_124)?(. - _ebase_address):__vector_offset_default
 *(.vector_124)
 .vector_124    0x9d001298        0x8 output\isr.o
                0x9d001298                __vector_dispatch_124
                0x9d0012a0                . = ALIGN (0x4)
                0x000002a0                __vector_offset_125 = DEFINED (__vector_dispatch_125)?(. - _ebase_address):__vector_offset_default
 *(.vector_125)
 .vector_125    0x9d0012a0        0x8 output\isr.o
                0x9d0012a0                __vector_dispatch_125
                0x9d0012a8                . = ALIGN (0x4)
                0x000002a8                __vector_offset_126 = DEFINED (__vector_dispatch_126)?(. - _ebase_address):__vector_offset_default
 *(.vector_126)
 .vector_126    0x9d0012a8        0x8 output\isr.o
                0x9d0012a8                __vector_dispatch_126
                0x9d0012b0                . = ALIGN (0x4)
                0x000002b0                __vector_offset_127 = DEFINED (__vector_dispatch_127)?(. - _ebase_address):__vector_offset_default
 *(.vector_127)
 .vector_127    0x9d0012b0        0x8 output\isr.o
                0x9d0012b0                __vector_dispatch_127
                0x9d0012b8                . = ALIGN (0x4)
                0x00000328                __vector_offset_128 = DEFINED (__vector_dispatch_128)?(. - _ebase_address):__vector_offset_default
 *(.vector_128)
                0x9d0012b8                . = ALIGN (0x4)
                0x00000328                __vector_offset_129 = DEFINED (__vector_dispatch_129)?(. - _ebase_address):__vector_offset_default
 *(.vector_129)
                0x9d0012b8                . = ALIGN (0x4)
                0x00000328                __vector_offset_130 = DEFINED (__vector_dispatch_130)?(. - _ebase_address):__vector_offset_default
 *(.vector_130)
                0x9d0012b8                . = ALIGN (0x4)
                0x00000328                __vector_offset_131 = DEFINED (__vector_dispatch_131)?(. - _ebase_address):__vector_offset_default
 *(.vector_131)
                0x9d0012b8                . = ALIGN (0x4)
                0x000002b8                __vector_offset_132 = DEFINED (__vector_dispatch_132)?(. - _ebase_address):__vector_offset_default
 *(.vector_132)
 .vector_132    0x9d0012b8        0x8 output\isr.o
                0x9d0012b8                __vector_dispatch_132
                0x9d0012c0                . = ALIGN (0x4)
                0x000002c0                __vector_offset_133 = DEFINED (__vector_dispatch_133)?(. - _ebase_address):__vector_offset_default
 *(.vector_133)
 .vector_133    0x9d0012c0        0x8 output\isr.o
                0x9d0012c0                __vector_dispatch_133
                0x9d0012c8                . = ALIGN (0x4)
                0x000002c8                __vector_offset_134 = DEFINED (__vector_dispatch_134)?(. - _ebase_address):__vector_offset_default
 *(.vector_134)
 .vector_134    0x9d0012c8        0x8 output\isr.o
                0x9d0012c8                __vector_dispatch_134
                0x9d0012d0                . = ALIGN (0x4)
                0x000002d0                __vector_offset_135 = DEFINED (__vector_dispatch_135)?(. - _ebase_address):__vector_offset_default
 *(.vector_135)
 .vector_135    0x9d0012d0        0x8 output\isr.o
                0x9d0012d0                __vector_dispatch_135
                0x9d0012d8                . = ALIGN (0x4)
                0x000002d8                __vector_offset_136 = DEFINED (__vector_dispatch_136)?(. - _ebase_address):__vector_offset_default
 *(.vector_136)
 .vector_136    0x9d0012d8        0x8 output\isr.o
                0x9d0012d8                __vector_dispatch_136
                0x9d0012e0                . = ALIGN (0x4)
                0x00000328                __vector_offset_137 = DEFINED (__vector_dispatch_137)?(. - _ebase_address):__vector_offset_default
 *(.vector_137)
                0x9d0012e0                . = ALIGN (0x4)
                0x00000328                __vector_offset_138 = DEFINED (__vector_dispatch_138)?(. - _ebase_address):__vector_offset_default
 *(.vector_138)
                0x9d0012e0                . = ALIGN (0x4)
                0x00000328                __vector_offset_139 = DEFINED (__vector_dispatch_139)?(. - _ebase_address):__vector_offset_default
 *(.vector_139)
                0x9d0012e0                . = ALIGN (0x4)
                0x00000328                __vector_offset_140 = DEFINED (__vector_dispatch_140)?(. - _ebase_address):__vector_offset_default
 *(.vector_140)
                0x9d0012e0                . = ALIGN (0x4)
                0x00000328                __vector_offset_141 = DEFINED (__vector_dispatch_141)?(. - _ebase_address):__vector_offset_default
 *(.vector_141)
                0x9d0012e0                . = ALIGN (0x4)
                0x000002e0                __vector_offset_142 = DEFINED (__vector_dispatch_142)?(. - _ebase_address):__vector_offset_default
 *(.vector_142)
 .vector_142    0x9d0012e0        0x8 output\isr.o
                0x9d0012e0                __vector_dispatch_142
                0x9d0012e8                . = ALIGN (0x4)
                0x000002e8                __vector_offset_143 = DEFINED (__vector_dispatch_143)?(. - _ebase_address):__vector_offset_default
 *(.vector_143)
 .vector_143    0x9d0012e8        0x8 output\isr.o
                0x9d0012e8                __vector_dispatch_143
                0x9d0012f0                . = ALIGN (0x4)
                0x000002f0                __vector_offset_144 = DEFINED (__vector_dispatch_144)?(. - _ebase_address):__vector_offset_default
 *(.vector_144)
 .vector_144    0x9d0012f0        0x8 output\isr.o
                0x9d0012f0                __vector_dispatch_144
                0x9d0012f8                . = ALIGN (0x4)
                0x000002f8                __vector_offset_145 = DEFINED (__vector_dispatch_145)?(. - _ebase_address):__vector_offset_default
 *(.vector_145)
 .vector_145    0x9d0012f8        0x8 output\isr.o
                0x9d0012f8                __vector_dispatch_145
                0x9d001300                . = ALIGN (0x4)
                0x00000300                __vector_offset_146 = DEFINED (__vector_dispatch_146)?(. - _ebase_address):__vector_offset_default
 *(.vector_146)
 .vector_146    0x9d001300        0x8 output\isr.o
                0x9d001300                __vector_dispatch_146
                0x9d001308                . = ALIGN (0x4)
                0x00000308                __vector_offset_147 = DEFINED (__vector_dispatch_147)?(. - _ebase_address):__vector_offset_default
 *(.vector_147)
 .vector_147    0x9d001308        0x8 output\isr.o
                0x9d001308                __vector_dispatch_147
                0x9d001310                . = ALIGN (0x4)
                0x00000328                __vector_offset_148 = DEFINED (__vector_dispatch_148)?(. - _ebase_address):__vector_offset_default
 *(.vector_148)
                0x9d001310                . = ALIGN (0x4)
                0x00000328                __vector_offset_149 = DEFINED (__vector_dispatch_149)?(. - _ebase_address):__vector_offset_default
 *(.vector_149)
                0x9d001310                . = ALIGN (0x4)
                0x00000328                __vector_offset_150 = DEFINED (__vector_dispatch_150)?(. - _ebase_address):__vector_offset_default
 *(.vector_150)
                0x9d001310                . = ALIGN (0x4)
                0x00000328                __vector_offset_151 = DEFINED (__vector_dispatch_151)?(. - _ebase_address):__vector_offset_default
 *(.vector_151)
                0x9d001310                . = ALIGN (0x4)
                0x00000328                __vector_offset_152 = DEFINED (__vector_dispatch_152)?(. - _ebase_address):__vector_offset_default
 *(.vector_152)
                0x9d001310                . = ALIGN (0x4)
                0x00000328                __vector_offset_153 = DEFINED (__vector_dispatch_153)?(. - _ebase_address):__vector_offset_default
 *(.vector_153)
                0x9d001310                . = ALIGN (0x4)
                0x00000328                __vector_offset_154 = DEFINED (__vector_dispatch_154)?(. - _ebase_address):__vector_offset_default
 *(.vector_154)
                0x9d001310                . = ALIGN (0x4)
                0x00000328                __vector_offset_155 = DEFINED (__vector_dispatch_155)?(. - _ebase_address):__vector_offset_default
 *(.vector_155)
                0x9d001310                . = ALIGN (0x4)
                0x00000328                __vector_offset_156 = DEFINED (__vector_dispatch_156)?(. - _ebase_address):__vector_offset_default
 *(.vector_156)
                0x9d001310                . = ALIGN (0x4)
                0x00000328                __vector_offset_157 = DEFINED (__vector_dispatch_157)?(. - _ebase_address):__vector_offset_default
 *(.vector_157)
                0x9d001310                . = ALIGN (0x4)
                0x00000328                __vector_offset_158 = DEFINED (__vector_dispatch_158)?(. - _ebase_address):__vector_offset_default
 *(.vector_158)
                0x9d001310                . = ALIGN (0x4)
                0x00000328                __vector_offset_159 = DEFINED (__vector_dispatch_159)?(. - _ebase_address):__vector_offset_default
 *(.vector_159)
                0x9d001310                . = ALIGN (0x4)
                0x00000328                __vector_offset_160 = DEFINED (__vector_dispatch_160)?(. - _ebase_address):__vector_offset_default
 *(.vector_160)
                0x9d001310                . = ALIGN (0x4)
                0x00000328                __vector_offset_161 = DEFINED (__vector_dispatch_161)?(. - _ebase_address):__vector_offset_default
 *(.vector_161)
                0x9d001310                . = ALIGN (0x4)
                0x00000328                __vector_offset_162 = DEFINED (__vector_dispatch_162)?(. - _ebase_address):__vector_offset_default
 *(.vector_162)
                0x9d001310                . = ALIGN (0x4)
                0x00000310                __vector_offset_163 = DEFINED (__vector_dispatch_163)?(. - _ebase_address):__vector_offset_default
 *(.vector_163)
 .vector_163    0x9d001310        0x8 output\isr.o
                0x9d001310                __vector_dispatch_163
                0x9d001318                . = ALIGN (0x4)
                0x00000318                __vector_offset_164 = DEFINED (__vector_dispatch_164)?(. - _ebase_address):__vector_offset_default
 *(.vector_164)
 .vector_164    0x9d001318        0x8 output\isr.o
                0x9d001318                __vector_dispatch_164
                0x9d001320                . = ALIGN (0x4)
                0x00000320                __vector_offset_165 = DEFINED (__vector_dispatch_165)?(. - _ebase_address):__vector_offset_default
 *(.vector_165)
 .vector_165    0x9d001320        0x8 output\isr.o
                0x9d001320                __vector_dispatch_165
                0x9d001328                . = ALIGN (0x4)
                0x00000328                __vector_offset_166 = DEFINED (__vector_dispatch_166)?(. - _ebase_address):__vector_offset_default
 *(.vector_166)
                0x9d001328                . = ALIGN (0x4)
                0x00000328                __vector_offset_167 = DEFINED (__vector_dispatch_167)?(. - _ebase_address):__vector_offset_default
 *(.vector_167)
                0x9d001328                . = ALIGN (0x4)
                0x00000328                __vector_offset_168 = DEFINED (__vector_dispatch_168)?(. - _ebase_address):__vector_offset_default
 *(.vector_168)
                0x9d001328                . = ALIGN (0x4)
                0x00000328                __vector_offset_169 = DEFINED (__vector_dispatch_169)?(. - _ebase_address):__vector_offset_default
 *(.vector_169)
                0x9d001328                . = ALIGN (0x4)
                0x00000328                __vector_offset_170 = DEFINED (__vector_dispatch_170)?(. - _ebase_address):__vector_offset_default
 *(.vector_170)
                0x9d001328                . = ALIGN (0x4)
                0x00000328                __vector_offset_171 = DEFINED (__vector_dispatch_171)?(. - _ebase_address):__vector_offset_default
 *(.vector_171)
                0x9d001328                . = ALIGN (0x4)
                0x00000328                __vector_offset_172 = DEFINED (__vector_dispatch_172)?(. - _ebase_address):__vector_offset_default
 *(.vector_172)
                0x9d001328                . = ALIGN (0x4)
                0x00000328                __vector_offset_173 = DEFINED (__vector_dispatch_173)?(. - _ebase_address):__vector_offset_default
 *(.vector_173)
                0x9d001328                . = ALIGN (0x4)
                0x00000328                __vector_offset_174 = DEFINED (__vector_dispatch_174)?(. - _ebase_address):__vector_offset_default
 *(.vector_174)
                0x9d001328                . = ALIGN (0x4)
                0x00000328                __vector_offset_175 = DEFINED (__vector_dispatch_175)?(. - _ebase_address):__vector_offset_default
 *(.vector_175)
                0x9d001328                . = ALIGN (0x4)
                0x00000328                __vector_offset_176 = DEFINED (__vector_dispatch_176)?(. - _ebase_address):__vector_offset_default
 *(.vector_176)
                0x9d001328                . = ALIGN (0x4)
                0x00000328                __vector_offset_177 = DEFINED (__vector_dispatch_177)?(. - _ebase_address):__vector_offset_default
 *(.vector_177)
                0x9d001328                . = ALIGN (0x4)
                0x00000328                __vector_offset_178 = DEFINED (__vector_dispatch_178)?(. - _ebase_address):__vector_offset_default
 *(.vector_178)
                0x9d001328                . = ALIGN (0x4)
                0x00000328                __vector_offset_179 = DEFINED (__vector_dispatch_179)?(. - _ebase_address):__vector_offset_default
 *(.vector_179)
                0x9d001328                . = ALIGN (0x4)
                0x00000328                __vector_offset_180 = DEFINED (__vector_dispatch_180)?(. - _ebase_address):__vector_offset_default
 *(.vector_180)
                0x9d001328                . = ALIGN (0x4)
                0x00000328                __vector_offset_181 = DEFINED (__vector_dispatch_181)?(. - _ebase_address):__vector_offset_default
 *(.vector_181)
                0x9d001328                . = ALIGN (0x4)
                0x00000328                __vector_offset_182 = DEFINED (__vector_dispatch_182)?(. - _ebase_address):__vector_offset_default
 *(.vector_182)
                0x9d001328                . = ALIGN (0x4)
                0x00000328                __vector_offset_183 = DEFINED (__vector_dispatch_183)?(. - _ebase_address):__vector_offset_default
 *(.vector_183)
                0x9d001328                . = ALIGN (0x4)
                0x00000328                __vector_offset_184 = DEFINED (__vector_dispatch_184)?(. - _ebase_address):__vector_offset_default
 *(.vector_184)
                0x9d001328                . = ALIGN (0x4)
                0x00000328                __vector_offset_185 = DEFINED (__vector_dispatch_185)?(. - _ebase_address):__vector_offset_default
 *(.vector_185)
                0x9d001328                . = ALIGN (0x4)
                0x00000328                __vector_offset_186 = DEFINED (__vector_dispatch_186)?(. - _ebase_address):__vector_offset_default
 *(.vector_186)
                0x9d001328                . = ALIGN (0x4)
                0x00000328                __vector_offset_187 = DEFINED (__vector_dispatch_187)?(. - _ebase_address):__vector_offset_default
 *(.vector_187)
                0x9d001328                . = ALIGN (0x4)
                0x00000328                __vector_offset_188 = DEFINED (__vector_dispatch_188)?(. - _ebase_address):__vector_offset_default
 *(.vector_188)
                0x9d001328                . = ALIGN (0x4)
                0x00000328                __vector_offset_189 = DEFINED (__vector_dispatch_189)?(. - _ebase_address):__vector_offset_default
 *(.vector_189)
                0x9d001328                . = ALIGN (0x4)
                0x00000328                __vector_offset_190 = DEFINED (__vector_dispatch_190)?(. - _ebase_address):__vector_offset_default
 *(.vector_190)
                0x9d001328                . = ALIGN (0x4)
                0x00000328                __vector_offset_191 = DEFINED (__vector_dispatch_191)?(. - _ebase_address):__vector_offset_default
 *(.vector_191)
                0x9d001328                . = ALIGN (0x4)
                0x00000328                __vector_offset_192 = DEFINED (__vector_dispatch_192)?(. - _ebase_address):__vector_offset_default
 *(.vector_192)
                0x9d001328                . = ALIGN (0x4)
                0x00000328                __vector_offset_193 = DEFINED (__vector_dispatch_193)?(. - _ebase_address):__vector_offset_default
 *(.vector_193)
                0x9d001328                . = ALIGN (0x4)
                0x00000328                __vector_offset_194 = DEFINED (__vector_dispatch_194)?(. - _ebase_address):__vector_offset_default
 *(.vector_194)
                0x9d001328                . = ALIGN (0x4)
                0x00000328                __vector_offset_195 = DEFINED (__vector_dispatch_195)?(. - _ebase_address):__vector_offset_default
 *(.vector_195)
                0x9d001328                . = ALIGN (0x4)
                0x00000328                __vector_offset_196 = DEFINED (__vector_dispatch_196)?(. - _ebase_address):__vector_offset_default
 *(.vector_196)
                0x9d001328                . = ALIGN (0x4)
                0x00000328                __vector_offset_197 = DEFINED (__vector_dispatch_197)?(. - _ebase_address):__vector_offset_default
 *(.vector_197)
                0x9d001328                . = ALIGN (0x4)
                0x00000328                __vector_offset_198 = DEFINED (__vector_dispatch_198)?(. - _ebase_address):__vector_offset_default
 *(.vector_198)
                0x9d001328                . = ALIGN (0x4)
                0x00000328                __vector_offset_199 = DEFINED (__vector_dispatch_199)?(. - _ebase_address):__vector_offset_default
 *(.vector_199)
                0x9d001328                . = ALIGN (0x4)
                0x00000328                __vector_offset_200 = DEFINED (__vector_dispatch_200)?(. - _ebase_address):__vector_offset_default
 *(.vector_200)
                0x9d001328                . = ALIGN (0x4)
                0x00000328                __vector_offset_201 = DEFINED (__vector_dispatch_201)?(. - _ebase_address):__vector_offset_default
 *(.vector_201)
                0x9d001328                . = ALIGN (0x4)
                0x00000328                __vector_offset_202 = DEFINED (__vector_dispatch_202)?(. - _ebase_address):__vector_offset_default
 *(.vector_202)
                0x9d001328                . = ALIGN (0x4)
                0x00000328                __vector_offset_203 = DEFINED (__vector_dispatch_203)?(. - _ebase_address):__vector_offset_default
 *(.vector_203)
                0x9d001328                . = ALIGN (0x4)
                0x00000328                __vector_offset_204 = DEFINED (__vector_dispatch_204)?(. - _ebase_address):__vector_offset_default
 *(.vector_204)
                0x9d001328                . = ALIGN (0x4)
                0x00000328                __vector_offset_205 = DEFINED (__vector_dispatch_205)?(. - _ebase_address):__vector_offset_default
 *(.vector_205)
                0x9d001328                . = ALIGN (0x4)
                0x00000328                __vector_offset_206 = DEFINED (__vector_dispatch_206)?(. - _ebase_address):__vector_offset_default
 *(.vector_206)
                0x9d001328                . = ALIGN (0x4)
                0x00000328                __vector_offset_207 = DEFINED (__vector_dispatch_207)?(. - _ebase_address):__vector_offset_default
 *(.vector_207)
                0x9d001328                . = ALIGN (0x4)
                0x00000328                __vector_offset_208 = DEFINED (__vector_dispatch_208)?(. - _ebase_address):__vector_offset_default
 *(.vector_208)
                0x9d001328                . = ALIGN (0x4)
                0x00000328                __vector_offset_209 = DEFINED (__vector_dispatch_209)?(. - _ebase_address):__vector_offset_default
 *(.vector_209)
                0x9d001328                . = ALIGN (0x4)
                0x00000328                __vector_offset_210 = DEFINED (__vector_dispatch_210)?(. - _ebase_address):__vector_offset_default
 *(.vector_210)
                0x9d001328                . = ALIGN (0x4)
                0x00000328                __vector_offset_211 = DEFINED (__vector_dispatch_211)?(. - _ebase_address):__vector_offset_default
 *(.vector_211)
                0x9d001328                . = ALIGN (0x4)
                0x00000328                __vector_offset_212 = DEFINED (__vector_dispatch_212)?(. - _ebase_address):__vector_offset_default
 *(.vector_212)
                0x9d001328                . = ALIGN (0x4)
                0x00000328                __vector_offset_213 = DEFINED (__vector_dispatch_213)?(. - _ebase_address):__vector_offset_default
 *(.vector_213)
                0x9d001328                . = ALIGN (0x4)
                0x00000328                __vector_offset_214 = DEFINED (__vector_dispatch_214)?(. - _ebase_address):__vector_offset_default
 *(.vector_214)
                0x9d001328                . = ALIGN (0x4)
                0x00000328                __vector_offset_215 = DEFINED (__vector_dispatch_215)?(. - _ebase_address):__vector_offset_default
 *(.vector_215)
                0x9d001328                . = ALIGN (0x4)
                0x00000328                __vector_offset_216 = DEFINED (__vector_dispatch_216)?(. - _ebase_address):__vector_offset_default
 *(.vector_216)
                0x9d001328                . = ALIGN (0x4)
                0x00000328                __vector_offset_217 = DEFINED (__vector_dispatch_217)?(. - _ebase_address):__vector_offset_default
 *(.vector_217)
                0x9d001328                . = ALIGN (0x4)
                0x00000328                __vector_offset_218 = DEFINED (__vector_dispatch_218)?(. - _ebase_address):__vector_offset_default
 *(.vector_218)
                0x9d001328                . = ALIGN (0x4)
                0x00000328                __vector_offset_219 = DEFINED (__vector_dispatch_219)?(. - _ebase_address):__vector_offset_default
 *(.vector_219)
                0x9d001328                . = ALIGN (0x4)
                0x00000328                __vector_offset_220 = DEFINED (__vector_dispatch_220)?(. - _ebase_address):__vector_offset_default
 *(.vector_220)
                0x9d001328                . = ALIGN (0x4)
                0x00000328                __vector_offset_221 = DEFINED (__vector_dispatch_221)?(. - _ebase_address):__vector_offset_default
 *(.vector_221)
                0x9d001328                . = ALIGN (0x4)
                0x00000328                __vector_offset_222 = DEFINED (__vector_dispatch_222)?(. - _ebase_address):__vector_offset_default
 *(.vector_222)
                0x9d001328                . = ALIGN (0x4)
                0x00000328                __vector_offset_223 = DEFINED (__vector_dispatch_223)?(. - _ebase_address):__vector_offset_default
 *(.vector_223)
                0x9d001328                . = ALIGN (0x4)
                0x00000328                __vector_offset_224 = DEFINED (__vector_dispatch_224)?(. - _ebase_address):__vector_offset_default
 *(.vector_224)
                0x9d001328                . = ALIGN (0x4)
                0x00000328                __vector_offset_225 = DEFINED (__vector_dispatch_225)?(. - _ebase_address):__vector_offset_default
 *(.vector_225)
                0x9d001328                . = ALIGN (0x4)
                0x00000328                __vector_offset_226 = DEFINED (__vector_dispatch_226)?(. - _ebase_address):__vector_offset_default
 *(.vector_226)
                0x9d001328                . = ALIGN (0x4)
                0x00000328                __vector_offset_227 = DEFINED (__vector_dispatch_227)?(. - _ebase_address):__vector_offset_default
 *(.vector_227)
                0x9d001328                . = ALIGN (0x4)
                0x00000328                __vector_offset_228 = DEFINED (__vector_dispatch_228)?(. - _ebase_address):__vector_offset_default
 *(.vector_228)
                0x9d001328                . = ALIGN (0x4)
                0x00000328                __vector_offset_229 = DEFINED (__vector_dispatch_229)?(. - _ebase_address):__vector_offset_default
 *(.vector_229)
                0x9d001328                . = ALIGN (0x4)
                0x00000328                __vector_offset_230 = DEFINED (__vector_dispatch_230)?(. - _ebase_address):__vector_offset_default
 *(.vector_230)
                0x9d001328                . = ALIGN (0x4)
                0x00000328                __vector_offset_231 = DEFINED (__vector_dispatch_231)?(. - _ebase_address):__vector_offset_default
 *(.vector_231)
                0x9d001328                . = ALIGN (0x4)
                0x00000328                __vector_offset_232 = DEFINED (__vector_dispatch_232)?(. - _ebase_address):__vector_offset_default
 *(.vector_232)
                0x9d001328                . = ALIGN (0x4)
                0x00000328                __vector_offset_233 = DEFINED (__vector_dispatch_233)?(. - _ebase_address):__vector_offset_default
 *(.vector_233)
                0x9d001328                . = ALIGN (0x4)
                0x00000328                __vector_offset_234 = DEFINED (__vector_dispatch_234)?(. - _ebase_address):__vector_offset_default
 *(.vector_234)
                0x9d001328                . = ALIGN (0x4)
                0x00000328                __vector_offset_235 = DEFINED (__vector_dispatch_235)?(. - _ebase_address):__vector_offset_default
 *(.vector_235)
                0x9d001328                . = ALIGN (0x4)
                0x00000328                __vector_offset_236 = DEFINED (__vector_dispatch_236)?(. - _ebase_address):__vector_offset_default
 *(.vector_236)
                0x9d001328                . = ALIGN (0x4)
                0x00000328                __vector_offset_237 = DEFINED (__vector_dispatch_237)?(. - _ebase_address):__vector_offset_default
 *(.vector_237)
                0x9d001328                . = ALIGN (0x4)
                0x00000328                __vector_offset_238 = DEFINED (__vector_dispatch_238)?(. - _ebase_address):__vector_offset_default
 *(.vector_238)
                0x9d001328                . = ALIGN (0x4)
                0x00000328                __vector_offset_239 = DEFINED (__vector_dispatch_239)?(. - _ebase_address):__vector_offset_default
 *(.vector_239)
                0x9d001328                . = ALIGN (0x4)
                0x00000328                __vector_offset_240 = DEFINED (__vector_dispatch_240)?(. - _ebase_address):__vector_offset_default
 *(.vector_240)
                0x9d001328                . = ALIGN (0x4)
                0x00000328                __vector_offset_241 = DEFINED (__vector_dispatch_241)?(. - _ebase_address):__vector_offset_default
 *(.vector_241)
                0x9d001328                . = ALIGN (0x4)
                0x00000328                __vector_offset_242 = DEFINED (__vector_dispatch_242)?(. - _ebase_address):__vector_offset_default
 *(.vector_242)
                0x9d001328                . = ALIGN (0x4)
                0x00000328                __vector_offset_243 = DEFINED (__vector_dispatch_243)?(. - _ebase_address):__vector_offset_default
 *(.vector_243)
                0x9d001328                . = ALIGN (0x4)
                0x00000328                __vector_offset_244 = DEFINED (__vector_dispatch_244)?(. - _ebase_address):__vector_offset_default
 *(.vector_244)
                0x9d001328                . = ALIGN (0x4)
                0x00000328                __vector_offset_245 = DEFINED (__vector_dispatch_245)?(. - _ebase_address):__vector_offset_default
 *(.vector_245)
                0x9d001328                . = ALIGN (0x4)
                0x00000328                __vector_offset_246 = DEFINED (__vector_dispatch_246)?(. - _ebase_address):__vector_offset_default
 *(.vector_246)
                0x9d001328                . = ALIGN (0x4)
                0x00000328                __vector_offset_247 = DEFINED (__vector_dispatch_247)?(. - _ebase_address):__vector_offset_default
 *(.vector_247)
                0x9d001328                . = ALIGN (0x4)
                0x00000328                __vector_offset_248 = DEFINED (__vector_dispatch_248)?(. - _ebase_address):__vector_offset_default
 *(.vector_248)
                0x9d001328                . = ALIGN (0x4)
                0x00000328                __vector_offset_249 = DEFINED (__vector_dispatch_249)?(. - _ebase_address):__vector_offset_default
 *(.vector_249)
                0x9d001328                . = ALIGN (0x4)
                0x00000328                __vector_offset_250 = DEFINED (__vector_dispatch_250)?(. - _ebase_address):__vector_offset_default
 *(.vector_250)
                0x9d001328                . = ALIGN (0x4)
                0x00000328                __vector_offset_251 = DEFINED (__vector_dispatch_251)?(. - _ebase_address):__vector_offset_default
 *(.vector_251)
                0x9d001328                . = ALIGN (0x4)
                0x00000328                __vector_offset_252 = DEFINED (__vector_dispatch_252)?(. - _ebase_address):__vector_offset_default
 *(.vector_252)
                0x9d001328                . = ALIGN (0x4)
                0x00000328                __vector_offset_253 = DEFINED (__vector_dispatch_253)?(. - _ebase_address):__vector_offset_default
 *(.vector_253)
                0x9d001328                . = ALIGN (0x4)
                0x00000328                __vector_offset_254 = DEFINED (__vector_dispatch_254)?(. - _ebase_address):__vector_offset_default
 *(.vector_254)
                0x9d001328                . = ALIGN (0x4)
                0x00000328                __vector_offset_255 = DEFINED (__vector_dispatch_255)?(. - _ebase_address):__vector_offset_default
 *(.vector_255)
                0x9d001328                . = ALIGN (0x4)
                0x00000328                __vector_offset_default = (. - _ebase_address)
 *(.vector_default)
 .vector_default
                0x9d001328       0x48 c:/program files (x86)/microchip/xc32/v2.30/bin/bin/../../lib/gcc/pic32mx/4.8.3/../../../../pic32mx/lib\libpic32.a(defaultinterrupt.o)
                0x9d001328                _DefaultInterrupt

.text           0x9d001370        0x0
 *(.stub .gnu.linkonce.t.*)
 *(.text.*personality*)
 *(.mips16.fn.*)
 *(.mips16.call.*)
 *(.gnu.warning)
                0x9d001370                . = ALIGN (0x4)

.init           0x9d001370        0x0
 *crti.o(.init)
 *crtbegin.o(.init)
 *(EXCLUDE_FILE(*crtn.o *crtend?.o *crtend.o) .init)
 *crtend.o(.init)
 *crtn.o(.init)
                0x9d001370                . = ALIGN (0x4)

.fini           0x9d001370        0x0
 *(.fini)
                0x9d001370                . = ALIGN (0x4)

.preinit_array  0x9d001370        0x0
                0x9d001370                PROVIDE (__preinit_array_start, .)
 *(.preinit_array)
                0x9d001370                PROVIDE (__preinit_array_end, .)
                0x9d001370                . = ALIGN (0x4)

.init_array     0x9d001370        0x0
                0x9d001370                PROVIDE (__init_array_start, .)
 *(SORT(.init_array.*))
 *(.init_array)
                0x9d001370                PROVIDE (__init_array_end, .)
                0x9d001370                . = ALIGN (0x4)

.fini_array     0x9d001370        0x0
                0x9d001370                PROVIDE (__fini_array_start, .)
 *(SORT(.fini_array.*))
 *(.fini_array)
                0x9d001370                PROVIDE (__fini_array_end, .)
                0x9d001370                . = ALIGN (0x4)

.ctors          0x9d001370        0x0
 *crtbegin.o(.ctors)
 *crtbegin?.o(.ctors)
 *(EXCLUDE_FILE(*crtend?.o *crtend.o) .ctors)
 *(SORT(.ctors.*))
 *(.ctors)
                0x9d001370                . = ALIGN (0x4)

.dtors          0x9d001370        0x0
 *crtbegin.o(.dtors)
 *crtbegin?.o(.dtors)
 *(EXCLUDE_FILE(*crtend?.o *crtend.o) .dtors)
 *(SORT(.dtors.*))
 *(.dtors)
                0x9d001370                . = ALIGN (0x4)

.rodata         0x9d001370        0x0
 *(.gnu.linkonce.r.*)
 *(.rodata1)
                0x9d001370                . = ALIGN (0x4)

.sdata2         0x9d001370        0x0
 *(.sdata2 .sdata2.* .gnu.linkonce.s2.*)
                0x9d001370                . = ALIGN (0x4)

.sbss2          0x9d001370        0x0
 *(.sbss2 .sbss2.* .gnu.linkonce.sb2.*)
                0x9d001370                . = ALIGN (0x4)

.eh_frame_hdr
 *(.eh_frame_hdr)
                0x9d001370                . = ALIGN (0x4)

.eh_frame
 *(.eh_frame)
                0x9d001370                . = ALIGN (0x4)

.gcc_except_table
 *(.gcc_except_table .gcc_except_table.*)
                0x9d001370                . = ALIGN (0x4)

.jcr            0x80000000        0x0
 *(.jcr)
                0x80000000                . = ALIGN (0x4)

.eh_frame
 *(.eh_frame)
                0x80000000                . = ALIGN (0x4)

.gcc_except_table
 *(.gcc_except_table .gcc_except_table.*)
                0x80000000                . = ALIGN (0x4)

.persist        0x80000000        0x0
                0x80000000                _persist_begin = .
 *(.persist .persist.*)
                0x80000000                . = ALIGN (0x4)
                0x80000000                _persist_end = .

.data           0x80000000        0x0
 *(.gnu.linkonce.d.*)
 *(.data1)
                0x80000000                . = ALIGN (0x4)
                0x80000000                . = .
                0x80007ff0                _gp = (ALIGN (0x10) + 0x7ff0)

.got            0x80000000        0x0
 *(.got.plt)
 *(.got)
                0x80000000                . = ALIGN (0x4)

.sdata          0x80000000       0x74
                0x80000000                _sdata_begin = .
 *(.sdata .sdata.* .gnu.linkonce.s.*)
 .sdata         0x80000000        0x4 output\eep_manager.o
 .sdata         0x80000004        0x8 output\grbl_limits.o
                0x80000004                limits_disabled
                0x80000008                pl_data
 .sdata         0x8000000c        0x8 output\pwm.o
                0x8000000c                maxFreq
                0x80000010                maxDuty
 .sdata         0x80000014        0x4 output\dee.o
                0x80000017                dee_debug_enable
 .sdata         0x80000018        0x8 output\stepper_enable.o
                0x8000001c                stepper_enable_emergency_stop_active
 .sdata         0x80000020        0x3 output\grbl_eeprom.o
                0x80000020                grbl_eeprom_trigger_prev
                0x80000021                backup_eep_error_single_shoot
                0x80000022                master_eep_error_single_shoot
 .sdata         0x80000023        0x1 output\grbl_running.o
 .sdata         0x80000024        0x8 output\ethernet.o
                0x80000024                SerializedMACAddress
 .sdata         0x8000002c        0x4 output\Helpers.o
 SIST$          0x80000030        0x2 output\UDP.o
 *fill*         0x80000032        0x2 
 .sdata         0x80000034        0x8 output\ethernet_grbl_multi.o
                0x80000034                addrlen
                0x80000038                serverPort
 .sdata         0x8000003c        0x1 output\Reboot.o
 .sdata         0x8000003d        0x2 output\TCP.o
 *fill*         0x8000003f        0x1 
 .sdata         0x80000040        0x8 output\BerkeleyAPI.o
 .sdata         0x80000048        0x8 output\stackmeasure.o
                0x80000048                stackmeasure_to
                0x8000004c                stackmeasure_from
 .sdata         0x80000050       0x24 c:/program files (x86)/microchip/xc32/v2.30/bin/bin/../../lib/gcc/pic32mx/4.8.3/../../../../pic32mx/lib\libpic32.a(pic32_init_cache.o)
                0x80000050                __pic32_icache_size
                0x80000054                __pic32_icache_linesize
                0x80000058                __pic32_icache_ways
                0x8000005c                __pic32_dcache_size
                0x80000060                __pic32_dcache_linesize
                0x80000064                __pic32_dcache_ways
                0x80000068                __pic32_scache_size
                0x8000006c                __pic32_scache_linesize
                0x80000070                __pic32_scache_ways
                0x80000074                . = ALIGN (0x4)
                0x80000074                _sdata_end = .

.lit8
 *(.lit8)

.lit4
 *(.lit4)
                0x80000074                . = ALIGN (0x4)
                0x80000074                _data_end = .
                0x80000074                _bss_begin = .

.sbss           0x80000074      0x3a0
                0x80000074                _sbss_begin = .
 *(.dynsbss)
 *(.sbss .sbss.* .gnu.linkonce.sb.*)
 .sbss          0x80000074       0x14 output\tmr.o
                0x80000080                globalTimeUs
                0x80000084                globalTime
 .sbss          0x80000088        0xc output\task.o
                0x80000088                taskListsPtr
                0x8000008c                doTaskListGuard
                0x8000008d                doTaskList1ms
                0x80000090                tasksTotalTime
 .sbss          0x80000094        0xc output\eeprom.o
                0x80000094                do_eeprom_1ms
                0x80000098                eeprom_write_buffer_read_cnt
                0x8000009c                eeprom_write_buffer_write_cnt
 .sbss          0x800000a0       0x20 output\eep_manager.o
                0x800000b1                do_eep_manager_1ms
                0x800000b4                eep_manager_persistent_eeprom_2
                0x800000b8                eep_manager_persistent_eeprom
                0x800000bc                eep_manager_persistent_config
 .sbss          0x800000c0       0x24 output\main.o
                0x800000cc                loopCntHistoryCnt
                0x800000d0                loopCntHistoryLast
                0x800000d4                tick_count
                0x800000d8                loopCnt
                0x800000dc                loopCntTemp
                0x800000e0                do_loopCnt
 .sbss          0x800000e4        0x8 output\app.o
                0x800000e4                do_app_1ms
                0x800000e8                app_State
 .sbss          0x800000ec        0x2 output\ad.o
                0x800000ed                doAd100ms
 *fill*         0x800000ee        0x2 
 .sbss          0x800000f0        0x8 output\gcode.o
                0x800000f0                grbl_Tool_Length_2
                0x800000f4                grbl_Tool_Length_1
 .sbss          0x800000f8       0x18 output\grbl_limits.o
                0x800000f8                logger_limits_get_state_prev
                0x800000f9                limit_flag_for_homeing_EXEC_CYCLE_STOP
                0x800000fa                limit_delay_home
                0x800000fc                limits_get_state_debug
                0x800000fd                limits_get_state_current
                0x800000fe                limits_get_state_last
                0x80000100                do_limits_polling
                0x80000104                do_limits_1ms
                0x80000108                limit_go_home_state
                0x8000010c                do_limits_go_home
 .sbss          0x80000110        0x8 output\motion_control.o
                0x80000110                mc_homing_state_machine
                0x80000114                do_mc_homing_cycle
                0x80000115                count
                0x80000116                do_ArcGenerating
 .sbss          0x80000118        0x5 output\nuts_bolts.o
                0x80000118                nuts_bolts_delayCnt
                0x80000119                do_nuts_bolts_delay1ms
                0x8000011a                grbl_not_existing_lat
                0x8000011b                grbl_not_existing_port
                0x8000011c                grbl_not_existing_tris
 *fill*         0x8000011d        0x3 
 .sbss          0x80000120       0x34 output\report.o
                0x80000140                buffer_missed_char_logger_cnt
                0x80000144                do_grbl_report_50ms
                0x80000148                grbl_report_eeprom_dump
                0x8000014c                grbl_report_sys_log_1
                0x80000150                grbl_report_sys_log_0
 .sbss          0x80000154       0x10 output\stepper.o
                0x80000160                segment_next_head
                0x80000161                segment_buffer_head
                0x80000162                segment_buffer_tail
 .sbss          0x80000164       0x10 output\system.o
                0x80000165                restore_condition
                0x80000168                restore_spindle_speed
                0x8000016c                sys_rt_exec_accessory_override
                0x8000016d                sys_rt_exec_motion_override
                0x80000170                grbl_system_sm
 .sbss          0x80000174       0x38 output\dee.o
                0x80000188                PackEE_async_state_prev
                0x8000018c                do_dee_1ms
                0x80000190                dee_pack_triggered
                0x80000191                dee_pack_running
                0x80000194                dee_debug_init_dee
                0x80000198                do_dee_debug
                0x8000019c                dee_addr_cache
                0x800001a0                dee_data_cache
                0x800001a4                dee_cache_valid
                0x800001a8                dee_debug_last_return_value
 .sbss          0x800001ac        0xc output\system_control.o
                0x800001ac                system_control_get_state_debug
                0x800001ad                system_control_get_state_last_SAFETY_DOOR
                0x800001ae                system_control_get_state_last_CYCLE_START
                0x800001af                system_control_get_state_last_FEED_HOLD
                0x800001b0                system_control_get_state_last_ABORT
                0x800001b1                system_control_get_state_current_SAFETY_DOOR
                0x800001b2                system_control_get_state_current_CYCLE_START
                0x800001b3                system_control_get_state_current_FEED_HOLD
                0x800001b4                system_control_get_state_current_ABORT
                0x800001b5                do_system_poll_control_pins
                0x800001b6                do_system_control_1ms
                0x800001b7                system_reset_debug
 .sbss          0x800001b8       0x14 output\stepper_enable.o
                0x800001b8                stepper_logger_single_shoot
                0x800001b9                stepper_enable_abort_cnt
                0x800001bc                stepper_enable_emergency_stop_delay_cnt
                0x800001c0                stepper_enable_emergency_stop_delay
                0x800001c4                stepper_enable_delayed_enabling_cnt
                0x800001c8                stepper_enable_delayed_enabling
                0x800001c9                do_stepper_enable_1ms
 .sbss          0x800001cc        0x2 output\system_exec.o
                0x800001cc                sys_rt_exec_state
 .sbss          0x800001ce        0x2 output\system_alarm.o
                0x800001ce                sys_rt_exec_alarm
 .sbss          0x800001d0        0xc output\grbl_eeprom.o
                0x800001d4                grbl_eeprom_trigger_current
                0x800001d5                gc_main_eeprom_trigger
                0x800001d6                grbl_critical_eep_error
                0x800001d7                grbl_backup_eep_error
                0x800001d8                grbl_master_eep_error
                0x800001d9                grbl_eeprom_triggerWriteSettings
                0x800001da                grbl_eeprom_triggerWriteAll
                0x800001db                do_grbl_eeprom_1ms
 .sbss          0x800001dc        0xc output\grbl_toolchange.o
                0x800001dc                do_grbl_toolchange_1ms
                0x800001dd                grbl_toolchange_load_or_load_and_change
                0x800001de                grbl_toolchange_toolNumber
                0x800001e0                grbl_toolchange_isRunning
                0x800001e4                GRBL_Toolchange_SM_State
 .sbss          0x800001e8       0x20 output\grbl_protocol.o
                0x800001ec                missedRxChar_Grbl_Protocol
                0x800001f0                protocol_set_requestDwell_dwellTime
                0x800001f4                protocol_execute_line_status
                0x800001f8                jog_line_number
                0x800001fc                gc_execute_line_number
                0x80000200                gc_execute_line_result
                0x80000201                requestSynchMotion
                0x80000204                lineStateMachine
 .sbss          0x80000208       0x2c output\grbl_running.o
                0x80000214                do_grbl_running_1h
                0x80000215                do_grbl_running_1min
                0x80000216                do_grbl_running_1s
                0x80000218                grbl_running_running_hours_eep_trigger
                0x8000021c                grbl_running_spindle_running_minutes_eep_trigger
                0x80000220                grbl_running_running_minutes_eep_trigger
                0x80000224                grbl_running_spindle_running_minutes
                0x80000228                grbl_running_startup_cnt
                0x8000022c                grbl_running_running_hours
                0x80000230                grbl_running_running_minutes
 .sbss          0x80000234        0x3 output\grbl_bootloader.o
                0x80000235                grbl_bootloader_triggered
                0x80000236                do_grbl_bootloader_1ms
 .sbss          0x80000237        0x6 output\grbl_probe.o
                0x80000237                probe_is_no_error
                0x80000238                do_mc_probe_cycle
                0x80000239                sys_probe_state
                0x8000023a                do_probe_1ms
                0x8000023b                probe_pin_state
                0x8000023c                probe_invert_mask
 *fill*         0x8000023d        0x3 
 .sbss          0x80000240       0x3c output\ENC28J60.o
                0x80000248                enc28j60_Dummy
                0x8000024c                enc28j60_spi_corruption_reinit_state
                0x80000250                enc28j60_spi_corruption2_cnt
                0x80000254                enc28j60_spi_corruption1_cnt
                0x80000258                enc28j60_spi_corruption_reinit
                0x8000025c                ENC28J60_MACON4
                0x8000025d                ENC28J60_MACON3
                0x8000025e                ENC28J60_MACON1
                0x8000025f                ENC28J60_EFLOCON
                0x80000260                ENC28J60_ECOCON
                0x80000261                ENC28J60_MISTAT
                0x80000262                ENC28J60_EBSTCON
                0x80000263                ENC28J60_MICMD
                0x80000264                ENC28J60_ERXFCON
                0x80000265                ENC28J60_ECON1
                0x80000266                ENC28J60_ECON2
                0x80000267                ENC28J60_ESTAT
                0x80000268                ENC28J60_EIR
                0x80000269                ENC28J60_EIE
                0x8000026a                do_enc28j60_100ms
                0x8000026b                do_enc28j60_1ms
 .sbss          0x8000027c        0x8 output\ARP.o
                0x80000280                ARPResolve_null_ptr
 .sbss          0x80000284        0x8 output\Announce.o
 .sbss          0x8000028c        0x4 output\IP.o
 .sbss          0x80000290        0xc output\StackTsk.o
 ENTPERSIST$    0x8000029c        0xc output\UDP.o
                0x8000029c                do_udp_1ms
 .sbss          0x800002a8       0x1c output\ethernet_grbl_multi.o
                0x800002ac                do_serial_grbl_ethernet_multi_100ms
                0x800002b0                do_serial_grbl_ethernet_multi_1ms
                0x800002b4                ToSendDataBuffer_grbl_ethernet_multi_filled
                0x800002b8                missedRxCharEthernet
                0x800002bc                missedTxCharEthernet
                0x800002c0                bsdServerState
 .sbss          0x800002c4        0x4 output\grbl_multi.o
                0x800002c4                grbl_multi_source
 .sbss          0x800002c8        0x4 output\TCP.o
                0x800002c8                do_tcp_1ms
 .sbss          0x800002cc        0x4 output\BerkeleyAPI.o
                0x800002cc                do_berkeleyapi_1ms
 .sbss          0x800002d0       0x10 output\mal.o
                0x800002d0                isrLockCnt
                0x800002d4                gieTemp
                0x800002d8                mal_RCON_temp
                0x800002dc                mal_resetReason_temp
 .sbss          0x800002e0        0x8 output\exceptions.o
                0x800002e0                generateException
                0x800002e4                exceptionCounter
 .sbss          0x800002e8        0x8 output\stackmeasure.o
                0x800002e8                stackmeasure_maxfillness
                0x800002ec                stackmeasure_current_pos
 .sbss          0x800002f0        0x4 output\noinitram.o
                0x800002f0                noinitram_valid_block
 .sbss          0x800002f4        0x8 output\usb_grbl_multi.o
                0x800002f4                missedRxCharHID
                0x800002f8                missedTxCharHID
 *(.scommon)
 .scommon       0x800002fc        0x2 output\ad.o
                0x800002fc                adResults
 *fill*         0x800002fe        0x2 
 .scommon       0x80000300       0x20 output\grbl_limits.o
                0x80000300                cycle_mask_asynch
                0x80000301                limits_set_state_filtered_currentState
                0x80000302                axislock
                0x80000303                limit_state
                0x80000304                n_active_axis
                0x80000308                step_pin
                0x8000030c                max_travel
                0x80000310                approach
                0x80000314                homing_rate
                0x80000318                n_cycle
                0x8000031c                limit_filter_state
 .scommon       0x80000320       0x40 output\motion_control.o
                0x80000320                is_clockwise_arc_buffer
                0x80000324                r_axis0
                0x80000328                r_axis1
                0x8000032c                theta_per_segment
                0x80000330                cos_Ti
                0x80000334                center_axis1
                0x80000338                axis_linear_buffer
                0x80000339                cycle_mask_buffer
                0x8000033a                segments_buffer
                0x8000033c                center_axis0
                0x80000340                cos_T
                0x80000344                sin_T
                0x80000348                i_buffer
                0x8000034a                axis_1_buffer
                0x8000034c                r_axisi
                0x80000350                linear_per_segment
                0x80000354                sin_Ti
                0x80000358                axis_0_buffer
                0x8000035c                radius_buffer
 .scommon       0x80000360        0x4 output\planner.o
                0x80000360                block_buffer_planned
                0x80000361                next_buffer_head
                0x80000362                block_buffer_head
                0x80000363                block_buffer_tail
 .scommon       0x80000364        0x1 output\settings.o
                0x80000364                eep_settings_version
 *fill*         0x80000365        0x3 
 .scommon       0x80000368        0x4 output\system.o
                0x80000368                system_suspendTime
 .scommon       0x8000036c       0x54 output\grbl.o
                0x8000036c                dummyPORT5
                0x80000370                dummyPORT4
                0x80000374                dummyPORT2
                0x80000378                dummyPORT3
                0x8000037c                dummyPORT1
                0x80000380                dummyPORT6
                0x80000384                dummyPORT7
                0x80000388                dummyLAT4
                0x8000038c                dummyLAT5
                0x80000390                dummyLAT6
                0x80000394                dummyLAT7
                0x80000398                dummyTRIS3
                0x8000039c                dummyTRIS4
                0x800003a0                dummyTRIS7
                0x800003a4                dummyTRIS2
                0x800003a8                dummyTRIS1
                0x800003ac                dummyTRIS6
                0x800003b0                dummyTRIS5
                0x800003b4                dummyLAT3
                0x800003b8                dummyLAT2
                0x800003bc                dummyLAT1
 .scommon       0x800003c0        0x4 output\dee.o
                0x800003c0                dataEEFlags
 .scommon       0x800003c4        0xc output\dee_page.o
                0x800003c4                read_dee_page_size
                0x800003c8                read_dee_page
                0x800003cc                read_dee_page_startaddress
 .scommon       0x800003d0        0x8 output\grbl_eeprom.o
                0x800003d0                check_is_delay
                0x800003d4                gcodePositionSave
 .scommon       0x800003d8        0x4 output\grbl_toolchange.o
                0x800003d8                grbl_toolchange_failsafe_timeout
 .scommon       0x800003dc        0x4 output\grbl_protocol.o
                0x800003dc                protocol_dwellTime
 .scommon       0x800003e0        0x4 output\grbl_bootloader.o
                0x800003e0                grbl_bootloader_timer
 .scommon       0x800003e4        0x5 output\UDP.o
                0x800003e4                UDPRxCount
                0x800003e6                UDPTxCount
                0x800003e8                activeUDPSocket
 *fill*         0x800003e9        0x3 
 .scommon       0x800003ec        0x5 output\ethernet_grbl_multi.o
                0x800003ec                bsdServerSocket
                0x800003f0                ClientSock
 *fill*         0x800003f1        0x3 
 .scommon       0x800003f4       0x18 output\exceptions.o
                0x800003f4                tempResult
                0x800003f8                _return_addr
                0x800003fc                _excep_code
                0x80000400                tempB
                0x80000404                tempA
                0x80000408                _excep_addr
 .scommon       0x8000040c        0x2 output\usb_device_cdc.o
                0x8000040c                gUSBDeviceCdcCommonDataObj
 *fill*         0x8000040e        0x2 
 .scommon       0x80000410        0x4 output\usb.o
                0x80000410                usb_delay_timer
                0x80000414                _sbss_end = .
                0x80000414                . = ALIGN (0x4)

.bss            0x80000414     0x2bdc
 *(.dynbss)
 *(COMMON)
 COMMON         0x80000414      0x480 output\task.o
                0x80000414                taskLists
 COMMON         0x80000894      0x400 output\eeprom.o
                0x80000894                eeprom_write_buffer
 COMMON         0x80000c94       0x78 output\eep_manager.o
                0x80000c94                eep_manager_write_all_trigger
                0x80000cd0                eep_manager_debug_address
 COMMON         0x80000d0c       0xf0 output\main.o
                0x80000d0c                loopCntHistory
 COMMON         0x80000dfc       0x9c output\gcode.o
                0x80000dfc                coord_offset_eep
                0x80000e08                gc_state
                0x80000e4c                gc_block
                0x80000e8c                coord_system_eep
 COMMON         0x80000e98       0x18 output\grbl_limits.o
                0x80000e98                target
                0x80000ea4                plan_data
 COMMON         0x80000eb0       0x30 output\motion_control.o
                0x80000eb0                target_buffer
                0x80000ebc                position_buffer
                0x80000ec8                offset_buffer
                0x80000ed4                pl_data_buffer
 COMMON         0x80000ee0      0xd1c output\planner.o
                0x80000ee0                pl
                0x80000efc                block_buffer
 COMMON         0x80001bfc      0x1a4 output\settings.o
                0x80001bfc                eep_settings
                0x80001c5c                eep_settings_backup
                0x80001cbc                settings
                0x80001d1c                eep_coord_teached
                0x80001d28                eep_coord_data
 COMMON         0x80001da0      0x34c output\stepper.o
                0x80001da0                st
                0x80001dc8                st_block_buffer
                0x80001f94                segment_buffer
                0x800020b4                prep
 COMMON         0x800020ec      0x1ac output\system.o
                0x800020ec                sys
                0x80002100                sys_probe_position
                0x8000210c                grbl_system_logger
                0x8000228c                sys_position
 COMMON         0x80002298       0x40 output\pwm.o
                0x80002298                pwm_duty
 COMMON         0x800022d8        0xc output\dee_page.o
                0x800022d8                dee_debug_page_status
 COMMON         0x800022e4       0xe8 output\grbl_protocol.o
                0x800022e4                myRingBuffer_grbl_protocol_rx
                0x800022fc                line_buffer
                0x8000234c                grbl_protocol_rx
 COMMON         0x800023cc       0x33 output\ethernet.o
                0x800023cc                AppConfig
 *fill*         0x800023ff        0x1 
 COMMON         0x80002400        0xa output\StackTsk.o
                0x80002400                remoteNode
 *fill*         0x8000240a        0x2 
 COMMON         0x8000240c       0xe0 output\UDP.o
                0x8000240c                UDPSocketInfo
 COMMON         0x800024ec      0x4d0 output\ethernet_grbl_multi.o
                0x800024ec                eth_rx
                0x800026ec                myRingBuffer_eth_tx