Archive member included because of file (symbol)

c:/program files (x86)/microchip/xc32/v2.30/bin/bin/../../lib/gcc/pic32mx/4.8.3/../../../../pic32mx/lib\libmchp_peripheral_32MX440F256H.a(soft_reset_lib.o)
                              output\mal.o (SoftReset)
c:/program files (x86)/microchip/xc32/v2.30/bin/bin/../../lib/gcc/pic32mx/4.8.3/../../../../pic32mx/lib\libmchp_peripheral_32MX440F256H.a(pcache.o)
                              output\mal.o (CheKseg0CacheOn)
c:/program files (x86)/microchip/xc32/v2.30/bin/bin/../../lib/gcc/pic32mx/4.8.3/../../../../pic32mx/lib\libmchp_peripheral_32MX440F256H.a(int_disable_interrupts_lib.o)
                              c:/program files (x86)/microchip/xc32/v2.30/bin/bin/../../lib/gcc/pic32mx/4.8.3/../../../../pic32mx/lib\libmchp_peripheral_32MX440F256H.a(soft_reset_lib.o) (INTDisableInterrupts)
c:/program files (x86)/microchip/xc32/v2.30/bin/bin/../../lib/gcc/pic32mx/4.8.3/../../../../pic32mx/lib\libmchp_peripheral_32MX440F256H.a(power_idle_lib.o)
                              output\sleep.o (PowerSaveIdle)
c:/program files (x86)/microchip/xc32/v2.30/bin/bin/../../lib/gcc/pic32mx/4.8.3/../../../../pic32mx/lib\libmchp_peripheral_32MX440F256H.a(power_sleep_lib.o)
                              output\sleep.o (PowerSaveSleep)
c:/program files (x86)/microchip/xc32/v2.30/bin/bin/../../lib/gcc/pic32mx/4.8.3/../../../../pic32mx/lib\libmchp_peripheral_32MX440F256H.a(nvm_erase_page_lib.o)
                              output\dee_page.o (NVMErasePage)
c:/program files (x86)/microchip/xc32/v2.30/bin/bin/../../lib/gcc/pic32mx/4.8.3/../../../../pic32mx/lib\libmchp_peripheral_32MX440F256H.a(nvm_operation_lib.o)
                              c:/program files (x86)/microchip/xc32/v2.30/bin/bin/../../lib/gcc/pic32mx/4.8.3/../../../../pic32mx/lib\libmchp_peripheral_32MX440F256H.a(nvm_erase_page_lib.o) (_NVMOperation)
c:/program files (x86)/microchip/xc32/v2.30/bin/bin/../../lib/gcc/pic32mx/4.8.3/../../../../pic32mx/lib\libmchp_peripheral_32MX440F256H.a(nvm_write_word_lib.o)
                              output\dee_page.o (NVMWriteWord)
c:/program files (x86)/microchip/xc32/v2.30/bin/bin/../../lib/gcc/pic32mx/4.8.3/../../../../pic32mx/lib\libmchp_peripheral_32MX440F256H.a(int_restore_interrupts_lib.o)
                              c:/program files (x86)/microchip/xc32/v2.30/bin/bin/../../lib/gcc/pic32mx/4.8.3/../../../../pic32mx/lib\libmchp_peripheral_32MX440F256H.a(power_idle_lib.o) (INTRestoreInterrupts)
c:/program files (x86)/microchip/xc32/v2.30/bin/bin/../../lib/gcc/pic32mx/4.8.3\libgcc.a(_fixunssfdi.o)
                              output\stepper.o (__fixunssfdi)
c:/program files (x86)/microchip/xc32/v2.30/bin/bin/../../lib/gcc/pic32mx/4.8.3\libgcc.a(_floatundisf.o)
                              output\stepper.o (__floatundisf)
c:/program files (x86)/microchip/xc32/v2.30/bin/bin/../../lib/gcc/pic32mx/4.8.3\libgcc.a(floatunsisf.o)
                              output\grbl_limits.o (__floatunsisf)
c:/program files (x86)/microchip/xc32/v2.30/bin/bin/../../lib/gcc/pic32mx/4.8.3\libgcc.a(floatunsidf.o)
                              c:/program files (x86)/microchip/xc32/v2.30/bin/bin/../../lib/gcc/pic32mx/4.8.3\libgcc.a(_fixunssfdi.o) (__floatunsidf)
c:/program files (x86)/microchip/xc32/v2.30/bin/bin/../../lib/gcc/pic32mx/4.8.3/../../../../pic32mx/lib\libpic32.a(memcmp.o)
                              output\grbl_eeprom.o (memcmp)
c:/program files (x86)/microchip/xc32/v2.30/bin/bin/../../lib/gcc/pic32mx/4.8.3/../../../../pic32mx/lib\libpic32.a(memcpy.o)
                              output\eep_manager.o (memcpy)
c:/program files (x86)/microchip/xc32/v2.30/bin/bin/../../lib/gcc/pic32mx/4.8.3/../../../../pic32mx/lib\libpic32.a(memset.o)
                              output\ringBuffer.o (memset)
c:/program files (x86)/microchip/xc32/v2.30/bin/bin/../../lib/gcc/pic32mx/4.8.3/../../../../pic32mx/lib\libpic32.a(strcmp.o)
                              output\grbl_protocol.o (strcmp)
c:/program files (x86)/microchip/xc32/v2.30/bin/bin/../../lib/gcc/pic32mx/4.8.3/../../../../pic32mx/lib\libpic32.a(default-bootstrap-exception-handler.o)
                              C:\Users\kyrk\AppData\Local\Temp\ccKO9ifq.o (_bootstrap_exception_handler)
c:/program files (x86)/microchip/xc32/v2.30/bin/bin/../../lib/gcc/pic32mx/4.8.3/../../../../pic32mx/lib\libpic32.a(default-on-reset.o)
                              C:\Users\kyrk\AppData\Local\Temp\ccKO9ifq.o (_on_reset)
c:/program files (x86)/microchip/xc32/v2.30/bin/bin/../../lib/gcc/pic32mx/4.8.3/../../../../pic32mx/lib\libpic32.a(default-on-bootstrap.o)
                              C:\Users\kyrk\AppData\Local\Temp\ccKO9ifq.o (_on_bootstrap)
c:/program files (x86)/microchip/xc32/v2.30/bin/bin/../../lib/gcc/pic32mx/4.8.3/../../../../pic32mx/lib\libpic32.a(default-nmi-handler.o)
                              C:\Users\kyrk\AppData\Local\Temp\ccKO9ifq.o (_nmi_handler)
[...]
Memory Configuration

Name             Origin             Length             Attributes
kseg0_program_mem 0x9d007490         0x00038b70         xr
kseg0_boot_mem   0x9d006000         0x00000000
exception_mem    0x9d006000         0x00001000
kseg1_boot_mem   0x9d007000         0x00000490
debug_exec_mem   0xbfc02000         0x00000ff0
config3          0xbfc02ff0         0x00000004
config2          0xbfc02ff4         0x00000004
config1          0xbfc02ff8         0x00000004
config0          0xbfc02ffc         0x00000004
kseg1_shared_mem 0xa0000000         0x00001000         w !x
kseg1_data_mem   0xa0001000         0x00007000         w !x
sfrs             0xbf800000         0x00100000
configsfrs       0xbfc02ff0         0x00000010
*default*        0x00000000         0xffffffff

Linker script and memory map

LOAD c:/program files (x86)/microchip/xc32/v2.30/bin/bin/../../lib/gcc/pic32mx/4.8.3/../../../../pic32mx/lib\debug-exception-return.o
LOAD output\tmr.o
LOAD output\mal.o
LOAD output\ringBuffer.o
LOAD output\task.o
LOAD output\sleep.o
LOAD output\eeprom.o
LOAD output\eep_manager.o
LOAD output\usb.o
LOAD output\usb_descriptors.o
LOAD output\usb_device.o
LOAD output\exceptions.o
LOAD output\isr.o
LOAD output\main.o
LOAD output\c_eep_manager.o
LOAD output\app.o
LOAD output\ad.o
LOAD output\gcode.o
LOAD output\grbl_limits.o
LOAD output\coolant_control.o
LOAD output\motion_control.o
LOAD output\nuts_bolts.o
LOAD output\planner.o
LOAD output\print.o
LOAD output\report.o
LOAD output\settings.o
LOAD output\spindle_control.o
LOAD output\stepper.o
LOAD output\system.o
LOAD output\grbl.o
LOAD output\pwm.o
LOAD output\jog.o
LOAD output\usb_function_cdc.o
LOAD output\dee.o
LOAD output\dee_page.o
LOAD output\dee_page_helper.o
LOAD output\eep_manager_crc.o
LOAD output\system_control.o
LOAD output\stepper_enable.o
LOAD output\system_exec.o
LOAD output\system_alarm.o
LOAD output\grbl_eeprom.o
LOAD output\bootloader_interface.o
LOAD output\grbl_toolchange.o
LOAD output\stackmeasure.o
LOAD output\stackmeasure_helper.o
LOAD output\grbl_protocol.o
LOAD output\grbl_running.o
LOAD output\grbl_bootloader.o
LOAD output\grbl_probe.o
LOAD output\usb_grbl_multi.o
LOAD output\grbl_multi.o
LOAD output\noinitram.o
                0x00000400                PROVIDE (_min_stack_size, 0x400)
LOAD c:/program files (x86)/microchip/xc32/v2.30/bin/bin/../../lib/gcc/pic32mx/4.8.3/../../../../pic32mx/lib/./proc/32MX440F256H\processor.o
START GROUP
LOAD c:/program files (x86)/microchip/xc32/v2.30/bin/bin/../../lib/gcc/pic32mx/4.8.3/../../../../pic32mx/lib\libmchp_peripheral.a
END GROUP
START GROUP
LOAD c:/program files (x86)/microchip/xc32/v2.30/bin/bin/../../lib/gcc/pic32mx/4.8.3/../../../../pic32mx/lib\libmchp_peripheral_32MX440F256H.a
END GROUP
                0x00000001                PROVIDE (_vector_spacing, 0x1)
                0x9d006000                _ebase_address = 0x9d006000
                0x9d007000                _RESET_ADDR = 0x9d007000
                0x9d007380                _BEV_EXCPT_ADDR = 0x9d007380
                0x9d007480                _DBG_EXCPT_ADDR = 0x9d007480
                0xbfc02000                _DBG_CODE_ADDR = 0xbfc02000
                0x00000ff0                _DBG_CODE_SIZE = 0xff0
                0x9d006180                _GEN_EXCPT_ADDR = (_ebase_address + 0x180)

.config_BFC02FF0
 *(.config_BFC02FF0)

.config_BFC02FF4
 *(.config_BFC02FF4)

.config_BFC02FF8
 *(.config_BFC02FF8)

.config_BFC02FFC
 *(.config_BFC02FFC)
                0xbfc02000                PROVIDE (_DBG_CODE_ADDR, 0xbfc02000)
                0x00000ff0                PROVIDE (_DBG_CODE_SIZE, 0xff0)

.reset          0x9d007000      0x19c
 *(.reset)
 .reset         0x9d007000        0x8 C:\Users\kyrk\AppData\Local\Temp\ccKO9ifq.o
                0x9d007000                _reset
 *(.reset.startup)
 .reset.startup
                0x9d007008      0x194 C:\Users\kyrk\AppData\Local\Temp\ccKO9ifq.o
                0x9d007008                _startup

.bev_excpt      0x9d007380       0x10
 *(.bev_handler)
 .bev_handler   0x9d007380       0x10 C:\Users\kyrk\AppData\Local\Temp\ccKO9ifq.o

.dbg_excpt      0x9d007480        0x0
                0x9d007480                . = (. + DEFINED (_DEBUGGER)?0x8:0x0)

.dbg_code       0xbfc02000        0x0
                0xbfc02000                . = (. + DEFINED (_DEBUGGER)?_DBG_CODE_SIZE:0x0)

.app_excpt      0x9d006180       0x10
 *(.gen_handler)
 .gen_handler   0x9d006180       0x10 C:\Users\kyrk\AppData\Local\Temp\ccKO9ifq.o

.vector_0       0x9d006200        0x8
 *(.vector_0)
 .vector_0      0x9d006200        0x8 output\isr.o
                0x9d006200                __vector_dispatch_0
                0x00000001                ASSERT (((_vector_spacing == 0x0) || (SIZEOF (.vector_0) <= (_vector_spacing << 0x5))), function at exception vector 0 too large)

.vector_1       0x9d006220        0x8
 *(.vector_1)
 .vector_1      0x9d006220        0x8 c:/program files (x86)/microchip/xc32/v2.30/bin/bin/../../lib/gcc/pic32mx/4.8.3/../../../../pic32mx/lib\libpic32.a(vector1.o)
                0x9d006220                __vector_dispatch_1
                0x00000001                ASSERT (((_vector_spacing == 0x0) || (SIZEOF (.vector_1) <= (_vector_spacing << 0x5))), function at exception vector 1 too large)

.vector_2       0x9d006240        0x8
 *(.vector_2)
 .vector_2      0x9d006240        0x8 c:/program files (x86)/microchip/xc32/v2.30/bin/bin/../../lib/gcc/pic32mx/4.8.3/../../../../pic32mx/lib\libpic32.a(vector2.o)
                0x9d006240                __vector_dispatch_2
                0x00000001                ASSERT (((_vector_spacing == 0x0) || (SIZEOF (.vector_2) <= (_vector_spacing << 0x5))), function at exception vector 2 too large)

.vector_3       0x9d006260        0x8
 *(.vector_3)
 .vector_3      0x9d006260        0x8 c:/program files (x86)/microchip/xc32/v2.30/bin/bin/../../lib/gcc/pic32mx/4.8.3/../../../../pic32mx/lib\libpic32.a(vector3.o)
                0x9d006260                __vector_dispatch_3
                0x00000001                ASSERT (((_vector_spacing == 0x0) || (SIZEOF (.vector_3) <= (_vector_spacing << 0x5))), function at exception vector 3 too large)

.vector_4       0x9d006280        0x8
 *(.vector_4)
 .vector_4      0x9d006280        0x8 output\isr.o
                0x9d006280                __vector_dispatch_4
                0x00000001                ASSERT (((_vector_spacing == 0x0) || (SIZEOF (.vector_4) <= (_vector_spacing << 0x5))), function at exception vector 4 too large)

.vector_5       0x9d0062a0        0x8
 *(.vector_5)
 .vector_5      0x9d0062a0        0x8 c:/program files (x86)/microchip/xc32/v2.30/bin/bin/../../lib/gcc/pic32mx/4.8.3/../../../../pic32mx/lib\libpic32.a(vector5.o)
                0x9d0062a0                __vector_dispatch_5
                0x00000001                ASSERT (((_vector_spacing == 0x0) || (SIZEOF (.vector_5) <= (_vector_spacing << 0x5))), function at exception vector 5 too large)

.vector_6       0x9d0062c0        0x8
 *(.vector_6)
 .vector_6      0x9d0062c0        0x8 c:/program files (x86)/microchip/xc32/v2.30/bin/bin/../../lib/gcc/pic32mx/4.8.3/../../../../pic32mx/lib\libpic32.a(vector6.o)
                0x9d0062c0                __vector_dispatch_6
                0x00000001                ASSERT (((_vector_spacing == 0x0) || (SIZEOF (.vector_6) <= (_vector_spacing << 0x5))), function at exception vector 6 too large)

.vector_7       0x9d0062e0        0x8
 *(.vector_7)
 .vector_7      0x9d0062e0        0x8 c:/program files (x86)/microchip/xc32/v2.30/bin/bin/../../lib/gcc/pic32mx/4.8.3/../../../../pic32mx/lib\libpic32.a(vector7.o)
                0x9d0062e0                __vector_dispatch_7
                0x00000001                ASSERT (((_vector_spacing == 0x0) || (SIZEOF (.vector_7) <= (_vector_spacing << 0x5))), function at exception vector 7 too large)

.vector_8       0x9d006300        0x8
 *(.vector_8)
 .vector_8      0x9d006300        0x8 output\isr.o
                0x9d006300                __vector_dispatch_8
                0x00000001                ASSERT (((_vector_spacing == 0x0) || (SIZEOF (.vector_8) <= (_vector_spacing << 0x5))), function at exception vector 8 too large)

.vector_9       0x9d006320        0x8
 *(.vector_9)
 .vector_9      0x9d006320        0x8 c:/program files (x86)/microchip/xc32/v2.30/bin/bin/../../lib/gcc/pic32mx/4.8.3/../../../../pic32mx/lib\libpic32.a(vector9.o)
                0x9d006320                __vector_dispatch_9
                0x00000001                ASSERT (((_vector_spacing == 0x0) || (SIZEOF (.vector_9) <= (_vector_spacing << 0x5))), function at exception vector 9 too large)

.vector_10      0x9d006340        0x8
 *(.vector_10)
 .vector_10     0x9d006340        0x8 c:/program files (x86)/microchip/xc32/v2.30/bin/bin/../../lib/gcc/pic32mx/4.8.3/../../../../pic32mx/lib\libpic32.a(vector10.o)
                0x9d006340                __vector_dispatch_10
                0x00000001                ASSERT (((_vector_spacing == 0x0) || (SIZEOF (.vector_10) <= (_vector_spacing << 0x5))), function at exception vector 10 too large)

.vector_11      0x9d006360        0x8
 *(.vector_11)
 .vector_11     0x9d006360        0x8 c:/program files (x86)/microchip/xc32/v2.30/bin/bin/../../lib/gcc/pic32mx/4.8.3/../../../../pic32mx/lib\libpic32.a(vector11.o)
                0x9d006360                __vector_dispatch_11
                0x00000001                ASSERT (((_vector_spacing == 0x0) || (SIZEOF (.vector_11) <= (_vector_spacing << 0x5))), function at exception vector 11 too large)

.vector_12      0x9d006380        0x8
 *(.vector_12)
 .vector_12     0x9d006380        0x8 output\isr.o
                0x9d006380                __vector_dispatch_12
                0x00000001                ASSERT (((_vector_spacing == 0x0) || (SIZEOF (.vector_12) <= (_vector_spacing << 0x5))), function at exception vector 12 too large)

.vector_13      0x9d0063a0        0x8
 *(.vector_13)
 .vector_13     0x9d0063a0        0x8 c:/program files (x86)/microchip/xc32/v2.30/bin/bin/../../lib/gcc/pic32mx/4.8.3/../../../../pic32mx/lib\libpic32.a(vector13.o)
                0x9d0063a0                __vector_dispatch_13
                0x00000001                ASSERT (((_vector_spacing == 0x0) || (SIZEOF (.vector_13) <= (_vector_spacing << 0x5))), function at exception vector 13 too large)

.vector_14      0x9d0063c0        0x8
 *(.vector_14)
 .vector_14     0x9d0063c0        0x8 c:/program files (x86)/microchip/xc32/v2.30/bin/bin/../../lib/gcc/pic32mx/4.8.3/../../../../pic32mx/lib\libpic32.a(vector14.o)
                0x9d0063c0                __vector_dispatch_14
                0x00000001                ASSERT (((_vector_spacing == 0x0) || (SIZEOF (.vector_14) <= (_vector_spacing << 0x5))), function at exception vector 14 too large)

.vector_15      0x9d0063e0        0x8
 *(.vector_15)
 .vector_15     0x9d0063e0        0x8 output\isr.o
                0x9d0063e0                __vector_dispatch_15
                0x00000001                ASSERT (((_vector_spacing == 0x0) || (SIZEOF (.vector_15) <= (_vector_spacing << 0x5))), function at exception vector 15 too large)

.vector_16      0x9d006400        0x8
 *(.vector_16)
 .vector_16     0x9d006400        0x8 output\isr.o
                0x9d006400                __vector_dispatch_16
                0x00000001                ASSERT (((_vector_spacing == 0x0) || (SIZEOF (.vector_16) <= (_vector_spacing << 0x5))), function at exception vector 16 too large)

.vector_17      0x9d006420        0x8
 *(.vector_17)
 .vector_17     0x9d006420        0x8 c:/program files (x86)/microchip/xc32/v2.30/bin/bin/../../lib/gcc/pic32mx/4.8.3/../../../../pic32mx/lib\libpic32.a(vector17.o)
                0x9d006420                __vector_dispatch_17
                0x00000001                ASSERT (((_vector_spacing == 0x0) || (SIZEOF (.vector_17) <= (_vector_spacing << 0x5))), function at exception vector 17 too large)

.vector_18      0x9d006440        0x8
 *(.vector_18)
 .vector_18     0x9d006440        0x8 c:/program files (x86)/microchip/xc32/v2.30/bin/bin/../../lib/gcc/pic32mx/4.8.3/../../../../pic32mx/lib\libpic32.a(vector18.o)
                0x9d006440                __vector_dispatch_18
                0x00000001                ASSERT (((_vector_spacing == 0x0) || (SIZEOF (.vector_18) <= (_vector_spacing << 0x5))), function at exception vector 18 too large)

.vector_19      0x9d006460        0x8
 *(.vector_19)
 .vector_19     0x9d006460        0x8 c:/program files (x86)/microchip/xc32/v2.30/bin/bin/../../lib/gcc/pic32mx/4.8.3/../../../../pic32mx/lib\libpic32.a(vector19.o)
                0x9d006460                __vector_dispatch_19
                0x00000001                ASSERT (((_vector_spacing == 0x0) || (SIZEOF (.vector_19) <= (_vector_spacing << 0x5))), function at exception vector 19 too large)

.vector_20      0x9d006480        0x8
 *(.vector_20)
 .vector_20     0x9d006480        0x8 output\isr.o
                0x9d006480                __vector_dispatch_20
                0x00000001                ASSERT (((_vector_spacing == 0x0) || (SIZEOF (.vector_20) <= (_vector_spacing << 0x5))), function at exception vector 20 too large)

.vector_21      0x9d0064a0        0x8
 *(.vector_21)
 .vector_21     0x9d0064a0        0x8 c:/program files (x86)/microchip/xc32/v2.30/bin/bin/../../lib/gcc/pic32mx/4.8.3/../../../../pic32mx/lib\libpic32.a(vector21.o)
                0x9d0064a0                __vector_dispatch_21
                0x00000001                ASSERT (((_vector_spacing == 0x0) || (SIZEOF (.vector_21) <= (_vector_spacing << 0x5))), function at exception vector 21 too large)

.vector_22      0x9d0064c0        0x8
 *(.vector_22)
 .vector_22     0x9d0064c0        0x8 c:/program files (x86)/microchip/xc32/v2.30/bin/bin/../../lib/gcc/pic32mx/4.8.3/../../../../pic32mx/lib\libpic32.a(vector22.o)
                0x9d0064c0                __vector_dispatch_22
                0x00000001                ASSERT (((_vector_spacing == 0x0) || (SIZEOF (.vector_22) <= (_vector_spacing << 0x5))), function at exception vector 22 too large)

.vector_23      0x9d0064e0        0x8
 *(.vector_23)
 .vector_23     0x9d0064e0        0x8 c:/program files (x86)/microchip/xc32/v2.30/bin/bin/../../lib/gcc/pic32mx/4.8.3/../../../../pic32mx/lib\libpic32.a(vector23.o)
                0x9d0064e0                __vector_dispatch_23
                0x00000001                ASSERT (((_vector_spacing == 0x0) || (SIZEOF (.vector_23) <= (_vector_spacing << 0x5))), function at exception vector 23 too large)

.vector_24      0x9d006500        0x8
 *(.vector_24)
 .vector_24     0x9d006500        0x8 output\isr.o
                0x9d006500                __vector_dispatch_24
                0x00000001                ASSERT (((_vector_spacing == 0x0) || (SIZEOF (.vector_24) <= (_vector_spacing << 0x5))), function at exception vector 24 too large)

.vector_25      0x9d006520        0x8
 *(.vector_25)
 .vector_25     0x9d006520        0x8 output\isr.o
                0x9d006520                __vector_dispatch_25
                0x00000001                ASSERT (((_vector_spacing == 0x0) || (SIZEOF (.vector_25) <= (_vector_spacing << 0x5))), function at exception vector 25 too large)

.vector_26      0x9d006540        0x8
 *(.vector_26)
 .vector_26     0x9d006540        0x8 output\isr.o
                0x9d006540                __vector_dispatch_26
                0x00000001                ASSERT (((_vector_spacing == 0x0) || (SIZEOF (.vector_26) <= (_vector_spacing << 0x5))), function at exception vector 26 too large)

.vector_27      0x9d006560        0x8
 *(.vector_27)
 .vector_27     0x9d006560        0x8 c:/program files (x86)/microchip/xc32/v2.30/bin/bin/../../lib/gcc/pic32mx/4.8.3/../../../../pic32mx/lib\libpic32.a(vector27.o)
                0x9d006560                __vector_dispatch_27
                0x00000001                ASSERT (((_vector_spacing == 0x0) || (SIZEOF (.vector_27) <= (_vector_spacing << 0x5))), function at exception vector 27 too large)

.vector_28      0x9d006580        0x8
 *(.vector_28)
 .vector_28     0x9d006580        0x8 c:/program files (x86)/microchip/xc32/v2.30/bin/bin/../../lib/gcc/pic32mx/4.8.3/../../../../pic32mx/lib\libpic32.a(vector28.o)
                0x9d006580                __vector_dispatch_28
                0x00000001                ASSERT (((_vector_spacing == 0x0) || (SIZEOF (.vector_28) <= (_vector_spacing << 0x5))), function at exception vector 28 too large)

.vector_29      0x9d0065a0        0x8
 *(.vector_29)
 .vector_29     0x9d0065a0        0x8 c:/program files (x86)/microchip/xc32/v2.30/bin/bin/../../lib/gcc/pic32mx/4.8.3/../../../../pic32mx/lib\libpic32.a(vector29.o)
                0x9d0065a0                __vector_dispatch_29
                0x00000001                ASSERT (((_vector_spacing == 0x0) || (SIZEOF (.vector_29) <= (_vector_spacing << 0x5))), function at exception vector 29 too large)

.vector_30      0x9d0065c0        0x8
 *(.vector_30)
 .vector_30     0x9d0065c0        0x8 c:/program files (x86)/microchip/xc32/v2.30/bin/bin/../../lib/gcc/pic32mx/4.8.3/../../../../pic32mx/lib\libpic32.a(vector30.o)
                0x9d0065c0                __vector_dispatch_30
                0x00000001                ASSERT (((_vector_spacing == 0x0) || (SIZEOF (.vector_30) <= (_vector_spacing << 0x5))), function at exception vector 30 too large)

.vector_31      0x9d0065e0        0x8
 *(.vector_31)
 .vector_31     0x9d0065e0        0x8 output\isr.o
                0x9d0065e0                __vector_dispatch_31
                0x00000001                ASSERT (((_vector_spacing == 0x0) || (SIZEOF (.vector_31) <= (_vector_spacing << 0x5))), function at exception vector 31 too large)

.vector_32      0x9d006600        0x8
 *(.vector_32)
 .vector_32     0x9d006600        0x8 output\isr.o
                0x9d006600                __vector_dispatch_32
                0x00000001                ASSERT (((_vector_spacing == 0x0) || (SIZEOF (.vector_32) <= (_vector_spacing << 0x5))), function at exception vector 32 too large)

.vector_33      0x9d006620        0x8
 *(.vector_33)
 .vector_33     0x9d006620        0x8 output\isr.o
                0x9d006620                __vector_dispatch_33
                0x00000001                ASSERT (((_vector_spacing == 0x0) || (SIZEOF (.vector_33) <= (_vector_spacing << 0x5))), function at exception vector 33 too large)

.vector_34      0x9d006640        0x8
 *(.vector_34)
 .vector_34     0x9d006640        0x8 c:/program files (x86)/microchip/xc32/v2.30/bin/bin/../../lib/gcc/pic32mx/4.8.3/../../../../pic32mx/lib\libpic32.a(vector34.o)
                0x9d006640                __vector_dispatch_34
                0x00000001                ASSERT (((_vector_spacing == 0x0) || (SIZEOF (.vector_34) <= (_vector_spacing << 0x5))), function at exception vector 34 too large)

.vector_35      0x9d006660        0x8
 *(.vector_35)
 .vector_35     0x9d006660        0x8 c:/program files (x86)/microchip/xc32/v2.30/bin/bin/../../lib/gcc/pic32mx/4.8.3/../../../../pic32mx/lib\libpic32.a(vector35.o)
                0x9d006660                __vector_dispatch_35
                0x00000001                ASSERT (((_vector_spacing == 0x0) || (SIZEOF (.vector_35) <= (_vector_spacing << 0x5))), function at exception vector 35 too large)

.vector_36      0x9d006680        0x8
 *(.vector_36)
 .vector_36     0x9d006680        0x8 output\isr.o
                0x9d006680                __vector_dispatch_36
                0x00000001                ASSERT (((_vector_spacing == 0x0) || (SIZEOF (.vector_36) <= (_vector_spacing << 0x5))), function at exception vector 36 too large)

.vector_37      0x9d0066a0        0x8
 *(.vector_37)
 .vector_37     0x9d0066a0        0x8 output\isr.o
                0x9d0066a0                __vector_dispatch_37
                0x00000001                ASSERT (((_vector_spacing == 0x0) || (SIZEOF (.vector_37) <= (_vector_spacing << 0x5))), function at exception vector 37 too large)

.vector_38      0x9d0066c0        0x8
 *(.vector_38)
 .vector_38     0x9d0066c0        0x8 output\isr.o
                0x9d0066c0                __vector_dispatch_38
                0x00000001                ASSERT (((_vector_spacing == 0x0) || (SIZEOF (.vector_38) <= (_vector_spacing << 0x5))), function at exception vector 38 too large)

.vector_39      0x9d0066e0        0x8
 *(.vector_39)
 .vector_39     0x9d0066e0        0x8 output\isr.o
                0x9d0066e0                __vector_dispatch_39
                0x00000001                ASSERT (((_vector_spacing == 0x0) || (SIZEOF (.vector_39) <= (_vector_spacing << 0x5))), function at exception vector 39 too large)

.vector_40      0x9d006700        0x8
 *(.vector_40)
 .vector_40     0x9d006700        0x8 c:/program files (x86)/microchip/xc32/v2.30/bin/bin/../../lib/gcc/pic32mx/4.8.3/../../../../pic32mx/lib\libpic32.a(vector40.o)
                0x9d006700                __vector_dispatch_40
                0x00000001                ASSERT (((_vector_spacing == 0x0) || (SIZEOF (.vector_40) <= (_vector_spacing << 0x5))), function at exception vector 40 too large)

.vector_41      0x9d006720        0x8
 *(.vector_41)
 .vector_41     0x9d006720        0x8 c:/program files (x86)/microchip/xc32/v2.30/bin/bin/../../lib/gcc/pic32mx/4.8.3/../../../../pic32mx/lib\libpic32.a(vector41.o)
                0x9d006720                __vector_dispatch_41
                0x00000001                ASSERT (((_vector_spacing == 0x0) || (SIZEOF (.vector_41) <= (_vector_spacing << 0x5))), function at exception vector 41 too large)

.vector_42      0x9d006740        0x8
 *(.vector_42)
 .vector_42     0x9d006740        0x8 c:/program files (x86)/microchip/xc32/v2.30/bin/bin/../../lib/gcc/pic32mx/4.8.3/../../../../pic32mx/lib\libpic32.a(vector42.o)
                0x9d006740                __vector_dispatch_42
                0x00000001                ASSERT (((_vector_spacing == 0x0) || (SIZEOF (.vector_42) <= (_vector_spacing << 0x5))), function at exception vector 42 too large)

.vector_43      0x9d006760        0x8
 *(.vector_43)
 .vector_43     0x9d006760        0x8 c:/program files (x86)/microchip/xc32/v2.30/bin/bin/../../lib/gcc/pic32mx/4.8.3/../../../../pic32mx/lib\libpic32.a(vector43.o)
                0x9d006760                __vector_dispatch_43
                0x00000001                ASSERT (((_vector_spacing == 0x0) || (SIZEOF (.vector_43) <= (_vector_spacing << 0x5))), function at exception vector 43 too large)

.vector_44      0x9d006780        0x8
 *(.vector_44)
 .vector_44     0x9d006780        0x8 c:/program files (x86)/microchip/xc32/v2.30/bin/bin/../../lib/gcc/pic32mx/4.8.3/../../../../pic32mx/lib\libpic32.a(vector44.o)
                0x9d006780                __vector_dispatch_44
                0x00000001                ASSERT (((_vector_spacing == 0x0) || (SIZEOF (.vector_44) <= (_vector_spacing << 0x5))), function at exception vector 44 too large)

.vector_45      0x9d0067a0        0x8
 *(.vector_45)
 .vector_45     0x9d0067a0        0x8 output\isr.o
                0x9d0067a0                __vector_dispatch_45
                0x00000001                ASSERT (((_vector_spacing == 0x0) || (SIZEOF (.vector_45) <= (_vector_spacing << 0x5))), function at exception vector 45 too large)

.vector_46      0x9d0067c0        0x0
 *(.vector_46)
                0x00000001                ASSERT (((_vector_spacing == 0x0) || (SIZEOF (.vector_46) <= (_vector_spacing << 0x5))), function at exception vector 46 too large)

.vector_47      0x9d0067e0        0x0
 *(.vector_47)
                0x00000001                ASSERT (((_vector_spacing == 0x0) || (SIZEOF (.vector_47) <= (_vector_spacing << 0x5))), function at exception vector 47 too large)

.vector_48      0x9d006800        0x0
 *(.vector_48)
                0x00000001                ASSERT (((_vector_spacing == 0x0) || (SIZEOF (.vector_48) <= (_vector_spacing << 0x5))), function at exception vector 48 too large)

.vector_49      0x9d006820        0x0
 *(.vector_49)
                0x00000001                ASSERT (((_vector_spacing == 0x0) || (SIZEOF (.vector_49) <= (_vector_spacing << 0x5))), function at exception vector 49 too large)

.vector_50      0x9d006840        0x0
 *(.vector_50)
                0x00000001                ASSERT (((_vector_spacing == 0x0) || (SIZEOF (.vector_50) <= (_vector_spacing << 0x5))), function at exception vector 50 too large)

.vector_51      0x9d006860        0x0
 *(.vector_51)
                0x00000001                ASSERT (((_vector_spacing == 0x0) || (SIZEOF (.vector_51) <= (_vector_spacing << 0x5))), function at exception vector 51 too large)

.vector_52      0x9d006880        0x0
 *(.vector_52)
                0x00000001                ASSERT (((_vector_spacing == 0x0) || (SIZEOF (.vector_52) <= (_vector_spacing << 0x5))), function at exception vector 52 too large)

.vector_53      0x9d0068a0        0x0
 *(.vector_53)
                0x00000001                ASSERT (((_vector_spacing == 0x0) || (SIZEOF (.vector_53) <= (_vector_spacing << 0x5))), function at exception vector 53 too large)

.vector_54      0x9d0068c0        0x0
 *(.vector_54)
                0x00000001                ASSERT (((_vector_spacing == 0x0) || (SIZEOF (.vector_54) <= (_vector_spacing << 0x5))), function at exception vector 54 too large)

.vector_55      0x9d0068e0        0x0
 *(.vector_55)
                0x00000001                ASSERT (((_vector_spacing == 0x0) || (SIZEOF (.vector_55) <= (_vector_spacing << 0x5))), function at exception vector 55 too large)

.vector_56      0x9d006900        0x0
 *(.vector_56)
                0x00000001                ASSERT (((_vector_spacing == 0x0) || (SIZEOF (.vector_56) <= (_vector_spacing << 0x5))), function at exception vector 56 too large)

.vector_57      0x9d006920        0x0
 *(.vector_57)
                0x00000001                ASSERT (((_vector_spacing == 0x0) || (SIZEOF (.vector_57) <= (_vector_spacing << 0x5))), function at exception vector 57 too large)

.vector_58      0x9d006940        0x0
 *(.vector_58)
                0x00000001                ASSERT (((_vector_spacing == 0x0) || (SIZEOF (.vector_58) <= (_vector_spacing << 0x5))), function at exception vector 58 too large)

.vector_59      0x9d006960        0x0
 *(.vector_59)
                0x00000001                ASSERT (((_vector_spacing == 0x0) || (SIZEOF (.vector_59) <= (_vector_spacing << 0x5))), function at exception vector 59 too large)

.vector_60      0x9d006980        0x0
 *(.vector_60)
                0x00000001                ASSERT (((_vector_spacing == 0x0) || (SIZEOF (.vector_60) <= (_vector_spacing << 0x5))), function at exception vector 60 too large)

.vector_61      0x9d0069a0        0x0
 *(.vector_61)
                0x00000001                ASSERT (((_vector_spacing == 0x0) || (SIZEOF (.vector_61) <= (_vector_spacing << 0x5))), function at exception vector 61 too large)

.vector_62      0x9d0069c0        0x0
 *(.vector_62)
                0x00000001                ASSERT (((_vector_spacing == 0x0) || (SIZEOF (.vector_62) <= (_vector_spacing << 0x5))), function at exception vector 62 too large)

.vector_63      0x9d0069e0        0x0
 *(.vector_63)
                0x00000001                ASSERT (((_vector_spacing == 0x0) || (SIZEOF (.vector_63) <= (_vector_spacing << 0x5))), function at exception vector 63 too large)

.startup
 *(.startup)

.text           0x9d007490        0x0
 *(.stub .gnu.linkonce.t.*)
 *(.text.*personality*)
 *(.mips16.fn.*)
 *(.mips16.call.*)
 *(.gnu.warning)
                0x9d007490                . = ALIGN (0x4)

.init           0x9d007490        0x0
 *crti.o(.init)
 *crtbegin.o(.init)
 *(EXCLUDE_FILE(*crtn.o *crtend?.o *crtend.o) .init)
 *crtend.o(.init)
 *crtn.o(.init)
                0x9d007490                . = ALIGN (0x4)

.fini           0x9d007490        0x0
 *(.fini)
                0x9d007490                . = ALIGN (0x4)

.preinit_array  0x9d007490        0x0
                0x9d007490                PROVIDE (__preinit_array_start, .)
 *(.preinit_array)
                0x9d007490                PROVIDE (__preinit_array_end, .)
                0x9d007490                . = ALIGN (0x4)

.init_array     0x9d007490        0x0
                0x9d007490                PROVIDE (__init_array_start, .)
 *(SORT(.init_array.*))
 *(.init_array)
                0x9d007490                PROVIDE (__init_array_end, .)
                0x9d007490                . = ALIGN (0x4)

.fini_array     0x9d007490        0x0
                0x9d007490                PROVIDE (__fini_array_start, .)
 *(SORT(.fini_array.*))
 *(.fini_array)
                0x9d007490                PROVIDE (__fini_array_end, .)
                0x9d007490                . = ALIGN (0x4)

.ctors          0x9d007490        0x0
 *crtbegin.o(.ctors)
 *crtbegin?.o(.ctors)
 *(EXCLUDE_FILE(*crtend?.o *crtend.o) .ctors)
 *(SORT(.ctors.*))
 *(.ctors)
                0x9d007490                . = ALIGN (0x4)

.dtors          0x9d007490        0x0
 *crtbegin.o(.dtors)
 *crtbegin?.o(.dtors)
 *(EXCLUDE_FILE(*crtend?.o *crtend.o) .dtors)
 *(SORT(.dtors.*))
 *(.dtors)
                0x9d007490                . = ALIGN (0x4)

.rodata         0x9d007490        0x0
 *(.gnu.linkonce.r.*)
 *(.rodata1)
                0x9d007490                . = ALIGN (0x4)

.sdata2         0x9d006000        0x0
 *(.sdata2 .sdata2.* .gnu.linkonce.s2.*)
                0x9d006000                . = ALIGN (0x4)

.sbss2          0x9d006000        0x0
 *(.sbss2 .sbss2.* .gnu.linkonce.sb2.*)
                0x9d006000                . = ALIGN (0x4)

.eh_frame_hdr
 *(.eh_frame_hdr)
                0x9d006000                . = ALIGN (0x4)

.eh_frame
 *(.eh_frame)
                0x9d006000                . = ALIGN (0x4)

.gcc_except_table
 *(.gcc_except_table .gcc_except_table.*)
                0x9d006000                . = ALIGN (0x4)

.dbg_data       0xa0001000        0x0
                0xa0001000                . = (. + DEFINED (_DEBUGGER)?0x200:0x0)

.jcr            0xa0001000        0x0
 *(.jcr)
                0xa0001000                . = ALIGN (0x4)

.eh_frame
 *(.eh_frame)
                0xa0001000                . = ALIGN (0x4)

.gcc_except_table
 *(.gcc_except_table .gcc_except_table.*)
                0xa0001000                . = ALIGN (0x4)

.persist        0xa0001000        0x0
                0xa0001000                _persist_begin = .
 *(.persist .persist.*)
 *(.pbss .pbss.*)
                0xa0001000                . = ALIGN (0x4)
                0xa0001000                _persist_end = .

.data           0xa0001000        0x0
 *(.gnu.linkonce.d.*)
 *(.data1)
                0xa0001000                . = ALIGN (0x4)
                0xa0001000                . = .
                0xa0008ff0                _gp = (ALIGN (0x10) + 0x7ff0)

.got            0xa0001000        0x0
 *(.got.plt)
 *(.got)
                0xa0001000                . = ALIGN (0x4)

.sdata          0xa0001000       0x38
                0xa0001000                _sdata_begin = .
 *(.sdata .sdata.* .gnu.linkonce.s.*)
 .sdata         0xa0001000        0x1 output\sleep.o
                0xa0001000                sleepGetMainLoopRun_result
 *fill*         0xa0001001        0x3 
 .sdata         0xa0001004        0x4 output\eep_manager.o
 .sdata         0xa0001008        0x1 output\app.o
 *fill*         0xa0001009        0x3 
 .sdata         0xa000100c        0x8 output\grbl_limits.o
                0xa000100c                limits_disabled
                0xa0001010                pl_data
 .sdata         0xa0001014        0x8 output\pwm.o
                0xa0001014                maxFreq
                0xa0001018                maxDuty
 .sdata         0xa000101c        0x1 output\dee.o
                0xa000101c                dee_debug_enable
 *fill*         0xa000101d        0x3 
 .sdata         0xa0001020        0x8 output\stepper_enable.o
                0xa0001024                stepper_enable_emergency_stop_active
 .sdata         0xa0001028        0x3 output\grbl_eeprom.o
                0xa0001028                grbl_eeprom_trigger_prev
                0xa0001029                backup_eep_error_single_shoot
                0xa000102a                master_eep_error_single_shoot
 *fill*         0xa000102b        0x1 
 .sdata         0xa000102c        0x8 output\stackmeasure.o
                0xa000102c                stackmeasure_to
                0xa0001030                stackmeasure_from
 .sdata         0xa0001034        0x1 output\grbl_running.o
                0xa0001038                . = ALIGN (0x4)
 *fill*         0xa0001035        0x3 
                0xa0001038                _sdata_end = .

.lit8
 *(.lit8)

.lit4
 *(.lit4)
                0xa0001038                . = ALIGN (0x4)
                0xa0001038                _data_end = .
                0xa0001038                _bss_begin = .

.sbss           0xa0001038      0x350
                0xa0001038                _sbss_begin = .
 *(.dynsbss)
 *(.sbss .sbss.* .gnu.linkonce.sb.*)
 .sbss          0xa0001038       0x14 output\tmr.o
                0xa0001044                globalTimeUs
                0xa0001048                globalTime
 .sbss          0xa000104c       0x10 output\mal.o
                0xa000104c                isrLockCnt
                0xa0001050                gieTemp
                0xa0001054                mal_RCON_temp
                0xa0001058                mal_resetReason_temp
 .sbss          0xa000105c        0xc output\task.o
                0xa000105c                taskListsPtr
                0xa0001060                doTaskListGuard
                0xa0001061                doTaskList1ms
                0xa0001064                tasksTotalTime
 .sbss          0xa0001068       0x1c output\sleep.o
                0xa0001068                do_isr_sleep_1ms
                0xa0001069                sleepPointOfNoReturnRegisteredRequest
                0xa000106a                sleepPointOfNoReturn
                0xa000106b                sleepEdgeDetector
                0xa000106c                sleepDriverRequest_delay
                0xa0001070                sleepAppRequest_delay
                0xa0001074                sleepRequestDriver
                0xa0001078                sleepRequestApp
                0xa000107c                sleepRequestLock
                0xa0001080                sleepTime
 .sbss          0xa0001084       0x20 output\eep_manager.o
                0xa0001095                do_eep_manager_1ms
                0xa0001098                eep_manager_persistent_eeprom_2
                0xa000109c                eep_manager_persistent_eeprom
                0xa00010a0                eep_manager_persistent_config
 .sbss          0xa00010a4        0x8 output\exceptions.o
                0xa00010a4                generateException
                0xa00010a8                exceptionCounter
 .sbss          0xa00010ac       0x20 output\main.o
                0xa00010b0                SerializedMACAddress
                0xa00010b8                loopCntHistoryCnt
                0xa00010bc                tick_count
                0xa00010c0                loopCnt
                0xa00010c4                loopCntTemp
                0xa00010c8                do_loopCnt
 .sbss          0xa00010cc        0x2 output\ad.o
                0xa00010cd                doAd100ms
 *fill*         0xa00010ce        0x2 
 .sbss          0xa00010d0        0x8 output\gcode.o
                0xa00010d0                grbl_Tool_Length_2
                0xa00010d4                grbl_Tool_Length_1
 .sbss          0xa00010d8       0x18 output\grbl_limits.o
                0xa00010d8                logger_limits_get_state_prev
                0xa00010d9                limit_flag_for_homeing_EXEC_CYCLE_STOP
                0xa00010da                limit_delay_home
                0xa00010dc                limits_get_state_debug
                0xa00010dd                limits_get_state_current
                0xa00010de                limits_get_state_last
                0xa00010e0                do_limits_polling
                0xa00010e4                do_limits_1ms
                0xa00010e8                limit_go_home_state
                0xa00010ec                do_limits_go_home
 .sbss          0xa00010f0        0x8 output\motion_control.o
                0xa00010f0                mc_homing_state_machine
                0xa00010f4                do_mc_homing_cycle
                0xa00010f5                count
                0xa00010f6                do_ArcGenerating
 .sbss          0xa00010f8        0x5 output\nuts_bolts.o
                0xa00010f8                nuts_bolts_delayCnt
                0xa00010f9                do_nuts_bolts_delay1ms
                0xa00010fa                grbl_not_existing_lat
                0xa00010fb                grbl_not_existing_port
                0xa00010fc                grbl_not_existing_tris
 *fill*         0xa00010fd        0x3 
 .sbss          0xa0001100       0x20 output\report.o
                0xa0001114                do_grbl_report_50ms
                0xa0001118                grbl_report_eeprom_dump
                0xa000111c                grbl_report_sys_log
 .sbss          0xa0001120        0x4 output\spindle_control.o
                0xa0001120                pwm_dummy_value
 .sbss          0xa0001124        0xc output\stepper.o
 .sbss          0xa0001130       0x10 output\system.o
                0xa0001131                restore_condition
                0xa0001134                restore_spindle_speed
                0xa0001138                sys_rt_exec_accessory_override
                0xa0001139                sys_rt_exec_motion_override
                0xa000113c                grbl_system_sm
 .sbss          0xa0001140       0x1c output\dee.o
                0xa0001144                dee_debug_init_dee
                0xa0001148                do_dee_debug
                0xa000114c                dee_addr_cache
                0xa0001150                dee_data_cache
                0xa0001154                dee_cache_valid
                0xa0001158                dee_debug_last_return_value
 .sbss          0xa000115c        0xc output\system_control.o
                0xa000115c                system_control_get_state_debug
                0xa000115d                system_control_get_state_last_SAFETY_DOOR
                0xa000115e                system_control_get_state_last_CYCLE_START
                0xa000115f                system_control_get_state_last_FEED_HOLD
                0xa0001160                system_control_get_state_last_ABORT
                0xa0001161                system_control_get_state_current_SAFETY_DOOR
                0xa0001162                system_control_get_state_current_CYCLE_START
                0xa0001163                system_control_get_state_current_FEED_HOLD
                0xa0001164                system_control_get_state_current_ABORT
                0xa0001165                do_system_poll_control_pins
                0xa0001166                do_system_control_1ms
                0xa0001167                system_reset_debug
 .sbss          0xa0001168       0x14 output\stepper_enable.o
                0xa0001168                stepper_logger_single_shoot
                0xa000116c                stepper_enable_emergency_stop_delay_cnt
                0xa0001170                stepper_enable_emergency_stop_delay
                0xa0001174                stepper_enable_delayed_enabling_cnt
                0xa0001178                stepper_enable_delayed_enabling
                0xa0001179                do_stepper_enable_1ms
 .sbss          0xa000117c        0x2 output\system_exec.o
                0xa000117c                sys_rt_exec_state
 .sbss          0xa000117e        0x2 output\system_alarm.o
                0xa000117e                sys_rt_exec_alarm
 .sbss          0xa0001180        0xc output\grbl_eeprom.o
                0xa0001184                grbl_eeprom_trigger_current
                0xa0001185                gc_main_eeprom_trigger
                0xa0001186                grbl_critical_eep_error
                0xa0001187                grbl_backup_eep_error
                0xa0001188                grbl_master_eep_error
                0xa0001189                grbl_eeprom_triggerWriteSettings
                0xa000118a                grbl_eeprom_triggerWriteAll
                0xa000118b                do_grbl_eeprom_1ms
 .sbss          0xa000118c        0xc output\grbl_toolchange.o
                0xa000118c                do_grbl_toolchange_1ms
                0xa000118d                grbl_toolchange_load_or_load_and_change
                0xa000118e                grbl_toolchange_toolNumber
                0xa0001190                grbl_toolchange_isRunning
                0xa0001194                GRBL_Toolchange_SM_State
 .sbss          0xa0001198        0x8 output\stackmeasure.o
                0xa0001198                stackmeasure_maxfillness
                0xa000119c                stackmeasure_current_pos
 .sbss          0xa00011a0       0x14 output\grbl_protocol.o
                0xa00011a4                missedRxChar_Grbl_Protocol
                0xa00011a8                protocol_set_requestDwell_dwellTime
                0xa00011ac                protocol_execute_line_status
                0xa00011ae                gc_execute_line_result
                0xa00011af                requestSynchMotion
                0xa00011b0                lineStateMachine
 .sbss          0xa00011b4       0x20 output\grbl_running.o
                0xa00011c0                do_grbl_running_1h
                0xa00011c1                do_grbl_running_1min
                0xa00011c2                do_grbl_running_1s
                0xa00011c4                grbl_running_spindle_running_minutes
                0xa00011c8                grbl_running_startup_cnt
                0xa00011cc                grbl_running_running_hours
                0xa00011d0                grbl_running_running_minutes
 .sbss          0xa00011d4        0x3 output\grbl_bootloader.o
                0xa00011d5                grbl_bootloader_triggered
                0xa00011d6                do_grbl_bootloader_1ms
 .sbss          0xa00011d7        0x6 output\grbl_probe.o
                0xa00011d7                probe_is_no_error
                0xa00011d8                do_mc_probe_cycle
                0xa00011d9                sys_probe_state
                0xa00011da                do_probe_1ms
                0xa00011db                probe_pin_state
                0xa00011dc                probe_invert_mask
 *fill*         0xa00011dd        0x3 
 .sbss          0xa00011e0        0x8 output\usb_grbl_multi.o
                0xa00011e0                missedRxCharHID
                0xa00011e4                missedTxCharHID
 .sbss          0xa00011e8        0x4 output\grbl_multi.o
                0xa00011e8                grbl_multi_source
 .sbss          0xa00011ec        0x4 output\noinitram.o
                0xa00011ec                noinitram_valid_block
 *(.scommon)
 .scommon       0xa00011f0       0x5c output\usb_device.o
                0xa00011f0                pDst
                0xa00011f4                USBDeferINDataStagePackets
                0xa00011f8                CtrlTrfData
                0xa0001200                USBDeferOUTDataStagePackets
                0xa0001204                USBDeviceState
                0xa0001208                controlTransferState
                0xa0001209                endpoint_number
                0xa000120c                ep_data_out
                0xa0001210                USBStatusStageEnabledFlag1
                0xa0001214                USBStatusStageEnabledFlag2
                0xa0001218                BothEP0OutUOWNsSet
                0xa000121c                pBDTEntryEP0OutNext
                0xa0001220                USBBusIsSuspended
                0xa0001224                USBStatusStageTimeoutCounter
                0xa0001228                SetupPkt
                0xa0001230                ep_data_in
                0xa0001233                shortPacketStatus
                0xa0001234                pBDTEntryEP0OutCurrent
                0xa0001238                USBActiveConfiguration
                0xa000123c                RemoteWakeup
                0xa0001240                USTATcopy
                0xa0001244                USBAlternateInterface
                0xa0001248                USBDeferStatusStagePacket
 .scommon       0xa000124c       0x18 output\exceptions.o
                0xa000124c                _return_addr
                0xa0001250                tempB
                0xa0001254                tempA
                0xa0001258                _excep_code
                0xa000125c                tempResult
                0xa0001260                _excep_addr
 .scommon       0xa0001264        0x2 output\ad.o
                0xa0001264                adResults
 *fill*         0xa0001266        0x2 
 .scommon       0xa0001268       0x19 output\grbl_limits.o
                0xa0001268                limit_state
                0xa0001269                axislock
                0xa000126a                approach
                0xa000126c                limit_filter_state
                0xa0001270                homing_rate
                0xa0001274                limits_set_state_filtered_currentState
                0xa0001275                n_active_axis
                0xa0001278                max_travel
                0xa000127c                step_pin
                0xa000127f                cycle_mask_asynch
                0xa0001280                n_cycle
 *fill*         0xa0001281        0x3 
 .scommon       0xa0001284       0x4a output\motion_control.o
                0xa0001284                axis_1_buffer
                0xa0001288                center_axis0
                0xa000128c                linear_per_segment
                0xa0001290                r_axisi
                0xa0001294                theta_per_segment
                0xa0001298                sin_Ti
                0xa000129c                axis_linear_buffer
                0xa00012a0                cos_T
                0xa00012a4                r_axis0
                0xa00012a8                axis_0_buffer
                0xa00012ac                r_axis1
                0xa00012b0                sin_T
                0xa00012b4                cycle_mask_buffer
                0xa00012b8                radius_buffer
                0xa00012bc                is_clockwise_arc_buffer
                0xa00012c0                center_axis1
                0xa00012c4                segments_buffer
                0xa00012c8                cos_Ti
                0xa00012cc                i_buffer
 .scommon       0xa00012ce        0x4 output\planner.o
                0xa00012ce                block_buffer_head
                0xa00012cf                next_buffer_head
                0xa00012d0                block_buffer_tail
                0xa00012d1                block_buffer_planned
 .scommon       0xa00012d2        0x1 output\settings.o
                0xa00012d2                eep_settings_version
 .scommon       0xa00012d3        0x3 output\stepper.o
                0xa00012d3                segment_buffer_head
                0xa00012d4                segment_buffer_tail
                0xa00012d5                segment_next_head
 *fill*         0xa00012d6        0x2 
 .scommon       0xa00012d8        0x4 output\system.o
                0xa00012d8                system_suspendTime
 .scommon       0xa00012dc       0x54 output\grbl.o
                0xa00012dc                dummyTRIS6
                0xa00012e0                dummyLAT4
                0xa00012e4                dummyPORT1
                0xa00012e8                dummyPORT4
                0xa00012ec                dummyTRIS1
                0xa00012f0                dummyLAT1
                0xa00012f4                dummyTRIS3
                0xa00012f8                dummyPORT7
                0xa00012fc                dummyTRIS5
                0xa0001300                dummyPORT2
                0xa0001304                dummyLAT3
                0xa0001308                dummyTRIS4
                0xa000130c                dummyLAT5
                0xa0001310                dummyLAT7
                0xa0001314                dummyLAT2
                0xa0001318                dummyPORT5
                0xa000131c                dummyTRIS7
                0xa0001320                dummyLAT6
                0xa0001324                dummyTRIS2
                0xa0001328                dummyPORT3
                0xa000132c                dummyPORT6
 .scommon       0xa0001330       0x38 output\usb_function_cdc.o
                0xa0001330                control_signal_bitmap
                0xa0001334                cdc_tx_len
                0xa0001338                pCDCSrc
                0xa000133c                CDCDataOutHandle
                0xa0001340                cdc_rx_len
                0xa0001344                line_coding
                0xa000134c                BaudRateGen
                0xa0001350                CDCDataInHandle
                0xa0001354                cdc_trf_state
                0xa0001358                pCDCDst
                0xa000135c                cdc_mem_type
                0xa0001360                dummy_encapsulated_cmd_response
 .scommon       0xa0001368        0x4 output\dee.o
                0xa0001368                dataEEFlags
 .scommon       0xa000136c        0xc output\dee_page.o
                0xa000136c                read_dee_page_size
                0xa0001370                read_dee_page
                0xa0001374                read_dee_page_startaddress
 .scommon       0xa0001378        0x4 output\grbl_eeprom.o
                0xa0001378                gcodePositionSave
 .scommon       0xa000137c        0x4 output\grbl_toolchange.o
                0xa000137c                grbl_toolchange_failsafe_timeout
 .scommon       0xa0001380        0x4 output\grbl_protocol.o
                0xa0001380                protocol_dwellTime
 .scommon       0xa0001384        0x4 output\grbl_bootloader.o
                0xa0001384                grbl_bootloader_timer
                0xa0001388                _sbss_end = .
                0xa0001388                . = ALIGN (0x4)

.bss            0xa0001400     0x2210
 *(.dynbss)
 *(COMMON)
 COMMON         0xa0001400      0x480 output\task.o
                0xa0001400                taskLists
 COMMON         0xa0001880       0x78 output\eep_manager.o
                0xa0001880                eep_manager_write_all_trigger
                0xa00018bc                eep_manager_debug_address
 *fill*         0xa00018f8      0x108 
 COMMON         0xa0001a00       0x93 output\usb_device.o
                0xa0001a00                BDT
                0xa0001a60                inPipes
                0xa0001a70                pBDTEntryIn
                0xa0001a7c                pBDTEntryOut
                0xa0001a88                outPipes
 *fill*         0xa0001a93        0x1 
 COMMON         0xa0001a94       0xf0 output\main.o
                0xa0001a94                loopCntHistory
 COMMON         0xa0001b84       0x9c output\gcode.o
                0xa0001b84                coord_offset_eep
                0xa0001b90                gc_state
                0xa0001bd4                gc_block
                0xa0001c14                coord_system_eep
 COMMON         0xa0001c20       0x18 output\grbl_limits.o
                0xa0001c20                plan_data
                0xa0001c2c                target
 COMMON         0xa0001c38       0x30 output\motion_control.o
                0xa0001c38                target_buffer
                0xa0001c44                offset_buffer
                0xa0001c50                pl_data_buffer
                0xa0001c5c                position_buffer
 COMMON         0xa0001c68      0xd1c output\planner.o
                0xa0001c68                pl
                0xa0001c84                block_buffer
 COMMON         0xa0002984      0x1a4 output\settings.o
                0xa0002984                eep_coord_data
                0xa00029fc                settings
                0xa0002a5c                eep_coord_teached
                0xa0002a68                eep_settings_backup
                0xa0002ac8                eep_settings
 COMMON         0xa0002b28      0x34c output\stepper.o
                0xa0002b28                prep
                0xa0002b60                segment_buffer
                0xa0002c80                st_block_buffer
                0xa0002e4c                st
 COMMON         0xa0002e74      0x12c output\system.o
                0xa0002e74                system_log
                0xa0002ef4                sys
                0xa0002f08                system_log_caller
                0xa0002f88                sys_probe_position
                0xa0002f94                sys_position
 COMMON         0xa0002fa0       0x40 output\pwm.o
                0xa0002fa0                pwm_duty
 COMMON         0xa0002fe0       0x8a output\usb_function_cdc.o
                0xa0002fe0                cdc_data_tx
                0xa0003020                cdc_data_rx
                0xa0003060                cdc_notice
 *fill*         0xa000306a        0x2 
 COMMON         0xa000306c        0xc output\dee_page.o
                0xa000306c                dee_debug_page_status
 COMMON         0xa0003078       0xe8 output\grbl_protocol.o
                0xa0003078                myRingBuffer_grbl_protocol_rx
                0xa0003090                line_buffer
                0xa00030e0                grbl_protocol_rx
 COMMON         0xa0003160      0x4b0 output\usb_grbl_multi.o
                0xa0003160                myRingBuffer_hid_rx
                0xa0003178                myRingBuffer_hid_tx
                0xa0003190                ReceivedDataBuffer
                0xa00031d0                ToSendDataBuffer
                0xa0003210                hid_rx
                0xa0003410                hid_tx
                0xa0003610                . = ALIGN ((. != 0x0)?0x4:0x1)
                0xa0003610                . = ALIGN (0x4)
                0xa0003610                _end = .
                0xa0003610                _bss_end = .
                0x00007000                _bmxdudba_address = 0x7000
                0x00007000                _bmxdupba_address = 0x7000

/DISCARD/
 *(.pdr)
 *(.rel.dyn)
 *(.note.GNU-stack)
 *(.note.GNU-stack)
 *(.gnu_debuglink)
 *(.gnu.lto_*)
 *(.discard)
 *(._debug_exception)

.gptab.sdata
 *(.gptab.data)
 *(.gptab.sdata)

.gptab.sbss
 *(.gptab.bss)
 *(.gptab.sbss)

.mdebug.abi32   0xa0000000        0x0
 *(.mdebug.abi32)
 .mdebug.abi32  0xa0000000        0x0 output\tmr.o
 .mdebug.abi32  0xa0000000        0x0 output\mal.o
 .mdebug.abi32  0xa0000000        0x0 output\ringBuffer.o
 .mdebug.abi32  0xa0000000        0x0 output\task.o
 .mdebug.abi32  0xa0000000        0x0 output\sleep.o
 .mdebug.abi32  0xa0000000        0x0 output\eeprom.o
 .mdebug.abi32  0xa0000000        0x0 output\eep_manager.o
 .mdebug.abi32  0xa0000000        0x0 output\usb.o
 .mdebug.abi32  0xa0000000        0x0 output\usb_descriptors.o
 .mdebug.abi32  0xa0000000        0x0 output\usb_device.o
 .mdebug.abi32  0xa0000000        0x0 output\exceptions.o
 .mdebug.abi32  0xa0000000        0x0 output\isr.o
 .mdebug.abi32  0xa0000000        0x0 output\main.o
 .mdebug.abi32  0xa0000000        0x0 output\c_eep_manager.o
 .mdebug.abi32  0xa0000000        0x0 output\app.o
 .mdebug.abi32  0xa0000000        0x0 output\ad.o
 .mdebug.abi32  0xa0000000        0x0 output\gcode.o
 .mdebug.abi32  0xa0000000        0x0 output\grbl_limits.o
 .mdebug.abi32  0xa0000000        0x0 output\coolant_control.o
 .mdebug.abi32  0xa0000000        0x0 output\motion_control.o
 .mdebug.abi32  0xa0000000        0x0 output\nuts_bolts.o
 .mdebug.abi32  0xa0000000        0x0 output\planner.o
 .mdebug.abi32  0xa0000000        0x0 output\print.o
 .mdebug.abi32  0xa0000000        0x0 output\report.o
 .mdebug.abi32  0xa0000000        0x0 output\settings.o
 .mdebug.abi32  0xa0000000        0x0 output\spindle_control.o
 .mdebug.abi32  0xa0000000        0x0 output\stepper.o
 .mdebug.abi32  0xa0000000        0x0 output\system.o
 .mdebug.abi32  0xa0000000        0x0 output\grbl.o
 .mdebug.abi32  0xa0000000        0x0 output\pwm.o
 .mdebug.abi32  0xa0000000        0x0 output\jog.o
 .mdebug.abi32  0xa0000000        0x0 output\usb_function_cdc.o
 .mdebug.abi32  0xa0000000        0x0 output\dee.o
 .mdebug.abi32  0xa0000000        0x0 output\dee_page.o
 .mdebug.abi32  0xa0000000        0x0 output\dee_page_helper.o
 .mdebug.abi32  0xa0000000        0x0 output\eep_manager_crc.o
 .mdebug.abi32  0xa0000000        0x0 output\system_control.o
 .mdebug.abi32  0xa0000000        0x0 output\stepper_enable.o
 .mdebug.abi32  0xa0000000        0x0 output\system_exec.o
 .mdebug.abi32  0xa0000000        0x0 output\system_alarm.o
 .mdebug.abi32  0xa0000000        0x0 output\grbl_eeprom.o
 .mdebug.abi32  0xa0000000        0x0 output\bootloader_interface.o
 .mdebug.abi32  0xa0000000        0x0 output\grbl_toolchange.o
 .mdebug.abi32  0xa0000000        0x0 output\stackmeasure.o
 .mdebug.abi32  0xa0000000        0x0 output\grbl_protocol.o
 .mdebug.abi32  0xa0000000        0x0 output\grbl_running.o
 .mdebug.abi32  0xa0000000        0x0 output\grbl_bootloader.o
 .mdebug.abi32  0xa0000000        0x0 output\grbl_probe.o
 .mdebug.abi32  0xa0000000        0x0 output\usb_grbl_multi.o
 .mdebug.abi32  0xa0000000        0x0 output\grbl_multi.o
 .mdebug.abi32  0xa0000000        0x0 output\noinitram.o
 .mdebug.abi32  0xa0000000        0x0 c:/program files (x86)/microchip/xc32/v2.30/bin/bin/../../lib/gcc/pic32mx/4.8.3/../../../../pic32mx/lib\libmchp_peripheral_32MX440F256H.a(soft_reset_lib.o)
 .mdebug.abi32  0xa0000000        0x0 c:/program files (x86)/microchip/xc32/v2.30/bin/bin/../../lib/gcc/pic32mx/4.8.3/../../../../pic32mx/lib\libmchp_peripheral_32MX440F256H.a(pcache.o)
 .mdebug.abi32  0xa0000000        0x0 c:/program files (x86)/microchip/xc32/v2.30/bin/bin/../../lib/gcc/pic32mx/4.8.3/../../../../pic32mx/lib\libmchp_peripheral_32MX440F256H.a(int_disable_interrupts_lib.o)
 .mdebug.abi32  0xa0000000        0x0 c:/program files (x86)/microchip/xc32/v2.30/bin/bin/../../lib/gcc/pic32mx/4.8.3/../../../../pic32mx/lib\libmchp_peripheral_32MX440F256H.a(power_idle_lib.o)
 .mdebug.abi32  0xa0000000        0x0 c:/program files (x86)/microchip/xc32/v2.30/bin/bin/../../lib/gcc/pic32mx/4.8.3/../../../../pic32mx/lib\libmchp_peripheral_32MX440F256H.a(power_sleep_lib.o)
 .mdebug.abi32  0xa0000000        0x0 c:/program files (x86)/microchip/xc32/v2.30/bin/bin/../../lib/gcc/pic32mx/4.8.3/../../../../pic32mx/lib\libmchp_peripheral_32MX440F256H.a(nvm_erase_page_lib.o)
 .mdebug.abi32  0xa0000000        0x0 c:/program files (x86)/microchip/xc32/v2.30/bin/bin/../../lib/gcc/pic32mx/4.8.3/../../../../pic32mx/lib\libmchp_peripheral_32MX440F256H.a(nvm_operation_lib.o)
 .mdebug.abi32  0xa0000000        0x0 c:/program files (x86)/microchip/xc32/v2.30/bin/bin/../../lib/gcc/pic32mx/4.8.3/../../../../pic32mx/lib\libmchp_peripheral_32MX440F256H.a(nvm_write_word_lib.o)
 .mdebug.abi32  0xa0000000        0x0 c:/program files (x86)/microchip/xc32/v2.30/bin/bin/../../lib/gcc/pic32mx/4.8.3/../../../../pic32mx/lib\libmchp_peripheral_32MX440F256H.a(int_restore_interrupts_lib.o)
 .mdebug.abi32  0xa0000000        0x0 c:/program files (x86)/microchip/xc32/v2.30/bin/bin/../../lib/gcc/pic32mx/4.8.3\libgcc.a(_fixunssfdi.o)
 .mdebug.abi32  0xa0000000        0x0 c:/program files (x86)/microchip/xc32/v2.30/bin/bin/../../lib/gcc/pic32mx/4.8.3\libgcc.a(_floatundisf.o)
 .mdebug.abi32  0xa0000000        0x0 c:/program files (x86)/microchip/xc32/v2.30/bin/bin/../../lib/gcc/pic32mx/4.8.3\libgcc.a(floatunsisf.o)
 .mdebug.abi32  0xa0000000        0x0 c:/program files (x86)/microchip/xc32/v2.30/bin/bin/../../lib/gcc/pic32mx/4.8.3\libgcc.a(floatunsidf.o)
 .mdebug.abi32  0xa0000000        0x0 c:/program files (x86)/microchip/xc32/v2.30/bin/bin/../../lib/gcc/pic32mx/4.8.3/../../../../pic32mx/lib\libpic32.a(default-bootstrap-exception-handler.o)
 .mdebug.abi32  0xa0000000        0x0 c:/program files (x86)/microchip/xc32/v2.30/bin/bin/../../lib/gcc/pic32mx/4.8.3/../../../../pic32mx/lib\libpic32.a(default-on-reset.o)
 .mdebug.abi32  0xa0000000        0x0 c:/program files (x86)/microchip/xc32/v2.30/bin/bin/../../lib/gcc/pic32mx/4.8.3/../../../../pic32mx/lib\libpic32.a(default-on-bootstrap.o)
 .mdebug.abi32  0xa0000000        0x0 c:/program files (x86)/microchip/xc32/v2.30/bin/bin/../../lib/gcc/pic32mx/4.8.3/../../../../pic32mx/lib\libpic32.a(defaultinterrupt.o)
 .mdebug.abi32  0xa0000000        0x0 c:/program files (x86)/microchip/xc32/v2.30/bin/bin/../../lib/gcc/pic32mx/4.8.3/../../../../pic32mx/lib\liblega-c.a(strncmp.o)
 .mdebug.abi32  0xa0000000        0x0 c:/program files (x86)/microchip/xc32/v2.30/bin/bin/../../lib/gcc/pic32mx/4.8.3/../../../../pic32mx/lib\libm.a(w_atan2f.o)
 .mdebug.abi32  0xa0000000        0x0 c:/program files (x86)/microchip/xc32/v2.30/bin/bin/../../lib/gcc/pic32mx/4.8.3/../../../../pic32mx/lib\libm.a(w_sqrtf.o)
 .mdebug.abi32  0xa0000000        0x0 c:/program files (x86)/microchip/xc32/v2.30/bin/bin/../../lib/gcc/pic32mx/4.8.3/../../../../pic32mx/lib\libm.a(support.o)
 .mdebug.abi32  0xa0000000        0x0 c:/program files (x86)/microchip/xc32/v2.30/bin/bin/../../lib/gcc/pic32mx/4.8.3/../../../../pic32mx/lib\libm.a(s_lib_ver.o)
 .mdebug.abi32  0xa0000000        0x0 c:/program files (x86)/microchip/xc32/v2.30/bin/bin/../../lib/gcc/pic32mx/4.8.3/../../../../pic32mx/lib\libpic32.a(errno.o)

.mdebug.abiN32
 *(.mdebug.abiN32)

.mdebug.abi64
 *(.mdebug.abi64)

.mdebug.abiO64
 *(.mdebug.abiO64)

.mdebug.eabi32
 *(.mdebug.eabi32)

.mdebug.eabi64
 *(.mdebug.eabi64)

.gcc_compiled_long32
 *(.gcc_compiled_long32)

.gcc_compiled_long64
 *(.gcc_compiled_long64)

.stab
 *(.stab)

.stabstr
 *(.stabstr)

.stab.excl
 *(.stab.excl)

.stab.exclstr
 *(.stab.exclstr)

.stab.index
 *(.stab.index)

.stab.indexstr
 *(.stab.indexstr)

.comment        0x00000000      0x111
 *(.comment)
 .comment       0x00000000       0x3c output\tmr.o
                                 0x3d (size before relaxing)
 .comment       0x00000000       0x3d output\mal.o
 .comment       0x00000000       0x3d output\ringBuffer.o
 .comment       0x00000000       0x3d output\task.o
 .comment       0x00000000       0x3d output\sleep.o
 .comment       0x00000000       0x3d output\eeprom.o
 .comment       0x00000000       0x3d output\eep_manager.o
 .comment       0x00000000       0x3d output\usb.o
 .comment       0x00000000       0x3d output\usb_descriptors.o
 .comment       0x00000000       0x3d output\usb_device.o
 .comment       0x00000000       0x3d output\exceptions.o
 .comment       0x00000000       0x3d output\isr.o
 .comment       0x00000000       0x3d output\main.o
 .comment       0x00000000       0x3d output\c_eep_manager.o
 .comment       0x00000000       0x3d output\app.o
 .comment       0x00000000       0x3d output\ad.o
 .comment       0x00000000       0x3d output\gcode.o
 .comment       0x00000000       0x3d output\grbl_limits.o
 .comment       0x00000000       0x3d output\coolant_control.o
 .comment       0x00000000       0x3d output\motion_control.o
 .comment       0x00000000       0x3d output\nuts_bolts.o
 .comment       0x00000000       0x3d output\planner.o
 .comment       0x00000000       0x3d output\print.o
 .comment       0x00000000       0x3d output\report.o
 .comment       0x00000000       0x3d output\settings.o
 .comment       0x00000000       0x3d output\spindle_control.o
 .comment       0x00000000       0x3d output\stepper.o
 .comment       0x00000000       0x3d output\system.o
 .comment       0x00000000       0x3d output\grbl.o
 .comment       0x00000000       0x3d output\pwm.o
 .comment       0x00000000       0x3d output\jog.o
 .comment       0x00000000       0x3d output\usb_function_cdc.o
 .comment       0x00000000       0x3d output\dee.o
 .comment       0x00000000       0x3d output\dee_page.o
 .comment       0x00000000       0x3d output\dee_page_helper.o
 .comment       0x00000000       0x3d output\eep_manager_crc.o
 .comment       0x00000000       0x3d output\system_control.o
 .comment       0x00000000       0x3d output\stepper_enable.o
 .comment       0x00000000       0x3d output\system_exec.o
 .comment       0x00000000       0x3d output\system_alarm.o
 .comment       0x00000000       0x3d output\grbl_eeprom.o
 .comment       0x00000000       0x3d output\bootloader_interface.o
 .comment       0x00000000       0x3d output\grbl_toolchange.o
 .comment       0x00000000       0x3d output\stackmeasure.o
 .comment       0x00000000       0x3d output\grbl_protocol.o
 .comment       0x00000000       0x3d output\grbl_running.o
 .comment       0x00000000       0x3d output\grbl_bootloader.o
 .comment       0x00000000       0x3d output\grbl_probe.o
 .comment       0x00000000       0x3d output\usb_grbl_multi.o
 .comment       0x00000000       0x3d output\grbl_multi.o
 .comment       0x00000000       0x3d output\noinitram.o
 .comment       0x0000003c       0x3c c:/program files (x86)/microchip/xc32/v2.30/bin/bin/../../lib/gcc/pic32mx/4.8.3/../../../../pic32mx/lib\libmchp_peripheral_32MX440F256H.a(soft_reset_lib.o)
                                 0x3d (size before relaxing)
 .comment       0x00000000       0x3d c:/program files (x86)/microchip/xc32/v2.30/bin/bin/../../lib/gcc/pic32mx/4.8.3/../../../../pic32mx/lib\libmchp_peripheral_32MX440F256H.a(pcache.o)
 .comment       0x00000000       0x3d c:/program files (x86)/microchip/xc32/v2.30/bin/bin/../../lib/gcc/pic32mx/4.8.3/../../../../pic32mx/lib\libmchp_peripheral_32MX440F256H.a(int_disable_interrupts_lib.o)
 .comment       0x00000000       0x3d c:/program files (x86)/microchip/xc32/v2.30/bin/bin/../../lib/gcc/pic32mx/4.8.3/../../../../pic32mx/lib\libmchp_peripheral_32MX440F256H.a(power_idle_lib.o)
 .comment       0x00000000       0x3d c:/program files (x86)/microchip/xc32/v2.30/bin/bin/../../lib/gcc/pic32mx/4.8.3/../../../../pic32mx/lib\libmchp_peripheral_32MX440F256H.a(power_sleep_lib.o)
 .comment       0x00000000       0x3d c:/program files (x86)/microchip/xc32/v2.30/bin/bin/../../lib/gcc/pic32mx/4.8.3/../../../../pic32mx/lib\libmchp_peripheral_32MX440F256H.a(nvm_erase_page_lib.o)
 .comment       0x00000000       0x3d c:/program files (x86)/microchip/xc32/v2.30/bin/bin/../../lib/gcc/pic32mx/4.8.3/../../../../pic32mx/lib\libmchp_peripheral_32MX440F256H.a(nvm_operation_lib.o)
 .comment       0x00000000       0x3d c:/program files (x86)/microchip/xc32/v2.30/bin/bin/../../lib/gcc/pic32mx/4.8.3/../../../../pic32mx/lib\libmchp_peripheral_32MX440F256H.a(nvm_write_word_lib.o)
 .comment       0x00000000       0x3d c:/program files (x86)/microchip/xc32/v2.30/bin/bin/../../lib/gcc/pic32mx/4.8.3/../../../../pic32mx/lib\libmchp_peripheral_32MX440F256H.a(int_restore_interrupts_lib.o)
 .comment       0x00000000       0x3d c:/program files (x86)/microchip/xc32/v2.30/bin/bin/../../lib/gcc/pic32mx/4.8.3\libgcc.a(_fixunssfdi.o)
 .comment       0x00000000       0x3d c:/program files (x86)/microchip/xc32/v2.30/bin/bin/../../lib/gcc/pic32mx/4.8.3\libgcc.a(_floatundisf.o)
 .comment       0x00000000       0x3d c:/program files (x86)/microchip/xc32/v2.30/bin/bin/../../lib/gcc/pic32mx/4.8.3\libgcc.a(floatunsisf.o)
 .comment       0x00000000       0x3d c:/program files (x86)/microchip/xc32/v2.30/bin/bin/../../lib/gcc/pic32mx/4.8.3\libgcc.a(floatunsidf.o)
 .comment       0x00000078       0x18 c:/program files (x86)/microchip/xc32/v2.30/bin/bin/../../lib/gcc/pic32mx/4.8.3/../../../../pic32mx/lib\libpic32.a(memcmp.o)
                                 0x19 (size before relaxing)
 .comment       0x00000090       0x18 c:/program files (x86)/microchip/xc32/v2.30/bin/bin/../../lib/gcc/pic32mx/4.8.3/../../../../pic32mx/lib\libpic32.a(memset.o)
                                 0x19 (size before relaxing)
 .comment       0x000000a8       0x19 c:/program files (x86)/microchip/xc32/v2.30/bin/bin/../../lib/gcc/pic32mx/4.8.3/../../../../pic32mx/lib\libpic32.a(strcmp.o)
                                 0x1a (size before relaxing)
 .comment       0x00000000       0x3d c:/program files (x86)/microchip/xc32/v2.30/bin/bin/../../lib/gcc/pic32mx/4.8.3/../../../../pic32mx/lib\libpic32.a(default-bootstrap-exception-handler.o)
 .comment       0x00000000       0x3d c:/program files (x86)/microchip/xc32/v2.30/bin/bin/../../lib/gcc/pic32mx/4.8.3/../../../../pic32mx/lib\libpic32.a(default-on-reset.o)
 .comment       0x00000000       0x3d c:/program files (x86)/microchip/xc32/v2.30/bin/bin/../../lib/gcc/pic32mx/4.8.3/../../../../pic32mx/lib\libpic32.a(default-on-bootstrap.o)
 .comment       0x00000000       0x3d c:/program files (x86)/microchip/xc32/v2.30/bin/bin/../../lib/gcc/pic32mx/4.8.3/../../../../pic32mx/lib\libpic32.a(defaultinterrupt.o)
 .comment       0x000000c1       0x50 c:/program files (x86)/microchip/xc32/v2.30/bin/bin/../../lib/gcc/pic32mx/4.8.3/../../../../pic32mx/lib\liblega-c.a(strncmp.o)
                                 0x8d (size before relaxing)
 .comment       0x00000000       0x3d c:/program files (x86)/microchip/xc32/v2.30/bin/bin/../../lib/gcc/pic32mx/4.8.3/../../../../pic32mx/lib\libm.a(w_atan2f.o)
 .comment       0x00000000       0x3d c:/program files (x86)/microchip/xc32/v2.30/bin/bin/../../lib/gcc/pic32mx/4.8.3/../../../../pic32mx/lib\libm.a(w_sqrtf.o)
 .comment       0x00000000       0x3d c:/program files (x86)/microchip/xc32/v2.30/bin/bin/../../lib/gcc/pic32mx/4.8.3/../../../../pic32mx/lib\libm.a(support.o)
 .comment       0x00000000       0x3d c:/program files (x86)/microchip/xc32/v2.30/bin/bin/../../lib/gcc/pic32mx/4.8.3/../../../../pic32mx/lib\libm.a(s_lib_ver.o)
 .comment       0x00000000       0x3d c:/program files (x86)/microchip/xc32/v2.30/bin/bin/../../lib/gcc/pic32mx/4.8.3/../../../../pic32mx/lib\libpic32.a(errno.o)

.debug
 *(.debug)

.line
 *(.line)

.debug_srcinfo
 *(.debug_srcinfo)

.debug_sfnames
 *(.debug_sfnames)

.debug_aranges  0x00000000      0x930
 *(.debug_aranges)
 .debug_aranges
                0x00000000       0x20 output\tmr.o
 .debug_aranges
                0x00000020       0x20 output\mal.o
 .debug_aranges
                0x00000040       0x20 output\ringBuffer.o
 .debug_aranges
                0x00000060       0x20 output\task.o
 .debug_aranges
                0x00000080       0x20 output\sleep.o
 .debug_aranges
                0x000000a0       0x20 output\eeprom.o
 .debug_aranges
                0x000000c0       0x20 output\eep_manager.o
 .debug_aranges
                0x000000e0       0x20 output\usb.o
 .debug_aranges
                0x00000100       0x18 output\usb_descriptors.o
 .debug_aranges
                0x00000118       0x20 output\usb_device.o
 .debug_aranges
                0x00000138       0x20 output\exceptions.o
 .debug_aranges
                0x00000158       0x20 output\isr.o
 .debug_aranges
                0x00000178       0x20 output\main.o
 .debug_aranges
                0x00000198       0x18 output\c_eep_manager.o
 .debug_aranges
                0x000001b0       0x20 output\app.o
 .debug_aranges
                0x000001d0       0x20 output\ad.o
 .debug_aranges
                0x000001f0       0x20 output\gcode.o
 .debug_aranges
                0x00000210       0x20 output\grbl_limits.o
 .debug_aranges
                0x00000230       0x20 output\coolant_control.o
 .debug_aranges
                0x00000250       0x20 output\motion_control.o
 .debug_aranges
                0x00000270       0x20 output\nuts_bolts.o
 .debug_aranges
                0x00000290       0x20 output\planner.o
 .debug_aranges
                0x000002b0       0x20 output\print.o
 .debug_aranges
                0x000002d0       0x20 output\report.o
 .debug_aranges
                0x000002f0       0x20 output\settings.o
 .debug_aranges
                0x00000310       0x20 output\spindle_control.o
 .debug_aranges
                0x00000330       0x20 output\stepper.o
 .debug_aranges
                0x00000350       0x20 output\system.o
 .debug_aranges
                0x00000370       0x20 output\grbl.o
 .debug_aranges
                0x00000390       0x20 output\pwm.o
 .debug_aranges
                0x000003b0       0x20 output\jog.o
 .debug_aranges
                0x000003d0       0x20 output\usb_function_cdc.o
 .debug_aranges
                0x000003f0       0x20 output\dee.o
 .debug_aranges
                0x00000410       0x20 output\dee_page.o
 .debug_aranges
                0x00000430       0x20 output\dee_page_helper.o
 .debug_aranges
                0x00000450       0x20 output\eep_manager_crc.o
 .debug_aranges
                0x00000470       0x20 output\system_control.o
 .debug_aranges
                0x00000490       0x20 output\stepper_enable.o
 .debug_aranges
                0x000004b0       0x20 output\system_exec.o
 .debug_aranges
                0x000004d0       0x20 output\system_alarm.o
 .debug_aranges
                0x000004f0       0x20 output\grbl_eeprom.o
 .debug_aranges
                0x00000510       0x20 output\bootloader_interface.o
 .debug_aranges
                0x00000530       0x20 output\grbl_toolchange.o
 .debug_aranges
                0x00000550       0x20 output\stackmeasure.o
 .debug_aranges
                0x00000570       0x20 output\grbl_protocol.o
 .debug_aranges
                0x00000590       0x20 output\grbl_running.o
 .debug_aranges
                0x000005b0       0x20 output\grbl_bootloader.o
 .debug_aranges
                0x000005d0       0x20 output\grbl_probe.o
 .debug_aranges
                0x000005f0       0x20 output\usb_grbl_multi.o
 .debug_aranges
                0x00000610       0x20 output\grbl_multi.o
 .debug_aranges
                0x00000630       0x20 output\noinitram.o
 .debug_aranges
                0x00000650       0x20 c:/program files (x86)/microchip/xc32/v2.30/bin/bin/../../lib/gcc/pic32mx/4.8.3/../../../../pic32mx/lib\libmchp_peripheral_32MX440F256H.a(soft_reset_lib.o)
 .debug_aranges
                0x00000670       0x28 c:/program files (x86)/microchip/xc32/v2.30/bin/bin/../../lib/gcc/pic32mx/4.8.3/../../../../pic32mx/lib\libmchp_peripheral_32MX440F256H.a(pcache.o)
 .debug_aranges
                0x00000698       0x20 c:/program files (x86)/microchip/xc32/v2.30/bin/bin/../../lib/gcc/pic32mx/4.8.3/../../../../pic32mx/lib\libmchp_peripheral_32MX440F256H.a(int_disable_interrupts_lib.o)
 .debug_aranges
                0x000006b8       0x20 c:/program files (x86)/microchip/xc32/v2.30/bin/bin/../../lib/gcc/pic32mx/4.8.3/../../../../pic32mx/lib\libmchp_peripheral_32MX440F256H.a(power_idle_lib.o)
 .debug_aranges
                0x000006d8       0x20 c:/program files (x86)/microchip/xc32/v2.30/bin/bin/../../lib/gcc/pic32mx/4.8.3/../../../../pic32mx/lib\libmchp_peripheral_32MX440F256H.a(power_sleep_lib.o)
 .debug_aranges
                0x000006f8       0x20 c:/program files (x86)/microchip/xc32/v2.30/bin/bin/../../lib/gcc/pic32mx/4.8.3/../../../../pic32mx/lib\libmchp_peripheral_32MX440F256H.a(nvm_erase_page_lib.o)
 .debug_aranges
                0x00000718       0x20 c:/program files (x86)/microchip/xc32/v2.30/bin/bin/../../lib/gcc/pic32mx/4.8.3/../../../../pic32mx/lib\libmchp_peripheral_32MX440F256H.a(nvm_operation_lib.o)
 .debug_aranges
                0x00000738       0x20 c:/program files (x86)/microchip/xc32/v2.30/bin/bin/../../lib/gcc/pic32mx/4.8.3/../../../../pic32mx/lib\libmchp_peripheral_32MX440F256H.a(nvm_write_word_lib.o)
 .debug_aranges
                0x00000758       0x20 c:/program files (x86)/microchip/xc32/v2.30/bin/bin/../../lib/gcc/pic32mx/4.8.3/../../../../pic32mx/lib\libmchp_peripheral_32MX440F256H.a(int_restore_interrupts_lib.o)
 .debug_aranges
                0x00000778       0x20 c:/program files (x86)/microchip/xc32/v2.30/bin/bin/../../lib/gcc/pic32mx/4.8.3\libgcc.a(_fixunssfdi.o)
 .debug_aranges
                0x00000798       0x20 c:/program files (x86)/microchip/xc32/v2.30/bin/bin/../../lib/gcc/pic32mx/4.8.3\libgcc.a(_floatundisf.o)
 .debug_aranges
                0x000007b8       0x20 c:/program files (x86)/microchip/xc32/v2.30/bin/bin/../../lib/gcc/pic32mx/4.8.3\libgcc.a(floatunsisf.o)
 .debug_aranges
                0x000007d8       0x20 c:/program files (x86)/microchip/xc32/v2.30/bin/bin/../../lib/gcc/pic32mx/4.8.3\libgcc.a(floatunsidf.o)
 .debug_aranges
                0x000007f8       0x20 c:/program files (x86)/microchip/xc32/v2.30/bin/bin/../../lib/gcc/pic32mx/4.8.3/../../../../pic32mx/lib\libpic32.a(default-bootstrap-exception-handler.o)
 .debug_aranges
                0x00000818       0x20 c:/program files (x86)/microchip/xc32/v2.30/bin/bin/../../lib/gcc/pic32mx/4.8.3/../../../../pic32mx/lib\libpic32.a(default-on-reset.o)
 .debug_aranges
                0x00000838       0x20 c:/program files (x86)/microchip/xc32/v2.30/bin/bin/../../lib/gcc/pic32mx/4.8.3/../../../../pic32mx/lib\libpic32.a(default-on-bootstrap.o)
 .debug_aranges
                0x00000858       0x20 c:/program files (x86)/microchip/xc32/v2.30/bin/bin/../../lib/gcc/pic32mx/4.8.3/../../../../pic32mx/lib\libpic32.a(defaultinterrupt.o)
 .debug_aranges
                0x00000878       0x20 c:/program files (x86)/microchip/xc32/v2.30/bin/bin/../../lib/gcc/pic32mx/4.8.3/../../../../pic32mx/lib\libm.a(w_atan2f.o)
 .debug_aranges
                0x00000898       0x20 c:/program files (x86)/microchip/xc32/v2.30/bin/bin/../../lib/gcc/pic32mx/4.8.3/../../../../pic32mx/lib\libm.a(w_sqrtf.o)
 .debug_aranges
                0x000008b8       0x78 c:/program files (x86)/microchip/xc32/v2.30/bin/bin/../../lib/gcc/pic32mx/4.8.3/../../../../pic32mx/lib\libm.a(support.o)

.debug_pubnames
 *(.debug_pubnames)

.debug_info     0x00000000    0x2c13d
 *(.debug_info .gnu.linkonce.wi.*)
 .debug_info    0x00000000      0xa31 output\tmr.o
 .debug_info    0x00000a31      0x6a2 output\mal.o
 .debug_info    0x000010d3      0x60c output\ringBuffer.o
 .debug_info    0x000016df      0x977 output\task.o
 .debug_info    0x00002056      0x868 output\sleep.o
 .debug_info    0x000028be      0x440 output\eeprom.o
 .debug_info    0x00002cfe     0x134a output\eep_manager.o
 .debug_info    0x00004048      0xcff output\usb.o
 .debug_info    0x00004d47      0x79b output\usb_descriptors.o
 .debug_info    0x000054e2     0x29d0 output\usb_device.o
 .debug_info    0x00007eb2      0x7f7 output\exceptions.o
 .debug_info    0x000086a9      0xde5 output\isr.o
 .debug_info    0x0000948e      0xefe output\main.o
 .debug_info    0x0000a38c     0x17a8 output\c_eep_manager.o
 .debug_info    0x0000bb34      0x37d output\app.o
 .debug_info    0x0000beb1      0x9a6 output\ad.o
 .debug_info    0x0000c857     0x17e4 output\gcode.o
 .debug_info    0x0000e03b     0x174c output\grbl_limits.o
 .debug_info    0x0000f787      0x3f4 output\coolant_control.o
 .debug_info    0x0000fb7b     0x1252 output\motion_control.o
 .debug_info    0x00010dcd      0x782 output\nuts_bolts.o
 .debug_info    0x0001154f     0x1178 output\planner.o
 .debug_info    0x000126c7      0x8c4 output\print.o
 .debug_info    0x00012f8b     0x3398 output\report.o
 .debug_info    0x00016323      0x9da output\settings.o
 .debug_info    0x00016cfd      0x96b output\spindle_control.o
 .debug_info    0x00017668     0x1878 output\stepper.o
 .debug_info    0x00018ee0     0x1f35 output\system.o
 .debug_info    0x0001ae15     0x1893 output\grbl.o
 .debug_info    0x0001c6a8      0xb87 output\pwm.o
 .debug_info    0x0001d22f      0x9e8 output\jog.o
 .debug_info    0x0001dc17     0x1c66 output\usb_function_cdc.o
 .debug_info    0x0001f87d     0x155f output\dee.o
 .debug_info    0x00020ddc     0x100e output\dee_page.o
 .debug_info    0x00021dea      0x763 output\dee_page_helper.o
 .debug_info    0x0002254d      0x67a output\eep_manager_crc.o
 .debug_info    0x00022bc7      0x73d output\system_control.o
 .debug_info    0x00023304      0x9b3 output\stepper_enable.o
 .debug_info    0x00023cb7      0x294 output\system_exec.o
 .debug_info    0x00023f4b      0x26f output\system_alarm.o
 .debug_info    0x000241ba     0x1199 output\grbl_eeprom.o
 .debug_info    0x00025353      0x2a6 output\bootloader_interface.o
 .debug_info    0x000255f9      0x883 output\grbl_toolchange.o
 .debug_info    0x00025e7c      0x228 output\stackmeasure.o
 .debug_info    0x000260a4     0x1931 output\grbl_protocol.o
 .debug_info    0x000279d5      0x632 output\grbl_running.o
 .debug_info    0x00028007      0x626 output\grbl_bootloader.o
 .debug_info    0x0002862d      0xe1b output\grbl_probe.o
 .debug_info    0x00029448      0xc59 output\usb_grbl_multi.o
 .debug_info    0x0002a0a1      0x44b output\grbl_multi.o
 .debug_info    0x0002a4ec      0x7cf output\noinitram.o
 .debug_info    0x0002acbb       0xb0 c:/program files (x86)/microchip/xc32/v2.30/bin/bin/../../lib/gcc/pic32mx/4.8.3/../../../../pic32mx/lib\libmchp_peripheral_32MX440F256H.a(soft_reset_lib.o)
 .debug_info    0x0002ad6b       0xbe c:/program files (x86)/microchip/xc32/v2.30/bin/bin/../../lib/gcc/pic32mx/4.8.3/../../../../pic32mx/lib\libmchp_peripheral_32MX440F256H.a(pcache.o)
 .debug_info    0x0002ae29       0xb4 c:/program files (x86)/microchip/xc32/v2.30/bin/bin/../../lib/gcc/pic32mx/4.8.3/../../../../pic32mx/lib\libmchp_peripheral_32MX440F256H.a(int_disable_interrupts_lib.o)
 .debug_info    0x0002aedd       0xc4 c:/program files (x86)/microchip/xc32/v2.30/bin/bin/../../lib/gcc/pic32mx/4.8.3/../../../../pic32mx/lib\libmchp_peripheral_32MX440F256H.a(power_idle_lib.o)
 .debug_info    0x0002afa1       0xc6 c:/program files (x86)/microchip/xc32/v2.30/bin/bin/../../lib/gcc/pic32mx/4.8.3/../../../../pic32mx/lib\libmchp_peripheral_32MX440F256H.a(power_sleep_lib.o)
 .debug_info    0x0002b067       0xa4 c:/program files (x86)/microchip/xc32/v2.30/bin/bin/../../lib/gcc/pic32mx/4.8.3/../../../../pic32mx/lib\libmchp_peripheral_32MX440F256H.a(nvm_erase_page_lib.o)
 .debug_info    0x0002b10b       0xc5 c:/program files (x86)/microchip/xc32/v2.30/bin/bin/../../lib/gcc/pic32mx/4.8.3/../../../../pic32mx/lib\libmchp_peripheral_32MX440F256H.a(nvm_operation_lib.o)
 .debug_info    0x0002b1d0       0xa4 c:/program files (x86)/microchip/xc32/v2.30/bin/bin/../../lib/gcc/pic32mx/4.8.3/../../../../pic32mx/lib\libmchp_peripheral_32MX440F256H.a(nvm_write_word_lib.o)
 .debug_info    0x0002b274       0xb4 c:/program files (x86)/microchip/xc32/v2.30/bin/bin/../../lib/gcc/pic32mx/4.8.3/../../../../pic32mx/lib\libmchp_peripheral_32MX440F256H.a(int_restore_interrupts_lib.o)
 .debug_info    0x0002b328      0x280 c:/program files (x86)/microchip/xc32/v2.30/bin/bin/../../lib/gcc/pic32mx/4.8.3\libgcc.a(_fixunssfdi.o)
 .debug_info    0x0002b5a8      0x253 c:/program files (x86)/microchip/xc32/v2.30/bin/bin/../../lib/gcc/pic32mx/4.8.3\libgcc.a(_floatundisf.o)
 .debug_info    0x0002b7fb      0x129 c:/program files (x86)/microchip/xc32/v2.30/bin/bin/../../lib/gcc/pic32mx/4.8.3\libgcc.a(floatunsisf.o)
 .debug_info    0x0002b924      0x137 c:/program files (x86)/microchip/xc32/v2.30/bin/bin/../../lib/gcc/pic32mx/4.8.3\libgcc.a(floatunsidf.o)
 .debug_info    0x0002ba5b       0xf4 c:/program files (x86)/microchip/xc32/v2.30/bin/bin/../../lib/gcc/pic32mx/4.8.3/../../../../pic32mx/lib\libpic32.a(default-bootstrap-exception-handler.o)
 .debug_info    0x0002bb4f       0xcd c:/program files (x86)/microchip/xc32/v2.30/bin/bin/../../lib/gcc/pic32mx/4.8.3/../../../../pic32mx/lib\libpic32.a(default-on-reset.o)
 .debug_info    0x0002bc1c       0xd5 c:/program files (x86)/microchip/xc32/v2.30/bin/bin/../../lib/gcc/pic32mx/4.8.3/../../../../pic32mx/lib\libpic32.a(default-on-bootstrap.o)
 .debug_info    0x0002bcf1       0xe7 c:/program files (x86)/microchip/xc32/v2.30/bin/bin/../../lib/gcc/pic32mx/4.8.3/../../../../pic32mx/lib\libpic32.a(defaultinterrupt.o)
 .debug_info    0x0002bdd8       0xce c:/program files (x86)/microchip/xc32/v2.30/bin/bin/../../lib/gcc/pic32mx/4.8.3/../../../../pic32mx/lib\libm.a(w_atan2f.o)
 .debug_info    0x0002bea6       0xbe c:/program files (x86)/microchip/xc32/v2.30/bin/bin/../../lib/gcc/pic32mx/4.8.3/../../../../pic32mx/lib\libm.a(w_sqrtf.o)
 .debug_info    0x0002bf64      0x1d9 c:/program files (x86)/microchip/xc32/v2.30/bin/bin/../../lib/gcc/pic32mx/4.8.3/../../../../pic32mx/lib\libm.a(support.o)

.debug_abbrev   0x00000000     0x655a
 *(.debug_abbrev)
 .debug_abbrev  0x00000000      0x1c0 output\tmr.o
 .debug_abbrev  0x000001c0      0x1b9 output\mal.o
 .debug_abbrev  0x00000379      0x12b output\ringBuffer.o
 .debug_abbrev  0x000004a4      0x245 output\task.o
 .debug_abbrev  0x000006e9      0x1ab output\sleep.o
 .debug_abbrev  0x00000894      0x10c output\eeprom.o
 .debug_abbrev  0x000009a0      0x285 output\eep_manager.o
 .debug_abbrev  0x00000c25      0x1ea output\usb.o
 .debug_abbrev  0x00000e0f       0xd8 output\usb_descriptors.o
 .debug_abbrev  0x00000ee7      0x3f5 output\usb_device.o
 .debug_abbrev  0x000012dc      0x14a output\exceptions.o
 .debug_abbrev  0x00001426      0x107 output\isr.o
 .debug_abbrev  0x0000152d      0x13f output\main.o
 .debug_abbrev  0x0000166c      0x160 output\c_eep_manager.o
 .debug_abbrev  0x000017cc      0x105 output\app.o
 .debug_abbrev  0x000018d1      0x139 output\ad.o
 .debug_abbrev  0x00001a0a      0x295 output\gcode.o
 .debug_abbrev  0x00001c9f      0x39f output\grbl_limits.o
 .debug_abbrev  0x0000203e      0x132 output\coolant_control.o
 .debug_abbrev  0x00002170      0x338 output\motion_control.o
 .debug_abbrev  0x000024a8      0x171 output\nuts_bolts.o
 .debug_abbrev  0x00002619      0x37c output\planner.o
 .debug_abbrev  0x00002995      0x157 output\print.o
 .debug_abbrev  0x00002aec      0x392 output\report.o
 .debug_abbrev  0x00002e7e      0x22d output\settings.o
 .debug_abbrev  0x000030ab      0x1f2 output\spindle_control.o
 .debug_abbrev  0x0000329d      0x329 output\stepper.o
 .debug_abbrev  0x000035c6      0x3bd output\system.o
 .debug_abbrev  0x00003983      0x163 output\grbl.o
 .debug_abbrev  0x00003ae6      0x197 output\pwm.o
 .debug_abbrev  0x00003c7d      0x148 output\jog.o
 .debug_abbrev  0x00003dc5      0x26e output\usb_function_cdc.o
 .debug_abbrev  0x00004033      0x31b output\dee.o
 .debug_abbrev  0x0000434e      0x31d output\dee_page.o
 .debug_abbrev  0x0000466b      0x1c5 output\dee_page_helper.o
 .debug_abbrev  0x00004830       0xcf output\eep_manager_crc.o
 .debug_abbrev  0x000048ff      0x181 output\system_control.o
 .debug_abbrev  0x00004a80      0x19b output\stepper_enable.o
 .debug_abbrev  0x00004c1b       0xa9 output\system_exec.o
 .debug_abbrev  0x00004cc4       0xc1 output\system_alarm.o
 .debug_abbrev  0x00004d85      0x244 output\grbl_eeprom.o
 .debug_abbrev  0x00004fc9       0xb3 output\bootloader_interface.o
 .debug_abbrev  0x0000507c      0x1a3 output\grbl_toolchange.o
 .debug_abbrev  0x0000521f       0xcc output\stackmeasure.o
 .debug_abbrev  0x000052eb      0x38f output\grbl_protocol.o
 .debug_abbrev  0x0000567a      0x105 output\grbl_running.o
 .debug_abbrev  0x0000577f      0x139 output\grbl_bootloader.o
 .debug_abbrev  0x000058b8      0x2d6 output\grbl_probe.o
 .debug_abbrev  0x00005b8e      0x231 output\usb_grbl_multi.o
 .debug_abbrev  0x00005dbf      0x103 output\grbl_multi.o
 .debug_abbrev  0x00005ec2      0x1f3 output\noinitram.o
 .debug_abbrev  0x000060b5       0x37 c:/program files (x86)/microchip/xc32/v2.30/bin/bin/../../lib/gcc/pic32mx/4.8.3/../../../../pic32mx/lib\libmchp_peripheral_32MX440F256H.a(soft_reset_lib.o)
 .debug_abbrev  0x000060ec       0x28 c:/program files (x86)/microchip/xc32/v2.30/bin/bin/../../lib/gcc/pic32mx/4.8.3/../../../../pic32mx/lib\libmchp_peripheral_32MX440F256H.a(pcache.o)
 .debug_abbrev  0x00006114       0x28 c:/program files (x86)/microchip/xc32/v2.30/bin/bin/../../lib/gcc/pic32mx/4.8.3/../../../../pic32mx/lib\libmchp_peripheral_32MX440F256H.a(int_disable_interrupts_lib.o)
 .debug_abbrev  0x0000613c       0x37 c:/program files (x86)/microchip/xc32/v2.30/bin/bin/../../lib/gcc/pic32mx/4.8.3/../../../../pic32mx/lib\libmchp_peripheral_32MX440F256H.a(power_idle_lib.o)
 .debug_abbrev  0x00006173       0x37 c:/program files (x86)/microchip/xc32/v2.30/bin/bin/../../lib/gcc/pic32mx/4.8.3/../../../../pic32mx/lib\libmchp_peripheral_32MX440F256H.a(power_sleep_lib.o)
 .debug_abbrev  0x000061aa       0x28 c:/program files (x86)/microchip/xc32/v2.30/bin/bin/../../lib/gcc/pic32mx/4.8.3/../../../../pic32mx/lib\libmchp_peripheral_32MX440F256H.a(nvm_erase_page_lib.o)
 .debug_abbrev  0x000061d2       0x37 c:/program files (x86)/microchip/xc32/v2.30/bin/bin/../../lib/gcc/pic32mx/4.8.3/../../../../pic32mx/lib\libmchp_peripheral_32MX440F256H.a(nvm_operation_lib.o)
 .debug_abbrev  0x00006209       0x28 c:/program files (x86)/microchip/xc32/v2.30/bin/bin/../../lib/gcc/pic32mx/4.8.3/../../../../pic32mx/lib\libmchp_peripheral_32MX440F256H.a(nvm_write_word_lib.o)
 .debug_abbrev  0x00006231       0x28 c:/program files (x86)/microchip/xc32/v2.30/bin/bin/../../lib/gcc/pic32mx/4.8.3/../../../../pic32mx/lib\libmchp_peripheral_32MX440F256H.a(int_restore_interrupts_lib.o)
 .debug_abbrev  0x00006259       0x6d c:/program files (x86)/microchip/xc32/v2.30/bin/bin/../../lib/gcc/pic32mx/4.8.3\libgcc.a(_fixunssfdi.o)
 .debug_abbrev  0x000062c6       0x64 c:/program files (x86)/microchip/xc32/v2.30/bin/bin/../../lib/gcc/pic32mx/4.8.3\libgcc.a(_floatundisf.o)
 .debug_abbrev  0x0000632a       0x62 c:/program files (x86)/microchip/xc32/v2.30/bin/bin/../../lib/gcc/pic32mx/4.8.3\libgcc.a(floatunsisf.o)
 .debug_abbrev  0x0000638c       0x62 c:/program files (x86)/microchip/xc32/v2.30/bin/bin/../../lib/gcc/pic32mx/4.8.3\libgcc.a(floatunsidf.o)
 .debug_abbrev  0x000063ee       0x28 c:/program files (x86)/microchip/xc32/v2.30/bin/bin/../../lib/gcc/pic32mx/4.8.3/../../../../pic32mx/lib\libpic32.a(default-bootstrap-exception-handler.o)
 .debug_abbrev  0x00006416       0x28 c:/program files (x86)/microchip/xc32/v2.30/bin/bin/../../lib/gcc/pic32mx/4.8.3/../../../../pic32mx/lib\libpic32.a(default-on-reset.o)
 .debug_abbrev  0x0000643e       0x28 c:/program files (x86)/microchip/xc32/v2.30/bin/bin/../../lib/gcc/pic32mx/4.8.3/../../../../pic32mx/lib\libpic32.a(default-on-bootstrap.o)
 .debug_abbrev  0x00006466       0x28 c:/program files (x86)/microchip/xc32/v2.30/bin/bin/../../lib/gcc/pic32mx/4.8.3/../../../../pic32mx/lib\libpic32.a(defaultinterrupt.o)
 .debug_abbrev  0x0000648e       0x37 c:/program files (x86)/microchip/xc32/v2.30/bin/bin/../../lib/gcc/pic32mx/4.8.3/../../../../pic32mx/lib\libm.a(w_atan2f.o)
 .debug_abbrev  0x000064c5       0x28 c:/program files (x86)/microchip/xc32/v2.30/bin/bin/../../lib/gcc/pic32mx/4.8.3/../../../../pic32mx/lib\libm.a(w_sqrtf.o)
 .debug_abbrev  0x000064ed       0x6d c:/program files (x86)/microchip/xc32/v2.30/bin/bin/../../lib/gcc/pic32mx/4.8.3/../../../../pic32mx/lib\libm.a(support.o)

.debug_line     0x00000000     0x8c3d
 *(.debug_line)
 .debug_line    0x00000000      0x2ef output\tmr.o
 .debug_line    0x000002ef      0x1b6 output\mal.o
 .debug_line    0x000004a5      0x12d output\ringBuffer.o
 .debug_line    0x000005d2      0x202 output\task.o
 .debug_line    0x000007d4      0x286 output\sleep.o
 .debug_line    0x00000a5a      0x144 output\eeprom.o
 .debug_line    0x00000b9e      0x33e output\eep_manager.o
 .debug_line    0x00000edc      0x28d output\usb.o
 .debug_line    0x00001169      0x12b output\usb_descriptors.o
 .debug_line    0x00001294      0x57b output\usb_device.o
 .debug_line    0x0000180f      0x19b output\exceptions.o
 .debug_line    0x000019aa      0x2dd output\isr.o
 .debug_line    0x00001c87      0x42b output\main.o
 .debug_line    0x000020b2      0x343 output\c_eep_manager.o
 .debug_line    0x000023f5      0x16d output\app.o
 .debug_line    0x00002562      0x18f output\ad.o
 .debug_line    0x000026f1      0x611 output\gcode.o
 .debug_line    0x00002d02      0x3d7 output\grbl_limits.o
 .debug_line    0x000030d9      0x133 output\coolant_control.o
 .debug_line    0x0000320c      0x2e5 output\motion_control.o
 .debug_line    0x000034f1      0x211 output\nuts_bolts.o
 .debug_line    0x00003702      0x35d output\planner.o
 .debug_line    0x00003a5f      0x1c1 output\print.o
 .debug_line    0x00003c20      0x65c output\report.o
 .debug_line    0x0000427c      0x252 output\settings.o
 .debug_line    0x000044ce      0x27e output\spindle_control.o
 .debug_line    0x0000474c      0x4b1 output\stepper.o
 .debug_line    0x00004bfd      0x452 output\system.o
 .debug_line    0x0000504f      0x41b output\grbl.o
 .debug_line    0x0000546a      0x207 output\pwm.o
 .debug_line    0x00005671      0x1ca output\jog.o
 .debug_line    0x0000583b      0x2db output\usb_function_cdc.o
 .debug_line    0x00005b16      0x2cf output\dee.o
 .debug_line    0x00005de5      0x1b4 output\dee_page.o