Archive member included to satisfy reference by file (symbol)

c:/program files/microchip/xc32/v4.20/bin/bin/../../lib/gcc/pic32mx/8.3.1\libgcc.a(_fixunssfdi.o)
                              output\stepper.o (__fixunssfdi)
c:/program files/microchip/xc32/v4.20/bin/bin/../../lib/gcc/pic32mx/8.3.1\libgcc.a(_floatundidf.o)
                              output\stepper.o (__floatundidf)
c:/program files/microchip/xc32/v4.20/bin/bin/../../lib/gcc/pic32mx/8.3.1\libgcc.a(floatunsisf.o)
                              output\nuts_bolts.o (__floatunsisf)
c:/program files/microchip/xc32/v4.20/bin/bin/../../lib/gcc/pic32mx/8.3.1\libgcc.a(floatunsidf.o)
                              output\grbl_limits.o (__floatunsidf)
c:/program files/microchip/xc32/v4.20/bin/bin/../../lib/gcc/pic32mx/8.3.1/../../../../pic32mx/lib\libpic32.a(memcmp.o)
                              output\grbl_eeprom.o (memcmp)
c:/program files/microchip/xc32/v4.20/bin/bin/../../lib/gcc/pic32mx/8.3.1/../../../../pic32mx/lib\libpic32.a(memcpy.o)
                              output\eep_manager.o (memcpy)
c:/program files/microchip/xc32/v4.20/bin/bin/../../lib/gcc/pic32mx/8.3.1/../../../../pic32mx/lib\libpic32.a(memset.o)
                              output\ringBuffer.o (memset)
c:/program files/microchip/xc32/v4.20/bin/bin/../../lib/gcc/pic32mx/8.3.1/../../../../pic32mx/lib\libpic32.a(strcmp.o)
                              output\grbl_protocol.o (strcmp)
c:/program files/microchip/xc32/v4.20/bin/bin/../../lib/gcc/pic32mx/8.3.1/../../../../pic32mx/lib\libpic32.a(strlen.o)
                              output\Helpers.o (strlen)
c:/program files/microchip/xc32/v4.20/bin/bin/../../lib/gcc/pic32mx/8.3.1/../../../../pic32mx/lib\libpic32.a(default-bootstrap-exception-handler.o)
                              C:\Users\kyrk\AppData\Local\Temp\ccC6iq7L.o (_bootstrap_exception_handler)
c:/program files/microchip/xc32/v4.20/bin/bin/../../lib/gcc/pic32mx/8.3.1/../../../../pic32mx/lib\libpic32.a(default-on-reset.o)
                              C:\Users\kyrk\AppData\Local\Temp\ccC6iq7L.o (_on_reset)
c:/program files/microchip/xc32/v4.20/bin/bin/../../lib/gcc/pic32mx/8.3.1/../../../../pic32mx/lib\libpic32.a(default-on-bootstrap.o)
                              C:\Users\kyrk\AppData\Local\Temp\ccC6iq7L.o (_on_bootstrap)
c:/program files/microchip/xc32/v4.20/bin/bin/../../lib/gcc/pic32mx/8.3.1/../../../../pic32mx/lib\libpic32.a(default-nmi-handler.o)
                              C:\Users\kyrk\AppData\Local\Temp\ccC6iq7L.o (_nmi_handler)
c:/program files/microchip/xc32/v4.20/bin/bin/../../lib/gcc/pic32mx/8.3.1/../../../../pic32mx/lib\libpic32.a(pic32_data_init_wrapper.o)
                              C:\Users\kyrk\AppData\Local\Temp\ccC6iq7L.o (__pic32_data_init)
c:/program files/microchip/xc32/v4.20/bin/bin/../../lib/gcc/pic32mx/8.3.1/../../../../pic32mx/lib\libpic32.a(pic32_data_init_0_1.o)
                              (__copy_needed)
c:/program files/microchip/xc32/v4.20/bin/bin/../../lib/gcc/pic32mx/8.3.1/../../../../pic32mx/lib\libpic32.a(general-exception.o)
                              C:\Users\kyrk\AppData\Local\Temp\ccC6iq7L.o (_general_exception_context)
c:/program files/microchip/xc32/v4.20/bin/bin/../../lib/gcc/pic32mx/8.3.1/../../../../pic32mx/lib\libpic32.a(vector1.o)
                              C:\Users\kyrk\AppData\Local\Temp\ccMtDgJu.o (__vector_dispatch_1)
c:/program files/microchip/xc32/v4.20/bin/bin/../../lib/gcc/pic32mx/8.3.1/../../../../pic32mx/lib\libpic32.a(vector2.o)
                              C:\Users\kyrk\AppData\Local\Temp\ccMtDgJu.o (__vector_dispatch_2)
c:/program files/microchip/xc32/v4.20/bin/bin/../../lib/gcc/pic32mx/8.3.1/../../../../pic32mx/lib\libpic32.a(vector3.o)
                              C:\Users\kyrk\AppData\Local\Temp\ccMtDgJu.o (__vector_dispatch_3)
c:/program files/microchip/xc32/v4.20/bin/bin/../../lib/gcc/pic32mx/8.3.1/../../../../pic32mx/lib\libpic32.a(vector5.o)
                              C:\Users\kyrk\AppData\Local\Temp\ccMtDgJu.o (__vector_dispatch_5)
c:/program files/microchip/xc32/v4.20/bin/bin/../../lib/gcc/pic32mx/8.3.1/../../../../pic32mx/lib\libpic32.a(vector6.o)
                              C:\Users\kyrk\AppData\Local\Temp\ccMtDgJu.o (__vector_dispatch_6)
c:/program files/microchip/xc32/v4.20/bin/bin/../../lib/gcc/pic32mx/8.3.1/../../../../pic32mx/lib\libpic32.a(vector7.o)
                              C:\Users\kyrk\AppData\Local\Temp\ccMtDgJu.o (__vector_dispatch_7)
c:/program files/microchip/xc32/v4.20/bin/bin/../../lib/gcc/pic32mx/8.3.1/../../../../pic32mx/lib\libpic32.a(vector9.o)
                              C:\Users\kyrk\AppData\Local\Temp\ccMtDgJu.o (__vector_dispatch_9)
c:/program files/microchip/xc32/v4.20/bin/bin/../../lib/gcc/pic32mx/8.3.1/../../../../pic32mx/lib\libpic32.a(vector10.o)
                              C:\Users\kyrk\AppData\Local\Temp\ccMtDgJu.o (__vector_dispatch_10)
[...]
Memory Configuration

Name             Origin             Length             Attributes
kseg0_program_mem 0x000000009d007490 0x0000000000038b70 xr
kseg0_boot_mem   0x000000009d006000 0x0000000000000000
exception_mem    0x000000009d006000 0x0000000000001000
kseg1_boot_mem   0x000000009d007000 0x0000000000000490
debug_exec_mem   0x00000000bfc02000 0x0000000000000ff0
config3          0x00000000bfc02ff0 0x0000000000000004
config2          0x00000000bfc02ff4 0x0000000000000004
config1          0x00000000bfc02ff8 0x0000000000000004
config0          0x00000000bfc02ffc 0x0000000000000004
kseg1_shared_mem 0x00000000a0000000 0x0000000000001000 w !x
kseg1_data_mem   0x00000000a0001000 0x0000000000007000 w !x
sfrs             0x00000000bf800000 0x0000000000100000
configsfrs       0x00000000bfc02ff0 0x0000000000000010
*default*        0x0000000000000000 0xffffffffffffffff

Linker script and memory map

LOAD c:/program files/microchip/xc32/v4.20/bin/bin/../../lib/gcc/pic32mx/8.3.1/../../../../pic32mx/lib\debug-exception-return.o
LOAD output\tmr.o
LOAD output\mal.o
LOAD output\ringBuffer.o
LOAD output\task.o
LOAD output\sleep.o
LOAD output\eeprom.o
LOAD output\eep_manager.o
LOAD output\usb.o
LOAD output\usb_descriptors.o
LOAD output\usb_device.o
LOAD output\exceptions.o
LOAD output\isr.o
LOAD output\main.o
LOAD output\c_eep_manager.o
LOAD output\app.o
LOAD output\ad.o
LOAD output\grbl_gcode.o
LOAD output\grbl_limits.o
LOAD output\coolant_control.o
LOAD output\motion_control.o
LOAD output\nuts_bolts.o
LOAD output\planner.o
LOAD output\print.o
LOAD output\report.o
LOAD output\settings.o
LOAD output\spindle_control.o
LOAD output\stepper.o
LOAD output\system.o
LOAD output\grbl.o
LOAD output\pwm.o
LOAD output\jog.o
LOAD output\usb_function_cdc.o
LOAD output\dee.o
LOAD output\dee_page.o
LOAD output\dee_page_helper.o
LOAD output\eep_manager_crc.o
LOAD output\system_control.o
LOAD output\stepper_enable.o
LOAD output\system_exec.o
LOAD output\system_alarm.o
LOAD output\grbl_eeprom.o
LOAD output\bootloader_interface.o
LOAD output\grbl_toolchange.o
LOAD output\stackmeasure.o
LOAD output\stackmeasure_helper.o
LOAD output\grbl_protocol.o
LOAD output\grbl_running.o
LOAD output\grbl_bootloader.o
LOAD output\grbl_probe.o
LOAD output\ethernet.o
LOAD output\ENC28J60.o
LOAD output\DHCP.o
LOAD output\ARP.o
LOAD output\Announce.o
LOAD output\Helpers.o
LOAD output\ICMP.o
LOAD output\IP.o
LOAD output\StackTsk.o
LOAD output\UDP.o
LOAD output\usb_grbl_multi.o
LOAD output\ethernet_grbl_multi.o
LOAD output\grbl_multi.o
LOAD output\Reboot.o
LOAD output\TCP.o
LOAD output\BerkeleyAPI.o
LOAD output\noinitram.o
                0x0000000000000400                PROVIDE (_min_stack_size = 0x400)
LOAD c:/program files/microchip/xc32/v4.20/bin/bin/../../lib/gcc/pic32mx/8.3.1/../../../../pic32mx/lib/./proc/32MX440F256H\processor.o
START GROUP
LOAD C:\Program Files (x86)\Microchip\MPLAB C32 Suite\pic32mx\lib\libmchp_peripheral.a
END GROUP
START GROUP
LOAD C:\Program Files (x86)\Microchip\MPLAB C32 Suite\pic32mx\lib\libmchp_peripheral_32MX440F256H.a
END GROUP
                0x0000000000000001                PROVIDE (_vector_spacing = 0x1)
                0x000000009d006000                _ebase_address = 0x9d006000
                0x000000009d007000                _RESET_ADDR = 0x9d007000
                0x000000009d007380                _BEV_EXCPT_ADDR = 0x9d007380
                0x000000009d007480                _DBG_EXCPT_ADDR = 0x9d007480
                0x00000000bfc02000                _DBG_CODE_ADDR = 0xbfc02000
                0x0000000000000ff0                _DBG_CODE_SIZE = 0xff0
                0x000000009d006180                _GEN_EXCPT_ADDR = (_ebase_address + 0x180)

.config_BFC02FF0
 *(.config_BFC02FF0)

.config_BFC02FF4
 *(.config_BFC02FF4)

.config_BFC02FF8
 *(.config_BFC02FF8)

.config_BFC02FFC
 *(.config_BFC02FFC)
                [!provide]                        PROVIDE (_DBG_CODE_ADDR = 0xbfc02000)
                [!provide]                        PROVIDE (_DBG_CODE_SIZE = 0xff0)

.reset          0x000000009d007000      0x19c
 *(.reset)
 .reset         0x000000009d007000        0x8 C:\Users\kyrk\AppData\Local\Temp\ccC6iq7L.o
                0x000000009d007000                _reset
 *(.reset.startup)
 .reset.startup
                0x000000009d007008      0x194 C:\Users\kyrk\AppData\Local\Temp\ccC6iq7L.o
                0x000000009d007008                _startup

.bev_excpt      0x000000009d007380       0x10
 *(.bev_handler)
 .bev_handler   0x000000009d007380       0x10 C:\Users\kyrk\AppData\Local\Temp\ccC6iq7L.o

.dbg_excpt      0x000000009d007480        0x0
                0x000000009d007480                . = (. + DEFINED (_DEBUGGER)?0x8:0x0)

.dbg_code       0x00000000bfc02000        0x0
                0x00000000bfc02000                . = (. + DEFINED (_DEBUGGER)?_DBG_CODE_SIZE:0x0)

.app_excpt      0x000000009d006180       0x10
 *(.gen_handler)
 .gen_handler   0x000000009d006180       0x10 C:\Users\kyrk\AppData\Local\Temp\ccC6iq7L.o

.vector_0       0x000000009d006200        0x8
 *(.vector_0)
 .vector_0      0x000000009d006200        0x8 output\isr.o
                0x000000009d006200                __vector_dispatch_0
                0x0000000000000001                ASSERT (((_vector_spacing == 0x0) || (SIZEOF (.vector_0) <= (_vector_spacing << 0x5))), function at exception vector 0 too large)

.vector_1       0x000000009d006220        0x8
 *(.vector_1)
 .vector_1      0x000000009d006220        0x8 c:/program files/microchip/xc32/v4.20/bin/bin/../../lib/gcc/pic32mx/8.3.1/../../../../pic32mx/lib\libpic32.a(vector1.o)
                0x000000009d006220                __vector_dispatch_1
                0x0000000000000001                ASSERT (((_vector_spacing == 0x0) || (SIZEOF (.vector_1) <= (_vector_spacing << 0x5))), function at exception vector 1 too large)

.vector_2       0x000000009d006240        0x8
 *(.vector_2)
 .vector_2      0x000000009d006240        0x8 c:/program files/microchip/xc32/v4.20/bin/bin/../../lib/gcc/pic32mx/8.3.1/../../../../pic32mx/lib\libpic32.a(vector2.o)
                0x000000009d006240                __vector_dispatch_2
                0x0000000000000001                ASSERT (((_vector_spacing == 0x0) || (SIZEOF (.vector_2) <= (_vector_spacing << 0x5))), function at exception vector 2 too large)

.vector_3       0x000000009d006260        0x8
 *(.vector_3)
 .vector_3      0x000000009d006260        0x8 c:/program files/microchip/xc32/v4.20/bin/bin/../../lib/gcc/pic32mx/8.3.1/../../../../pic32mx/lib\libpic32.a(vector3.o)
                0x000000009d006260                __vector_dispatch_3
                0x0000000000000001                ASSERT (((_vector_spacing == 0x0) || (SIZEOF (.vector_3) <= (_vector_spacing << 0x5))), function at exception vector 3 too large)

.vector_4       0x000000009d006280        0x8
 *(.vector_4)
 .vector_4      0x000000009d006280        0x8 output\isr.o
                0x000000009d006280                __vector_dispatch_4
                0x0000000000000001                ASSERT (((_vector_spacing == 0x0) || (SIZEOF (.vector_4) <= (_vector_spacing << 0x5))), function at exception vector 4 too large)

.vector_5       0x000000009d0062a0        0x8
 *(.vector_5)
 .vector_5      0x000000009d0062a0        0x8 c:/program files/microchip/xc32/v4.20/bin/bin/../../lib/gcc/pic32mx/8.3.1/../../../../pic32mx/lib\libpic32.a(vector5.o)
                0x000000009d0062a0                __vector_dispatch_5
                0x0000000000000001                ASSERT (((_vector_spacing == 0x0) || (SIZEOF (.vector_5) <= (_vector_spacing << 0x5))), function at exception vector 5 too large)

.vector_6       0x000000009d0062c0        0x8
 *(.vector_6)
 .vector_6      0x000000009d0062c0        0x8 c:/program files/microchip/xc32/v4.20/bin/bin/../../lib/gcc/pic32mx/8.3.1/../../../../pic32mx/lib\libpic32.a(vector6.o)
                0x000000009d0062c0                __vector_dispatch_6
                0x0000000000000001                ASSERT (((_vector_spacing == 0x0) || (SIZEOF (.vector_6) <= (_vector_spacing << 0x5))), function at exception vector 6 too large)

.vector_7       0x000000009d0062e0        0x8
 *(.vector_7)
 .vector_7      0x000000009d0062e0        0x8 c:/program files/microchip/xc32/v4.20/bin/bin/../../lib/gcc/pic32mx/8.3.1/../../../../pic32mx/lib\libpic32.a(vector7.o)
                0x000000009d0062e0                __vector_dispatch_7
                0x0000000000000001                ASSERT (((_vector_spacing == 0x0) || (SIZEOF (.vector_7) <= (_vector_spacing << 0x5))), function at exception vector 7 too large)

.vector_8       0x000000009d006300        0x8
 *(.vector_8)
 .vector_8      0x000000009d006300        0x8 output\isr.o
                0x000000009d006300                __vector_dispatch_8
                0x0000000000000001                ASSERT (((_vector_spacing == 0x0) || (SIZEOF (.vector_8) <= (_vector_spacing << 0x5))), function at exception vector 8 too large)

.vector_9       0x000000009d006320        0x8
 *(.vector_9)
 .vector_9      0x000000009d006320        0x8 c:/program files/microchip/xc32/v4.20/bin/bin/../../lib/gcc/pic32mx/8.3.1/../../../../pic32mx/lib\libpic32.a(vector9.o)
                0x000000009d006320                __vector_dispatch_9
                0x0000000000000001                ASSERT (((_vector_spacing == 0x0) || (SIZEOF (.vector_9) <= (_vector_spacing << 0x5))), function at exception vector 9 too large)

.vector_10      0x000000009d006340        0x8
 *(.vector_10)
 .vector_10     0x000000009d006340        0x8 c:/program files/microchip/xc32/v4.20/bin/bin/../../lib/gcc/pic32mx/8.3.1/../../../../pic32mx/lib\libpic32.a(vector10.o)
                0x000000009d006340                __vector_dispatch_10
                0x0000000000000001                ASSERT (((_vector_spacing == 0x0) || (SIZEOF (.vector_10) <= (_vector_spacing << 0x5))), function at exception vector 10 too large)

.vector_11      0x000000009d006360        0x8
 *(.vector_11)
 .vector_11     0x000000009d006360        0x8 c:/program files/microchip/xc32/v4.20/bin/bin/../../lib/gcc/pic32mx/8.3.1/../../../../pic32mx/lib\libpic32.a(vector11.o)
                0x000000009d006360                __vector_dispatch_11
                0x0000000000000001                ASSERT (((_vector_spacing == 0x0) || (SIZEOF (.vector_11) <= (_vector_spacing << 0x5))), function at exception vector 11 too large)

.vector_12      0x000000009d006380        0x8
 *(.vector_12)
 .vector_12     0x000000009d006380        0x8 output\isr.o
                0x000000009d006380                __vector_dispatch_12
                0x0000000000000001                ASSERT (((_vector_spacing == 0x0) || (SIZEOF (.vector_12) <= (_vector_spacing << 0x5))), function at exception vector 12 too large)

.vector_13      0x000000009d0063a0        0x8
 *(.vector_13)
 .vector_13     0x000000009d0063a0        0x8 c:/program files/microchip/xc32/v4.20/bin/bin/../../lib/gcc/pic32mx/8.3.1/../../../../pic32mx/lib\libpic32.a(vector13.o)
                0x000000009d0063a0                __vector_dispatch_13
                0x0000000000000001                ASSERT (((_vector_spacing == 0x0) || (SIZEOF (.vector_13) <= (_vector_spacing << 0x5))), function at exception vector 13 too large)

.vector_14      0x000000009d0063c0        0x8
 *(.vector_14)
 .vector_14     0x000000009d0063c0        0x8 c:/program files/microchip/xc32/v4.20/bin/bin/../../lib/gcc/pic32mx/8.3.1/../../../../pic32mx/lib\libpic32.a(vector14.o)
                0x000000009d0063c0                __vector_dispatch_14
                0x0000000000000001                ASSERT (((_vector_spacing == 0x0) || (SIZEOF (.vector_14) <= (_vector_spacing << 0x5))), function at exception vector 14 too large)

.vector_15      0x000000009d0063e0        0x8
 *(.vector_15)
 .vector_15     0x000000009d0063e0        0x8 output\isr.o
                0x000000009d0063e0                __vector_dispatch_15
                0x0000000000000001                ASSERT (((_vector_spacing == 0x0) || (SIZEOF (.vector_15) <= (_vector_spacing << 0x5))), function at exception vector 15 too large)

.vector_16      0x000000009d006400        0x8
 *(.vector_16)
 .vector_16     0x000000009d006400        0x8 output\isr.o
                0x000000009d006400                __vector_dispatch_16
                0x0000000000000001                ASSERT (((_vector_spacing == 0x0) || (SIZEOF (.vector_16) <= (_vector_spacing << 0x5))), function at exception vector 16 too large)

.vector_17      0x000000009d006420        0x8
 *(.vector_17)
 .vector_17     0x000000009d006420        0x8 c:/program files/microchip/xc32/v4.20/bin/bin/../../lib/gcc/pic32mx/8.3.1/../../../../pic32mx/lib\libpic32.a(vector17.o)
                0x000000009d006420                __vector_dispatch_17
                0x0000000000000001                ASSERT (((_vector_spacing == 0x0) || (SIZEOF (.vector_17) <= (_vector_spacing << 0x5))), function at exception vector 17 too large)

.vector_18      0x000000009d006440        0x8
 *(.vector_18)
 .vector_18     0x000000009d006440        0x8 c:/program files/microchip/xc32/v4.20/bin/bin/../../lib/gcc/pic32mx/8.3.1/../../../../pic32mx/lib\libpic32.a(vector18.o)
                0x000000009d006440                __vector_dispatch_18
                0x0000000000000001                ASSERT (((_vector_spacing == 0x0) || (SIZEOF (.vector_18) <= (_vector_spacing << 0x5))), function at exception vector 18 too large)

.vector_19      0x000000009d006460        0x8
 *(.vector_19)
 .vector_19     0x000000009d006460        0x8 output\isr.o
                0x000000009d006460                __vector_dispatch_19
                0x0000000000000001                ASSERT (((_vector_spacing == 0x0) || (SIZEOF (.vector_19) <= (_vector_spacing << 0x5))), function at exception vector 19 too large)

.vector_20      0x000000009d006480        0x8
 *(.vector_20)
 .vector_20     0x000000009d006480        0x8 output\isr.o
                0x000000009d006480                __vector_dispatch_20
                0x0000000000000001                ASSERT (((_vector_spacing == 0x0) || (SIZEOF (.vector_20) <= (_vector_spacing << 0x5))), function at exception vector 20 too large)

.vector_21      0x000000009d0064a0        0x8
 *(.vector_21)
 .vector_21     0x000000009d0064a0        0x8 c:/program files/microchip/xc32/v4.20/bin/bin/../../lib/gcc/pic32mx/8.3.1/../../../../pic32mx/lib\libpic32.a(vector21.o)
                0x000000009d0064a0                __vector_dispatch_21
                0x0000000000000001                ASSERT (((_vector_spacing == 0x0) || (SIZEOF (.vector_21) <= (_vector_spacing << 0x5))), function at exception vector 21 too large)

.vector_22      0x000000009d0064c0        0x8
 *(.vector_22)
 .vector_22     0x000000009d0064c0        0x8 c:/program files/microchip/xc32/v4.20/bin/bin/../../lib/gcc/pic32mx/8.3.1/../../../../pic32mx/lib\libpic32.a(vector22.o)
                0x000000009d0064c0                __vector_dispatch_22
                0x0000000000000001                ASSERT (((_vector_spacing == 0x0) || (SIZEOF (.vector_22) <= (_vector_spacing << 0x5))), function at exception vector 22 too large)

.vector_23      0x000000009d0064e0        0x8
 *(.vector_23)
 .vector_23     0x000000009d0064e0        0x8 c:/program files/microchip/xc32/v4.20/bin/bin/../../lib/gcc/pic32mx/8.3.1/../../../../pic32mx/lib\libpic32.a(vector23.o)
                0x000000009d0064e0                __vector_dispatch_23
                0x0000000000000001                ASSERT (((_vector_spacing == 0x0) || (SIZEOF (.vector_23) <= (_vector_spacing << 0x5))), function at exception vector 23 too large)

.vector_24      0x000000009d006500        0x8
 *(.vector_24)
 .vector_24     0x000000009d006500        0x8 output\isr.o
                0x000000009d006500                __vector_dispatch_24
                0x0000000000000001                ASSERT (((_vector_spacing == 0x0) || (SIZEOF (.vector_24) <= (_vector_spacing << 0x5))), function at exception vector 24 too large)

.vector_25      0x000000009d006520        0x8
 *(.vector_25)
 .vector_25     0x000000009d006520        0x8 output\isr.o
                0x000000009d006520                __vector_dispatch_25
                0x0000000000000001                ASSERT (((_vector_spacing == 0x0) || (SIZEOF (.vector_25) <= (_vector_spacing << 0x5))), function at exception vector 25 too large)

.vector_26      0x000000009d006540        0x8
 *(.vector_26)
 .vector_26     0x000000009d006540        0x8 output\isr.o
                0x000000009d006540                __vector_dispatch_26
                0x0000000000000001                ASSERT (((_vector_spacing == 0x0) || (SIZEOF (.vector_26) <= (_vector_spacing << 0x5))), function at exception vector 26 too large)

.vector_27      0x000000009d006560        0x8
 *(.vector_27)
 .vector_27     0x000000009d006560        0x8 c:/program files/microchip/xc32/v4.20/bin/bin/../../lib/gcc/pic32mx/8.3.1/../../../../pic32mx/lib\libpic32.a(vector27.o)
                0x000000009d006560                __vector_dispatch_27
                0x0000000000000001                ASSERT (((_vector_spacing == 0x0) || (SIZEOF (.vector_27) <= (_vector_spacing << 0x5))), function at exception vector 27 too large)

.vector_28      0x000000009d006580        0x8
 *(.vector_28)
 .vector_28     0x000000009d006580        0x8 c:/program files/microchip/xc32/v4.20/bin/bin/../../lib/gcc/pic32mx/8.3.1/../../../../pic32mx/lib\libpic32.a(vector28.o)
                0x000000009d006580                __vector_dispatch_28
                0x0000000000000001                ASSERT (((_vector_spacing == 0x0) || (SIZEOF (.vector_28) <= (_vector_spacing << 0x5))), function at exception vector 28 too large)

.vector_29      0x000000009d0065a0        0x8
 *(.vector_29)
 .vector_29     0x000000009d0065a0        0x8 c:/program files/microchip/xc32/v4.20/bin/bin/../../lib/gcc/pic32mx/8.3.1/../../../../pic32mx/lib\libpic32.a(vector29.o)
                0x000000009d0065a0                __vector_dispatch_29
                0x0000000000000001                ASSERT (((_vector_spacing == 0x0) || (SIZEOF (.vector_29) <= (_vector_spacing << 0x5))), function at exception vector 29 too large)

.vector_30      0x000000009d0065c0        0x8
 *(.vector_30)
 .vector_30     0x000000009d0065c0        0x8 c:/program files/microchip/xc32/v4.20/bin/bin/../../lib/gcc/pic32mx/8.3.1/../../../../pic32mx/lib\libpic32.a(vector30.o)
                0x000000009d0065c0                __vector_dispatch_30
                0x0000000000000001                ASSERT (((_vector_spacing == 0x0) || (SIZEOF (.vector_30) <= (_vector_spacing << 0x5))), function at exception vector 30 too large)

.vector_31      0x000000009d0065e0        0x8
 *(.vector_31)
 .vector_31     0x000000009d0065e0        0x8 output\isr.o
                0x000000009d0065e0                __vector_dispatch_31
                0x0000000000000001                ASSERT (((_vector_spacing == 0x0) || (SIZEOF (.vector_31) <= (_vector_spacing << 0x5))), function at exception vector 31 too large)

.vector_32      0x000000009d006600        0x8
 *(.vector_32)
 .vector_32     0x000000009d006600        0x8 output\isr.o
                0x000000009d006600                __vector_dispatch_32
                0x0000000000000001                ASSERT (((_vector_spacing == 0x0) || (SIZEOF (.vector_32) <= (_vector_spacing << 0x5))), function at exception vector 32 too large)

.vector_33      0x000000009d006620        0x8
 *(.vector_33)
 .vector_33     0x000000009d006620        0x8 output\isr.o
                0x000000009d006620                __vector_dispatch_33
                0x0000000000000001                ASSERT (((_vector_spacing == 0x0) || (SIZEOF (.vector_33) <= (_vector_spacing << 0x5))), function at exception vector 33 too large)

.vector_34      0x000000009d006640        0x8
 *(.vector_34)
 .vector_34     0x000000009d006640        0x8 c:/program files/microchip/xc32/v4.20/bin/bin/../../lib/gcc/pic32mx/8.3.1/../../../../pic32mx/lib\libpic32.a(vector34.o)
                0x000000009d006640                __vector_dispatch_34
                0x0000000000000001                ASSERT (((_vector_spacing == 0x0) || (SIZEOF (.vector_34) <= (_vector_spacing << 0x5))), function at exception vector 34 too large)

.vector_35      0x000000009d006660        0x8
 *(.vector_35)
 .vector_35     0x000000009d006660        0x8 c:/program files/microchip/xc32/v4.20/bin/bin/../../lib/gcc/pic32mx/8.3.1/../../../../pic32mx/lib\libpic32.a(vector35.o)
                0x000000009d006660                __vector_dispatch_35
                0x0000000000000001                ASSERT (((_vector_spacing == 0x0) || (SIZEOF (.vector_35) <= (_vector_spacing << 0x5))), function at exception vector 35 too large)

.vector_36      0x000000009d006680        0x8
 *(.vector_36)
 .vector_36     0x000000009d006680        0x8 output\isr.o
                0x000000009d006680                __vector_dispatch_36
                0x0000000000000001                ASSERT (((_vector_spacing == 0x0) || (SIZEOF (.vector_36) <= (_vector_spacing << 0x5))), function at exception vector 36 too large)

.vector_37      0x000000009d0066a0        0x8
 *(.vector_37)
 .vector_37     0x000000009d0066a0        0x8 output\isr.o
                0x000000009d0066a0                __vector_dispatch_37
                0x0000000000000001                ASSERT (((_vector_spacing == 0x0) || (SIZEOF (.vector_37) <= (_vector_spacing << 0x5))), function at exception vector 37 too large)

.vector_38      0x000000009d0066c0        0x8
 *(.vector_38)
 .vector_38     0x000000009d0066c0        0x8 output\isr.o
                0x000000009d0066c0                __vector_dispatch_38
                0x0000000000000001                ASSERT (((_vector_spacing == 0x0) || (SIZEOF (.vector_38) <= (_vector_spacing << 0x5))), function at exception vector 38 too large)

.vector_39      0x000000009d0066e0        0x8
 *(.vector_39)
 .vector_39     0x000000009d0066e0        0x8 output\isr.o
                0x000000009d0066e0                __vector_dispatch_39
                0x0000000000000001                ASSERT (((_vector_spacing == 0x0) || (SIZEOF (.vector_39) <= (_vector_spacing << 0x5))), function at exception vector 39 too large)

.vector_40      0x000000009d006700        0x8
 *(.vector_40)
 .vector_40     0x000000009d006700        0x8 c:/program files/microchip/xc32/v4.20/bin/bin/../../lib/gcc/pic32mx/8.3.1/../../../../pic32mx/lib\libpic32.a(vector40.o)
                0x000000009d006700                __vector_dispatch_40
                0x0000000000000001                ASSERT (((_vector_spacing == 0x0) || (SIZEOF (.vector_40) <= (_vector_spacing << 0x5))), function at exception vector 40 too large)

.vector_41      0x000000009d006720        0x8
 *(.vector_41)
 .vector_41     0x000000009d006720        0x8 c:/program files/microchip/xc32/v4.20/bin/bin/../../lib/gcc/pic32mx/8.3.1/../../../../pic32mx/lib\libpic32.a(vector41.o)
                0x000000009d006720                __vector_dispatch_41
                0x0000000000000001                ASSERT (((_vector_spacing == 0x0) || (SIZEOF (.vector_41) <= (_vector_spacing << 0x5))), function at exception vector 41 too large)

.vector_42      0x000000009d006740        0x8
 *(.vector_42)
 .vector_42     0x000000009d006740        0x8 c:/program files/microchip/xc32/v4.20/bin/bin/../../lib/gcc/pic32mx/8.3.1/../../../../pic32mx/lib\libpic32.a(vector42.o)
                0x000000009d006740                __vector_dispatch_42
                0x0000000000000001                ASSERT (((_vector_spacing == 0x0) || (SIZEOF (.vector_42) <= (_vector_spacing << 0x5))), function at exception vector 42 too large)

.vector_43      0x000000009d006760        0x8
 *(.vector_43)
 .vector_43     0x000000009d006760        0x8 c:/program files/microchip/xc32/v4.20/bin/bin/../../lib/gcc/pic32mx/8.3.1/../../../../pic32mx/lib\libpic32.a(vector43.o)
                0x000000009d006760                __vector_dispatch_43
                0x0000000000000001                ASSERT (((_vector_spacing == 0x0) || (SIZEOF (.vector_43) <= (_vector_spacing << 0x5))), function at exception vector 43 too large)

.vector_44      0x000000009d006780        0x8
 *(.vector_44)
 .vector_44     0x000000009d006780        0x8 c:/program files/microchip/xc32/v4.20/bin/bin/../../lib/gcc/pic32mx/8.3.1/../../../../pic32mx/lib\libpic32.a(vector44.o)
                0x000000009d006780                __vector_dispatch_44
                0x0000000000000001                ASSERT (((_vector_spacing == 0x0) || (SIZEOF (.vector_44) <= (_vector_spacing << 0x5))), function at exception vector 44 too large)

.vector_45      0x000000009d0067a0        0x8
 *(.vector_45)
 .vector_45     0x000000009d0067a0        0x8 output\isr.o
                0x000000009d0067a0                __vector_dispatch_45
                0x0000000000000001                ASSERT (((_vector_spacing == 0x0) || (SIZEOF (.vector_45) <= (_vector_spacing << 0x5))), function at exception vector 45 too large)

.vector_46      0x000000009d0067c0        0x0
 *(.vector_46)
                0x0000000000000001                ASSERT (((_vector_spacing == 0x0) || (SIZEOF (.vector_46) <= (_vector_spacing << 0x5))), function at exception vector 46 too large)

.vector_47      0x000000009d0067e0        0x0
 *(.vector_47)
                0x0000000000000001                ASSERT (((_vector_spacing == 0x0) || (SIZEOF (.vector_47) <= (_vector_spacing << 0x5))), function at exception vector 47 too large)

.vector_48      0x000000009d006800        0x0
 *(.vector_48)
                0x0000000000000001                ASSERT (((_vector_spacing == 0x0) || (SIZEOF (.vector_48) <= (_vector_spacing << 0x5))), function at exception vector 48 too large)

.vector_49      0x000000009d006820        0x0
 *(.vector_49)
                0x0000000000000001                ASSERT (((_vector_spacing == 0x0) || (SIZEOF (.vector_49) <= (_vector_spacing << 0x5))), function at exception vector 49 too large)

.vector_50      0x000000009d006840        0x0
 *(.vector_50)
                0x0000000000000001                ASSERT (((_vector_spacing == 0x0) || (SIZEOF (.vector_50) <= (_vector_spacing << 0x5))), function at exception vector 50 too large)

.vector_51      0x000000009d006860        0x0
 *(.vector_51)
                0x0000000000000001                ASSERT (((_vector_spacing == 0x0) || (SIZEOF (.vector_51) <= (_vector_spacing << 0x5))), function at exception vector 51 too large)

.vector_52      0x000000009d006880        0x0
 *(.vector_52)
                0x0000000000000001                ASSERT (((_vector_spacing == 0x0) || (SIZEOF (.vector_52) <= (_vector_spacing << 0x5))), function at exception vector 52 too large)

.vector_53      0x000000009d0068a0        0x0
 *(.vector_53)
                0x0000000000000001                ASSERT (((_vector_spacing == 0x0) || (SIZEOF (.vector_53) <= (_vector_spacing << 0x5))), function at exception vector 53 too large)

.vector_54      0x000000009d0068c0        0x0
 *(.vector_54)
                0x0000000000000001                ASSERT (((_vector_spacing == 0x0) || (SIZEOF (.vector_54) <= (_vector_spacing << 0x5))), function at exception vector 54 too large)

.vector_55      0x000000009d0068e0        0x0
 *(.vector_55)
                0x0000000000000001                ASSERT (((_vector_spacing == 0x0) || (SIZEOF (.vector_55) <= (_vector_spacing << 0x5))), function at exception vector 55 too large)

.vector_56      0x000000009d006900        0x0
 *(.vector_56)
                0x0000000000000001                ASSERT (((_vector_spacing == 0x0) || (SIZEOF (.vector_56) <= (_vector_spacing << 0x5))), function at exception vector 56 too large)

.vector_57      0x000000009d006920        0x0
 *(.vector_57)
                0x0000000000000001                ASSERT (((_vector_spacing == 0x0) || (SIZEOF (.vector_57) <= (_vector_spacing << 0x5))), function at exception vector 57 too large)

.vector_58      0x000000009d006940        0x0
 *(.vector_58)
                0x0000000000000001                ASSERT (((_vector_spacing == 0x0) || (SIZEOF (.vector_58) <= (_vector_spacing << 0x5))), function at exception vector 58 too large)

.vector_59      0x000000009d006960        0x0
 *(.vector_59)
                0x0000000000000001                ASSERT (((_vector_spacing == 0x0) || (SIZEOF (.vector_59) <= (_vector_spacing << 0x5))), function at exception vector 59 too large)

.vector_60      0x000000009d006980        0x0
 *(.vector_60)
                0x0000000000000001                ASSERT (((_vector_spacing == 0x0) || (SIZEOF (.vector_60) <= (_vector_spacing << 0x5))), function at exception vector 60 too large)

.vector_61      0x000000009d0069a0        0x0
 *(.vector_61)
                0x0000000000000001                ASSERT (((_vector_spacing == 0x0) || (SIZEOF (.vector_61) <= (_vector_spacing << 0x5))), function at exception vector 61 too large)

.vector_62      0x000000009d0069c0        0x0
 *(.vector_62)
                0x0000000000000001                ASSERT (((_vector_spacing == 0x0) || (SIZEOF (.vector_62) <= (_vector_spacing << 0x5))), function at exception vector 62 too large)

.vector_63      0x000000009d0069e0        0x0
 *(.vector_63)
                0x0000000000000001                ASSERT (((_vector_spacing == 0x0) || (SIZEOF (.vector_63) <= (_vector_spacing << 0x5))), function at exception vector 63 too large)

.startup
 *(.startup)

.text           0x000000009d007490        0x0
 *(.stub .gnu.linkonce.t.*)
 *(.text.*personality*)
 *(.mips16.fn.*)
 *(.mips16.call.*)
 *(.gnu.warning)
                0x000000009d007490                . = ALIGN (0x4)

.init           0x000000009d007490        0x0
 *crti.o(.init)
 *crtbegin.o(.init)
 *(EXCLUDE_FILE(*crtn.o *crtend?.o *crtend.o) .init)
 *crtend.o(.init)
 *crtn.o(.init)
                0x000000009d007490                . = ALIGN (0x4)

.fini           0x000000009d007490        0x0
 *(.fini)
                0x000000009d007490                . = ALIGN (0x4)

.preinit_array  0x000000009d007490        0x0
                [!provide]                        PROVIDE (__preinit_array_start = .)
 *(.preinit_array)
                [!provide]                        PROVIDE (__preinit_array_end = .)
                0x000000009d007490                . = ALIGN (0x4)

.init_array     0x000000009d007490        0x0
                [!provide]                        PROVIDE (__init_array_start = .)
 *(SORT_BY_NAME(.init_array.*))
 *(.init_array)
                [!provide]                        PROVIDE (__init_array_end = .)
                0x000000009d007490                . = ALIGN (0x4)

.fini_array     0x000000009d007490        0x0
                [!provide]                        PROVIDE (__fini_array_start = .)
 *(SORT_BY_NAME(.fini_array.*))
 *(.fini_array)
                [!provide]                        PROVIDE (__fini_array_end = .)
                0x000000009d007490                . = ALIGN (0x4)

.ctors          0x000000009d007490        0x0
 *crtbegin.o(.ctors)
 *crtbegin?.o(.ctors)
 *(EXCLUDE_FILE(*crtend?.o *crtend.o) .ctors)
 *(SORT_BY_NAME(.ctors.*))
 *(.ctors)
                0x000000009d007490                . = ALIGN (0x4)

.dtors          0x000000009d007490        0x0
 *crtbegin.o(.dtors)
 *crtbegin?.o(.dtors)
 *(EXCLUDE_FILE(*crtend?.o *crtend.o) .dtors)
 *(SORT_BY_NAME(.dtors.*))
 *(.dtors)
                0x000000009d007490                . = ALIGN (0x4)

.rodata         0x000000009d007490        0x0
 *(.gnu.linkonce.r.*)
 *(.rodata1)
                0x000000009d007490                . = ALIGN (0x4)

.sdata2         0x000000009d007490        0x0
 *(.sdata2 .sdata2.* .gnu.linkonce.s2.*)
                0x000000009d007490                . = ALIGN (0x4)

.sbss2          0x000000009d007490        0x0
 *(.sbss2 .sbss2.* .gnu.linkonce.sb2.*)
                0x000000009d007490                . = ALIGN (0x4)

.eh_frame_hdr
 *(.eh_frame_hdr)
                0x000000009d007490                . = ALIGN (0x4)

.eh_frame
 *(.eh_frame)
                0x000000009d007490                . = ALIGN (0x4)

.gcc_except_table
 *(.gcc_except_table .gcc_except_table.*)
                0x000000009d007490                . = ALIGN (0x4)

.dbg_data       0x00000000a0001000        0x0
                0x00000000a0001000                . = (. + DEFINED (_DEBUGGER)?0x200:0x0)

.jcr            0x00000000a0001000        0x0
 *(.jcr)
                0x00000000a0001000                . = ALIGN (0x4)

.eh_frame
 *(.eh_frame)
                0x00000000a0001000                . = ALIGN (0x4)

.gcc_except_table
 *(.gcc_except_table .gcc_except_table.*)
                0x00000000a0001000                . = ALIGN (0x4)

.persist        0x00000000a0001000        0x4
                0x00000000a0001000                _persist_begin = .
 *(.persist .persist.*)
 *(.pbss .pbss.*)
 .pbss          0x00000000a0001000        0x2 output\UDP.o
 .pbss          0x00000000a0001002        0x2 output\TCP.o
                0x00000000a0001004                . = ALIGN (0x4)
                0x00000000a0001004                _persist_end = .

.data           0x00000000a0001004        0x0
 *(.gnu.linkonce.d.*)
 *(.data1)
                0x00000000a0001004                . = ALIGN (0x4)
                0x00000000a0001004                . = .
                0x00000000a0009000                _gp = (ALIGN (0x10) + 0x7ff0)

.got            0x00000000a0001004        0x0
 *(.got.plt)
 *(.got)
                0x00000000a0001004                . = ALIGN (0x4)

.sdata          0x00000000a0001004       0x58
                0x00000000a0001004                _sdata_begin = .
 *(.sdata .sdata.* .gnu.linkonce.s.*)
 .sdata         0x00000000a0001004        0x1 output\sleep.o
                0x00000000a0001004                sleepGetMainLoopRun_result
 *fill*         0x00000000a0001005        0x3 
 .sdata         0x00000000a0001008        0x4 output\eep_manager.o
 .sdata         0x00000000a000100c        0x8 output\grbl_limits.o
                0x00000000a000100c                limits_disabled
                0x00000000a0001010                pl_data
 .sdata         0x00000000a0001014        0x8 output\pwm.o
                0x00000000a0001014                maxFreq
                0x00000000a0001018                maxDuty
 .sdata         0x00000000a000101c        0x4 output\dee.o
                0x00000000a000101f                dee_debug_enable
 .sdata         0x00000000a0001020        0x8 output\stepper_enable.o
                0x00000000a0001020                stepper_enable_delayed_enabling_single_shoot
                0x00000000a0001024                stepper_enable_emergency_stop_active
 .sdata         0x00000000a0001028        0x3 output\grbl_eeprom.o
                0x00000000a0001028                grbl_eeprom_trigger_prev
                0x00000000a0001029                backup_eep_error_single_shoot
                0x00000000a000102a                master_eep_error_single_shoot
 *fill*         0x00000000a000102b        0x1 
 .sdata         0x00000000a000102c        0x8 output\stackmeasure.o
                0x00000000a000102c                stackmeasure_to
                0x00000000a0001030                stackmeasure_from
 .sdata         0x00000000a0001034        0x1 output\grbl_running.o
                0x00000000a0001034                grbl_running_appSingleShoot
 *fill*         0x00000000a0001035        0x3 
 .sdata         0x00000000a0001038        0x6 output\ethernet.o
                0x00000000a0001038                SerializedMACAddress
 *fill*         0x00000000a000103e        0x2 
 .sdata         0x00000000a0001040        0x4 output\Helpers.o
 .sdata         0x00000000a0001044        0x2 output\UDP.o
 *fill*         0x00000000a0001046        0x2 
 .sdata         0x00000000a0001048        0x8 output\ethernet_grbl_multi.o
                0x00000000a0001048                addrlen
                0x00000000a000104c                serverPort
 .sdata         0x00000000a0001050        0x1 output\Reboot.o
 .sdata         0x00000000a0001051        0x2 output\TCP.o
 *fill*         0x00000000a0001053        0x1 
 .sdata         0x00000000a0001054        0x6 output\BerkeleyAPI.o
                0x00000000a000105c                . = ALIGN (0x4)
 *fill*         0x00000000a000105a        0x2 
                0x00000000a000105c                _sdata_end = .

.lit8
 *(.lit8)

.lit4
 *(.lit4)
                0x00000000a000105c                . = ALIGN (0x4)
                0x00000000a000105c                _data_end = .
                0x00000000a000105c                _bss_begin = .

.sbss           0x00000000a000105c      0x474
                0x00000000a000105c                _sbss_begin = .
 *(.dynsbss)
 *(.sbss .sbss.* .gnu.linkonce.sb.*)
 .sbss          0x00000000a000105c       0x14 output\tmr.o
                0x00000000a0001068                globalTimeUs
                0x00000000a000106c                globalTime
 .sbss          0x00000000a0001070       0x14 output\mal.o
                0x00000000a0001070                mal_reset_counter
                0x00000000a0001074                isrLockCnt
                0x00000000a0001078                gieTemp
                0x00000000a000107c                mal_RCON_temp
                0x00000000a0001080                mal_resetReason_temp
 .sbss          0x00000000a0001084        0xc output\task.o
                0x00000000a0001084                taskListsPtr
                0x00000000a0001088                doTaskListGuard
                0x00000000a0001089                doTaskList1ms
                0x00000000a000108c                tasksTotalTime
 .sbss          0x00000000a0001090       0x1c output\sleep.o
                0x00000000a0001090                do_isr_sleep_1ms
                0x00000000a0001094                sleep_stay_in_loop_value
                0x00000000a0001095                sleepPointOfNoReturn
                0x00000000a0001096                sleepEdgeDetector
                0x00000000a0001098                sleepDriverRequest_delay
                0x00000000a000109c                sleepAppRequest_delay
                0x00000000a00010a0                sleepRequestDriver
                0x00000000a00010a4                sleepRequestApp
                0x00000000a00010a8                sleepTime
 .sbss          0x00000000a00010ac        0xc output\eeprom.o
                0x00000000a00010ac                do_eeprom_1ms
                0x00000000a00010b0                eeprom_write_buffer_read_cnt
                0x00000000a00010b4                eeprom_write_buffer_write_cnt
 .sbss          0x00000000a00010b8       0x20 output\eep_manager.o
                0x00000000a00010c9                do_eep_manager_1ms
                0x00000000a00010cc                eep_manager_persistent_eeprom_2
                0x00000000a00010d0                eep_manager_persistent_eeprom
                0x00000000a00010d4                eep_manager_persistent_config
 .sbss          0x00000000a00010d8        0x2 output\usb.o
 *fill*         0x00000000a00010da        0x2 
 .sbss          0x00000000a00010dc        0x8 output\exceptions.o
                0x00000000a00010dc                generateException
                0x00000000a00010e0                exceptionCounter
 .sbss          0x00000000a00010e4       0x21 output\main.o
                0x00000000a00010f0                loopCntHistoryCnt
                0x00000000a00010f4                loopCntHistoryLast
                0x00000000a00010f8                tick_count
                0x00000000a00010fc                loopCnt
                0x00000000a0001100                loopCntTemp
                0x00000000a0001104                do_loopCnt
 *fill*         0x00000000a0001105        0x3 
 .sbss          0x00000000a0001108        0x8 output\app.o
                0x00000000a0001108                do_app_1ms
                0x00000000a000110c                app_State
 .sbss          0x00000000a0001110        0x2 output\ad.o
                0x00000000a0001111                doAd100ms
 *fill*         0x00000000a0001112        0x2 
 .sbss          0x00000000a0001114        0x8 output\grbl_gcode.o
                0x00000000a0001114                grbl_Tool_Length_2
                0x00000000a0001118                grbl_Tool_Length_1
 .sbss          0x00000000a000111c       0x26 output\grbl_limits.o
                0x00000000a000111c                logger_limits_get_state_prev
                0x00000000a000111d                limit_flag_for_homeing_EXEC_CYCLE_STOP
                0x00000000a000111e                limit_delay_home
                0x00000000a0001120                limits_get_state_debug
                0x00000000a0001121                limits_get_state_current
                0x00000000a0001122                limits_get_state_last
                0x00000000a0001124                do_limits_polling
                0x00000000a0001128                do_limits_1ms
                0x00000000a000112c                homing_rate
                0x00000000a0001130                approach
                0x00000000a0001131                n_active_axis
                0x00000000a0001132                axislock
                0x00000000a0001133                limit_state
                0x00000000a0001134                max_travel
                0x00000000a0001138                n_cycle
                0x00000000a000113c                limit_go_home_state
                0x00000000a0001140                cycle_mask_asynch
                0x00000000a0001141                do_limits_go_home
 *fill*         0x00000000a0001142        0x2 
 .sbss          0x00000000a0001144        0x7 output\motion_control.o
                0x00000000a0001144                mc_homing_state_machine
                0x00000000a0001148                do_mc_homing_cycle
                0x00000000a0001149                count
                0x00000000a000114a                do_ArcGenerating
 .sbss          0x00000000a000114b        0x3 output\nuts_bolts.o
                0x00000000a000114b                grbl_not_existing_lat
                0x00000000a000114c                grbl_not_existing_port
                0x00000000a000114d                grbl_not_existing_tris
 *fill*         0x00000000a000114e        0x2 
 .sbss          0x00000000a0001150       0x34 output\report.o
                0x00000000a0001158                do_grbl_report_50ms_cnt
                0x00000000a000115c                grbl_report_sys_log_1_state
                0x00000000a0001160                grbl_report_sys_log_0_state
                0x00000000a0001164                grbl_report_xterm
                0x00000000a0001168                grbl_report_add_term
                0x00000000a000116c                grbl_report_eeprom_dump_state
                0x00000000a0001170                buffer_missed_char_logger_cnt
                0x00000000a0001174                do_grbl_report_50ms
                0x00000000a0001178                grbl_report_eeprom_dump
                0x00000000a000117c                grbl_report_sys_log_1
                0x00000000a0001180                grbl_report_sys_log_0
 .sbss          0x00000000a0001184        0x1 output\settings.o
                0x00000000a0001184                eep_settings_version
 .sbss          0x00000000a0001185        0x7 output\stepper.o
                0x00000000a0001185                isStepperRunning
                0x00000000a0001186                stepper_busy
                0x00000000a0001187                dir_port_invert_mask
                0x00000000a0001188                step_port_invert_mask
                0x00000000a0001189                segment_next_head
                0x00000000a000118a                segment_buffer_head
                0x00000000a000118b                segment_buffer_tail
 .sbss          0x00000000a000118c       0x10 output\system.o
                0x00000000a000118c                system_lastState
                0x00000000a000118d                restore_condition
                0x00000000a0001190                restore_spindle_speed
                0x00000000a0001194                sys_rt_exec_accessory_override
                0x00000000a0001195                sys_rt_exec_motion_override
                0x00000000a0001198                grbl_system_sm
 .sbss          0x00000000a000119c        0x4 output\grbl.o
                0x00000000a000119c                grbl_reset_asyn_execute
 .sbss          0x00000000a00011a0       0x38 output\dee.o
                0x00000000a00011b4                PackEE_async_state_prev
                0x00000000a00011b8                do_dee_1ms
                0x00000000a00011bc                dee_pack_triggered
                0x00000000a00011bd                dee_pack_running
                0x00000000a00011c0                dee_debug_init_dee
                0x00000000a00011c4                do_dee_debug
                0x00000000a00011c8                dee_addr_cache
                0x00000000a00011cc                dee_data_cache
                0x00000000a00011d0                dee_cache_valid
                0x00000000a00011d4                dee_debug_last_return_value
 .sbss          0x00000000a00011d8        0xc output\system_control.o
                0x00000000a00011d8                system_control_get_state_debug
                0x00000000a00011d9                system_control_get_state_last_SAFETY_DOOR
                0x00000000a00011da                system_control_get_state_last_CYCLE_START
                0x00000000a00011db                system_control_get_state_last_FEED_HOLD
                0x00000000a00011dc                system_control_get_state_last_ABORT
                0x00000000a00011dd                system_control_get_state_current_SAFETY_DOOR
                0x00000000a00011de                system_control_get_state_current_CYCLE_START
                0x00000000a00011df                system_control_get_state_current_FEED_HOLD
                0x00000000a00011e0                system_control_get_state_current_ABORT
                0x00000000a00011e1                do_system_poll_control_pins
                0x00000000a00011e2                do_system_control_1ms
                0x00000000a00011e3                system_reset_debug
 .sbss          0x00000000a00011e4       0x12 output\stepper_enable.o
                0x00000000a00011e4                stepper_logger_single_shoot
                0x00000000a00011e5                stepper_enable_abort_cnt
                0x00000000a00011e8                stepper_enable_emergency_stop_delay_cnt
                0x00000000a00011ec                stepper_enable_emergency_stop_delay
                0x00000000a00011f0                stepper_enable_delayed_enabling_cnt
                0x00000000a00011f4                stepper_enable_delayed_enabling
                0x00000000a00011f5                do_stepper_enable_1ms
 .sbss          0x00000000a00011f6        0x2 output\system_exec.o
                0x00000000a00011f6                sys_rt_exec_state
 .sbss          0x00000000a00011f8        0x2 output\system_alarm.o
                0x00000000a00011f8                sys_rt_exec_alarm
 .sbss          0x00000000a00011fa        0xc output\grbl_eeprom.o
                0x00000000a00011fa                doTriggerWriteSettingsCnt
                0x00000000a00011fc                doTriggerWriteAllCnt
                0x00000000a00011fe                grbl_eeprom_trigger_current
                0x00000000a00011ff                gc_main_eeprom_trigger
                0x00000000a0001200                grbl_critical_eep_error
                0x00000000a0001201                grbl_backup_eep_error
                0x00000000a0001202                grbl_master_eep_error
                0x00000000a0001203                grbl_eeprom_triggerWriteSettings
                0x00000000a0001204                grbl_eeprom_triggerWriteAll
                0x00000000a0001205                do_grbl_eeprom_1ms
 *fill*         0x00000000a0001206        0x2 
 .sbss          0x00000000a0001208        0xc output\grbl_toolchange.o
                0x00000000a0001208                do_grbl_toolchange_1ms
                0x00000000a0001209                grbl_toolchange_load_or_load_and_change
                0x00000000a000120a                grbl_toolchange_toolNumber
                0x00000000a000120c                grbl_toolchange_isRunning
                0x00000000a0001210                GRBL_Toolchange_SM_State
 .sbss          0x00000000a0001214        0x8 output\stackmeasure.o
                0x00000000a0001214                stackmeasure_maxfillness
                0x00000000a0001218                stackmeasure_current_pos
 .sbss          0x00000000a000121c       0x20 output\grbl_protocol.o
                0x00000000a000121c                grbl_protocol_char_counter
                0x00000000a000121d                grbl_protocol_line_flags
                0x00000000a0001220                missedRxChar_Grbl_Protocol
                0x00000000a0001224                protocol_set_requestDwell_dwellTime
                0x00000000a0001228                protocol_execute_line_status
                0x00000000a000122c                jog_line_number
                0x00000000a0001230                gc_execute_line_number
                0x00000000a0001234                gc_execute_line_result
                0x00000000a0001235                requestSynchMotion
                0x00000000a0001238                lineStateMachine
 .sbss          0x00000000a000123c       0x2c output\grbl_running.o
                0x00000000a000123c                do_grbl_running_1s_cnt
                0x00000000a0001240                do_grbl_running_1min_cnt
                0x00000000a0001244                do_grbl_running_1h_cnt
                0x00000000a0001248                do_grbl_running_1h
                0x00000000a0001249                do_grbl_running_1min
                0x00000000a000124a                do_grbl_running_1s
                0x00000000a000124c                grbl_running_running_hours_eep_trigger
                0x00000000a0001250                grbl_running_spindle_running_minutes_eep_trigger
                0x00000000a0001254                grbl_running_running_minutes_eep_trigger
                0x00000000a0001258                grbl_running_spindle_running_minutes
                0x00000000a000125c                grbl_running_startup_cnt
                0x00000000a0001260                grbl_running_running_hours
                0x00000000a0001264                grbl_running_running_minutes
 .sbss          0x00000000a0001268        0x4 output\grbl_bootloader.o
                0x00000000a0001268                grbl_bootloader_state
                0x00000000a0001269                grbl_bootloader_triggered_value
                0x00000000a000126a                grbl_bootloader_triggered
                0x00000000a000126b                do_grbl_bootloader_1ms
 .sbss          0x00000000a000126c        0x6 output\grbl_probe.o
                0x00000000a000126c                probe_is_no_error
                0x00000000a000126d                do_mc_probe_cycle
                0x00000000a000126e                sys_probe_state
                0x00000000a000126f                do_probe_1ms
                0x00000000a0001270                probe_pin_state
                0x00000000a0001271                probe_invert_mask
 *fill*         0x00000000a0001272        0x2 
 .sbss          0x00000000a0001274        0x5 output\ethernet.o
                0x00000000a0001278                ethernet_is_initialized_value
 *fill*         0x00000000a0001279        0x3 
 .sbss          0x00000000a000127c       0x42 output\ENC28J60.o
                0x00000000a000128c                enc28j60_Dummy
                0x00000000a0001290                enc28j60_spi_corruption_reinit_state
                0x00000000a0001294                enc28j60_spi_corruption2_cnt
                0x00000000a0001298                enc28j60_spi_corruption1_cnt
                0x00000000a000129c                enc28j60_spi_corruption_reinit
                0x00000000a00012a0                ENC28J60_MACON4
                0x00000000a00012a1                ENC28J60_MACON3
                0x00000000a00012a2                ENC28J60_MACON1
                0x00000000a00012a3                ENC28J60_EFLOCON
                0x00000000a00012a4                ENC28J60_ECOCON
                0x00000000a00012a5                ENC28J60_MISTAT
                0x00000000a00012a6                ENC28J60_EBSTCON
                0x00000000a00012a7                ENC28J60_MICMD
                0x00000000a00012a8                ENC28J60_ERXFCON
                0x00000000a00012a9                ENC28J60_ECON1
                0x00000000a00012aa                ENC28J60_ECON2
                0x00000000a00012ab                ENC28J60_ESTAT
                0x00000000a00012ac                ENC28J60_EIR
                0x00000000a00012ad                ENC28J60_EIE
                0x00000000a00012ae                do_enc28j60_100ms
                0x00000000a00012af                do_enc28j60_1ms
 *fill*         0x00000000a00012be        0x2 
 .sbss          0x00000000a00012c0        0x4 output\DHCP.o
                0x00000000a00012c0                DHCPClientInitializedOnce
 .sbss          0x00000000a00012c4        0x8 output\ARP.o
                0x00000000a00012c8                ARPResolve_null_ptr
 .sbss          0x00000000a00012cc        0x8 output\Announce.o
 .sbss          0x00000000a00012d4        0x4 output\IP.o
 .sbss          0x00000000a00012d8       0x10 output\StackTsk.o
 .sbss          0x00000000a00012e8        0xa output\UDP.o
                0x00000000a00012e8                do_udp_1ms
 *fill*         0x00000000a00012f2        0x2 
 .sbss          0x00000000a00012f4        0x8 output\usb_grbl_multi.o
                0x00000000a00012f4                missedRxCharHID
                0x00000000a00012f8                missedTxCharHID
 .sbss          0x00000000a00012fc       0x1c output\ethernet_grbl_multi.o
                0x00000000a0001300                do_serial_grbl_ethernet_multi_100ms
                0x00000000a0001304                do_serial_grbl_ethernet_multi_1ms
                0x00000000a0001308                ToSendDataBuffer_grbl_ethernet_multi_filled
                0x00000000a000130c                missedRxCharEthernet
                0x00000000a0001310                missedTxCharEthernet
                0x00000000a0001314                bsdServerState
 .sbss          0x00000000a0001318        0x4 output\grbl_multi.o
                0x00000000a0001318                grbl_multi_source
 .sbss          0x00000000a000131c        0x4 output\TCP.o
                0x00000000a000131c                do_tcp_1ms
 .sbss          0x00000000a0001320        0x4 output\BerkeleyAPI.o
                0x00000000a0001320                do_berkeleyapi_1ms
 .sbss          0x00000000a0001324        0x4 output\noinitram.o
                0x00000000a0001324                noinitram_valid_block
 *(.scommon)
 .scommon       0x00000000a0001328       0x5c output\usb_device.o
                0x00000000a0001328                pDst
                0x00000000a000132c                USBDeferINDataStagePackets
                0x00000000a0001330                CtrlTrfData
                0x00000000a0001338                USBDeferOUTDataStagePackets
                0x00000000a000133c                USBDeviceState
                0x00000000a0001340                controlTransferState
                0x00000000a0001341                endpoint_number
                0x00000000a0001344                ep_data_out
                0x00000000a0001348                USBStatusStageEnabledFlag1
                0x00000000a000134c                USBStatusStageEnabledFlag2
                0x00000000a0001350                BothEP0OutUOWNsSet
                0x00000000a0001354                pBDTEntryEP0OutNext
                0x00000000a0001358                USBBusIsSuspended
                0x00000000a000135c                USBStatusStageTimeoutCounter
                0x00000000a0001360                SetupPkt
                0x00000000a0001368                ep_data_in
                0x00000000a000136b                shortPacketStatus
                0x00000000a000136c                pBDTEntryEP0OutCurrent
                0x00000000a0001370                USBActiveConfiguration
                0x00000000a0001374                RemoteWakeup
                0x00000000a0001378                USTATcopy
                0x00000000a000137c                USBAlternateInterface
                0x00000000a0001380                USBDeferStatusStagePacket
 .scommon       0x00000000a0001384       0x18 output\exceptions.o
                0x00000000a0001384                _return_addr
                0x00000000a0001388                tempB
                0x00000000a000138c                tempA
                0x00000000a0001390                _excep_code
                0x00000000a0001394                tempResult
                0x00000000a0001398                _excep_addr
 .scommon       0x00000000a000139c        0x2 output\ad.o
                0x00000000a000139c                adResults
 *fill*         0x00000000a000139e        0x2 
 .scommon       0x00000000a00013a0        0xb output\grbl_limits.o
                0x00000000a00013a0                limit_filter_state
                0x00000000a00013a4                limits_set_state_filtered_currentState
                0x00000000a00013a8                step_pin
 *fill*         0x00000000a00013ab        0x1 
 .scommon       0x00000000a00013ac       0x4a output\motion_control.o
                0x00000000a00013ac                axis_1_buffer
                0x00000000a00013b0                center_axis0
                0x00000000a00013b4                linear_per_segment
                0x00000000a00013b8                r_axisi
                0x00000000a00013bc                theta_per_segment
                0x00000000a00013c0                sin_Ti
                0x00000000a00013c4                axis_linear_buffer
                0x00000000a00013c8                cos_T
                0x00000000a00013cc                r_axis0
                0x00000000a00013d0                axis_0_buffer
                0x00000000a00013d4                r_axis1
                0x00000000a00013d8                sin_T
                0x00000000a00013dc                cycle_mask_buffer
                0x00000000a00013e0                radius_buffer
                0x00000000a00013e4                is_clockwise_arc_buffer
                0x00000000a00013e8                center_axis1
                0x00000000a00013ec                segments_buffer
                0x00000000a00013f0                cos_Ti
                0x00000000a00013f4                i_buffer
 .scommon       0x00000000a00013f6        0x4 output\planner.o
                0x00000000a00013f6                block_buffer_head
                0x00000000a00013f7                next_buffer_head
                0x00000000a00013f8                block_buffer_tail
                0x00000000a00013f9                block_buffer_planned
 *fill*         0x00000000a00013fa        0x2 
 .scommon       0x00000000a00013fc        0xc output\stepper.o
                0x00000000a00013fc                pl_block
                0x00000000a0001400                st_prep_block
                0x00000000a0001404                stepper_idle_lock_timer
 .scommon       0x00000000a0001408        0x4 output\system.o
                0x00000000a0001408                system_suspendTime
 .scommon       0x00000000a000140c       0x54 output\grbl.o
                0x00000000a000140c                dummyTRIS6
                0x00000000a0001410                dummyLAT4
                0x00000000a0001414                dummyPORT1
                0x00000000a0001418                dummyPORT4
                0x00000000a000141c                dummyTRIS1
                0x00000000a0001420                dummyLAT1
                0x00000000a0001424                dummyTRIS3
                0x00000000a0001428                dummyPORT7
                0x00000000a000142c                dummyTRIS5
                0x00000000a0001430                dummyPORT2
                0x00000000a0001434                dummyLAT3
                0x00000000a0001438                dummyTRIS4
                0x00000000a000143c                dummyLAT5
                0x00000000a0001440                dummyLAT7
                0x00000000a0001444                dummyLAT2
                0x00000000a0001448                dummyPORT5
                0x00000000a000144c                dummyTRIS7
                0x00000000a0001450                dummyLAT6
                0x00000000a0001454                dummyTRIS2
                0x00000000a0001458                dummyPORT3
                0x00000000a000145c                dummyPORT6
 .scommon       0x00000000a0001460       0x38 output\usb_function_cdc.o
                0x00000000a0001460                control_signal_bitmap
                0x00000000a0001464                cdc_tx_len
                0x00000000a0001468                pCDCSrc
                0x00000000a000146c                CDCDataOutHandle
                0x00000000a0001470                cdc_rx_len
                0x00000000a0001474                line_coding
                0x00000000a000147c                BaudRateGen
                0x00000000a0001480                CDCDataInHandle
                0x00000000a0001484                cdc_trf_state
                0x00000000a0001488                pCDCDst
                0x00000000a000148c                cdc_mem_type
                0x00000000a0001490                dummy_encapsulated_cmd_response
 .scommon       0x00000000a0001498        0x4 output\dee.o
                0x00000000a0001498                dataEEFlags
 .scommon       0x00000000a000149c        0xc output\dee_page.o
                0x00000000a000149c                read_dee_page_size
                0x00000000a00014a0                read_dee_page
                0x00000000a00014a4                read_dee_page_startaddress
 .scommon       0x00000000a00014a8        0x8 output\grbl_eeprom.o
                0x00000000a00014a8                gcodePositionSave
                0x00000000a00014ac                check_is_delay
 .scommon       0x00000000a00014b0        0x4 output\grbl_toolchange.o
                0x00000000a00014b0                grbl_toolchange_failsafe_timeout
 .scommon       0x00000000a00014b4        0x4 output\grbl_protocol.o
                0x00000000a00014b4                protocol_dwellTime
 .scommon       0x00000000a00014b8        0x4 output\grbl_bootloader.o
                0x00000000a00014b8                grbl_bootloader_timer
 .scommon       0x00000000a00014bc        0x4 output\ENC28J60.o
                0x00000000a00014bc                enc28j60_timer
 .scommon       0x00000000a00014c0        0x4 output\StackTsk.o
                0x00000000a00014c0                StackTsk_Announce_autonomous
 .scommon       0x00000000a00014c4        0x6 output\UDP.o
                0x00000000a00014c4                UDPTxCount
                0x00000000a00014c6                activeUDPSocket
                0x00000000a00014c8                UDPRxCount
 *fill*         0x00000000a00014ca        0x2 
 .scommon       0x00000000a00014cc        0x2 output\ethernet_grbl_multi.o
                0x00000000a00014cc                ClientSock
                0x00000000a00014cd                bsdServerSocket
                0x00000000a00014ce                _sbss_end = .
                0x00000000a00014d0                . = ALIGN (0x4)
 *fill*         0x00000000a00014ce        0x2 

.bss            0x00000000a0001600     0x2cb0
 *(.dynbss)
 *(COMMON)
 COMMON         0x00000000a0001600      0x480 output\task.o
                0x00000000a0001600                taskLists
 COMMON         0x00000000a0001a80      0x400 output\eeprom.o
                0x00000000a0001a80                eeprom_write_buffer
 COMMON         0x00000000a0001e80       0x78 output\eep_manager.o
                0x00000000a0001e80                eep_manager_write_all_trigger
                0x00000000a0001ebc                eep_manager_debug_address
 *fill*         0x00000000a0001ef8      0x108 
 COMMON         0x00000000a0002000       0x93 output\usb_device.o
                0x00000000a0002000                BDT
                0x00000000a0002060                inPipes
                0x00000000a0002070                pBDTEntryIn
                0x00000000a000207c                pBDTEntryOut
                0x00000000a0002088                outPipes
 *fill*         0x00000000a0002093        0x1 
 COMMON         0x00000000a0002094       0xf0 output\main.o
                0x00000000a0002094                loopCntHistory
 COMMON         0x00000000a0002184       0x9c output\grbl_gcode.o
                0x00000000a0002184                coord_offset_eep
                0x00000000a0002190                gc_state
                0x00000000a00021d4                gc_block
                0x00000000a0002214                coord_system_eep
 COMMON         0x00000000a0002220       0x18 output\grbl_limits.o
                0x00000000a0002220                plan_data
                0x00000000a000222c                target
 COMMON         0x00000000a0002238       0x30 output\motion_control.o
                0x00000000a0002238                target_buffer
                0x00000000a0002244                offset_buffer
                0x00000000a0002250                pl_data_buffer
                0x00000000a000225c                position_buffer
 COMMON         0x00000000a0002268      0xd1c output\planner.o
                0x00000000a0002268                pl
                0x00000000a0002284                block_buffer
 COMMON         0x00000000a0002f84      0x1d4 output\settings.o
                0x00000000a0002f84                eep_coord_data
                0x00000000a0002ffc                settings
                0x00000000a000306c                eep_coord_teached
                0x00000000a0003078                eep_settings_backup
                0x00000000a00030e8                eep_settings
 COMMON         0x00000000a0003158      0x34c output\stepper.o
                0x00000000a0003158                stepper_st
                0x00000000a0003180                prep
                0x00000000a00031b8                segment_buffer
                0x00000000a00032d8                st_block_buffer
 COMMON         0x00000000a00034a4      0x1ac output\system.o
                0x00000000a00034a4                sys
                0x00000000a00034b8                sys_probe_position
                0x00000000a00034c4                sys_position
                0x00000000a00034d0                grbl_system_logger
 COMMON         0x00000000a0003650       0x40 output\pwm.o
                0x00000000a0003650                pwm_duty
 COMMON         0x00000000a0003690       0x8a output\usb_function_cdc.o
                0x00000000a0003690                cdc_data_tx
                0x00000000a00036d0                cdc_data_rx
                0x00000000a0003710                cdc_notice
 *fill*         0x00000000a000371a        0x2 
 COMMON         0x00000000a000371c        0xc output\dee_page.o
                0x00000000a000371c                dee_debug_page_status
 COMMON         0x00000000a0003728       0xe8 output\grbl_protocol.o
                0x00000000a0003728                myRingBuffer_grbl_protocol_rx
                0x00000000a0003740                line_buffer
                0x00000000a0003790                grbl_protocol_rx
 COMMON         0x00000000a0003810       0x33 output\ethernet.o
                0x00000000a0003810                AppConfig
 *fill*         0x00000000a0003843        0x1 
 COMMON         0x00000000a0003844        0xa output\StackTsk.o
                0x00000000a0003844                remoteNode
 *fill*         0x00000000a000384e        0x2 
 COMMON         0x00000000a0003850       0xe0 output\UDP.o
                0x00000000a0003850                UDPSocketInfo
 COMMON         0x00000000a0003930      0x4b0 output\usb_grbl_multi.o
                0x00000000a0003930                myRingBuffer_hid_rx
                0x00000000a0003948                myRingBuffer_hid_tx
                0x00000000a0003960                ReceivedDataBuffer
                0x00000000a00039a0                ToSendDataBuffer
                0x00000000a00039e0                hid_rx
                0x00000000a0003be0                hid_tx
 COMMON         0x00000000a0003de0      0x4d0 output\ethernet_grbl_multi.o
                0x00000000a0003de0                ReceivedDataBuffer_grbl_ethernet_multi
                0x00000000a0003e20                eth_tx
                0x00000000a0004020                myRingBuffer_eth_rx
                0x00000000a0004038                addr
                0x00000000a0004048                ToSendDataBuffer_grbl_ethernet_multi
                0x00000000a0004088                eth_rx
                0x00000000a0004288                myRingBuffer_eth_tx
                0x00000000a00042a0                addRemote
                0x00000000a00042b0                . = ALIGN ((. != 0x0)?0x4:0x1)
                0x00000000a00042b0                . = ALIGN (0x4)
                0x00000000a00042b0                _end = .
                0x00000000a00042b0                _bss_end = .
                0x0000000000007000                _bmxdudba_address = LENGTH (kseg1_data_mem)
                0x0000000000007000                _bmxdupba_address = LENGTH (kseg1_data_mem)

/DISCARD/
 *(.pdr)
 *(.rel.dyn)
 *(.note.GNU-stack)
 *(.note.GNU-stack)
 *(.gnu_debuglink)
 *(.gnu.lto_*)
 *(.discard)
 *(._debug_exception)

.gptab.sdata
 *(.gptab.data)
 *(.gptab.sdata)

.gptab.sbss
 *(.gptab.bss)
 *(.gptab.sbss)

.mdebug.abi32   0x00000000a0000000        0x0
 *(.mdebug.abi32)
 .mdebug.abi32  0x00000000a0000000        0x0 output\tmr.o
 .mdebug.abi32  0x00000000a0000000        0x0 output\mal.o
 .mdebug.abi32  0x00000000a0000000        0x0 output\ringBuffer.o
 .mdebug.abi32  0x00000000a0000000        0x0 output\task.o
 .mdebug.abi32  0x00000000a0000000        0x0 output\sleep.o
 .mdebug.abi32  0x00000000a0000000        0x0 output\eeprom.o
 .mdebug.abi32  0x00000000a0000000        0x0 output\eep_manager.o
 .mdebug.abi32  0x00000000a0000000        0x0 output\usb.o
 .mdebug.abi32  0x00000000a0000000        0x0 output\usb_descriptors.o
 .mdebug.abi32  0x00000000a0000000        0x0 output\usb_device.o
 .mdebug.abi32  0x00000000a0000000        0x0 output\exceptions.o
 .mdebug.abi32  0x00000000a0000000        0x0 output\isr.o
 .mdebug.abi32  0x00000000a0000000        0x0 output\main.o
 .mdebug.abi32  0x00000000a0000000        0x0 output\c_eep_manager.o
 .mdebug.abi32  0x00000000a0000000        0x0 output\app.o
 .mdebug.abi32  0x00000000a0000000        0x0 output\ad.o
 .mdebug.abi32  0x00000000a0000000        0x0 output\grbl_gcode.o
 .mdebug.abi32  0x00000000a0000000        0x0 output\grbl_limits.o
 .mdebug.abi32  0x00000000a0000000        0x0 output\coolant_control.o
 .mdebug.abi32  0x00000000a0000000        0x0 output\motion_control.o
 .mdebug.abi32  0x00000000a0000000        0x0 output\nuts_bolts.o
 .mdebug.abi32  0x00000000a0000000        0x0 output\planner.o
 .mdebug.abi32  0x00000000a0000000        0x0 output\print.o
 .mdebug.abi32  0x00000000a0000000        0x0 output\report.o
 .mdebug.abi32  0x00000000a0000000        0x0 output\settings.o
 .mdebug.abi32  0x00000000a0000000        0x0 output\spindle_control.o
 .mdebug.abi32  0x00000000a0000000        0x0 output\stepper.o
 .mdebug.abi32  0x00000000a0000000        0x0 output\system.o
 .mdebug.abi32  0x00000000a0000000        0x0 output\grbl.o
 .mdebug.abi32  0x00000000a0000000        0x0 output\pwm.o
 .mdebug.abi32  0x00000000a0000000        0x0 output\jog.o
 .mdebug.abi32  0x00000000a0000000        0x0 output\usb_function_cdc.o
 .mdebug.abi32  0x00000000a0000000        0x0 output\dee.o
 .mdebug.abi32  0x00000000a0000000        0x0 output\dee_page.o
 .mdebug.abi32  0x00000000a0000000        0x0 output\dee_page_helper.o
 .mdebug.abi32  0x00000000a0000000        0x0 output\eep_manager_crc.o
 .mdebug.abi32  0x00000000a0000000        0x0 output\system_control.o
 .mdebug.abi32  0x00000000a0000000        0x0 output\stepper_enable.o
 .mdebug.abi32  0x00000000a0000000        0x0 output\system_exec.o
 .mdebug.abi32  0x00000000a0000000        0x0 output\system_alarm.o
 .mdebug.abi32  0x00000000a0000000        0x0 output\grbl_eeprom.o
 .mdebug.abi32  0x00000000a0000000        0x0 output\bootloader_interface.o
 .mdebug.abi32  0x00000000a0000000        0x0 output\grbl_toolchange.o
 .mdebug.abi32  0x00000000a0000000        0x0 output\stackmeasure.o
 .mdebug.abi32  0x00000000a0000000        0x0 output\grbl_protocol.o
 .mdebug.abi32  0x00000000a0000000        0x0 output\grbl_running.o
 .mdebug.abi32  0x00000000a0000000        0x0 output\grbl_bootloader.o
 .mdebug.abi32  0x00000000a0000000        0x0 output\grbl_probe.o
 .mdebug.abi32  0x00000000a0000000        0x0 output\ethernet.o
 .mdebug.abi32  0x00000000a0000000        0x0 output\ENC28J60.o
 .mdebug.abi32  0x00000000a0000000        0x0 output\DHCP.o
 .mdebug.abi32  0x00000000a0000000        0x0 output\ARP.o
 .mdebug.abi32  0x00000000a0000000        0x0 output\Announce.o
 .mdebug.abi32  0x00000000a0000000        0x0 output\Helpers.o
 .mdebug.abi32  0x00000000a0000000        0x0 output\ICMP.o
 .mdebug.abi32  0x00000000a0000000        0x0 output\IP.o
 .mdebug.abi32  0x00000000a0000000        0x0 output\StackTsk.o
 .mdebug.abi32  0x00000000a0000000        0x0 output\UDP.o
 .mdebug.abi32  0x00000000a0000000        0x0 output\usb_grbl_multi.o
 .mdebug.abi32  0x00000000a0000000        0x0 output\ethernet_grbl_multi.o
 .mdebug.abi32  0x00000000a0000000        0x0 output\grbl_multi.o
 .mdebug.abi32  0x00000000a0000000        0x0 output\Reboot.o
 .mdebug.abi32  0x00000000a0000000        0x0 output\TCP.o
 .mdebug.abi32  0x00000000a0000000        0x0 output\BerkeleyAPI.o
 .mdebug.abi32  0x00000000a0000000        0x0 output\noinitram.o
 .mdebug.abi32  0x00000000a0000000        0x0 c:/program files/microchip/xc32/v4.20/bin/bin/../../lib/gcc/pic32mx/8.3.1\libgcc.a(_fixunssfdi.o)
 .mdebug.abi32  0x00000000a0000000        0x0 c:/program files/microchip/xc32/v4.20/bin/bin/../../lib/gcc/pic32mx/8.3.1\libgcc.a(_floatundidf.o)
 .mdebug.abi32  0x00000000a0000000        0x0 c:/program files/microchip/xc32/v4.20/bin/bin/../../lib/gcc/pic32mx/8.3.1\libgcc.a(floatunsisf.o)
 .mdebug.abi32  0x00000000a0000000        0x0 c:/program files/microchip/xc32/v4.20/bin/bin/../../lib/gcc/pic32mx/8.3.1\libgcc.a(floatunsidf.o)
 .mdebug.abi32  0x00000000a0000000        0x0 c:/program files/microchip/xc32/v4.20/bin/bin/../../lib/gcc/pic32mx/8.3.1/../../../../pic32mx/lib\libpic32.a(default-bootstrap-exception-handler.o)
 .mdebug.abi32  0x00000000a0000000        0x0 c:/program files/microchip/xc32/v4.20/bin/bin/../../lib/gcc/pic32mx/8.3.1/../../../../pic32mx/lib\libpic32.a(default-on-reset.o)
 .mdebug.abi32  0x00000000a0000000        0x0 c:/program files/microchip/xc32/v4.20/bin/bin/../../lib/gcc/pic32mx/8.3.1/../../../../pic32mx/lib\libpic32.a(default-on-bootstrap.o)
 .mdebug.abi32  0x00000000a0000000        0x0 c:/program files/microchip/xc32/v4.20/bin/bin/../../lib/gcc/pic32mx/8.3.1/../../../../pic32mx/lib\libpic32.a(defaultinterrupt.o)
 .mdebug.abi32  0x00000000a0000000        0x0 c:/program files/microchip/xc32/v4.20/bin/bin/../../lib/gcc/pic32mx/8.3.1/../../../../pic32mx/lib\libc-musl.a(strncmp.o)
 .mdebug.abi32  0x00000000a0000000        0x0 c:/program files/microchip/xc32/v4.20/bin/bin/../../lib/gcc/pic32mx/8.3.1/../../../../pic32mx/lib\libc-musl.a(strncpy.o)
 .mdebug.abi32  0x00000000a0000000        0x0 c:/program files/microchip/xc32/v4.20/bin/bin/../../lib/gcc/pic32mx/8.3.1/../../../../pic32mx/lib\libc-musl.a(stpncpy.o)
 .mdebug.abi32  0x00000000a0000000        0x0 c:/program files/microchip/xc32/v4.20/bin/bin/../../lib/gcc/pic32mx/8.3.1/../../../../pic32mx/lib\libm.a(atan2.o)
 .mdebug.abi32  0x00000000a0000000        0x0 c:/program files/microchip/xc32/v4.20/bin/bin/../../lib/gcc/pic32mx/8.3.1/../../../../pic32mx/lib\libm.a(w_sqrt.o)
 .mdebug.abi32  0x00000000a0000000        0x0 c:/program files/microchip/xc32/v4.20/bin/bin/../../lib/gcc/pic32mx/8.3.1/../../../../pic32mx/lib\libm.a(support.o)
 .mdebug.abi32  0x00000000a0000000        0x0 c:/program files/microchip/xc32/v4.20/bin/bin/../../lib/gcc/pic32mx/8.3.1/../../../../pic32mx/lib\libm.a(w_ldexp.o)
 .mdebug.abi32  0x00000000a0000000        0x0 c:/program files/microchip/xc32/v4.20/bin/bin/../../lib/gcc/pic32mx/8.3.1/../../../../pic32mx/lib\libm.a(s_lib_ver.o)
 .mdebug.abi32  0x00000000a0000000        0x0 c:/program files/microchip/xc32/v4.20/bin/bin/../../lib/gcc/pic32mx/8.3.1/../../../../pic32mx/lib\libpic32.a(errno.o)
 .mdebug.abi32  0x00000000a0000000        0x0 c:/program files/microchip/xc32/v4.20/bin/bin/../../lib/gcc/pic32mx/8.3.1/../../../../pic32mx/lib\libpic32.a(isinf.o)
 .mdebug.abi32  0x00000000a0000000        0x0 c:/program files/microchip/xc32/v4.20/bin/bin/../../lib/gcc/pic32mx/8.3.1/../../../../pic32mx/lib\libe.a(_unorddf2.o)

.mdebug.abiN32
 *(.mdebug.abiN32)

.mdebug.abi64
 *(.mdebug.abi64)

.mdebug.abiO64
 *(.mdebug.abiO64)

.mdebug.eabi32
 *(.mdebug.eabi32)

.mdebug.eabi64
 *(.mdebug.eabi64)

.gcc_compiled_long32
 *(.gcc_compiled_long32)

.gcc_compiled_long64
 *(.gcc_compiled_long64)

.stab
 *(.stab)

.stabstr
 *(.stabstr)

.stab.excl
 *(.stab.excl)

.stab.exclstr
 *(.stab.exclstr)

.stab.index
 *(.stab.index)

.stab.indexstr
 *(.stab.indexstr)

.comment        0x0000000000000000       0xdb
 *(.comment)
 .comment       0x0000000000000000       0x2b output\tmr.o
                                         0x2c (size before relaxing)
 .comment       0x000000000000002b       0x2c output\mal.o
 .comment       0x000000000000002b       0x2c output\ringBuffer.o
 .comment       0x000000000000002b       0x2c output\task.o
 .comment       0x000000000000002b       0x2c output\sleep.o
 .comment       0x000000000000002b       0x2c output\eeprom.o
 .comment       0x000000000000002b       0x2c output\eep_manager.o
 .comment       0x000000000000002b       0x2c output\usb.o
 .comment       0x000000000000002b       0x2c output\usb_descriptors.o
 .comment       0x000000000000002b       0x2c output\usb_device.o
 .comment       0x000000000000002b       0x2c output\exceptions.o
 .comment       0x000000000000002b       0x2c output\isr.o
 .comment       0x000000000000002b       0x2c output\main.o
 .comment       0x000000000000002b       0x2c output\c_eep_manager.o
 .comment       0x000000000000002b       0x2c output\app.o
 .comment       0x000000000000002b       0x2c output\ad.o
 .comment       0x000000000000002b       0x2c output\grbl_gcode.o
 .comment       0x000000000000002b       0x2c output\grbl_limits.o
 .comment       0x000000000000002b       0x2c output\coolant_control.o
 .comment       0x000000000000002b       0x2c output\motion_control.o
 .comment       0x000000000000002b       0x2c output\nuts_bolts.o
 .comment       0x000000000000002b       0x2c output\planner.o
 .comment       0x000000000000002b       0x2c output\print.o
 .comment       0x000000000000002b       0x2c output\report.o
 .comment       0x000000000000002b       0x2c output\settings.o
 .comment       0x000000000000002b       0x2c output\spindle_control.o
 .comment       0x000000000000002b       0x2c output\stepper.o
 .comment       0x000000000000002b       0x2c output\system.o
 .comment       0x000000000000002b       0x2c output\grbl.o
 .comment       0x000000000000002b       0x2c output\pwm.o
 .comment       0x000000000000002b       0x2c output\jog.o
 .comment       0x000000000000002b       0x2c output\usb_function_cdc.o
 .comment       0x000000000000002b       0x2c output\dee.o
 .comment       0x000000000000002b       0x2c output\dee_page.o
 .comment       0x000000000000002b       0x2c output\dee_page_helper.o
 .comment       0x000000000000002b       0x2c output\eep_manager_crc.o
 .comment       0x000000000000002b       0x2c output\system_control.o
 .comment       0x000000000000002b       0x2c output\stepper_enable.o
 .comment       0x000000000000002b       0x2c output\system_exec.o
 .comment       0x000000000000002b       0x2c output\system_alarm.o
 .comment       0x000000000000002b       0x2c output\grbl_eeprom.o
 .comment       0x000000000000002b       0x2c output\bootloader_interface.o
 .comment       0x000000000000002b       0x2c output\grbl_toolchange.o
 .comment       0x000000000000002b       0x2c output\stackmeasure.o
 .comment       0x000000000000002b       0x2c output\grbl_protocol.o
 .comment       0x000000000000002b       0x2c output\grbl_running.o
 .comment       0x000000000000002b       0x2c output\grbl_bootloader.o
 .comment       0x000000000000002b       0x2c output\grbl_probe.o
 .comment       0x000000000000002b       0x2c output\ethernet.o
 .comment       0x000000000000002b       0x2c output\ENC28J60.o
 .comment       0x000000000000002b       0x2c output\DHCP.o
 .comment       0x000000000000002b       0x2c output\ARP.o
 .comment       0x000000000000002b       0x2c output\Announce.o
 .comment       0x000000000000002b       0x2c output\Helpers.o
 .comment       0x000000000000002b       0x2c output\ICMP.o
 .comment       0x000000000000002b       0x2c output\IP.o
 .comment       0x000000000000002b       0x2c output\StackTsk.o
 .comment       0x000000000000002b       0x2c output\UDP.o
 .comment       0x000000000000002b       0x2c output\usb_grbl_multi.o
 .comment       0x000000000000002b       0x2c output\ethernet_grbl_multi.o
 .comment       0x000000000000002b       0x2c output\grbl_multi.o
 .comment       0x000000000000002b       0x2c output\Reboot.o
 .comment       0x000000000000002b       0x2c output\TCP.o
 .comment       0x000000000000002b       0x2c output\BerkeleyAPI.o
 .comment       0x000000000000002b       0x2c output\noinitram.o
 .comment       0x000000000000002b       0x2c c:/program files/microchip/xc32/v4.20/bin/bin/../../lib/gcc/pic32mx/8.3.1\libgcc.a(_fixunssfdi.o)
 .comment       0x000000000000002b       0x2c c:/program files/microchip/xc32/v4.20/bin/bin/../../lib/gcc/pic32mx/8.3.1\libgcc.a(_floatundidf.o)
 .comment       0x000000000000002b       0x2c c:/program files/microchip/xc32/v4.20/bin/bin/../../lib/gcc/pic32mx/8.3.1\libgcc.a(floatunsisf.o)
 .comment       0x000000000000002b       0x2c c:/program files/microchip/xc32/v4.20/bin/bin/../../lib/gcc/pic32mx/8.3.1\libgcc.a(floatunsidf.o)
 .comment       0x000000000000002b       0x18 c:/program files/microchip/xc32/v4.20/bin/bin/../../lib/gcc/pic32mx/8.3.1/../../../../pic32mx/lib\libpic32.a(memcmp.o)
                                         0x19 (size before relaxing)
 .comment       0x0000000000000043       0x18 c:/program files/microchip/xc32/v4.20/bin/bin/../../lib/gcc/pic32mx/8.3.1/../../../../pic32mx/lib\libpic32.a(memset.o)
                                         0x19 (size before relaxing)
 .comment       0x000000000000005b       0x19 c:/program files/microchip/xc32/v4.20/bin/bin/../../lib/gcc/pic32mx/8.3.1/../../../../pic32mx/lib\libpic32.a(strcmp.o)
                                         0x1a (size before relaxing)
 .comment       0x0000000000000074       0x19 c:/program files/microchip/xc32/v4.20/bin/bin/../../lib/gcc/pic32mx/8.3.1/../../../../pic32mx/lib\libpic32.a(strlen.o)
                                         0x1a (size before relaxing)
 .comment       0x000000000000008d       0x2c c:/program files/microchip/xc32/v4.20/bin/bin/../../lib/gcc/pic32mx/8.3.1/../../../../pic32mx/lib\libpic32.a(default-bootstrap-exception-handler.o)
 .comment       0x000000000000008d       0x2c c:/program files/microchip/xc32/v4.20/bin/bin/../../lib/gcc/pic32mx/8.3.1/../../../../pic32mx/lib\libpic32.a(default-on-reset.o)
 .comment       0x000000000000008d       0x2c c:/program files/microchip/xc32/v4.20/bin/bin/../../lib/gcc/pic32mx/8.3.1/../../../../pic32mx/lib\libpic32.a(default-on-bootstrap.o)
 .comment       0x000000000000008d       0x2c c:/program files/microchip/xc32/v4.20/bin/bin/../../lib/gcc/pic32mx/8.3.1/../../../../pic32mx/lib\libpic32.a(defaultinterrupt.o)
 .comment       0x000000000000008d       0x2c c:/program files/microchip/xc32/v4.20/bin/bin/../../lib/gcc/pic32mx/8.3.1/../../../../pic32mx/lib\libc-musl.a(strncmp.o)
 .comment       0x000000000000008d       0x2c c:/program files/microchip/xc32/v4.20/bin/bin/../../lib/gcc/pic32mx/8.3.1/../../../../pic32mx/lib\libc-musl.a(strncpy.o)
 .comment       0x000000000000008d       0x2c c:/program files/microchip/xc32/v4.20/bin/bin/../../lib/gcc/pic32mx/8.3.1/../../../../pic32mx/lib\libc-musl.a(stpncpy.o)
 .comment       0x000000000000008d       0x2c c:/program files/microchip/xc32/v4.20/bin/bin/../../lib/gcc/pic32mx/8.3.1/../../../../pic32mx/lib\libm.a(atan2.o)
 .comment       0x000000000000008d       0x2c c:/program files/microchip/xc32/v4.20/bin/bin/../../lib/gcc/pic32mx/8.3.1/../../../../pic32mx/lib\libm.a(w_sqrt.o)
 .comment       0x000000000000008d       0x2c c:/program files/microchip/xc32/v4.20/bin/bin/../../lib/gcc/pic32mx/8.3.1/../../../../pic32mx/lib\libm.a(support.o)
 .comment       0x000000000000008d       0x2c c:/program files/microchip/xc32/v4.20/bin/bin/../../lib/gcc/pic32mx/8.3.1/../../../../pic32mx/lib\libm.a(w_ldexp.o)
 .comment       0x000000000000008d       0x2c c:/program files/microchip/xc32/v4.20/bin/bin/../../lib/gcc/pic32mx/8.3.1/../../../../pic32mx/lib\libm.a(s_lib_ver.o)
 .comment       0x000000000000008d       0x2c c:/program files/microchip/xc32/v4.20/bin/bin/../../lib/gcc/pic32mx/8.3.1/../../../../pic32mx/lib\libpic32.a(errno.o)
 .comment       0x000000000000008d       0x2c c:/program files/microchip/xc32/v4.20/bin/bin/../../lib/gcc/pic32mx/8.3.1/../../../../pic32mx/lib\libpic32.a(isinf.o)
 .comment       0x000000000000008d       0x4e c:/program files/microchip/xc32/v4.20/bin/bin/../../lib/gcc/pic32mx/8.3.1/../../../../pic32mx/lib\libe.a(_unorddf2.o)
                                         0x7a (size before relaxing)

.debug
 *(.debug)

.line
 *(.line)

.debug_srcinfo
 *(.debug_srcinfo)

.debug_sfnames
 *(.debug_sfnames)

.debug_aranges  0x0000000000000000      0xab0
 *(.debug_aranges)
 .debug_aranges
                0x0000000000000000       0x20 output\tmr.o
 .debug_aranges
                0x0000000000000020       0x20 output\mal.o
 .debug_aranges
                0x0000000000000040       0x20 output\ringBuffer.o
 .debug_aranges
                0x0000000000000060       0x20 output\task.o
 .debug_aranges
                0x0000000000000080       0x20 output\sleep.o
 .debug_aranges
                0x00000000000000a0       0x20 output\eeprom.o
 .debug_aranges
                0x00000000000000c0       0x20 output\eep_manager.o
 .debug_aranges
                0x00000000000000e0       0x20 output\usb.o
 .debug_aranges
                0x0000000000000100       0x18 output\usb_descriptors.o
 .debug_aranges
                0x0000000000000118       0x20 output\usb_device.o
 .debug_aranges
                0x0000000000000138       0x20 output\exceptions.o
 .debug_aranges
                0x0000000000000158       0x20 output\isr.o
 .debug_aranges
                0x0000000000000178       0x20 output\main.o
 .debug_aranges
                0x0000000000000198       0x18 output\c_eep_manager.o
 .debug_aranges
                0x00000000000001b0       0x20 output\app.o
 .debug_aranges
                0x00000000000001d0       0x20 output\ad.o
 .debug_aranges
                0x00000000000001f0       0x20 output\grbl_gcode.o
 .debug_aranges
                0x0000000000000210       0x20 output\grbl_limits.o
 .debug_aranges
                0x0000000000000230       0x20 output\coolant_control.o
 .debug_aranges
                0x0000000000000250       0x20 output\motion_control.o
 .debug_aranges
                0x0000000000000270       0x20 output\nuts_bolts.o
 .debug_aranges
                0x0000000000000290       0x20 output\planner.o
 .debug_aranges
                0x00000000000002b0       0x20 output\print.o
 .debug_aranges
                0x00000000000002d0       0x20 output\report.o
 .debug_aranges
                0x00000000000002f0       0x20 output\settings.o
 .debug_aranges
                0x0000000000000310       0x20 output\spindle_control.o
 .debug_aranges
                0x0000000000000330       0x20 output\stepper.o
 .debug_aranges
                0x0000000000000350       0x20 output\system.o
 .debug_aranges
                0x0000000000000370       0x20 output\grbl.o
 .debug_aranges
                0x0000000000000390       0x20 output\pwm.o
 .debug_aranges
                0x00000000000003b0       0x20 output\jog.o
 .debug_aranges
                0x00000000000003d0       0x20 output\usb_function_cdc.o
 .debug_aranges
                0x00000000000003f0       0x20 output\dee.o
 .debug_aranges
                0x0000000000000410       0x20 output\dee_page.o
 .debug_aranges
                0x0000000000000430       0x20 output\dee_page_helper.o
 .debug_aranges
                0x0000000000000450       0x20 output\eep_manager_crc.o
 .debug_aranges
                0x0000000000000470       0x20 output\system_control.o
 .debug_aranges
                0x0000000000000490       0x20 output\stepper_enable.o
 .debug_aranges
                0x00000000000004b0       0x20 output\system_exec.o
 .debug_aranges
                0x00000000000004d0       0x20 output\system_alarm.o
 .debug_aranges
                0x00000000000004f0       0x20 output\grbl_eeprom.o
 .debug_aranges
                0x0000000000000510       0x20 output\bootloader_interface.o
 .debug_aranges
                0x0000000000000530       0x20 output\grbl_toolchange.o
 .debug_aranges
                0x0000000000000550       0x20 output\stackmeasure.o
 .debug_aranges
                0x0000000000000570       0x20 output\grbl_protocol.o
 .debug_aranges
                0x0000000000000590       0x20 output\grbl_running.o
 .debug_aranges
                0x00000000000005b0       0x20 output\grbl_bootloader.o
 .debug_aranges
                0x00000000000005d0       0x20 output\grbl_probe.o
 .debug_aranges
                0x00000000000005f0       0x20 output\ethernet.o
 .debug_aranges
                0x0000000000000610       0x20 output\ENC28J60.o
 .debug_aranges
                0x0000000000000630       0x20 output\DHCP.o
 .debug_aranges
                0x0000000000000650       0x20 output\ARP.o
 .debug_aranges
                0x0000000000000670       0x20 output\Announce.o
 .debug_aranges
                0x0000000000000690       0x20 output\Helpers.o
 .debug_aranges
                0x00000000000006b0       0x20 output\ICMP.o
 .debug_aranges
                0x00000000000006d0       0x20 output\IP.o
 .debug_aranges
                0x00000000000006f0       0x20 output\StackTsk.o
 .debug_aranges
                0x0000000000000710       0x20 output\UDP.o
 .debug_aranges
                0x0000000000000730       0x20 output\usb_grbl_multi.o
 .debug_aranges
                0x0000000000000750       0x20 output\ethernet_grbl_multi.o
 .debug_aranges
                0x0000000000000770       0x20 output\grbl_multi.o
 .debug_aranges
                0x0000000000000790       0x20 output\Reboot.o
 .debug_aranges
                0x00000000000007b0       0x20 output\TCP.o
 .debug_aranges
                0x00000000000007d0       0x20 output\BerkeleyAPI.o
 .debug_aranges
                0x00000000000007f0       0x20 output\noinitram.o
 .debug_aranges
                0x0000000000000810       0x20 c:/program files/microchip/xc32/v4.20/bin/bin/../../lib/gcc/pic32mx/8.3.1\libgcc.a(_fixunssfdi.o)
 .debug_aranges
                0x0000000000000830       0x20 c:/program files/microchip/xc32/v4.20/bin/bin/../../lib/gcc/pic32mx/8.3.1\libgcc.a(_floatundidf.o)
 .debug_aranges
                0x0000000000000850       0x20 c:/program files/microchip/xc32/v4.20/bin/bin/../../lib/gcc/pic32mx/8.3.1\libgcc.a(floatunsisf.o)
 .debug_aranges
                0x0000000000000870       0x20 c:/program files/microchip/xc32/v4.20/bin/bin/../../lib/gcc/pic32mx/8.3.1\libgcc.a(floatunsidf.o)
 .debug_aranges
                0x0000000000000890       0x20 c:/program files/microchip/xc32/v4.20/bin/bin/../../lib/gcc/pic32mx/8.3.1/../../../../pic32mx/lib\libpic32.a(default-bootstrap-exception-handler.o)
 .debug_aranges
                0x00000000000008b0       0x20 c:/program files/microchip/xc32/v4.20/bin/bin/../../lib/gcc/pic32mx/8.3.1/../../../../pic32mx/lib\libpic32.a(default-on-reset.o)
 .debug_aranges
                0x00000000000008d0       0x20 c:/program files/microchip/xc32/v4.20/bin/bin/../../lib/gcc/pic32mx/8.3.1/../../../../pic32mx/lib\libpic32.a(default-on-bootstrap.o)
 .debug_aranges
                0x00000000000008f0       0x20 c:/program files/microchip/xc32/v4.20/bin/bin/../../lib/gcc/pic32mx/8.3.1/../../../../pic32mx/lib\libpic32.a(defaultinterrupt.o)
 .debug_aranges
                0x0000000000000910       0x20 c:/program files/microchip/xc32/v4.20/bin/bin/../../lib/gcc/pic32mx/8.3.1/../../../../pic32mx/lib\libc-musl.a(strncmp.o)
 .debug_aranges
                0x0000000000000930       0x20 c:/program files/microchip/xc32/v4.20/bin/bin/../../lib/gcc/pic32mx/8.3.1/../../../../pic32mx/lib\libc-musl.a(strncpy.o)
 .debug_aranges
                0x0000000000000950       0x20 c:/program files/microchip/xc32/v4.20/bin/bin/../../lib/gcc/pic32mx/8.3.1/../../../../pic32mx/lib\libc-musl.a(stpncpy.o)
 .debug_aranges
                0x0000000000000970       0x20 c:/program files/microchip/xc32/v4.20/bin/bin/../../lib/gcc/pic32mx/8.3.1/../../../../pic32mx/lib\libm.a(atan2.o)
 .debug_aranges
                0x0000000000000990       0x20 c:/program files/microchip/xc32/v4.20/bin/bin/../../lib/gcc/pic32mx/8.3.1/../../../../pic32mx/lib\libm.a(w_sqrt.o)
 .debug_aranges
                0x00000000000009b0       0x78 c:/program files/microchip/xc32/v4.20/bin/bin/../../lib/gcc/pic32mx/8.3.1/../../../../pic32mx/lib\libm.a(support.o)
 .debug_aranges
                0x0000000000000a28       0x20 c:/program files/microchip/xc32/v4.20/bin/bin/../../lib/gcc/pic32mx/8.3.1/../../../../pic32mx/lib\libm.a(w_ldexp.o)
 .debug_aranges
                0x0000000000000a48       0x48 c:/program files/microchip/xc32/v4.20/bin/bin/../../lib/gcc/pic32mx/8.3.1/../../../../pic32mx/lib\libpic32.a(isinf.o)
 .debug_aranges