Archive member included to satisfy reference by file (symbol)

c:/program files/microchip/xc32/v4.20/bin/bin/../../lib/gcc/pic32mx/8.3.1\libgcc.a(_fixunssfdi.o)
                              output\stepper.o (__fixunssfdi)
c:/program files/microchip/xc32/v4.20/bin/bin/../../lib/gcc/pic32mx/8.3.1\libgcc.a(_floatundidf.o)
                              output\stepper.o (__floatundidf)
c:/program files/microchip/xc32/v4.20/bin/bin/../../lib/gcc/pic32mx/8.3.1\libgcc.a(floatunsisf.o)
                              output\nuts_bolts.o (__floatunsisf)
c:/program files/microchip/xc32/v4.20/bin/bin/../../lib/gcc/pic32mx/8.3.1\libgcc.a(floatunsidf.o)
                              output\grbl_homing.o (__floatunsidf)
c:/program files/microchip/xc32/v4.20/bin/bin/../../lib/gcc/pic32mx/8.3.1/../../../../pic32mx/lib\libpic32.a(memcmp.o)
                              output\grbl_eeprom.o (memcmp)
c:/program files/microchip/xc32/v4.20/bin/bin/../../lib/gcc/pic32mx/8.3.1/../../../../pic32mx/lib\libpic32.a(memcpy.o)
                              output\eep_manager.o (memcpy)
c:/program files/microchip/xc32/v4.20/bin/bin/../../lib/gcc/pic32mx/8.3.1/../../../../pic32mx/lib\libpic32.a(memset.o)
                              output\ringBuffer.o (memset)
c:/program files/microchip/xc32/v4.20/bin/bin/../../lib/gcc/pic32mx/8.3.1/../../../../pic32mx/lib\libpic32.a(strcmp.o)
                              output\grbl_protocol.o (strcmp)
c:/program files/microchip/xc32/v4.20/bin/bin/../../lib/gcc/pic32mx/8.3.1/../../../../pic32mx/lib\libpic32.a(strlen.o)
                              output\grbl_gcode.o (strlen)
c:/program files/microchip/xc32/v4.20/bin/bin/../../lib/gcc/pic32mx/8.3.1/../../../../pic32mx/lib\libpic32.a(default-bootstrap-exception-handler.o)
                              C:\Users\kyrk\AppData\Local\Temp\ccy8KzF8.o (_bootstrap_exception_handler)
c:/program files/microchip/xc32/v4.20/bin/bin/../../lib/gcc/pic32mx/8.3.1/../../../../pic32mx/lib\libpic32.a(default-on-reset.o)
                              C:\Users\kyrk\AppData\Local\Temp\ccy8KzF8.o (_on_reset)
c:/program files/microchip/xc32/v4.20/bin/bin/../../lib/gcc/pic32mx/8.3.1/../../../../pic32mx/lib\libpic32.a(default-on-bootstrap.o)
                              C:\Users\kyrk\AppData\Local\Temp\ccy8KzF8.o (_on_bootstrap)
c:/program files/microchip/xc32/v4.20/bin/bin/../../lib/gcc/pic32mx/8.3.1/../../../../pic32mx/lib\libpic32.a(default-nmi-handler.o)
                              C:\Users\kyrk\AppData\Local\Temp\ccy8KzF8.o (_nmi_handler)
c:/program files/microchip/xc32/v4.20/bin/bin/../../lib/gcc/pic32mx/8.3.1/../../../../pic32mx/lib\libpic32.a(pic32_data_init_wrapper.o)
                              C:\Users\kyrk\AppData\Local\Temp\ccy8KzF8.o (__pic32_data_init)
c:/program files/microchip/xc32/v4.20/bin/bin/../../lib/gcc/pic32mx/8.3.1/../../../../pic32mx/lib\libpic32.a(pic32_data_init_0_1.o)
                              (__copy_needed)
c:/program files/microchip/xc32/v4.20/bin/bin/../../lib/gcc/pic32mx/8.3.1/../../../../pic32mx/lib\libpic32.a(pic32_init_cache.o)
                              C:\Users\kyrk\AppData\Local\Temp\ccy8KzF8.o (__pic32_init_cache)
c:/program files/microchip/xc32/v4.20/bin/bin/../../lib/gcc/pic32mx/8.3.1/../../../../pic32mx/lib\libpic32.a(pic32_init_tlb_ebi_sqi.o)
                              C:\Users\kyrk\AppData\Local\Temp\ccy8KzF8.o (__pic32_tlb_init_ebi_sqi)
c:/program files/microchip/xc32/v4.20/bin/bin/../../lib/gcc/pic32mx/8.3.1/../../../../pic32mx/lib\libpic32.a(general-exception.o)
                              C:\Users\kyrk\AppData\Local\Temp\ccy8KzF8.o (_general_exception_context)
c:/program files/microchip/xc32/v4.20/bin/bin/../../lib/gcc/pic32mx/8.3.1/../../../../pic32mx/lib\libpic32.a(cache-err-exception.o)
                              C:\Users\kyrk\AppData\Local\Temp\ccy8KzF8.o (_cache_err_exception_context)
c:/program files/microchip/xc32/v4.20/bin/bin/../../lib/gcc/pic32mx/8.3.1/../../../../pic32mx/lib\libpic32.a(simple-tlb-refill-exception.o)
                              C:\Users\kyrk\AppData\Local\Temp\ccy8KzF8.o (_simple_tlb_refill_exception_context)
c:/program files/microchip/xc32/v4.20/bin/bin/../../lib/gcc/pic32mx/8.3.1/../../../../pic32mx/lib\libpic32.a(defaultinterrupt.o)
                              C:\Users\kyrk\AppData\Local\Temp\cc4IlKdm.o (_DefaultInterrupt)
c:/program files/microchip/xc32/v4.20/bin/bin/../../lib/gcc/pic32mx/8.3.1/../../../../pic32mx/lib\libpic32.a(default-cache-err-exception-handler.o)
                              c:/program files/microchip/xc32/v4.20/bin/bin/../../lib/gcc/pic32mx/8.3.1/../../../../pic32mx/lib\libpic32.a(cache-err-exception.o) (_cache_err_exception_handler)
c:/program files/microchip/xc32/v4.20/bin/bin/../../lib/gcc/pic32mx/8.3.1/../../../../pic32mx/lib\libpic32.a(default-simple-tlb-refill-exception-handler.o)
[...]
Memory Configuration

Name             Origin             Length             Attributes
kseg0_program_mem 0x000000009d001000 0x00000000001ff000 xr
kseg1_boot_mem   0x000000009d000000 0x0000000000000480
kseg1_boot_mem_4B0 0x000000009d0004b0 0x0000000000000b50
kseg0_data_mem   0x0000000080000000 0x000000000007f000 w !x
kseg0_shared_mem 0x000000008007f000 0x0000000000000100 w !x
sfrs             0x00000000bf800000 0x0000000000100000
kseg2_ebi_data_mem 0x00000000c0000000 0x0000000004000000
kseg2_sqi_data_mem 0x00000000d0000000 0x0000000004000000
kseg3_ebi_data_mem 0x00000000e0000000 0x0000000004000000
kseg3_sqi_data_mem 0x00000000f0000000 0x0000000004000000
*default*        0x0000000000000000 0xffffffffffffffff

Linker script and memory map

LOAD c:/program files/microchip/xc32/v4.20/bin/bin/../../lib/gcc/pic32mx/8.3.1/../../../../pic32mx/lib\debug-exception-return.o
LOAD output\tmr.o
LOAD output\ringBuffer.o
LOAD output\task.o
LOAD output\eeprom.o
LOAD output\eep_manager.o
LOAD output\main.o
LOAD output\c_eep_manager.o
LOAD output\app.o
LOAD output\ad.o
LOAD output\grbl_gcode.o
LOAD output\grbl_limits.o
LOAD output\coolant_control.o
LOAD output\motion_control.o
LOAD output\nuts_bolts.o
LOAD output\planner.o
LOAD output\grbl_print.o
LOAD output\grbl_report.o
LOAD output\settings.o
LOAD output\spindle_control.o
LOAD output\stepper.o
LOAD output\system.o
LOAD output\grbl.o
LOAD output\grbl_homing.o
LOAD output\pwm.o
LOAD output\jog.o
LOAD output\dee.o
LOAD output\dee_page.o
LOAD output\dee_page_helper.o
LOAD output\eep_manager_crc.o
LOAD output\system_control.o
LOAD output\stepper_enable.o
LOAD output\system_exec.o
LOAD output\system_alarm.o
LOAD output\grbl_eeprom.o
LOAD output\bootloader_interface.o
LOAD output\grbl_toolchange.o
LOAD output\grbl_protocol.o
LOAD output\grbl_running.o
LOAD output\grbl_bootloader.o
LOAD output\grbl_probe.o
LOAD output\ethernet.o
LOAD output\ENC28J60.o
LOAD output\DHCP.o
LOAD output\ARP.o
LOAD output\Announce.o
LOAD output\Helpers.o
LOAD output\ICMP.o
LOAD output\IP.o
LOAD output\StackTsk.o
LOAD output\UDP.o
LOAD output\ethernet_grbl_multi.o
LOAD output\grbl_multi.o
LOAD output\Reboot.o
LOAD output\TCP.o
LOAD output\BerkeleyAPI.o
LOAD output\mal.o
LOAD output\isr.o
LOAD output\exceptions.o
LOAD output\usb_device_cdc_acm.o
LOAD output\usb_device_cdc.o
LOAD output\usb_device.o
LOAD output\usb_app.o
LOAD output\usb.o
LOAD output\system_tasks.o
LOAD output\sys_int_pic32.o
LOAD output\system_init.o
LOAD output\peripheral.o
LOAD output\drv_usbhs_device.o
LOAD output\drv_usbhs.o
LOAD output\bsp_sys_init.o
LOAD output\stackmeasure.o
LOAD output\stackmeasure_helper.o
LOAD output\noinitram.o
LOAD output\usb_grbl_multi.o
LOAD output\sleep.o
LOAD output\rtcconverter.o
LOAD output\rtc.o
LOAD output\daylight.o
LOAD output\aes_128.o
LOAD output\aes_block.o
LOAD output\aes_cbc.o
LOAD output\aes_cbc_mac.o
LOAD output\aes_cmac.o
LOAD output\rijndael.o
LOAD output\aes_challenge_response.o
LOAD output\aes_key.o
LOAD output\aes_ecb.o
LOAD output\MQTT.o
LOAD output\MQTTclient.o
LOAD output\DNS.o
LOAD output\sntp.o
LOAD output\random.o
LOAD output\sha256.o
LOAD output\spi2.o
LOAD output\wget.o
                0x0000000000000400                PROVIDE (_min_stack_size = 0x400)
START GROUP
LOAD c:/program files/microchip/xc32/v4.20/bin/bin/../../lib/gcc/pic32mx/8.3.1/../../../../pic32mx/lib/./proc/32MZ2048ECG144\vector_offset_init.o
END GROUP
                0x0000000000000001                PROVIDE (_vector_spacing = 0x1)
                0x000000009d001000                PROVIDE (_ebase_address = 0x9d001000)
                0x000000009d000000                _RESET_ADDR = 0x9d000000
                0x000000009d001000                _SIMPLE_TLB_REFILL_EXCPT_ADDR = (_ebase_address + 0x0)
                0x000000009d001100                _CACHE_ERR_EXCPT_ADDR = (_ebase_address + 0x100)
                0x000000009d001180                _GEN_EXCPT_ADDR = (_ebase_address + 0x180)

.reset          0x000000009d000000      0x1b4
 *(.reset)
 .reset         0x000000009d000000       0x18 C:\Users\kyrk\AppData\Local\Temp\ccy8KzF8.o
                0x000000009d000000                _reset
 *(.reset.startup)
 .reset.startup
                0x000000009d000018      0x19c C:\Users\kyrk\AppData\Local\Temp\ccy8KzF8.o
                0x000000009d000018                _startup

.cache_init     0x000000009d0004b0      0x218
 *(.cache_init)
 *(.cache_init.*)
 .cache_init.cache
                0x000000009d0004b0       0xc0 c:/program files/microchip/xc32/v4.20/bin/bin/../../lib/gcc/pic32mx/8.3.1/../../../../pic32mx/lib\libpic32.a(pic32_init_cache.o)
 .cache_init.pic32_size_cache
                0x000000009d000570       0x58 c:/program files/microchip/xc32/v4.20/bin/bin/../../lib/gcc/pic32mx/8.3.1/../../../../pic32mx/lib\libpic32.a(pic32_init_cache.o)
                0x000000009d000570                __pic32_size_cache
 .cache_init.pic32_init_cache
                0x000000009d0005c8      0x100 c:/program files/microchip/xc32/v4.20/bin/bin/../../lib/gcc/pic32mx/8.3.1/../../../../pic32mx/lib\libpic32.a(pic32_init_cache.o)
                0x000000009d0005c8                __pic32_init_cache

.simple_tlb_refill_excpt
                0x000000009d001000       0x10
 *(.simple_tlb_refill_vector)
 .simple_tlb_refill_vector
                0x000000009d001000       0x10 C:\Users\kyrk\AppData\Local\Temp\ccy8KzF8.o

.cache_err_excpt
                0x000000009d001100       0x10
 *(.cache_err_vector)
 .cache_err_vector
                0x000000009d001100       0x10 C:\Users\kyrk\AppData\Local\Temp\ccy8KzF8.o

.app_excpt      0x000000009d001180       0x10
 *(.gen_handler)
 .gen_handler   0x000000009d001180       0x10 C:\Users\kyrk\AppData\Local\Temp\ccy8KzF8.o

.vectors        0x000000009d001200      0x170
                0x000000009d001200                . = ALIGN (0x4)
                0x0000000000000200                __vector_offset_0 = DEFINED (__vector_dispatch_0)?(. - _ebase_address):__vector_offset_default
 *(.vector_0)
 .vector_0      0x000000009d001200        0x8 output\isr.o
                0x000000009d001200                __vector_dispatch_0
                0x000000009d001208                . = ALIGN (0x4)
                0x0000000000000328                __vector_offset_1 = DEFINED (__vector_dispatch_1)?(. - _ebase_address):__vector_offset_default
 *(.vector_1)
                0x000000009d001208                . = ALIGN (0x4)
                0x0000000000000328                __vector_offset_2 = DEFINED (__vector_dispatch_2)?(. - _ebase_address):__vector_offset_default
 *(.vector_2)
                0x000000009d001208                . = ALIGN (0x4)
                0x0000000000000328                __vector_offset_3 = DEFINED (__vector_dispatch_3)?(. - _ebase_address):__vector_offset_default
 *(.vector_3)
                0x000000009d001208                . = ALIGN (0x4)
                0x0000000000000208                __vector_offset_4 = DEFINED (__vector_dispatch_4)?(. - _ebase_address):__vector_offset_default
 *(.vector_4)
 .vector_4      0x000000009d001208        0x8 output\isr.o
                0x000000009d001208                __vector_dispatch_4
                0x000000009d001210                . = ALIGN (0x4)
                0x0000000000000328                __vector_offset_5 = DEFINED (__vector_dispatch_5)?(. - _ebase_address):__vector_offset_default
 *(.vector_5)
                0x000000009d001210                . = ALIGN (0x4)
                0x0000000000000328                __vector_offset_6 = DEFINED (__vector_dispatch_6)?(. - _ebase_address):__vector_offset_default
 *(.vector_6)
                0x000000009d001210                . = ALIGN (0x4)
                0x0000000000000210                __vector_offset_7 = DEFINED (__vector_dispatch_7)?(. - _ebase_address):__vector_offset_default
 *(.vector_7)
 .vector_7      0x000000009d001210        0x8 output\isr.o
                0x000000009d001210                __vector_dispatch_7
                0x000000009d001218                . = ALIGN (0x4)
                0x0000000000000328                __vector_offset_8 = DEFINED (__vector_dispatch_8)?(. - _ebase_address):__vector_offset_default
 *(.vector_8)
                0x000000009d001218                . = ALIGN (0x4)
                0x0000000000000218                __vector_offset_9 = DEFINED (__vector_dispatch_9)?(. - _ebase_address):__vector_offset_default
 *(.vector_9)
 .vector_9      0x000000009d001218        0x8 output\isr.o
                0x000000009d001218                __vector_dispatch_9
                0x000000009d001220                . = ALIGN (0x4)
                0x0000000000000328                __vector_offset_10 = DEFINED (__vector_dispatch_10)?(. - _ebase_address):__vector_offset_default
 *(.vector_10)
                0x000000009d001220                . = ALIGN (0x4)
                0x0000000000000328                __vector_offset_11 = DEFINED (__vector_dispatch_11)?(. - _ebase_address):__vector_offset_default
 *(.vector_11)
                0x000000009d001220                . = ALIGN (0x4)
                0x0000000000000220                __vector_offset_12 = DEFINED (__vector_dispatch_12)?(. - _ebase_address):__vector_offset_default
 *(.vector_12)
 .vector_12     0x000000009d001220        0x8 output\isr.o
                0x000000009d001220                __vector_dispatch_12
                0x000000009d001228                . = ALIGN (0x4)
                0x0000000000000328                __vector_offset_13 = DEFINED (__vector_dispatch_13)?(. - _ebase_address):__vector_offset_default
 *(.vector_13)
                0x000000009d001228                . = ALIGN (0x4)
                0x0000000000000228                __vector_offset_14 = DEFINED (__vector_dispatch_14)?(. - _ebase_address):__vector_offset_default
 *(.vector_14)
 .vector_14     0x000000009d001228        0x8 output\isr.o
                0x000000009d001228                __vector_dispatch_14
                0x000000009d001230                . = ALIGN (0x4)
                0x0000000000000328                __vector_offset_15 = DEFINED (__vector_dispatch_15)?(. - _ebase_address):__vector_offset_default
 *(.vector_15)
                0x000000009d001230                . = ALIGN (0x4)
                0x0000000000000328                __vector_offset_16 = DEFINED (__vector_dispatch_16)?(. - _ebase_address):__vector_offset_default
 *(.vector_16)
                0x000000009d001230                . = ALIGN (0x4)
                0x0000000000000230                __vector_offset_17 = DEFINED (__vector_dispatch_17)?(. - _ebase_address):__vector_offset_default
 *(.vector_17)
 .vector_17     0x000000009d001230        0x8 output\isr.o
                0x000000009d001230                __vector_dispatch_17
                0x000000009d001238                . = ALIGN (0x4)
                0x0000000000000238                __vector_offset_18 = DEFINED (__vector_dispatch_18)?(. - _ebase_address):__vector_offset_default
 *(.vector_18)
 .vector_18     0x000000009d001238        0x8 output\isr.o
                0x000000009d001238                __vector_dispatch_18
                0x000000009d001240                . = ALIGN (0x4)
                0x0000000000000240                __vector_offset_19 = DEFINED (__vector_dispatch_19)?(. - _ebase_address):__vector_offset_default
 *(.vector_19)
 .vector_19     0x000000009d001240        0x8 output\isr.o
                0x000000009d001240                __vector_dispatch_19
                0x000000009d001248                . = ALIGN (0x4)
                0x0000000000000328                __vector_offset_20 = DEFINED (__vector_dispatch_20)?(. - _ebase_address):__vector_offset_default
 *(.vector_20)
                0x000000009d001248                . = ALIGN (0x4)
                0x0000000000000328                __vector_offset_21 = DEFINED (__vector_dispatch_21)?(. - _ebase_address):__vector_offset_default
 *(.vector_21)
                0x000000009d001248                . = ALIGN (0x4)
                0x0000000000000248                __vector_offset_22 = DEFINED (__vector_dispatch_22)?(. - _ebase_address):__vector_offset_default
 *(.vector_22)
 .vector_22     0x000000009d001248        0x8 output\isr.o
                0x000000009d001248                __vector_dispatch_22
                0x000000009d001250                . = ALIGN (0x4)
                0x0000000000000328                __vector_offset_23 = DEFINED (__vector_dispatch_23)?(. - _ebase_address):__vector_offset_default
 *(.vector_23)
                0x000000009d001250                . = ALIGN (0x4)
                0x0000000000000328                __vector_offset_24 = DEFINED (__vector_dispatch_24)?(. - _ebase_address):__vector_offset_default
 *(.vector_24)
                0x000000009d001250                . = ALIGN (0x4)
                0x0000000000000328                __vector_offset_25 = DEFINED (__vector_dispatch_25)?(. - _ebase_address):__vector_offset_default
 *(.vector_25)
                0x000000009d001250                . = ALIGN (0x4)
                0x0000000000000328                __vector_offset_26 = DEFINED (__vector_dispatch_26)?(. - _ebase_address):__vector_offset_default
 *(.vector_26)
                0x000000009d001250                . = ALIGN (0x4)
                0x0000000000000328                __vector_offset_27 = DEFINED (__vector_dispatch_27)?(. - _ebase_address):__vector_offset_default
 *(.vector_27)
                0x000000009d001250                . = ALIGN (0x4)
                0x0000000000000328                __vector_offset_28 = DEFINED (__vector_dispatch_28)?(. - _ebase_address):__vector_offset_default
 *(.vector_28)
                0x000000009d001250                . = ALIGN (0x4)
                0x0000000000000328                __vector_offset_29 = DEFINED (__vector_dispatch_29)?(. - _ebase_address):__vector_offset_default
 *(.vector_29)
                0x000000009d001250                . = ALIGN (0x4)
                0x0000000000000328                __vector_offset_30 = DEFINED (__vector_dispatch_30)?(. - _ebase_address):__vector_offset_default
 *(.vector_30)
                0x000000009d001250                . = ALIGN (0x4)
                0x0000000000000328                __vector_offset_31 = DEFINED (__vector_dispatch_31)?(. - _ebase_address):__vector_offset_default
 *(.vector_31)
                0x000000009d001250                . = ALIGN (0x4)
                0x0000000000000328                __vector_offset_32 = DEFINED (__vector_dispatch_32)?(. - _ebase_address):__vector_offset_default
 *(.vector_32)
                0x000000009d001250                . = ALIGN (0x4)
                0x0000000000000328                __vector_offset_33 = DEFINED (__vector_dispatch_33)?(. - _ebase_address):__vector_offset_default
 *(.vector_33)
                0x000000009d001250                . = ALIGN (0x4)
                0x0000000000000328                __vector_offset_34 = DEFINED (__vector_dispatch_34)?(. - _ebase_address):__vector_offset_default
 *(.vector_34)
                0x000000009d001250                . = ALIGN (0x4)
                0x0000000000000328                __vector_offset_35 = DEFINED (__vector_dispatch_35)?(. - _ebase_address):__vector_offset_default
 *(.vector_35)
                0x000000009d001250                . = ALIGN (0x4)
                0x0000000000000328                __vector_offset_36 = DEFINED (__vector_dispatch_36)?(. - _ebase_address):__vector_offset_default
 *(.vector_36)
                0x000000009d001250                . = ALIGN (0x4)
                0x0000000000000328                __vector_offset_37 = DEFINED (__vector_dispatch_37)?(. - _ebase_address):__vector_offset_default
 *(.vector_37)
                0x000000009d001250                . = ALIGN (0x4)
                0x0000000000000328                __vector_offset_38 = DEFINED (__vector_dispatch_38)?(. - _ebase_address):__vector_offset_default
 *(.vector_38)
                0x000000009d001250                . = ALIGN (0x4)
                0x0000000000000328                __vector_offset_39 = DEFINED (__vector_dispatch_39)?(. - _ebase_address):__vector_offset_default
 *(.vector_39)
                0x000000009d001250                . = ALIGN (0x4)
                0x0000000000000328                __vector_offset_40 = DEFINED (__vector_dispatch_40)?(. - _ebase_address):__vector_offset_default
 *(.vector_40)
                0x000000009d001250                . = ALIGN (0x4)
                0x0000000000000328                __vector_offset_41 = DEFINED (__vector_dispatch_41)?(. - _ebase_address):__vector_offset_default
 *(.vector_41)
                0x000000009d001250                . = ALIGN (0x4)
                0x0000000000000328                __vector_offset_42 = DEFINED (__vector_dispatch_42)?(. - _ebase_address):__vector_offset_default
 *(.vector_42)
                0x000000009d001250                . = ALIGN (0x4)
                0x0000000000000328                __vector_offset_43 = DEFINED (__vector_dispatch_43)?(. - _ebase_address):__vector_offset_default
 *(.vector_43)
                0x000000009d001250                . = ALIGN (0x4)
                0x0000000000000328                __vector_offset_44 = DEFINED (__vector_dispatch_44)?(. - _ebase_address):__vector_offset_default
 *(.vector_44)
                0x000000009d001250                . = ALIGN (0x4)
                0x0000000000000328                __vector_offset_45 = DEFINED (__vector_dispatch_45)?(. - _ebase_address):__vector_offset_default
 *(.vector_45)
                0x000000009d001250                . = ALIGN (0x4)
                0x0000000000000328                __vector_offset_46 = DEFINED (__vector_dispatch_46)?(. - _ebase_address):__vector_offset_default
 *(.vector_46)
                0x000000009d001250                . = ALIGN (0x4)
                0x0000000000000328                __vector_offset_47 = DEFINED (__vector_dispatch_47)?(. - _ebase_address):__vector_offset_default
 *(.vector_47)
                0x000000009d001250                . = ALIGN (0x4)
                0x0000000000000328                __vector_offset_48 = DEFINED (__vector_dispatch_48)?(. - _ebase_address):__vector_offset_default
 *(.vector_48)
                0x000000009d001250                . = ALIGN (0x4)
                0x0000000000000328                __vector_offset_49 = DEFINED (__vector_dispatch_49)?(. - _ebase_address):__vector_offset_default
 *(.vector_49)
                0x000000009d001250                . = ALIGN (0x4)
                0x0000000000000328                __vector_offset_50 = DEFINED (__vector_dispatch_50)?(. - _ebase_address):__vector_offset_default
 *(.vector_50)
                0x000000009d001250                . = ALIGN (0x4)
                0x0000000000000328                __vector_offset_51 = DEFINED (__vector_dispatch_51)?(. - _ebase_address):__vector_offset_default
 *(.vector_51)
                0x000000009d001250                . = ALIGN (0x4)
                0x0000000000000328                __vector_offset_52 = DEFINED (__vector_dispatch_52)?(. - _ebase_address):__vector_offset_default
 *(.vector_52)
                0x000000009d001250                . = ALIGN (0x4)
                0x0000000000000328                __vector_offset_53 = DEFINED (__vector_dispatch_53)?(. - _ebase_address):__vector_offset_default
 *(.vector_53)
                0x000000009d001250                . = ALIGN (0x4)
                0x0000000000000328                __vector_offset_54 = DEFINED (__vector_dispatch_54)?(. - _ebase_address):__vector_offset_default
 *(.vector_54)
                0x000000009d001250                . = ALIGN (0x4)
                0x0000000000000328                __vector_offset_55 = DEFINED (__vector_dispatch_55)?(. - _ebase_address):__vector_offset_default
 *(.vector_55)
                0x000000009d001250                . = ALIGN (0x4)
                0x0000000000000328                __vector_offset_56 = DEFINED (__vector_dispatch_56)?(. - _ebase_address):__vector_offset_default
 *(.vector_56)
                0x000000009d001250                . = ALIGN (0x4)
                0x0000000000000328                __vector_offset_57 = DEFINED (__vector_dispatch_57)?(. - _ebase_address):__vector_offset_default
 *(.vector_57)
                0x000000009d001250                . = ALIGN (0x4)
                0x0000000000000328                __vector_offset_58 = DEFINED (__vector_dispatch_58)?(. - _ebase_address):__vector_offset_default
 *(.vector_58)
                0x000000009d001250                . = ALIGN (0x4)
                0x0000000000000328                __vector_offset_59 = DEFINED (__vector_dispatch_59)?(. - _ebase_address):__vector_offset_default
 *(.vector_59)
                0x000000009d001250                . = ALIGN (0x4)
                0x0000000000000328                __vector_offset_60 = DEFINED (__vector_dispatch_60)?(. - _ebase_address):__vector_offset_default
 *(.vector_60)
                0x000000009d001250                . = ALIGN (0x4)
                0x0000000000000328                __vector_offset_61 = DEFINED (__vector_dispatch_61)?(. - _ebase_address):__vector_offset_default
 *(.vector_61)
                0x000000009d001250                . = ALIGN (0x4)
                0x0000000000000328                __vector_offset_62 = DEFINED (__vector_dispatch_62)?(. - _ebase_address):__vector_offset_default
 *(.vector_62)
                0x000000009d001250                . = ALIGN (0x4)
                0x0000000000000328                __vector_offset_63 = DEFINED (__vector_dispatch_63)?(. - _ebase_address):__vector_offset_default
 *(.vector_63)
                0x000000009d001250                . = ALIGN (0x4)
                0x0000000000000328                __vector_offset_64 = DEFINED (__vector_dispatch_64)?(. - _ebase_address):__vector_offset_default
 *(.vector_64)
                0x000000009d001250                . = ALIGN (0x4)
                0x0000000000000328                __vector_offset_65 = DEFINED (__vector_dispatch_65)?(. - _ebase_address):__vector_offset_default
 *(.vector_65)
                0x000000009d001250                . = ALIGN (0x4)
                0x0000000000000328                __vector_offset_66 = DEFINED (__vector_dispatch_66)?(. - _ebase_address):__vector_offset_default
 *(.vector_66)
                0x000000009d001250                . = ALIGN (0x4)
                0x0000000000000328                __vector_offset_67 = DEFINED (__vector_dispatch_67)?(. - _ebase_address):__vector_offset_default
 *(.vector_67)
                0x000000009d001250                . = ALIGN (0x4)
                0x0000000000000328                __vector_offset_68 = DEFINED (__vector_dispatch_68)?(. - _ebase_address):__vector_offset_default
 *(.vector_68)
                0x000000009d001250                . = ALIGN (0x4)
                0x0000000000000328                __vector_offset_69 = DEFINED (__vector_dispatch_69)?(. - _ebase_address):__vector_offset_default
 *(.vector_69)
                0x000000009d001250                . = ALIGN (0x4)
                0x0000000000000328                __vector_offset_70 = DEFINED (__vector_dispatch_70)?(. - _ebase_address):__vector_offset_default
 *(.vector_70)
                0x000000009d001250                . = ALIGN (0x4)
                0x0000000000000328                __vector_offset_71 = DEFINED (__vector_dispatch_71)?(. - _ebase_address):__vector_offset_default
 *(.vector_71)
                0x000000009d001250                . = ALIGN (0x4)
                0x0000000000000328                __vector_offset_72 = DEFINED (__vector_dispatch_72)?(. - _ebase_address):__vector_offset_default
 *(.vector_72)
                0x000000009d001250                . = ALIGN (0x4)
                0x0000000000000328                __vector_offset_73 = DEFINED (__vector_dispatch_73)?(. - _ebase_address):__vector_offset_default
 *(.vector_73)
                0x000000009d001250                . = ALIGN (0x4)
                0x0000000000000328                __vector_offset_74 = DEFINED (__vector_dispatch_74)?(. - _ebase_address):__vector_offset_default
 *(.vector_74)
                0x000000009d001250                . = ALIGN (0x4)
                0x0000000000000328                __vector_offset_75 = DEFINED (__vector_dispatch_75)?(. - _ebase_address):__vector_offset_default
 *(.vector_75)
                0x000000009d001250                . = ALIGN (0x4)
                0x0000000000000328                __vector_offset_76 = DEFINED (__vector_dispatch_76)?(. - _ebase_address):__vector_offset_default
 *(.vector_76)
                0x000000009d001250                . = ALIGN (0x4)
                0x0000000000000328                __vector_offset_77 = DEFINED (__vector_dispatch_77)?(. - _ebase_address):__vector_offset_default
 *(.vector_77)
                0x000000009d001250                . = ALIGN (0x4)
                0x0000000000000328                __vector_offset_78 = DEFINED (__vector_dispatch_78)?(. - _ebase_address):__vector_offset_default
 *(.vector_78)
                0x000000009d001250                . = ALIGN (0x4)
                0x0000000000000328                __vector_offset_79 = DEFINED (__vector_dispatch_79)?(. - _ebase_address):__vector_offset_default
 *(.vector_79)
                0x000000009d001250                . = ALIGN (0x4)
                0x0000000000000328                __vector_offset_80 = DEFINED (__vector_dispatch_80)?(. - _ebase_address):__vector_offset_default
 *(.vector_80)
                0x000000009d001250                . = ALIGN (0x4)
                0x0000000000000328                __vector_offset_81 = DEFINED (__vector_dispatch_81)?(. - _ebase_address):__vector_offset_default
 *(.vector_81)
                0x000000009d001250                . = ALIGN (0x4)
                0x0000000000000328                __vector_offset_82 = DEFINED (__vector_dispatch_82)?(. - _ebase_address):__vector_offset_default
 *(.vector_82)
                0x000000009d001250                . = ALIGN (0x4)
                0x0000000000000328                __vector_offset_83 = DEFINED (__vector_dispatch_83)?(. - _ebase_address):__vector_offset_default
 *(.vector_83)
                0x000000009d001250                . = ALIGN (0x4)
                0x0000000000000328                __vector_offset_84 = DEFINED (__vector_dispatch_84)?(. - _ebase_address):__vector_offset_default
 *(.vector_84)
                0x000000009d001250                . = ALIGN (0x4)
                0x0000000000000328                __vector_offset_85 = DEFINED (__vector_dispatch_85)?(. - _ebase_address):__vector_offset_default
 *(.vector_85)
                0x000000009d001250                . = ALIGN (0x4)
                0x0000000000000328                __vector_offset_86 = DEFINED (__vector_dispatch_86)?(. - _ebase_address):__vector_offset_default
 *(.vector_86)
                0x000000009d001250                . = ALIGN (0x4)
                0x0000000000000328                __vector_offset_87 = DEFINED (__vector_dispatch_87)?(. - _ebase_address):__vector_offset_default
 *(.vector_87)
                0x000000009d001250                . = ALIGN (0x4)
                0x0000000000000328                __vector_offset_88 = DEFINED (__vector_dispatch_88)?(. - _ebase_address):__vector_offset_default
 *(.vector_88)
                0x000000009d001250                . = ALIGN (0x4)
                0x0000000000000328                __vector_offset_89 = DEFINED (__vector_dispatch_89)?(. - _ebase_address):__vector_offset_default
 *(.vector_89)
                0x000000009d001250                . = ALIGN (0x4)
                0x0000000000000328                __vector_offset_90 = DEFINED (__vector_dispatch_90)?(. - _ebase_address):__vector_offset_default
 *(.vector_90)
                0x000000009d001250                . = ALIGN (0x4)
                0x0000000000000328                __vector_offset_91 = DEFINED (__vector_dispatch_91)?(. - _ebase_address):__vector_offset_default
 *(.vector_91)
                0x000000009d001250                . = ALIGN (0x4)
                0x0000000000000328                __vector_offset_92 = DEFINED (__vector_dispatch_92)?(. - _ebase_address):__vector_offset_default
 *(.vector_92)
                0x000000009d001250                . = ALIGN (0x4)
                0x0000000000000328                __vector_offset_93 = DEFINED (__vector_dispatch_93)?(. - _ebase_address):__vector_offset_default
 *(.vector_93)
                0x000000009d001250                . = ALIGN (0x4)
                0x0000000000000328                __vector_offset_94 = DEFINED (__vector_dispatch_94)?(. - _ebase_address):__vector_offset_default
 *(.vector_94)
                0x000000009d001250                . = ALIGN (0x4)
                0x0000000000000328                __vector_offset_95 = DEFINED (__vector_dispatch_95)?(. - _ebase_address):__vector_offset_default
 *(.vector_95)
                0x000000009d001250                . = ALIGN (0x4)
                0x0000000000000328                __vector_offset_96 = DEFINED (__vector_dispatch_96)?(. - _ebase_address):__vector_offset_default
 *(.vector_96)
                0x000000009d001250                . = ALIGN (0x4)
                0x0000000000000328                __vector_offset_97 = DEFINED (__vector_dispatch_97)?(. - _ebase_address):__vector_offset_default
 *(.vector_97)
                0x000000009d001250                . = ALIGN (0x4)
                0x0000000000000328                __vector_offset_98 = DEFINED (__vector_dispatch_98)?(. - _ebase_address):__vector_offset_default
 *(.vector_98)
                0x000000009d001250                . = ALIGN (0x4)
                0x0000000000000328                __vector_offset_99 = DEFINED (__vector_dispatch_99)?(. - _ebase_address):__vector_offset_default
 *(.vector_99)
                0x000000009d001250                . = ALIGN (0x4)
                0x0000000000000328                __vector_offset_100 = DEFINED (__vector_dispatch_100)?(. - _ebase_address):__vector_offset_default
 *(.vector_100)
                0x000000009d001250                . = ALIGN (0x4)
                0x0000000000000328                __vector_offset_101 = DEFINED (__vector_dispatch_101)?(. - _ebase_address):__vector_offset_default
 *(.vector_101)
                0x000000009d001250                . = ALIGN (0x4)
                0x0000000000000328                __vector_offset_102 = DEFINED (__vector_dispatch_102)?(. - _ebase_address):__vector_offset_default
 *(.vector_102)
                0x000000009d001250                . = ALIGN (0x4)
                0x0000000000000328                __vector_offset_103 = DEFINED (__vector_dispatch_103)?(. - _ebase_address):__vector_offset_default
 *(.vector_103)
                0x000000009d001250                . = ALIGN (0x4)
                0x0000000000000328                __vector_offset_104 = DEFINED (__vector_dispatch_104)?(. - _ebase_address):__vector_offset_default
 *(.vector_104)
                0x000000009d001250                . = ALIGN (0x4)
                0x0000000000000328                __vector_offset_105 = DEFINED (__vector_dispatch_105)?(. - _ebase_address):__vector_offset_default
 *(.vector_105)
                0x000000009d001250                . = ALIGN (0x4)
                0x0000000000000328                __vector_offset_106 = DEFINED (__vector_dispatch_106)?(. - _ebase_address):__vector_offset_default
 *(.vector_106)
                0x000000009d001250                . = ALIGN (0x4)
                0x0000000000000328                __vector_offset_107 = DEFINED (__vector_dispatch_107)?(. - _ebase_address):__vector_offset_default
 *(.vector_107)
                0x000000009d001250                . = ALIGN (0x4)
                0x0000000000000328                __vector_offset_108 = DEFINED (__vector_dispatch_108)?(. - _ebase_address):__vector_offset_default
 *(.vector_108)
                0x000000009d001250                . = ALIGN (0x4)
                0x0000000000000328                __vector_offset_109 = DEFINED (__vector_dispatch_109)?(. - _ebase_address):__vector_offset_default
 *(.vector_109)
                0x000000009d001250                . = ALIGN (0x4)
                0x0000000000000328                __vector_offset_110 = DEFINED (__vector_dispatch_110)?(. - _ebase_address):__vector_offset_default
 *(.vector_110)
                0x000000009d001250                . = ALIGN (0x4)
                0x0000000000000328                __vector_offset_111 = DEFINED (__vector_dispatch_111)?(. - _ebase_address):__vector_offset_default
 *(.vector_111)
                0x000000009d001250                . = ALIGN (0x4)
                0x0000000000000250                __vector_offset_112 = DEFINED (__vector_dispatch_112)?(. - _ebase_address):__vector_offset_default
 *(.vector_112)
 .vector_112    0x000000009d001250        0x8 output\isr.o
                0x000000009d001250                __vector_dispatch_112
                0x000000009d001258                . = ALIGN (0x4)
                0x0000000000000258                __vector_offset_113 = DEFINED (__vector_dispatch_113)?(. - _ebase_address):__vector_offset_default
 *(.vector_113)
 .vector_113    0x000000009d001258        0x8 output\isr.o
                0x000000009d001258                __vector_dispatch_113
                0x000000009d001260                . = ALIGN (0x4)
                0x0000000000000260                __vector_offset_114 = DEFINED (__vector_dispatch_114)?(. - _ebase_address):__vector_offset_default
 *(.vector_114)
 .vector_114    0x000000009d001260        0x8 output\isr.o
                0x000000009d001260                __vector_dispatch_114
                0x000000009d001268                . = ALIGN (0x4)
                0x0000000000000328                __vector_offset_115 = DEFINED (__vector_dispatch_115)?(. - _ebase_address):__vector_offset_default
 *(.vector_115)
                0x000000009d001268                . = ALIGN (0x4)
                0x0000000000000328                __vector_offset_116 = DEFINED (__vector_dispatch_116)?(. - _ebase_address):__vector_offset_default
 *(.vector_116)
                0x000000009d001268                . = ALIGN (0x4)
                0x0000000000000328                __vector_offset_117 = DEFINED (__vector_dispatch_117)?(. - _ebase_address):__vector_offset_default
 *(.vector_117)
                0x000000009d001268                . = ALIGN (0x4)
                0x0000000000000268                __vector_offset_118 = DEFINED (__vector_dispatch_118)?(. - _ebase_address):__vector_offset_default
 *(.vector_118)
 .vector_118    0x000000009d001268        0x8 output\isr.o
                0x000000009d001268                __vector_dispatch_118
                0x000000009d001270                . = ALIGN (0x4)
                0x0000000000000270                __vector_offset_119 = DEFINED (__vector_dispatch_119)?(. - _ebase_address):__vector_offset_default
 *(.vector_119)
 .vector_119    0x000000009d001270        0x8 output\isr.o
                0x000000009d001270                __vector_dispatch_119
                0x000000009d001278                . = ALIGN (0x4)
                0x0000000000000278                __vector_offset_120 = DEFINED (__vector_dispatch_120)?(. - _ebase_address):__vector_offset_default
 *(.vector_120)
 .vector_120    0x000000009d001278        0x8 output\isr.o
                0x000000009d001278                __vector_dispatch_120
                0x000000009d001280                . = ALIGN (0x4)
                0x0000000000000280                __vector_offset_121 = DEFINED (__vector_dispatch_121)?(. - _ebase_address):__vector_offset_default
 *(.vector_121)
 .vector_121    0x000000009d001280        0x8 output\isr.o
                0x000000009d001280                __vector_dispatch_121
                0x000000009d001288                . = ALIGN (0x4)
                0x0000000000000288                __vector_offset_122 = DEFINED (__vector_dispatch_122)?(. - _ebase_address):__vector_offset_default
 *(.vector_122)
 .vector_122    0x000000009d001288        0x8 output\isr.o
                0x000000009d001288                __vector_dispatch_122
                0x000000009d001290                . = ALIGN (0x4)
                0x0000000000000290                __vector_offset_123 = DEFINED (__vector_dispatch_123)?(. - _ebase_address):__vector_offset_default
 *(.vector_123)
 .vector_123    0x000000009d001290        0x8 output\isr.o
                0x000000009d001290                __vector_dispatch_123
                0x000000009d001298                . = ALIGN (0x4)
                0x0000000000000298                __vector_offset_124 = DEFINED (__vector_dispatch_124)?(. - _ebase_address):__vector_offset_default
 *(.vector_124)
 .vector_124    0x000000009d001298        0x8 output\isr.o
                0x000000009d001298                __vector_dispatch_124
                0x000000009d0012a0                . = ALIGN (0x4)
                0x00000000000002a0                __vector_offset_125 = DEFINED (__vector_dispatch_125)?(. - _ebase_address):__vector_offset_default
 *(.vector_125)
 .vector_125    0x000000009d0012a0        0x8 output\isr.o
                0x000000009d0012a0                __vector_dispatch_125
                0x000000009d0012a8                . = ALIGN (0x4)
                0x00000000000002a8                __vector_offset_126 = DEFINED (__vector_dispatch_126)?(. - _ebase_address):__vector_offset_default
 *(.vector_126)
 .vector_126    0x000000009d0012a8        0x8 output\isr.o
                0x000000009d0012a8                __vector_dispatch_126
                0x000000009d0012b0                . = ALIGN (0x4)
                0x00000000000002b0                __vector_offset_127 = DEFINED (__vector_dispatch_127)?(. - _ebase_address):__vector_offset_default
 *(.vector_127)
 .vector_127    0x000000009d0012b0        0x8 output\isr.o
                0x000000009d0012b0                __vector_dispatch_127
                0x000000009d0012b8                . = ALIGN (0x4)
                0x0000000000000328                __vector_offset_128 = DEFINED (__vector_dispatch_128)?(. - _ebase_address):__vector_offset_default
 *(.vector_128)
                0x000000009d0012b8                . = ALIGN (0x4)
                0x0000000000000328                __vector_offset_129 = DEFINED (__vector_dispatch_129)?(. - _ebase_address):__vector_offset_default
 *(.vector_129)
                0x000000009d0012b8                . = ALIGN (0x4)
                0x0000000000000328                __vector_offset_130 = DEFINED (__vector_dispatch_130)?(. - _ebase_address):__vector_offset_default
 *(.vector_130)
                0x000000009d0012b8                . = ALIGN (0x4)
                0x0000000000000328                __vector_offset_131 = DEFINED (__vector_dispatch_131)?(. - _ebase_address):__vector_offset_default
 *(.vector_131)
                0x000000009d0012b8                . = ALIGN (0x4)
                0x00000000000002b8                __vector_offset_132 = DEFINED (__vector_dispatch_132)?(. - _ebase_address):__vector_offset_default
 *(.vector_132)
 .vector_132    0x000000009d0012b8        0x8 output\isr.o
                0x000000009d0012b8                __vector_dispatch_132
                0x000000009d0012c0                . = ALIGN (0x4)
                0x00000000000002c0                __vector_offset_133 = DEFINED (__vector_dispatch_133)?(. - _ebase_address):__vector_offset_default
 *(.vector_133)
 .vector_133    0x000000009d0012c0        0x8 output\isr.o
                0x000000009d0012c0                __vector_dispatch_133
                0x000000009d0012c8                . = ALIGN (0x4)
                0x00000000000002c8                __vector_offset_134 = DEFINED (__vector_dispatch_134)?(. - _ebase_address):__vector_offset_default
 *(.vector_134)
 .vector_134    0x000000009d0012c8        0x8 output\isr.o
                0x000000009d0012c8                __vector_dispatch_134
                0x000000009d0012d0                . = ALIGN (0x4)
                0x00000000000002d0                __vector_offset_135 = DEFINED (__vector_dispatch_135)?(. - _ebase_address):__vector_offset_default
 *(.vector_135)
 .vector_135    0x000000009d0012d0        0x8 output\isr.o
                0x000000009d0012d0                __vector_dispatch_135
                0x000000009d0012d8                . = ALIGN (0x4)
                0x00000000000002d8                __vector_offset_136 = DEFINED (__vector_dispatch_136)?(. - _ebase_address):__vector_offset_default
 *(.vector_136)
 .vector_136    0x000000009d0012d8        0x8 output\isr.o
                0x000000009d0012d8                __vector_dispatch_136
                0x000000009d0012e0                . = ALIGN (0x4)
                0x0000000000000328                __vector_offset_137 = DEFINED (__vector_dispatch_137)?(. - _ebase_address):__vector_offset_default
 *(.vector_137)
                0x000000009d0012e0                . = ALIGN (0x4)
                0x0000000000000328                __vector_offset_138 = DEFINED (__vector_dispatch_138)?(. - _ebase_address):__vector_offset_default
 *(.vector_138)
                0x000000009d0012e0                . = ALIGN (0x4)
                0x0000000000000328                __vector_offset_139 = DEFINED (__vector_dispatch_139)?(. - _ebase_address):__vector_offset_default
 *(.vector_139)
                0x000000009d0012e0                . = ALIGN (0x4)
                0x0000000000000328                __vector_offset_140 = DEFINED (__vector_dispatch_140)?(. - _ebase_address):__vector_offset_default
 *(.vector_140)
                0x000000009d0012e0                . = ALIGN (0x4)
                0x0000000000000328                __vector_offset_141 = DEFINED (__vector_dispatch_141)?(. - _ebase_address):__vector_offset_default
 *(.vector_141)
                0x000000009d0012e0                . = ALIGN (0x4)
                0x00000000000002e0                __vector_offset_142 = DEFINED (__vector_dispatch_142)?(. - _ebase_address):__vector_offset_default
 *(.vector_142)
 .vector_142    0x000000009d0012e0        0x8 output\isr.o
                0x000000009d0012e0                __vector_dispatch_142
                0x000000009d0012e8                . = ALIGN (0x4)
                0x00000000000002e8                __vector_offset_143 = DEFINED (__vector_dispatch_143)?(. - _ebase_address):__vector_offset_default
 *(.vector_143)
 .vector_143    0x000000009d0012e8        0x8 output\isr.o
                0x000000009d0012e8                __vector_dispatch_143
                0x000000009d0012f0                . = ALIGN (0x4)
                0x00000000000002f0                __vector_offset_144 = DEFINED (__vector_dispatch_144)?(. - _ebase_address):__vector_offset_default
 *(.vector_144)
 .vector_144    0x000000009d0012f0        0x8 output\isr.o
                0x000000009d0012f0                __vector_dispatch_144
                0x000000009d0012f8                . = ALIGN (0x4)
                0x00000000000002f8                __vector_offset_145 = DEFINED (__vector_dispatch_145)?(. - _ebase_address):__vector_offset_default
 *(.vector_145)
 .vector_145    0x000000009d0012f8        0x8 output\isr.o
                0x000000009d0012f8                __vector_dispatch_145
                0x000000009d001300                . = ALIGN (0x4)
                0x0000000000000300                __vector_offset_146 = DEFINED (__vector_dispatch_146)?(. - _ebase_address):__vector_offset_default
 *(.vector_146)
 .vector_146    0x000000009d001300        0x8 output\isr.o
                0x000000009d001300                __vector_dispatch_146
                0x000000009d001308                . = ALIGN (0x4)
                0x0000000000000308                __vector_offset_147 = DEFINED (__vector_dispatch_147)?(. - _ebase_address):__vector_offset_default
 *(.vector_147)
 .vector_147    0x000000009d001308        0x8 output\isr.o
                0x000000009d001308                __vector_dispatch_147
                0x000000009d001310                . = ALIGN (0x4)
                0x0000000000000328                __vector_offset_148 = DEFINED (__vector_dispatch_148)?(. - _ebase_address):__vector_offset_default
 *(.vector_148)
                0x000000009d001310                . = ALIGN (0x4)
                0x0000000000000328                __vector_offset_149 = DEFINED (__vector_dispatch_149)?(. - _ebase_address):__vector_offset_default
 *(.vector_149)
                0x000000009d001310                . = ALIGN (0x4)
                0x0000000000000328                __vector_offset_150 = DEFINED (__vector_dispatch_150)?(. - _ebase_address):__vector_offset_default
 *(.vector_150)
                0x000000009d001310                . = ALIGN (0x4)
                0x0000000000000328                __vector_offset_151 = DEFINED (__vector_dispatch_151)?(. - _ebase_address):__vector_offset_default
 *(.vector_151)
                0x000000009d001310                . = ALIGN (0x4)
                0x0000000000000328                __vector_offset_152 = DEFINED (__vector_dispatch_152)?(. - _ebase_address):__vector_offset_default
 *(.vector_152)
                0x000000009d001310                . = ALIGN (0x4)
                0x0000000000000328                __vector_offset_153 = DEFINED (__vector_dispatch_153)?(. - _ebase_address):__vector_offset_default
 *(.vector_153)
                0x000000009d001310                . = ALIGN (0x4)
                0x0000000000000328                __vector_offset_154 = DEFINED (__vector_dispatch_154)?(. - _ebase_address):__vector_offset_default
 *(.vector_154)
                0x000000009d001310                . = ALIGN (0x4)
                0x0000000000000328                __vector_offset_155 = DEFINED (__vector_dispatch_155)?(. - _ebase_address):__vector_offset_default
 *(.vector_155)
                0x000000009d001310                . = ALIGN (0x4)
                0x0000000000000328                __vector_offset_156 = DEFINED (__vector_dispatch_156)?(. - _ebase_address):__vector_offset_default
 *(.vector_156)
                0x000000009d001310                . = ALIGN (0x4)
                0x0000000000000328                __vector_offset_157 = DEFINED (__vector_dispatch_157)?(. - _ebase_address):__vector_offset_default
 *(.vector_157)
                0x000000009d001310                . = ALIGN (0x4)
                0x0000000000000328                __vector_offset_158 = DEFINED (__vector_dispatch_158)?(. - _ebase_address):__vector_offset_default
 *(.vector_158)
                0x000000009d001310                . = ALIGN (0x4)
                0x0000000000000328                __vector_offset_159 = DEFINED (__vector_dispatch_159)?(. - _ebase_address):__vector_offset_default
 *(.vector_159)
                0x000000009d001310                . = ALIGN (0x4)
                0x0000000000000328                __vector_offset_160 = DEFINED (__vector_dispatch_160)?(. - _ebase_address):__vector_offset_default
 *(.vector_160)
                0x000000009d001310                . = ALIGN (0x4)
                0x0000000000000328                __vector_offset_161 = DEFINED (__vector_dispatch_161)?(. - _ebase_address):__vector_offset_default
 *(.vector_161)
                0x000000009d001310                . = ALIGN (0x4)
                0x0000000000000328                __vector_offset_162 = DEFINED (__vector_dispatch_162)?(. - _ebase_address):__vector_offset_default
 *(.vector_162)
                0x000000009d001310                . = ALIGN (0x4)
                0x0000000000000310                __vector_offset_163 = DEFINED (__vector_dispatch_163)?(. - _ebase_address):__vector_offset_default
 *(.vector_163)
 .vector_163    0x000000009d001310        0x8 output\isr.o
                0x000000009d001310                __vector_dispatch_163
                0x000000009d001318                . = ALIGN (0x4)
                0x0000000000000318                __vector_offset_164 = DEFINED (__vector_dispatch_164)?(. - _ebase_address):__vector_offset_default
 *(.vector_164)
 .vector_164    0x000000009d001318        0x8 output\isr.o
                0x000000009d001318                __vector_dispatch_164
                0x000000009d001320                . = ALIGN (0x4)
                0x0000000000000320                __vector_offset_165 = DEFINED (__vector_dispatch_165)?(. - _ebase_address):__vector_offset_default
 *(.vector_165)
 .vector_165    0x000000009d001320        0x8 output\isr.o
                0x000000009d001320                __vector_dispatch_165
                0x000000009d001328                . = ALIGN (0x4)
                0x0000000000000328                __vector_offset_166 = DEFINED (__vector_dispatch_166)?(. - _ebase_address):__vector_offset_default
 *(.vector_166)
                0x000000009d001328                . = ALIGN (0x4)
                0x0000000000000328                __vector_offset_167 = DEFINED (__vector_dispatch_167)?(. - _ebase_address):__vector_offset_default
 *(.vector_167)
                0x000000009d001328                . = ALIGN (0x4)
                0x0000000000000328                __vector_offset_168 = DEFINED (__vector_dispatch_168)?(. - _ebase_address):__vector_offset_default
 *(.vector_168)
                0x000000009d001328                . = ALIGN (0x4)
                0x0000000000000328                __vector_offset_169 = DEFINED (__vector_dispatch_169)?(. - _ebase_address):__vector_offset_default
 *(.vector_169)
                0x000000009d001328                . = ALIGN (0x4)
                0x0000000000000328                __vector_offset_170 = DEFINED (__vector_dispatch_170)?(. - _ebase_address):__vector_offset_default
 *(.vector_170)
                0x000000009d001328                . = ALIGN (0x4)
                0x0000000000000328                __vector_offset_171 = DEFINED (__vector_dispatch_171)?(. - _ebase_address):__vector_offset_default
 *(.vector_171)
                0x000000009d001328                . = ALIGN (0x4)
                0x0000000000000328                __vector_offset_172 = DEFINED (__vector_dispatch_172)?(. - _ebase_address):__vector_offset_default
 *(.vector_172)
                0x000000009d001328                . = ALIGN (0x4)
                0x0000000000000328                __vector_offset_173 = DEFINED (__vector_dispatch_173)?(. - _ebase_address):__vector_offset_default
 *(.vector_173)
                0x000000009d001328                . = ALIGN (0x4)
                0x0000000000000328                __vector_offset_174 = DEFINED (__vector_dispatch_174)?(. - _ebase_address):__vector_offset_default
 *(.vector_174)
                0x000000009d001328                . = ALIGN (0x4)
                0x0000000000000328                __vector_offset_175 = DEFINED (__vector_dispatch_175)?(. - _ebase_address):__vector_offset_default
 *(.vector_175)
                0x000000009d001328                . = ALIGN (0x4)
                0x0000000000000328                __vector_offset_176 = DEFINED (__vector_dispatch_176)?(. - _ebase_address):__vector_offset_default
 *(.vector_176)
                0x000000009d001328                . = ALIGN (0x4)
                0x0000000000000328                __vector_offset_177 = DEFINED (__vector_dispatch_177)?(. - _ebase_address):__vector_offset_default
 *(.vector_177)
                0x000000009d001328                . = ALIGN (0x4)
                0x0000000000000328                __vector_offset_178 = DEFINED (__vector_dispatch_178)?(. - _ebase_address):__vector_offset_default
 *(.vector_178)
                0x000000009d001328                . = ALIGN (0x4)
                0x0000000000000328                __vector_offset_179 = DEFINED (__vector_dispatch_179)?(. - _ebase_address):__vector_offset_default
 *(.vector_179)
                0x000000009d001328                . = ALIGN (0x4)
                0x0000000000000328                __vector_offset_180 = DEFINED (__vector_dispatch_180)?(. - _ebase_address):__vector_offset_default
 *(.vector_180)
                0x000000009d001328                . = ALIGN (0x4)
                0x0000000000000328                __vector_offset_181 = DEFINED (__vector_dispatch_181)?(. - _ebase_address):__vector_offset_default
 *(.vector_181)
                0x000000009d001328                . = ALIGN (0x4)
                0x0000000000000328                __vector_offset_182 = DEFINED (__vector_dispatch_182)?(. - _ebase_address):__vector_offset_default
 *(.vector_182)
                0x000000009d001328                . = ALIGN (0x4)
                0x0000000000000328                __vector_offset_183 = DEFINED (__vector_dispatch_183)?(. - _ebase_address):__vector_offset_default
 *(.vector_183)
                0x000000009d001328                . = ALIGN (0x4)
                0x0000000000000328                __vector_offset_184 = DEFINED (__vector_dispatch_184)?(. - _ebase_address):__vector_offset_default
 *(.vector_184)
                0x000000009d001328                . = ALIGN (0x4)
                0x0000000000000328                __vector_offset_185 = DEFINED (__vector_dispatch_185)?(. - _ebase_address):__vector_offset_default
 *(.vector_185)
                0x000000009d001328                . = ALIGN (0x4)
                0x0000000000000328                __vector_offset_186 = DEFINED (__vector_dispatch_186)?(. - _ebase_address):__vector_offset_default
 *(.vector_186)
                0x000000009d001328                . = ALIGN (0x4)
                0x0000000000000328                __vector_offset_187 = DEFINED (__vector_dispatch_187)?(. - _ebase_address):__vector_offset_default
 *(.vector_187)
                0x000000009d001328                . = ALIGN (0x4)
                0x0000000000000328                __vector_offset_188 = DEFINED (__vector_dispatch_188)?(. - _ebase_address):__vector_offset_default
 *(.vector_188)
                0x000000009d001328                . = ALIGN (0x4)
                0x0000000000000328                __vector_offset_189 = DEFINED (__vector_dispatch_189)?(. - _ebase_address):__vector_offset_default
 *(.vector_189)
                0x000000009d001328                . = ALIGN (0x4)
                0x0000000000000328                __vector_offset_190 = DEFINED (__vector_dispatch_190)?(. - _ebase_address):__vector_offset_default
 *(.vector_190)
                0x000000009d001328                . = ALIGN (0x4)
                0x0000000000000328                __vector_offset_191 = DEFINED (__vector_dispatch_191)?(. - _ebase_address):__vector_offset_default
 *(.vector_191)
                0x000000009d001328                . = ALIGN (0x4)
                0x0000000000000328                __vector_offset_192 = DEFINED (__vector_dispatch_192)?(. - _ebase_address):__vector_offset_default
 *(.vector_192)
                0x000000009d001328                . = ALIGN (0x4)
                0x0000000000000328                __vector_offset_193 = DEFINED (__vector_dispatch_193)?(. - _ebase_address):__vector_offset_default
 *(.vector_193)
                0x000000009d001328                . = ALIGN (0x4)
                0x0000000000000328                __vector_offset_194 = DEFINED (__vector_dispatch_194)?(. - _ebase_address):__vector_offset_default
 *(.vector_194)
                0x000000009d001328                . = ALIGN (0x4)
                0x0000000000000328                __vector_offset_195 = DEFINED (__vector_dispatch_195)?(. - _ebase_address):__vector_offset_default
 *(.vector_195)
                0x000000009d001328                . = ALIGN (0x4)
                0x0000000000000328                __vector_offset_196 = DEFINED (__vector_dispatch_196)?(. - _ebase_address):__vector_offset_default
 *(.vector_196)
                0x000000009d001328                . = ALIGN (0x4)
                0x0000000000000328                __vector_offset_197 = DEFINED (__vector_dispatch_197)?(. - _ebase_address):__vector_offset_default
 *(.vector_197)
                0x000000009d001328                . = ALIGN (0x4)
                0x0000000000000328                __vector_offset_198 = DEFINED (__vector_dispatch_198)?(. - _ebase_address):__vector_offset_default
 *(.vector_198)
                0x000000009d001328                . = ALIGN (0x4)
                0x0000000000000328                __vector_offset_199 = DEFINED (__vector_dispatch_199)?(. - _ebase_address):__vector_offset_default
 *(.vector_199)
                0x000000009d001328                . = ALIGN (0x4)
                0x0000000000000328                __vector_offset_200 = DEFINED (__vector_dispatch_200)?(. - _ebase_address):__vector_offset_default
 *(.vector_200)
                0x000000009d001328                . = ALIGN (0x4)
                0x0000000000000328                __vector_offset_201 = DEFINED (__vector_dispatch_201)?(. - _ebase_address):__vector_offset_default
 *(.vector_201)
                0x000000009d001328                . = ALIGN (0x4)
                0x0000000000000328                __vector_offset_202 = DEFINED (__vector_dispatch_202)?(. - _ebase_address):__vector_offset_default
 *(.vector_202)
                0x000000009d001328                . = ALIGN (0x4)
                0x0000000000000328                __vector_offset_203 = DEFINED (__vector_dispatch_203)?(. - _ebase_address):__vector_offset_default
 *(.vector_203)
                0x000000009d001328                . = ALIGN (0x4)
                0x0000000000000328                __vector_offset_204 = DEFINED (__vector_dispatch_204)?(. - _ebase_address):__vector_offset_default
 *(.vector_204)
                0x000000009d001328                . = ALIGN (0x4)
                0x0000000000000328                __vector_offset_205 = DEFINED (__vector_dispatch_205)?(. - _ebase_address):__vector_offset_default
 *(.vector_205)
                0x000000009d001328                . = ALIGN (0x4)
                0x0000000000000328                __vector_offset_206 = DEFINED (__vector_dispatch_206)?(. - _ebase_address):__vector_offset_default
 *(.vector_206)
                0x000000009d001328                . = ALIGN (0x4)
                0x0000000000000328                __vector_offset_207 = DEFINED (__vector_dispatch_207)?(. - _ebase_address):__vector_offset_default
 *(.vector_207)
                0x000000009d001328                . = ALIGN (0x4)
                0x0000000000000328                __vector_offset_208 = DEFINED (__vector_dispatch_208)?(. - _ebase_address):__vector_offset_default
 *(.vector_208)
                0x000000009d001328                . = ALIGN (0x4)
                0x0000000000000328                __vector_offset_209 = DEFINED (__vector_dispatch_209)?(. - _ebase_address):__vector_offset_default
 *(.vector_209)
                0x000000009d001328                . = ALIGN (0x4)
                0x0000000000000328                __vector_offset_210 = DEFINED (__vector_dispatch_210)?(. - _ebase_address):__vector_offset_default
 *(.vector_210)
                0x000000009d001328                . = ALIGN (0x4)
                0x0000000000000328                __vector_offset_211 = DEFINED (__vector_dispatch_211)?(. - _ebase_address):__vector_offset_default
 *(.vector_211)
                0x000000009d001328                . = ALIGN (0x4)
                0x0000000000000328                __vector_offset_212 = DEFINED (__vector_dispatch_212)?(. - _ebase_address):__vector_offset_default
 *(.vector_212)
                0x000000009d001328                . = ALIGN (0x4)
                0x0000000000000328                __vector_offset_213 = DEFINED (__vector_dispatch_213)?(. - _ebase_address):__vector_offset_default
 *(.vector_213)
                0x000000009d001328                . = ALIGN (0x4)
                0x0000000000000328                __vector_offset_214 = DEFINED (__vector_dispatch_214)?(. - _ebase_address):__vector_offset_default
 *(.vector_214)
                0x000000009d001328                . = ALIGN (0x4)
                0x0000000000000328                __vector_offset_215 = DEFINED (__vector_dispatch_215)?(. - _ebase_address):__vector_offset_default
 *(.vector_215)
                0x000000009d001328                . = ALIGN (0x4)
                0x0000000000000328                __vector_offset_216 = DEFINED (__vector_dispatch_216)?(. - _ebase_address):__vector_offset_default
 *(.vector_216)
                0x000000009d001328                . = ALIGN (0x4)
                0x0000000000000328                __vector_offset_217 = DEFINED (__vector_dispatch_217)?(. - _ebase_address):__vector_offset_default
 *(.vector_217)
                0x000000009d001328                . = ALIGN (0x4)
                0x0000000000000328                __vector_offset_218 = DEFINED (__vector_dispatch_218)?(. - _ebase_address):__vector_offset_default
 *(.vector_218)
                0x000000009d001328                . = ALIGN (0x4)
                0x0000000000000328                __vector_offset_219 = DEFINED (__vector_dispatch_219)?(. - _ebase_address):__vector_offset_default
 *(.vector_219)
                0x000000009d001328                . = ALIGN (0x4)
                0x0000000000000328                __vector_offset_220 = DEFINED (__vector_dispatch_220)?(. - _ebase_address):__vector_offset_default
 *(.vector_220)
                0x000000009d001328                . = ALIGN (0x4)
                0x0000000000000328                __vector_offset_221 = DEFINED (__vector_dispatch_221)?(. - _ebase_address):__vector_offset_default
 *(.vector_221)
                0x000000009d001328                . = ALIGN (0x4)
                0x0000000000000328                __vector_offset_222 = DEFINED (__vector_dispatch_222)?(. - _ebase_address):__vector_offset_default
 *(.vector_222)
                0x000000009d001328                . = ALIGN (0x4)
                0x0000000000000328                __vector_offset_223 = DEFINED (__vector_dispatch_223)?(. - _ebase_address):__vector_offset_default
 *(.vector_223)
                0x000000009d001328                . = ALIGN (0x4)
                0x0000000000000328                __vector_offset_224 = DEFINED (__vector_dispatch_224)?(. - _ebase_address):__vector_offset_default
 *(.vector_224)
                0x000000009d001328                . = ALIGN (0x4)
                0x0000000000000328                __vector_offset_225 = DEFINED (__vector_dispatch_225)?(. - _ebase_address):__vector_offset_default
 *(.vector_225)
                0x000000009d001328                . = ALIGN (0x4)
                0x0000000000000328                __vector_offset_226 = DEFINED (__vector_dispatch_226)?(. - _ebase_address):__vector_offset_default
 *(.vector_226)
                0x000000009d001328                . = ALIGN (0x4)
                0x0000000000000328                __vector_offset_227 = DEFINED (__vector_dispatch_227)?(. - _ebase_address):__vector_offset_default
 *(.vector_227)
                0x000000009d001328                . = ALIGN (0x4)
                0x0000000000000328                __vector_offset_228 = DEFINED (__vector_dispatch_228)?(. - _ebase_address):__vector_offset_default
 *(.vector_228)
                0x000000009d001328                . = ALIGN (0x4)
                0x0000000000000328                __vector_offset_229 = DEFINED (__vector_dispatch_229)?(. - _ebase_address):__vector_offset_default
 *(.vector_229)
                0x000000009d001328                . = ALIGN (0x4)
                0x0000000000000328                __vector_offset_230 = DEFINED (__vector_dispatch_230)?(. - _ebase_address):__vector_offset_default
 *(.vector_230)
                0x000000009d001328                . = ALIGN (0x4)
                0x0000000000000328                __vector_offset_231 = DEFINED (__vector_dispatch_231)?(. - _ebase_address):__vector_offset_default
 *(.vector_231)
                0x000000009d001328                . = ALIGN (0x4)
                0x0000000000000328                __vector_offset_232 = DEFINED (__vector_dispatch_232)?(. - _ebase_address):__vector_offset_default
 *(.vector_232)
                0x000000009d001328                . = ALIGN (0x4)
                0x0000000000000328                __vector_offset_233 = DEFINED (__vector_dispatch_233)?(. - _ebase_address):__vector_offset_default
 *(.vector_233)
                0x000000009d001328                . = ALIGN (0x4)
                0x0000000000000328                __vector_offset_234 = DEFINED (__vector_dispatch_234)?(. - _ebase_address):__vector_offset_default
 *(.vector_234)
                0x000000009d001328                . = ALIGN (0x4)
                0x0000000000000328                __vector_offset_235 = DEFINED (__vector_dispatch_235)?(. - _ebase_address):__vector_offset_default
 *(.vector_235)
                0x000000009d001328                . = ALIGN (0x4)
                0x0000000000000328                __vector_offset_236 = DEFINED (__vector_dispatch_236)?(. - _ebase_address):__vector_offset_default
 *(.vector_236)
                0x000000009d001328                . = ALIGN (0x4)
                0x0000000000000328                __vector_offset_237 = DEFINED (__vector_dispatch_237)?(. - _ebase_address):__vector_offset_default
 *(.vector_237)
                0x000000009d001328                . = ALIGN (0x4)
                0x0000000000000328                __vector_offset_238 = DEFINED (__vector_dispatch_238)?(. - _ebase_address):__vector_offset_default
 *(.vector_238)
                0x000000009d001328                . = ALIGN (0x4)
                0x0000000000000328                __vector_offset_239 = DEFINED (__vector_dispatch_239)?(. - _ebase_address):__vector_offset_default
 *(.vector_239)
                0x000000009d001328                . = ALIGN (0x4)
                0x0000000000000328                __vector_offset_240 = DEFINED (__vector_dispatch_240)?(. - _ebase_address):__vector_offset_default
 *(.vector_240)
                0x000000009d001328                . = ALIGN (0x4)
                0x0000000000000328                __vector_offset_241 = DEFINED (__vector_dispatch_241)?(. - _ebase_address):__vector_offset_default
 *(.vector_241)
                0x000000009d001328                . = ALIGN (0x4)
                0x0000000000000328                __vector_offset_242 = DEFINED (__vector_dispatch_242)?(. - _ebase_address):__vector_offset_default
 *(.vector_242)
                0x000000009d001328                . = ALIGN (0x4)
                0x0000000000000328                __vector_offset_243 = DEFINED (__vector_dispatch_243)?(. - _ebase_address):__vector_offset_default
 *(.vector_243)
                0x000000009d001328                . = ALIGN (0x4)
                0x0000000000000328                __vector_offset_244 = DEFINED (__vector_dispatch_244)?(. - _ebase_address):__vector_offset_default
 *(.vector_244)
                0x000000009d001328                . = ALIGN (0x4)
                0x0000000000000328                __vector_offset_245 = DEFINED (__vector_dispatch_245)?(. - _ebase_address):__vector_offset_default
 *(.vector_245)
                0x000000009d001328                . = ALIGN (0x4)
                0x0000000000000328                __vector_offset_246 = DEFINED (__vector_dispatch_246)?(. - _ebase_address):__vector_offset_default
 *(.vector_246)
                0x000000009d001328                . = ALIGN (0x4)
                0x0000000000000328                __vector_offset_247 = DEFINED (__vector_dispatch_247)?(. - _ebase_address):__vector_offset_default
 *(.vector_247)
                0x000000009d001328                . = ALIGN (0x4)
                0x0000000000000328                __vector_offset_248 = DEFINED (__vector_dispatch_248)?(. - _ebase_address):__vector_offset_default
 *(.vector_248)
                0x000000009d001328                . = ALIGN (0x4)
                0x0000000000000328                __vector_offset_249 = DEFINED (__vector_dispatch_249)?(. - _ebase_address):__vector_offset_default
 *(.vector_249)
                0x000000009d001328                . = ALIGN (0x4)
                0x0000000000000328                __vector_offset_250 = DEFINED (__vector_dispatch_250)?(. - _ebase_address):__vector_offset_default
 *(.vector_250)
                0x000000009d001328                . = ALIGN (0x4)
                0x0000000000000328                __vector_offset_251 = DEFINED (__vector_dispatch_251)?(. - _ebase_address):__vector_offset_default
 *(.vector_251)
                0x000000009d001328                . = ALIGN (0x4)
                0x0000000000000328                __vector_offset_252 = DEFINED (__vector_dispatch_252)?(. - _ebase_address):__vector_offset_default
 *(.vector_252)
                0x000000009d001328                . = ALIGN (0x4)
                0x0000000000000328                __vector_offset_253 = DEFINED (__vector_dispatch_253)?(. - _ebase_address):__vector_offset_default
 *(.vector_253)
                0x000000009d001328                . = ALIGN (0x4)
                0x0000000000000328                __vector_offset_254 = DEFINED (__vector_dispatch_254)?(. - _ebase_address):__vector_offset_default
 *(.vector_254)
                0x000000009d001328                . = ALIGN (0x4)
                0x0000000000000328                __vector_offset_255 = DEFINED (__vector_dispatch_255)?(. - _ebase_address):__vector_offset_default
 *(.vector_255)
                0x000000009d001328                . = ALIGN (0x4)
                0x0000000000000328                __vector_offset_default = (. - _ebase_address)
 *(.vector_default)
 .vector_default
                0x000000009d001328       0x48 c:/program files/microchip/xc32/v4.20/bin/bin/../../lib/gcc/pic32mx/8.3.1/../../../../pic32mx/lib\libpic32.a(defaultinterrupt.o)
                0x000000009d001328                _DefaultInterrupt

.text           0x000000009d001370        0x0
 *(.stub .gnu.linkonce.t.*)
 *(.text.*personality*)
 *(.mips16.fn.*)
 *(.mips16.call.*)
 *(.gnu.warning)
                0x000000009d001370                . = ALIGN (0x4)

.init           0x000000009d001370        0x0
 *crti.o(.init)
 *crtbegin.o(.init)
 *(EXCLUDE_FILE(*crtn.o *crtend?.o *crtend.o) .init)
 *crtend.o(.init)
 *crtn.o(.init)
                0x000000009d001370                . = ALIGN (0x4)

.fini           0x000000009d001370        0x0
 *(.fini)
                0x000000009d001370                . = ALIGN (0x4)

.preinit_array  0x000000009d001370        0x0
                [!provide]                        PROVIDE (__preinit_array_start = .)
 *(.preinit_array)
                [!provide]                        PROVIDE (__preinit_array_end = .)
                0x000000009d001370                . = ALIGN (0x4)

.init_array     0x000000009d001370        0x0
                [!provide]                        PROVIDE (__init_array_start = .)
 *(SORT_BY_NAME(.init_array.*))
 *(.init_array)
                [!provide]                        PROVIDE (__init_array_end = .)
                0x000000009d001370                . = ALIGN (0x4)

.fini_array     0x000000009d001370        0x0
                [!provide]                        PROVIDE (__fini_array_start = .)
 *(SORT_BY_NAME(.fini_array.*))
 *(.fini_array)
                [!provide]                        PROVIDE (__fini_array_end = .)
                0x000000009d001370                . = ALIGN (0x4)

.ctors          0x000000009d001370        0x0
 *crtbegin.o(.ctors)
 *crtbegin?.o(.ctors)
 *(EXCLUDE_FILE(*crtend?.o *crtend.o) .ctors)
 *(SORT_BY_NAME(.ctors.*))
 *(.ctors)
                0x000000009d001370                . = ALIGN (0x4)

.dtors          0x000000009d001370        0x0
 *crtbegin.o(.dtors)
 *crtbegin?.o(.dtors)
 *(EXCLUDE_FILE(*crtend?.o *crtend.o) .dtors)
 *(SORT_BY_NAME(.dtors.*))
 *(.dtors)
                0x000000009d001370                . = ALIGN (0x4)

.rodata         0x000000009d001370        0x0
 *(.gnu.linkonce.r.*)
 *(.rodata1)
                0x000000009d001370                . = ALIGN (0x4)

.sdata2         0x000000009d001370        0x0
 *(.sdata2 .sdata2.* .gnu.linkonce.s2.*)
                0x000000009d001370                . = ALIGN (0x4)

.sbss2          0x000000009d001370        0x0
 *(.sbss2 .sbss2.* .gnu.linkonce.sb2.*)
                0x000000009d001370                . = ALIGN (0x4)

.eh_frame_hdr
 *(.eh_frame_hdr)
                0x000000009d001370                . = ALIGN (0x4)

.eh_frame
 *(.eh_frame)
                0x000000009d001370                . = ALIGN (0x4)

.gcc_except_table
 *(.gcc_except_table .gcc_except_table.*)
                0x000000009d001370                . = ALIGN (0x4)

.jcr            0x0000000080000000        0x0
 *(.jcr)
                0x0000000080000000                . = ALIGN (0x4)

.eh_frame
 *(.eh_frame)
                0x0000000080000000                . = ALIGN (0x4)

.gcc_except_table
 *(.gcc_except_table .gcc_except_table.*)
                0x0000000080000000                . = ALIGN (0x4)

.persist        0x0000000080000000        0x0
                0x0000000080000000                _persist_begin = .
 *(.persist .persist.*)
                0x0000000080000000                . = ALIGN (0x4)
                0x0000000080000000                _persist_end = .

.data           0x0000000080000000        0x0
 *(.gnu.linkonce.d.*)
 *(.data1)
                0x0000000080000000                . = ALIGN (0x4)
                0x0000000080000000                . = .
                0x0000000080007ff0                _gp = (ALIGN (0x10) + 0x7ff0)

.got            0x0000000080000000        0x0
 *(.got.plt)
 *(.got)
                0x0000000080000000                . = ALIGN (0x4)

.sdata          0x0000000080000000       0x80
                0x0000000080000000                _sdata_begin = .
 *(.sdata .sdata.* .gnu.linkonce.s.*)
 .sdata         0x0000000080000000        0x4 output\eep_manager.o
 .sdata         0x0000000080000004        0x1 output\app.o
 .sdata         0x0000000080000005        0x1 output\grbl_limits.o
                0x0000000080000005                limits_disabled
 *fill*         0x0000000080000006        0x2 
 .sdata         0x0000000080000008        0x4 output\system.o
                0x0000000080000008                grbl_serial_number
 .sdata         0x000000008000000c        0x4 output\grbl_homing.o
                0x000000008000000c                pl_data
 .sdata         0x0000000080000010        0x8 output\pwm.o
                0x0000000080000010                maxFreq
                0x0000000080000014                maxDuty
 .sdata         0x0000000080000018        0x4 output\dee.o
                0x000000008000001b                dee_debug_enable
 .sdata         0x000000008000001c        0x8 output\stepper_enable.o
                0x000000008000001c                stepper_enable_delayed_enabling_single_shoot
                0x0000000080000020                stepper_enable_emergency_stop_active
 .sdata         0x0000000080000024        0x4 output\grbl_eeprom.o
                0x0000000080000024                grbl_eeprom_trigger_prev
                0x0000000080000025                grbl_serial_eep_error_single_shoot
                0x0000000080000026                backup_eep_error_single_shoot
                0x0000000080000027                master_eep_error_single_shoot
 .sdata         0x0000000080000028        0x1 output\grbl_running.o
                0x0000000080000028                grbl_running_appSingleShoot
 *fill*         0x0000000080000029        0x3 
 .sdata         0x000000008000002c        0x6 output\ethernet.o
                0x000000008000002c                SerializedMACAddress
 .sdata         0x0000000080000032        0x2 output\ENC28J60.o
                0x0000000080000032                ENC28J60_CKE
                0x0000000080000033                ENC28J60_SMP
 .sdata         0x0000000080000034        0x4 output\Helpers.o
 SIST$          0x0000000080000038        0x2 output\UDP.o
 *fill*         0x000000008000003a        0x2 
 .sdata         0x000000008000003c        0x8 output\ethernet_grbl_multi.o
                0x000000008000003c                addrlen
                0x0000000080000040                serverPort
 .sdata         0x0000000080000044        0x1 output\Reboot.o
 .sdata         0x0000000080000045        0x2 output\TCP.o
 *fill*         0x0000000080000047        0x1 
 .sdata         0x0000000080000048        0x6 output\BerkeleyAPI.o
 *fill*         0x000000008000004e        0x2 
 .sdata         0x0000000080000050        0x8 output\stackmeasure.o
                0x0000000080000050                stackmeasure_to
                0x0000000080000054                stackmeasure_from
 .sdata         0x0000000080000058        0x1 output\sleep.o
                0x0000000080000058                sleepGetMainLoopRun_result
 .sdata         0x0000000080000059        0x1 output\spi2.o
                0x0000000080000059                spi2_mode_32_16_8
 *fill*         0x000000008000005a        0x2 
 .sdata         0x000000008000005c       0x24 c:/program files/microchip/xc32/v4.20/bin/bin/../../lib/gcc/pic32mx/8.3.1/../../../../pic32mx/lib\libpic32.a(pic32_init_cache.o)
                0x000000008000005c                __pic32_icache_size
                0x0000000080000060                __pic32_icache_linesize
                0x0000000080000064                __pic32_icache_ways
                0x0000000080000068                __pic32_dcache_size
                0x000000008000006c                __pic32_dcache_linesize
                0x0000000080000070                __pic32_dcache_ways
                0x0000000080000074                __pic32_scache_size
                0x0000000080000078                __pic32_scache_linesize
                0x000000008000007c                __pic32_scache_ways
                0x0000000080000080                . = ALIGN (0x4)
                0x0000000080000080                _sdata_end = .

.lit8
 *(.lit8)

.lit4
 *(.lit4)
                0x0000000080000080                . = ALIGN (0x4)
                0x0000000080000080                _data_end = .
                0x0000000080000080                _bss_begin = .

.sbss           0x0000000080000080      0x44c
                0x0000000080000080                _sbss_begin = .
 *(.dynsbss)
 *(.sbss .sbss.* .gnu.linkonce.sb.*)
 .sbss          0x0000000080000080       0x20 output\tmr.o
                0x0000000080000088                tmr_stop_watchdog_triggering
                0x000000008000008c                ptrListCnt
                0x0000000080000098                globalTimeUs
                0x000000008000009c                globalTime
 .sbss          0x00000000800000a0        0xc output\task.o
                0x00000000800000a0                taskListsPtr
                0x00000000800000a4                doTaskListGuard
                0x00000000800000a5                doTaskList1ms
                0x00000000800000a8                tasksTotalTime
 .sbss          0x00000000800000ac        0xc output\eeprom.o
                0x00000000800000ac                do_eeprom_1ms
                0x00000000800000b0                eeprom_write_buffer_read_cnt
                0x00000000800000b4                eeprom_write_buffer_write_cnt
 .sbss          0x00000000800000b8       0x20 output\eep_manager.o
                0x00000000800000c9                do_eep_manager_1ms
                0x00000000800000cc                eep_manager_persistent_eeprom_2
                0x00000000800000d0                eep_manager_persistent_eeprom
                0x00000000800000d4                eep_manager_persistent_config
 .sbss          0x00000000800000d8       0x25 output\main.o
                0x00000000800000e4                SPI2_LOCK_COLLISION_CALLOUT_cnt
                0x00000000800000e8                loopCntHistoryCnt
                0x00000000800000ec                loopCntHistoryLast
                0x00000000800000f0                tick_count
                0x00000000800000f4                loopCnt
                0x00000000800000f8                loopCntTemp
                0x00000000800000fc                do_loopCnt
 *fill*         0x00000000800000fd        0x3 
 .sbss          0x0000000080000100       0x14 output\app.o
                0x0000000080000104                do_app_1min
                0x0000000080000108                app_dwSNTPSeconds
                0x000000008000010c                app_sntp_user_called
                0x000000008000010d                do_app_1ms
                0x0000000080000110                app_State
 .sbss          0x0000000080000114        0x2 output\ad.o
                0x0000000080000115                doAdTrigger
 *fill*         0x0000000080000116        0x2 
 .sbss          0x0000000080000118       0x18 output\grbl_gcode.o
                0x0000000080000118                axis_1
                0x0000000080000119                axis_0
                0x000000008000011a                coord_select
                0x000000008000011b                axis_linear
                0x000000008000011c                ijk_words
                0x000000008000011e                command_words
                0x0000000080000120                value_words
                0x0000000080000122                axis_command
                0x0000000080000123                axis_words
                0x0000000080000124                gc_parser_flags
                0x0000000080000128                grbl_Tool_Length_2
                0x000000008000012c                grbl_Tool_Length_1
 .sbss          0x0000000080000130        0xc output\grbl_limits.o
                0x0000000080000130                logger_limits_get_state_prev
                0x0000000080000131                limits_get_state_debug
                0x0000000080000132                limits_get_state_current
                0x0000000080000133                limits_get_state_last
                0x0000000080000134                do_limits_polling
                0x0000000080000138                do_limits_1ms
 .sbss          0x000000008000013c        0x2 output\motion_control.o
                0x000000008000013c                count
                0x000000008000013d                do_ArcGenerating
 .sbss          0x000000008000013e        0x3 output\nuts_bolts.o
                0x000000008000013e                grbl_not_existing_lat
                0x000000008000013f                grbl_not_existing_port
                0x0000000080000140                grbl_not_existing_tris
 *fill*         0x0000000080000141        0x3 
 .sbss          0x0000000080000144       0x40 output\grbl_report.o
                0x000000008000014c                do_grbl_report_50ms_cnt
                0x0000000080000150                grbl_report_sys_log_1_state
                0x0000000080000154                grbl_report_sys_log_0_state
                0x0000000080000158                grbl_report_xterm
                0x000000008000015c                grbl_report_add_term
                0x0000000080000160                grbl_report_eeprom_dump_state
                0x0000000080000164                buffer_missed_char_logger_cnt
                0x0000000080000168                do_grbl_report_50ms
                0x000000008000016c                grbl_report_eeprom_dump
                0x0000000080000170                grbl_report_sys_log_4
                0x0000000080000174                grbl_report_sys_log_3
                0x0000000080000178                grbl_report_sys_log_2
                0x000000008000017c                grbl_report_sys_log_1
                0x0000000080000180                grbl_report_sys_log_0
 .sbss          0x0000000080000184        0x1 output\settings.o
                0x0000000080000184                eep_settings_version
 *fill*         0x0000000080000185        0x3 
 .sbss          0x0000000080000188        0x4 output\spindle_control.o
                0x0000000080000188                spindle_debug_last_pwm_val
 .sbss          0x000000008000018c        0x7 output\stepper.o
                0x000000008000018c                isStepperRunning
                0x000000008000018d                stepper_busy
                0x000000008000018e                dir_port_invert_mask
                0x000000008000018f                step_port_invert_mask
                0x0000000080000190                segment_next_head
                0x0000000080000191                segment_buffer_head
                0x0000000080000192                segment_buffer_tail
 *fill*         0x0000000080000193        0x1 
 .sbss          0x0000000080000194       0x10 output\system.o
                0x0000000080000194                system_lastState
                0x0000000080000195                restore_condition
                0x0000000080000198                restore_spindle_speed
                0x000000008000019c                sys_rt_exec_accessory_override
                0x000000008000019d                sys_rt_exec_motion_override
                0x00000000800001a0                grbl_system_sm
 .sbss          0x00000000800001a4        0x4 output\grbl.o
                0x00000000800001a4                grbl_reset_asyn_execute
 .sbss          0x00000000800001a8       0x25 output\grbl_homing.o
                0x00000000800001a8                grbl_homing_delay_home
                0x00000000800001aa                grbl_homing_flag_for_homing_EXEC_CYCLE_STOP
                0x00000000800001ab                n_active_axis
                0x00000000800001ac                axislock
                0x00000000800001ad                grbl_homing_state_global
                0x00000000800001b0                homing_rate
                0x00000000800001b4                approach
                0x00000000800001b5                cycle_mask_asynch
                0x00000000800001b8                max_travel
                0x00000000800001bc                n_cycle
                0x00000000800001c0                grbl_homing_go_home_state
                0x00000000800001c4                do_grbl_homing_go_home
                0x00000000800001c5                cycle_mask_buffer
                0x00000000800001c8                mc_homing_state_machine
                0x00000000800001cc                do_mc_homing_cycle
 *fill*         0x00000000800001cd        0x3 
 .sbss          0x00000000800001d0       0x38 output\dee.o
                0x00000000800001e4                PackEE_async_state_prev
                0x00000000800001e8                do_dee_1ms
                0x00000000800001ec                dee_pack_triggered
                0x00000000800001ed                dee_pack_running
                0x00000000800001f0                dee_debug_init_dee
                0x00000000800001f4                do_dee_debug
                0x00000000800001f8                dee_addr_cache
                0x00000000800001fc                dee_data_cache
                0x0000000080000200                dee_cache_valid
                0x0000000080000204                dee_debug_last_return_value
 .sbss          0x0000000080000208        0xc output\system_control.o
                0x0000000080000208                system_control_get_state_debug
                0x0000000080000209                system_control_get_state_last_SAFETY_DOOR
                0x000000008000020a                system_control_get_state_last_CYCLE_START
                0x000000008000020b                system_control_get_state_last_FEED_HOLD
                0x000000008000020c                system_control_get_state_last_ABORT
                0x000000008000020d                system_control_get_state_current_SAFETY_DOOR
                0x000000008000020e                system_control_get_state_current_CYCLE_START
                0x000000008000020f                system_control_get_state_current_FEED_HOLD
                0x0000000080000210                system_control_get_state_current_ABORT
                0x0000000080000211                do_system_poll_control_pins
                0x0000000080000212                do_system_control_1ms
                0x0000000080000213                system_reset_debug
 .sbss          0x0000000080000214       0x12 output\stepper_enable.o
                0x0000000080000214                stepper_logger_single_shoot
                0x0000000080000215                stepper_enable_abort_cnt
                0x0000000080000218                stepper_enable_emergency_stop_delay_cnt
                0x000000008000021c                stepper_enable_emergency_stop_delay
                0x0000000080000220                stepper_enable_delayed_enabling_cnt
                0x0000000080000224                stepper_enable_delayed_enabling
                0x0000000080000225                do_stepper_enable_1ms
 .sbss          0x0000000080000226        0x2 output\system_exec.o
                0x0000000080000226                sys_rt_exec_state
 .sbss          0x0000000080000228        0x2 output\system_alarm.o
                0x0000000080000228                sys_rt_exec_alarm
 .sbss          0x000000008000022a        0xe output\grbl_eeprom.o
                0x000000008000022a                doTriggerWriteSettingsCnt
                0x000000008000022c                doTriggerWriteAllCnt
                0x000000008000022e                grbl_eeprom_trigger_current
                0x000000008000022f                gc_main_eeprom_trigger
                0x0000000080000230                grbl_critical_eep_error
                0x0000000080000231                grbl_serial_eep_error
                0x0000000080000232                grbl_serial_eep_error_type
                0x0000000080000233                grbl_backup_eep_error
                0x0000000080000234                grbl_master_eep_error
                0x0000000080000235                grbl_eeprom_triggerWriteSettings
                0x0000000080000236                grbl_eeprom_triggerWriteAll
                0x0000000080000237                do_grbl_eeprom_1ms
 .sbss          0x0000000080000238        0xc output\grbl_toolchange.o
                0x0000000080000238                do_grbl_toolchange_1ms
                0x0000000080000239                grbl_toolchange_load_or_load_and_change
                0x000000008000023a                grbl_toolchange_toolNumber
                0x000000008000023c                grbl_toolchange_isRunning
                0x0000000080000240                GRBL_Toolchange_SM_State
 .sbss          0x0000000080000244       0x20 output\grbl_protocol.o
                0x0000000080000244                grbl_protocol_char_counter
                0x0000000080000246                grbl_protocol_line_flags
                0x0000000080000248                missedRxChar_Grbl_Protocol
                0x000000008000024c                protocol_set_requestDwell_dwellTime
                0x0000000080000250                protocol_execute_line_status
                0x0000000080000254                jog_line_number
                0x0000000080000258                gc_execute_line_number
                0x000000008000025c                gc_execute_line_result
                0x000000008000025d                requestSynchMotion
                0x0000000080000260                lineStateMachine
 .sbss          0x0000000080000264       0x2c output\grbl_running.o
                0x0000000080000264                do_grbl_running_1s_cnt
                0x0000000080000268                do_grbl_running_1min_cnt
                0x000000008000026c                do_grbl_running_1h_cnt
                0x0000000080000270                do_grbl_running_1h
                0x0000000080000271                do_grbl_running_1min
                0x0000000080000272                do_grbl_running_1s
                0x0000000080000274                grbl_running_running_hours_eep_trigger
                0x0000000080000278                grbl_running_spindle_running_minutes_eep_trigger
                0x000000008000027c                grbl_running_running_minutes_eep_trigger
                0x0000000080000280                grbl_running_spindle_running_minutes
                0x0000000080000284                grbl_running_startup_cnt
                0x0000000080000288                grbl_running_running_hours
                0x000000008000028c                grbl_running_running_minutes
 .sbss          0x0000000080000290        0x4 output\grbl_bootloader.o
                0x0000000080000290                grbl_bootloader_state
                0x0000000080000291                grbl_bootloader_triggered_value
                0x0000000080000292                grbl_bootloader_triggered
                0x0000000080000293                do_grbl_bootloader_1ms
 .sbss          0x0000000080000294        0x6 output\grbl_probe.o
                0x0000000080000294                probe_is_no_error
                0x0000000080000295                do_mc_probe_cycle
                0x0000000080000296                sys_probe_state
                0x0000000080000297                do_probe_1ms
                0x0000000080000298                probe_pin_state
                0x0000000080000299                probe_invert_mask
 *fill*         0x000000008000029a        0x2 
 .sbss          0x000000008000029c        0x5 output\ethernet.o
                0x00000000800002a0                ethernet_is_initialized_value
 *fill*         0x00000000800002a1        0x3 
 .sbss          0x00000000800002a4       0x46 output\ENC28J60.o
                0x00000000800002b4                ENC28J60_BRG
                0x00000000800002b8                ENC28J60_CKP
                0x00000000800002bc                enc28j60_spi_corruption_reinit_state
                0x00000000800002c0                enc28j60_spi_corruption2_cnt
                0x00000000800002c4                enc28j60_spi_corruption1_cnt
                0x00000000800002c8                enc28j60_spi_corruption_reinit
                0x00000000800002cc                ENC28J60_MACON4
                0x00000000800002cd                ENC28J60_MACON3
                0x00000000800002ce                ENC28J60_MACON1
                0x00000000800002cf                ENC28J60_EFLOCON
                0x00000000800002d0                ENC28J60_ECOCON
                0x00000000800002d1                ENC28J60_MISTAT
                0x00000000800002d2                ENC28J60_EBSTCON
                0x00000000800002d3                ENC28J60_MICMD
                0x00000000800002d4                ENC28J60_ERXFCON
                0x00000000800002d5                ENC28J60_ECON1
                0x00000000800002d6                ENC28J60_ECON2
                0x00000000800002d7                ENC28J60_ESTAT
                0x00000000800002d8                ENC28J60_EIR
                0x00000000800002d9                ENC28J60_EIE