Archive member included to satisfy reference by file (symbol)

c:/program files/microchip/xc32/v4.20/bin/bin/../../lib/gcc/pic32mx/8.3.1\libgcc.a(_fixunssfdi.o)
                              output\stepper.o (__fixunssfdi)
c:/program files/microchip/xc32/v4.20/bin/bin/../../lib/gcc/pic32mx/8.3.1\libgcc.a(_floatundidf.o)
                              output\stepper.o (__floatundidf)
c:/program files/microchip/xc32/v4.20/bin/bin/../../lib/gcc/pic32mx/8.3.1\libgcc.a(floatunsisf.o)
                              output\nuts_bolts.o (__floatunsisf)
c:/program files/microchip/xc32/v4.20/bin/bin/../../lib/gcc/pic32mx/8.3.1\libgcc.a(floatunsidf.o)
                              output\rtcconverter.o (__floatunsidf)
c:/program files/microchip/xc32/v4.20/bin/bin/../../lib/gcc/pic32mx/8.3.1/../../../../pic32mx/lib\libpic32.a(memcmp.o)
                              output\grbl_eeprom.o (memcmp)
c:/program files/microchip/xc32/v4.20/bin/bin/../../lib/gcc/pic32mx/8.3.1/../../../../pic32mx/lib\libpic32.a(memcpy.o)
                              output\eep_manager.o (memcpy)
c:/program files/microchip/xc32/v4.20/bin/bin/../../lib/gcc/pic32mx/8.3.1/../../../../pic32mx/lib\libpic32.a(memset.o)
                              output\ringBuffer.o (memset)
c:/program files/microchip/xc32/v4.20/bin/bin/../../lib/gcc/pic32mx/8.3.1/../../../../pic32mx/lib\libpic32.a(strcmp.o)
                              output\grbl_protocol.o (strcmp)
c:/program files/microchip/xc32/v4.20/bin/bin/../../lib/gcc/pic32mx/8.3.1/../../../../pic32mx/lib\libpic32.a(strcpy.o)
                              output\aes_key.o (strcpy)
c:/program files/microchip/xc32/v4.20/bin/bin/../../lib/gcc/pic32mx/8.3.1/../../../../pic32mx/lib\libpic32.a(strlen.o)
                              output\grbl_gcode.o (strlen)
c:/program files/microchip/xc32/v4.20/bin/bin/../../lib/gcc/pic32mx/8.3.1/../../../../pic32mx/lib\libpic32.a(default-bootstrap-exception-handler.o)
                              C:\Users\kyrk\AppData\Local\Temp\cc8PtaxX.o (_bootstrap_exception_handler)
c:/program files/microchip/xc32/v4.20/bin/bin/../../lib/gcc/pic32mx/8.3.1/../../../../pic32mx/lib\libpic32.a(default-on-reset.o)
                              C:\Users\kyrk\AppData\Local\Temp\cc8PtaxX.o (_on_reset)
c:/program files/microchip/xc32/v4.20/bin/bin/../../lib/gcc/pic32mx/8.3.1/../../../../pic32mx/lib\libpic32.a(default-on-bootstrap.o)
                              C:\Users\kyrk\AppData\Local\Temp\cc8PtaxX.o (_on_bootstrap)
c:/program files/microchip/xc32/v4.20/bin/bin/../../lib/gcc/pic32mx/8.3.1/../../../../pic32mx/lib\libpic32.a(default-nmi-handler.o)
                              C:\Users\kyrk\AppData\Local\Temp\cc8PtaxX.o (_nmi_handler)
c:/program files/microchip/xc32/v4.20/bin/bin/../../lib/gcc/pic32mx/8.3.1/../../../../pic32mx/lib\libpic32.a(pic32_data_init_wrapper.o)
                              C:\Users\kyrk\AppData\Local\Temp\cc8PtaxX.o (__pic32_data_init)
c:/program files/microchip/xc32/v4.20/bin/bin/../../lib/gcc/pic32mx/8.3.1/../../../../pic32mx/lib\libpic32.a(pic32_data_init_0_1.o)
                              (__copy_needed)
c:/program files/microchip/xc32/v4.20/bin/bin/../../lib/gcc/pic32mx/8.3.1/../../../../pic32mx/lib\libpic32.a(general-exception.o)
                              C:\Users\kyrk\AppData\Local\Temp\cc8PtaxX.o (_general_exception_context)
c:/program files/microchip/xc32/v4.20/bin/bin/../../lib/gcc/pic32mx/8.3.1/../../../../pic32mx/lib\libpic32.a(vector1.o)
                              C:\Users\kyrk\AppData\Local\Temp\ccAlg0dX.o (__vector_dispatch_1)
c:/program files/microchip/xc32/v4.20/bin/bin/../../lib/gcc/pic32mx/8.3.1/../../../../pic32mx/lib\libpic32.a(vector2.o)
                              C:\Users\kyrk\AppData\Local\Temp\ccAlg0dX.o (__vector_dispatch_2)
c:/program files/microchip/xc32/v4.20/bin/bin/../../lib/gcc/pic32mx/8.3.1/../../../../pic32mx/lib\libpic32.a(vector3.o)
                              C:\Users\kyrk\AppData\Local\Temp\ccAlg0dX.o (__vector_dispatch_3)
c:/program files/microchip/xc32/v4.20/bin/bin/../../lib/gcc/pic32mx/8.3.1/../../../../pic32mx/lib\libpic32.a(vector5.o)
                              C:\Users\kyrk\AppData\Local\Temp\ccAlg0dX.o (__vector_dispatch_5)
c:/program files/microchip/xc32/v4.20/bin/bin/../../lib/gcc/pic32mx/8.3.1/../../../../pic32mx/lib\libpic32.a(vector6.o)
                              C:\Users\kyrk\AppData\Local\Temp\ccAlg0dX.o (__vector_dispatch_6)
c:/program files/microchip/xc32/v4.20/bin/bin/../../lib/gcc/pic32mx/8.3.1/../../../../pic32mx/lib\libpic32.a(vector7.o)
                              C:\Users\kyrk\AppData\Local\Temp\ccAlg0dX.o (__vector_dispatch_7)
c:/program files/microchip/xc32/v4.20/bin/bin/../../lib/gcc/pic32mx/8.3.1/../../../../pic32mx/lib\libpic32.a(vector9.o)
                              C:\Users\kyrk\AppData\Local\Temp\ccAlg0dX.o (__vector_dispatch_9)
c:/program files/microchip/xc32/v4.20/bin/bin/../../lib/gcc/pic32mx/8.3.1/../../../../pic32mx/lib\libpic32.a(vector10.o)
[...]
Memory Configuration

Name             Origin             Length             Attributes
kseg0_program_mem 0x000000009d008490 0x0000000000037b70 xr
kseg0_boot_mem   0x000000009d007000 0x0000000000000000
exception_mem    0x000000009d007000 0x0000000000001000
kseg1_boot_mem   0x000000009d008000 0x0000000000000490
debug_exec_mem   0x00000000bfc02000 0x0000000000000ff0
config3          0x00000000bfc02ff0 0x0000000000000004
config2          0x00000000bfc02ff4 0x0000000000000004
config1          0x00000000bfc02ff8 0x0000000000000004
config0          0x00000000bfc02ffc 0x0000000000000004
kseg1_shared_mem 0x00000000a0000000 0x0000000000001000 w !x
kseg1_data_mem   0x00000000a0001000 0x0000000000007000 w !x
sfrs             0x00000000bf800000 0x0000000000100000
configsfrs       0x00000000bfc02ff0 0x0000000000000010
*default*        0x0000000000000000 0xffffffffffffffff

Linker script and memory map

LOAD c:/program files/microchip/xc32/v4.20/bin/bin/../../lib/gcc/pic32mx/8.3.1/../../../../pic32mx/lib\debug-exception-return.o
LOAD output\tmr.o
LOAD output\mal.o
LOAD output\ringBuffer.o
LOAD output\task.o
LOAD output\sleep.o
LOAD output\eeprom.o
LOAD output\eep_manager.o
LOAD output\usb.o
LOAD output\usb_descriptors.o
LOAD output\usb_device.o
LOAD output\exceptions.o
LOAD output\isr.o
LOAD output\main.o
LOAD output\c_eep_manager.o
LOAD output\app.o
LOAD output\ad.o
LOAD output\grbl_gcode.o
LOAD output\grbl_limits.o
LOAD output\coolant_control.o
LOAD output\motion_control.o
LOAD output\nuts_bolts.o
LOAD output\planner.o
LOAD output\grbl_print.o
LOAD output\grbl_report.o
LOAD output\settings.o
LOAD output\spindle_control.o
LOAD output\stepper.o
LOAD output\system.o
LOAD output\grbl.o
LOAD output\pwm.o
LOAD output\jog.o
LOAD output\usb_function_cdc.o
LOAD output\dee.o
LOAD output\dee_page.o
LOAD output\dee_page_helper.o
LOAD output\eep_manager_crc.o
LOAD output\system_control.o
LOAD output\stepper_enable.o
LOAD output\system_exec.o
LOAD output\system_alarm.o
LOAD output\grbl_eeprom.o
LOAD output\bootloader_interface.o
LOAD output\grbl_toolchange.o
LOAD output\stackmeasure.o
LOAD output\stackmeasure_helper.o
LOAD output\grbl_protocol.o
LOAD output\grbl_running.o
LOAD output\grbl_bootloader.o
LOAD output\grbl_probe.o
LOAD output\ethernet.o
LOAD output\ENC28J60.o
LOAD output\DHCP.o
LOAD output\ARP.o
LOAD output\Announce.o
LOAD output\Helpers.o
LOAD output\ICMP.o
LOAD output\IP.o
LOAD output\StackTsk.o
LOAD output\UDP.o
LOAD output\usb_grbl_multi.o
LOAD output\ethernet_grbl_multi.o
LOAD output\grbl_multi.o
LOAD output\Reboot.o
LOAD output\TCP.o
LOAD output\BerkeleyAPI.o
LOAD output\noinitram.o
LOAD output\system_external_power.o
LOAD output\MQTT.o
LOAD output\MQTTclient.o
LOAD output\DNS.o
LOAD output\app_mqtt.o
LOAD output\daylight.o
LOAD output\rtc.o
LOAD output\rtcconverter.o
LOAD output\aes_128.o
LOAD output\aes_block.o
LOAD output\aes_cbc.o
LOAD output\aes_cbc_mac.o
LOAD output\aes_cmac.o
LOAD output\aes_challenge_response.o
LOAD output\aes_ecb.o
LOAD output\aes_key.o
LOAD output\rijndael.o
LOAD output\sntp.o
LOAD output\app_rfe.o
LOAD output\p256-m.o
LOAD output\sha256.o
LOAD output\random.o
LOAD output\spi2.o
LOAD output\grbl_homing.o
                0x0000000000000400                PROVIDE (_min_stack_size = 0x400)
LOAD c:/program files/microchip/xc32/v4.20/bin/bin/../../lib/gcc/pic32mx/8.3.1/../../../../pic32mx/lib/./proc/32MX440F256H\processor.o
START GROUP
LOAD c:/program files/microchip/xc32/v4.20/bin/bin/../../lib/gcc/pic32mx/8.3.1/../../../../pic32mx/lib\libmchp_peripheral.a
END GROUP
START GROUP
LOAD c:/program files/microchip/xc32/v4.20/bin/bin/../../lib/gcc/pic32mx/8.3.1/../../../../pic32mx/lib\libmchp_peripheral_32MX440F256H.a
END GROUP
                0x0000000000000001                PROVIDE (_vector_spacing = 0x1)
                0x000000009d007000                _ebase_address = 0x9d007000
                0x000000009d008000                _RESET_ADDR = 0x9d008000
                0x000000009d008380                _BEV_EXCPT_ADDR = 0x9d008380
                0x000000009d008480                _DBG_EXCPT_ADDR = 0x9d008480
                0x00000000bfc02000                _DBG_CODE_ADDR = 0xbfc02000
                0x0000000000000ff0                _DBG_CODE_SIZE = 0xff0
                0x000000009d007180                _GEN_EXCPT_ADDR = (_ebase_address + 0x180)

.config_BFC02FF0
 *(.config_BFC02FF0)

.config_BFC02FF4
 *(.config_BFC02FF4)

.config_BFC02FF8
 *(.config_BFC02FF8)

.config_BFC02FFC
 *(.config_BFC02FFC)
                [!provide]                        PROVIDE (_DBG_CODE_ADDR = 0xbfc02000)
                [!provide]                        PROVIDE (_DBG_CODE_SIZE = 0xff0)

.reset          0x000000009d008000      0x19c
 *(.reset)
 .reset         0x000000009d008000        0x8 C:\Users\kyrk\AppData\Local\Temp\cc8PtaxX.o
                0x000000009d008000                _reset
 *(.reset.startup)
 .reset.startup
                0x000000009d008008      0x194 C:\Users\kyrk\AppData\Local\Temp\cc8PtaxX.o
                0x000000009d008008                _startup

.bev_excpt      0x000000009d008380       0x10
 *(.bev_handler)
 .bev_handler   0x000000009d008380       0x10 C:\Users\kyrk\AppData\Local\Temp\cc8PtaxX.o

.dbg_excpt      0x000000009d008480        0x0
                0x000000009d008480                . = (. + DEFINED (_DEBUGGER)?0x8:0x0)

.dbg_code       0x00000000bfc02000        0x0
                0x00000000bfc02000                . = (. + DEFINED (_DEBUGGER)?_DBG_CODE_SIZE:0x0)

.app_excpt      0x000000009d007180       0x10
 *(.gen_handler)
 .gen_handler   0x000000009d007180       0x10 C:\Users\kyrk\AppData\Local\Temp\cc8PtaxX.o

.vector_0       0x000000009d007200        0x8
 *(.vector_0)
 .vector_0      0x000000009d007200        0x8 output\isr.o
                0x000000009d007200                __vector_dispatch_0
                0x0000000000000001                ASSERT (((_vector_spacing == 0x0) || (SIZEOF (.vector_0) <= (_vector_spacing << 0x5))), function at exception vector 0 too large)

.vector_1       0x000000009d007220        0x8
 *(.vector_1)
 .vector_1      0x000000009d007220        0x8 c:/program files/microchip/xc32/v4.20/bin/bin/../../lib/gcc/pic32mx/8.3.1/../../../../pic32mx/lib\libpic32.a(vector1.o)
                0x000000009d007220                __vector_dispatch_1
                0x0000000000000001                ASSERT (((_vector_spacing == 0x0) || (SIZEOF (.vector_1) <= (_vector_spacing << 0x5))), function at exception vector 1 too large)

.vector_2       0x000000009d007240        0x8
 *(.vector_2)
 .vector_2      0x000000009d007240        0x8 c:/program files/microchip/xc32/v4.20/bin/bin/../../lib/gcc/pic32mx/8.3.1/../../../../pic32mx/lib\libpic32.a(vector2.o)
                0x000000009d007240                __vector_dispatch_2
                0x0000000000000001                ASSERT (((_vector_spacing == 0x0) || (SIZEOF (.vector_2) <= (_vector_spacing << 0x5))), function at exception vector 2 too large)

.vector_3       0x000000009d007260        0x8
 *(.vector_3)
 .vector_3      0x000000009d007260        0x8 c:/program files/microchip/xc32/v4.20/bin/bin/../../lib/gcc/pic32mx/8.3.1/../../../../pic32mx/lib\libpic32.a(vector3.o)
                0x000000009d007260                __vector_dispatch_3
                0x0000000000000001                ASSERT (((_vector_spacing == 0x0) || (SIZEOF (.vector_3) <= (_vector_spacing << 0x5))), function at exception vector 3 too large)

.vector_4       0x000000009d007280        0x8
 *(.vector_4)
 .vector_4      0x000000009d007280        0x8 output\isr.o
                0x000000009d007280                __vector_dispatch_4
                0x0000000000000001                ASSERT (((_vector_spacing == 0x0) || (SIZEOF (.vector_4) <= (_vector_spacing << 0x5))), function at exception vector 4 too large)

.vector_5       0x000000009d0072a0        0x8
 *(.vector_5)
 .vector_5      0x000000009d0072a0        0x8 c:/program files/microchip/xc32/v4.20/bin/bin/../../lib/gcc/pic32mx/8.3.1/../../../../pic32mx/lib\libpic32.a(vector5.o)
                0x000000009d0072a0                __vector_dispatch_5
                0x0000000000000001                ASSERT (((_vector_spacing == 0x0) || (SIZEOF (.vector_5) <= (_vector_spacing << 0x5))), function at exception vector 5 too large)

.vector_6       0x000000009d0072c0        0x8
 *(.vector_6)
 .vector_6      0x000000009d0072c0        0x8 c:/program files/microchip/xc32/v4.20/bin/bin/../../lib/gcc/pic32mx/8.3.1/../../../../pic32mx/lib\libpic32.a(vector6.o)
                0x000000009d0072c0                __vector_dispatch_6
                0x0000000000000001                ASSERT (((_vector_spacing == 0x0) || (SIZEOF (.vector_6) <= (_vector_spacing << 0x5))), function at exception vector 6 too large)

.vector_7       0x000000009d0072e0        0x8
 *(.vector_7)
 .vector_7      0x000000009d0072e0        0x8 c:/program files/microchip/xc32/v4.20/bin/bin/../../lib/gcc/pic32mx/8.3.1/../../../../pic32mx/lib\libpic32.a(vector7.o)
                0x000000009d0072e0                __vector_dispatch_7
                0x0000000000000001                ASSERT (((_vector_spacing == 0x0) || (SIZEOF (.vector_7) <= (_vector_spacing << 0x5))), function at exception vector 7 too large)

.vector_8       0x000000009d007300        0x8
 *(.vector_8)
 .vector_8      0x000000009d007300        0x8 output\isr.o
                0x000000009d007300                __vector_dispatch_8
                0x0000000000000001                ASSERT (((_vector_spacing == 0x0) || (SIZEOF (.vector_8) <= (_vector_spacing << 0x5))), function at exception vector 8 too large)

.vector_9       0x000000009d007320        0x8
 *(.vector_9)
 .vector_9      0x000000009d007320        0x8 c:/program files/microchip/xc32/v4.20/bin/bin/../../lib/gcc/pic32mx/8.3.1/../../../../pic32mx/lib\libpic32.a(vector9.o)
                0x000000009d007320                __vector_dispatch_9
                0x0000000000000001                ASSERT (((_vector_spacing == 0x0) || (SIZEOF (.vector_9) <= (_vector_spacing << 0x5))), function at exception vector 9 too large)

.vector_10      0x000000009d007340        0x8
 *(.vector_10)
 .vector_10     0x000000009d007340        0x8 c:/program files/microchip/xc32/v4.20/bin/bin/../../lib/gcc/pic32mx/8.3.1/../../../../pic32mx/lib\libpic32.a(vector10.o)
                0x000000009d007340                __vector_dispatch_10
                0x0000000000000001                ASSERT (((_vector_spacing == 0x0) || (SIZEOF (.vector_10) <= (_vector_spacing << 0x5))), function at exception vector 10 too large)

.vector_11      0x000000009d007360        0x8
 *(.vector_11)
 .vector_11     0x000000009d007360        0x8 c:/program files/microchip/xc32/v4.20/bin/bin/../../lib/gcc/pic32mx/8.3.1/../../../../pic32mx/lib\libpic32.a(vector11.o)
                0x000000009d007360                __vector_dispatch_11
                0x0000000000000001                ASSERT (((_vector_spacing == 0x0) || (SIZEOF (.vector_11) <= (_vector_spacing << 0x5))), function at exception vector 11 too large)

.vector_12      0x000000009d007380        0x8
 *(.vector_12)
 .vector_12     0x000000009d007380        0x8 output\isr.o
                0x000000009d007380                __vector_dispatch_12
                0x0000000000000001                ASSERT (((_vector_spacing == 0x0) || (SIZEOF (.vector_12) <= (_vector_spacing << 0x5))), function at exception vector 12 too large)

.vector_13      0x000000009d0073a0        0x8
 *(.vector_13)
 .vector_13     0x000000009d0073a0        0x8 c:/program files/microchip/xc32/v4.20/bin/bin/../../lib/gcc/pic32mx/8.3.1/../../../../pic32mx/lib\libpic32.a(vector13.o)
                0x000000009d0073a0                __vector_dispatch_13
                0x0000000000000001                ASSERT (((_vector_spacing == 0x0) || (SIZEOF (.vector_13) <= (_vector_spacing << 0x5))), function at exception vector 13 too large)

.vector_14      0x000000009d0073c0        0x8
 *(.vector_14)
 .vector_14     0x000000009d0073c0        0x8 c:/program files/microchip/xc32/v4.20/bin/bin/../../lib/gcc/pic32mx/8.3.1/../../../../pic32mx/lib\libpic32.a(vector14.o)
                0x000000009d0073c0                __vector_dispatch_14
                0x0000000000000001                ASSERT (((_vector_spacing == 0x0) || (SIZEOF (.vector_14) <= (_vector_spacing << 0x5))), function at exception vector 14 too large)

.vector_15      0x000000009d0073e0        0x8
 *(.vector_15)
 .vector_15     0x000000009d0073e0        0x8 output\isr.o
                0x000000009d0073e0                __vector_dispatch_15
                0x0000000000000001                ASSERT (((_vector_spacing == 0x0) || (SIZEOF (.vector_15) <= (_vector_spacing << 0x5))), function at exception vector 15 too large)

.vector_16      0x000000009d007400        0x8
 *(.vector_16)
 .vector_16     0x000000009d007400        0x8 output\isr.o
                0x000000009d007400                __vector_dispatch_16
                0x0000000000000001                ASSERT (((_vector_spacing == 0x0) || (SIZEOF (.vector_16) <= (_vector_spacing << 0x5))), function at exception vector 16 too large)

.vector_17      0x000000009d007420        0x8
 *(.vector_17)
 .vector_17     0x000000009d007420        0x8 c:/program files/microchip/xc32/v4.20/bin/bin/../../lib/gcc/pic32mx/8.3.1/../../../../pic32mx/lib\libpic32.a(vector17.o)
                0x000000009d007420                __vector_dispatch_17
                0x0000000000000001                ASSERT (((_vector_spacing == 0x0) || (SIZEOF (.vector_17) <= (_vector_spacing << 0x5))), function at exception vector 17 too large)

.vector_18      0x000000009d007440        0x8
 *(.vector_18)
 .vector_18     0x000000009d007440        0x8 c:/program files/microchip/xc32/v4.20/bin/bin/../../lib/gcc/pic32mx/8.3.1/../../../../pic32mx/lib\libpic32.a(vector18.o)
                0x000000009d007440                __vector_dispatch_18
                0x0000000000000001                ASSERT (((_vector_spacing == 0x0) || (SIZEOF (.vector_18) <= (_vector_spacing << 0x5))), function at exception vector 18 too large)

.vector_19      0x000000009d007460        0x8
 *(.vector_19)
 .vector_19     0x000000009d007460        0x8 output\isr.o
                0x000000009d007460                __vector_dispatch_19
                0x0000000000000001                ASSERT (((_vector_spacing == 0x0) || (SIZEOF (.vector_19) <= (_vector_spacing << 0x5))), function at exception vector 19 too large)

.vector_20      0x000000009d007480        0x8
 *(.vector_20)
 .vector_20     0x000000009d007480        0x8 output\isr.o
                0x000000009d007480                __vector_dispatch_20
                0x0000000000000001                ASSERT (((_vector_spacing == 0x0) || (SIZEOF (.vector_20) <= (_vector_spacing << 0x5))), function at exception vector 20 too large)

.vector_21      0x000000009d0074a0        0x8
 *(.vector_21)
 .vector_21     0x000000009d0074a0        0x8 c:/program files/microchip/xc32/v4.20/bin/bin/../../lib/gcc/pic32mx/8.3.1/../../../../pic32mx/lib\libpic32.a(vector21.o)
                0x000000009d0074a0                __vector_dispatch_21
                0x0000000000000001                ASSERT (((_vector_spacing == 0x0) || (SIZEOF (.vector_21) <= (_vector_spacing << 0x5))), function at exception vector 21 too large)

.vector_22      0x000000009d0074c0        0x8
 *(.vector_22)
 .vector_22     0x000000009d0074c0        0x8 c:/program files/microchip/xc32/v4.20/bin/bin/../../lib/gcc/pic32mx/8.3.1/../../../../pic32mx/lib\libpic32.a(vector22.o)
                0x000000009d0074c0                __vector_dispatch_22
                0x0000000000000001                ASSERT (((_vector_spacing == 0x0) || (SIZEOF (.vector_22) <= (_vector_spacing << 0x5))), function at exception vector 22 too large)

.vector_23      0x000000009d0074e0        0x8
 *(.vector_23)
 .vector_23     0x000000009d0074e0        0x8 c:/program files/microchip/xc32/v4.20/bin/bin/../../lib/gcc/pic32mx/8.3.1/../../../../pic32mx/lib\libpic32.a(vector23.o)
                0x000000009d0074e0                __vector_dispatch_23
                0x0000000000000001                ASSERT (((_vector_spacing == 0x0) || (SIZEOF (.vector_23) <= (_vector_spacing << 0x5))), function at exception vector 23 too large)

.vector_24      0x000000009d007500        0x8
 *(.vector_24)
 .vector_24     0x000000009d007500        0x8 output\isr.o
                0x000000009d007500                __vector_dispatch_24
                0x0000000000000001                ASSERT (((_vector_spacing == 0x0) || (SIZEOF (.vector_24) <= (_vector_spacing << 0x5))), function at exception vector 24 too large)

.vector_25      0x000000009d007520        0x8
 *(.vector_25)
 .vector_25     0x000000009d007520        0x8 output\isr.o
                0x000000009d007520                __vector_dispatch_25
                0x0000000000000001                ASSERT (((_vector_spacing == 0x0) || (SIZEOF (.vector_25) <= (_vector_spacing << 0x5))), function at exception vector 25 too large)

.vector_26      0x000000009d007540        0x8
 *(.vector_26)
 .vector_26     0x000000009d007540        0x8 output\isr.o
                0x000000009d007540                __vector_dispatch_26
                0x0000000000000001                ASSERT (((_vector_spacing == 0x0) || (SIZEOF (.vector_26) <= (_vector_spacing << 0x5))), function at exception vector 26 too large)

.vector_27      0x000000009d007560        0x8
 *(.vector_27)
 .vector_27     0x000000009d007560        0x8 c:/program files/microchip/xc32/v4.20/bin/bin/../../lib/gcc/pic32mx/8.3.1/../../../../pic32mx/lib\libpic32.a(vector27.o)
                0x000000009d007560                __vector_dispatch_27
                0x0000000000000001                ASSERT (((_vector_spacing == 0x0) || (SIZEOF (.vector_27) <= (_vector_spacing << 0x5))), function at exception vector 27 too large)

.vector_28      0x000000009d007580        0x8
 *(.vector_28)
 .vector_28     0x000000009d007580        0x8 c:/program files/microchip/xc32/v4.20/bin/bin/../../lib/gcc/pic32mx/8.3.1/../../../../pic32mx/lib\libpic32.a(vector28.o)
                0x000000009d007580                __vector_dispatch_28
                0x0000000000000001                ASSERT (((_vector_spacing == 0x0) || (SIZEOF (.vector_28) <= (_vector_spacing << 0x5))), function at exception vector 28 too large)

.vector_29      0x000000009d0075a0        0x8
 *(.vector_29)
 .vector_29     0x000000009d0075a0        0x8 c:/program files/microchip/xc32/v4.20/bin/bin/../../lib/gcc/pic32mx/8.3.1/../../../../pic32mx/lib\libpic32.a(vector29.o)
                0x000000009d0075a0                __vector_dispatch_29
                0x0000000000000001                ASSERT (((_vector_spacing == 0x0) || (SIZEOF (.vector_29) <= (_vector_spacing << 0x5))), function at exception vector 29 too large)

.vector_30      0x000000009d0075c0        0x8
 *(.vector_30)
 .vector_30     0x000000009d0075c0        0x8 c:/program files/microchip/xc32/v4.20/bin/bin/../../lib/gcc/pic32mx/8.3.1/../../../../pic32mx/lib\libpic32.a(vector30.o)
                0x000000009d0075c0                __vector_dispatch_30
                0x0000000000000001                ASSERT (((_vector_spacing == 0x0) || (SIZEOF (.vector_30) <= (_vector_spacing << 0x5))), function at exception vector 30 too large)

.vector_31      0x000000009d0075e0        0x8
 *(.vector_31)
 .vector_31     0x000000009d0075e0        0x8 output\isr.o
                0x000000009d0075e0                __vector_dispatch_31
                0x0000000000000001                ASSERT (((_vector_spacing == 0x0) || (SIZEOF (.vector_31) <= (_vector_spacing << 0x5))), function at exception vector 31 too large)

.vector_32      0x000000009d007600        0x8
 *(.vector_32)
 .vector_32     0x000000009d007600        0x8 output\isr.o
                0x000000009d007600                __vector_dispatch_32
                0x0000000000000001                ASSERT (((_vector_spacing == 0x0) || (SIZEOF (.vector_32) <= (_vector_spacing << 0x5))), function at exception vector 32 too large)

.vector_33      0x000000009d007620        0x8
 *(.vector_33)
 .vector_33     0x000000009d007620        0x8 output\isr.o
                0x000000009d007620                __vector_dispatch_33
                0x0000000000000001                ASSERT (((_vector_spacing == 0x0) || (SIZEOF (.vector_33) <= (_vector_spacing << 0x5))), function at exception vector 33 too large)

.vector_34      0x000000009d007640        0x8
 *(.vector_34)
 .vector_34     0x000000009d007640        0x8 c:/program files/microchip/xc32/v4.20/bin/bin/../../lib/gcc/pic32mx/8.3.1/../../../../pic32mx/lib\libpic32.a(vector34.o)
                0x000000009d007640                __vector_dispatch_34
                0x0000000000000001                ASSERT (((_vector_spacing == 0x0) || (SIZEOF (.vector_34) <= (_vector_spacing << 0x5))), function at exception vector 34 too large)

.vector_35      0x000000009d007660        0x8
 *(.vector_35)
 .vector_35     0x000000009d007660        0x8 c:/program files/microchip/xc32/v4.20/bin/bin/../../lib/gcc/pic32mx/8.3.1/../../../../pic32mx/lib\libpic32.a(vector35.o)
                0x000000009d007660                __vector_dispatch_35
                0x0000000000000001                ASSERT (((_vector_spacing == 0x0) || (SIZEOF (.vector_35) <= (_vector_spacing << 0x5))), function at exception vector 35 too large)

.vector_36      0x000000009d007680        0x8
 *(.vector_36)
 .vector_36     0x000000009d007680        0x8 output\isr.o
                0x000000009d007680                __vector_dispatch_36
                0x0000000000000001                ASSERT (((_vector_spacing == 0x0) || (SIZEOF (.vector_36) <= (_vector_spacing << 0x5))), function at exception vector 36 too large)

.vector_37      0x000000009d0076a0        0x8
 *(.vector_37)
 .vector_37     0x000000009d0076a0        0x8 output\isr.o
                0x000000009d0076a0                __vector_dispatch_37
                0x0000000000000001                ASSERT (((_vector_spacing == 0x0) || (SIZEOF (.vector_37) <= (_vector_spacing << 0x5))), function at exception vector 37 too large)

.vector_38      0x000000009d0076c0        0x8
 *(.vector_38)
 .vector_38     0x000000009d0076c0        0x8 output\isr.o
                0x000000009d0076c0                __vector_dispatch_38
                0x0000000000000001                ASSERT (((_vector_spacing == 0x0) || (SIZEOF (.vector_38) <= (_vector_spacing << 0x5))), function at exception vector 38 too large)

.vector_39      0x000000009d0076e0        0x8
 *(.vector_39)
 .vector_39     0x000000009d0076e0        0x8 output\isr.o
                0x000000009d0076e0                __vector_dispatch_39
                0x0000000000000001                ASSERT (((_vector_spacing == 0x0) || (SIZEOF (.vector_39) <= (_vector_spacing << 0x5))), function at exception vector 39 too large)

.vector_40      0x000000009d007700        0x8
 *(.vector_40)
 .vector_40     0x000000009d007700        0x8 c:/program files/microchip/xc32/v4.20/bin/bin/../../lib/gcc/pic32mx/8.3.1/../../../../pic32mx/lib\libpic32.a(vector40.o)
                0x000000009d007700                __vector_dispatch_40
                0x0000000000000001                ASSERT (((_vector_spacing == 0x0) || (SIZEOF (.vector_40) <= (_vector_spacing << 0x5))), function at exception vector 40 too large)

.vector_41      0x000000009d007720        0x8
 *(.vector_41)
 .vector_41     0x000000009d007720        0x8 c:/program files/microchip/xc32/v4.20/bin/bin/../../lib/gcc/pic32mx/8.3.1/../../../../pic32mx/lib\libpic32.a(vector41.o)
                0x000000009d007720                __vector_dispatch_41
                0x0000000000000001                ASSERT (((_vector_spacing == 0x0) || (SIZEOF (.vector_41) <= (_vector_spacing << 0x5))), function at exception vector 41 too large)

.vector_42      0x000000009d007740        0x8
 *(.vector_42)
 .vector_42     0x000000009d007740        0x8 c:/program files/microchip/xc32/v4.20/bin/bin/../../lib/gcc/pic32mx/8.3.1/../../../../pic32mx/lib\libpic32.a(vector42.o)
                0x000000009d007740                __vector_dispatch_42
                0x0000000000000001                ASSERT (((_vector_spacing == 0x0) || (SIZEOF (.vector_42) <= (_vector_spacing << 0x5))), function at exception vector 42 too large)

.vector_43      0x000000009d007760        0x8
 *(.vector_43)
 .vector_43     0x000000009d007760        0x8 c:/program files/microchip/xc32/v4.20/bin/bin/../../lib/gcc/pic32mx/8.3.1/../../../../pic32mx/lib\libpic32.a(vector43.o)
                0x000000009d007760                __vector_dispatch_43
                0x0000000000000001                ASSERT (((_vector_spacing == 0x0) || (SIZEOF (.vector_43) <= (_vector_spacing << 0x5))), function at exception vector 43 too large)

.vector_44      0x000000009d007780        0x8
 *(.vector_44)
 .vector_44     0x000000009d007780        0x8 c:/program files/microchip/xc32/v4.20/bin/bin/../../lib/gcc/pic32mx/8.3.1/../../../../pic32mx/lib\libpic32.a(vector44.o)
                0x000000009d007780                __vector_dispatch_44
                0x0000000000000001                ASSERT (((_vector_spacing == 0x0) || (SIZEOF (.vector_44) <= (_vector_spacing << 0x5))), function at exception vector 44 too large)

.vector_45      0x000000009d0077a0        0x8
 *(.vector_45)
 .vector_45     0x000000009d0077a0        0x8 output\isr.o
                0x000000009d0077a0                __vector_dispatch_45
                0x0000000000000001                ASSERT (((_vector_spacing == 0x0) || (SIZEOF (.vector_45) <= (_vector_spacing << 0x5))), function at exception vector 45 too large)

.vector_46      0x000000009d0077c0        0x0
 *(.vector_46)
                0x0000000000000001                ASSERT (((_vector_spacing == 0x0) || (SIZEOF (.vector_46) <= (_vector_spacing << 0x5))), function at exception vector 46 too large)

.vector_47      0x000000009d0077e0        0x0
 *(.vector_47)
                0x0000000000000001                ASSERT (((_vector_spacing == 0x0) || (SIZEOF (.vector_47) <= (_vector_spacing << 0x5))), function at exception vector 47 too large)

.vector_48      0x000000009d007800        0x0
 *(.vector_48)
                0x0000000000000001                ASSERT (((_vector_spacing == 0x0) || (SIZEOF (.vector_48) <= (_vector_spacing << 0x5))), function at exception vector 48 too large)

.vector_49      0x000000009d007820        0x0
 *(.vector_49)
                0x0000000000000001                ASSERT (((_vector_spacing == 0x0) || (SIZEOF (.vector_49) <= (_vector_spacing << 0x5))), function at exception vector 49 too large)

.vector_50      0x000000009d007840        0x0
 *(.vector_50)
                0x0000000000000001                ASSERT (((_vector_spacing == 0x0) || (SIZEOF (.vector_50) <= (_vector_spacing << 0x5))), function at exception vector 50 too large)

.vector_51      0x000000009d007860        0x0
 *(.vector_51)
                0x0000000000000001                ASSERT (((_vector_spacing == 0x0) || (SIZEOF (.vector_51) <= (_vector_spacing << 0x5))), function at exception vector 51 too large)

.vector_52      0x000000009d007880        0x0
 *(.vector_52)
                0x0000000000000001                ASSERT (((_vector_spacing == 0x0) || (SIZEOF (.vector_52) <= (_vector_spacing << 0x5))), function at exception vector 52 too large)

.vector_53      0x000000009d0078a0        0x0
 *(.vector_53)
                0x0000000000000001                ASSERT (((_vector_spacing == 0x0) || (SIZEOF (.vector_53) <= (_vector_spacing << 0x5))), function at exception vector 53 too large)

.vector_54      0x000000009d0078c0        0x0
 *(.vector_54)
                0x0000000000000001                ASSERT (((_vector_spacing == 0x0) || (SIZEOF (.vector_54) <= (_vector_spacing << 0x5))), function at exception vector 54 too large)

.vector_55      0x000000009d0078e0        0x0
 *(.vector_55)
                0x0000000000000001                ASSERT (((_vector_spacing == 0x0) || (SIZEOF (.vector_55) <= (_vector_spacing << 0x5))), function at exception vector 55 too large)

.vector_56      0x000000009d007900        0x0
 *(.vector_56)
                0x0000000000000001                ASSERT (((_vector_spacing == 0x0) || (SIZEOF (.vector_56) <= (_vector_spacing << 0x5))), function at exception vector 56 too large)

.vector_57      0x000000009d007920        0x0
 *(.vector_57)
                0x0000000000000001                ASSERT (((_vector_spacing == 0x0) || (SIZEOF (.vector_57) <= (_vector_spacing << 0x5))), function at exception vector 57 too large)

.vector_58      0x000000009d007940        0x0
 *(.vector_58)
                0x0000000000000001                ASSERT (((_vector_spacing == 0x0) || (SIZEOF (.vector_58) <= (_vector_spacing << 0x5))), function at exception vector 58 too large)

.vector_59      0x000000009d007960        0x0
 *(.vector_59)
                0x0000000000000001                ASSERT (((_vector_spacing == 0x0) || (SIZEOF (.vector_59) <= (_vector_spacing << 0x5))), function at exception vector 59 too large)

.vector_60      0x000000009d007980        0x0
 *(.vector_60)
                0x0000000000000001                ASSERT (((_vector_spacing == 0x0) || (SIZEOF (.vector_60) <= (_vector_spacing << 0x5))), function at exception vector 60 too large)

.vector_61      0x000000009d0079a0        0x0
 *(.vector_61)
                0x0000000000000001                ASSERT (((_vector_spacing == 0x0) || (SIZEOF (.vector_61) <= (_vector_spacing << 0x5))), function at exception vector 61 too large)

.vector_62      0x000000009d0079c0        0x0
 *(.vector_62)
                0x0000000000000001                ASSERT (((_vector_spacing == 0x0) || (SIZEOF (.vector_62) <= (_vector_spacing << 0x5))), function at exception vector 62 too large)

.vector_63      0x000000009d0079e0        0x0
 *(.vector_63)
                0x0000000000000001                ASSERT (((_vector_spacing == 0x0) || (SIZEOF (.vector_63) <= (_vector_spacing << 0x5))), function at exception vector 63 too large)

.startup
 *(.startup)

.text           0x000000009d008490        0x0
 *(.stub .gnu.linkonce.t.*)
 *(.text.*personality*)
 *(.mips16.fn.*)
 *(.mips16.call.*)
 *(.gnu.warning)
                0x000000009d008490                . = ALIGN (0x4)

.init           0x000000009d008490        0x0
 *crti.o(.init)
 *crtbegin.o(.init)
 *(EXCLUDE_FILE(*crtn.o *crtend?.o *crtend.o) .init)
 *crtend.o(.init)
 *crtn.o(.init)
                0x000000009d008490                . = ALIGN (0x4)

.fini           0x000000009d008490        0x0
 *(.fini)
                0x000000009d008490                . = ALIGN (0x4)

.preinit_array  0x000000009d008490        0x0
                [!provide]                        PROVIDE (__preinit_array_start = .)
 *(.preinit_array)
                [!provide]                        PROVIDE (__preinit_array_end = .)
                0x000000009d008490                . = ALIGN (0x4)

.init_array     0x000000009d008490        0x0
                [!provide]                        PROVIDE (__init_array_start = .)
 *(SORT_BY_NAME(.init_array.*))
 *(.init_array)
                [!provide]                        PROVIDE (__init_array_end = .)
                0x000000009d008490                . = ALIGN (0x4)

.fini_array     0x000000009d008490        0x0
                [!provide]                        PROVIDE (__fini_array_start = .)
 *(SORT_BY_NAME(.fini_array.*))
 *(.fini_array)
                [!provide]                        PROVIDE (__fini_array_end = .)
                0x000000009d008490                . = ALIGN (0x4)

.ctors          0x000000009d008490        0x0
 *crtbegin.o(.ctors)
 *crtbegin?.o(.ctors)
 *(EXCLUDE_FILE(*crtend?.o *crtend.o) .ctors)
 *(SORT_BY_NAME(.ctors.*))
 *(.ctors)
                0x000000009d008490                . = ALIGN (0x4)

.dtors          0x000000009d008490        0x0
 *crtbegin.o(.dtors)
 *crtbegin?.o(.dtors)
 *(EXCLUDE_FILE(*crtend?.o *crtend.o) .dtors)
 *(SORT_BY_NAME(.dtors.*))
 *(.dtors)
                0x000000009d008490                . = ALIGN (0x4)

.rodata         0x000000009d008490        0x0
 *(.gnu.linkonce.r.*)
 *(.rodata1)
                0x000000009d008490                . = ALIGN (0x4)

.sdata2         0x000000009d008490        0x0
 *(.sdata2 .sdata2.* .gnu.linkonce.s2.*)
                0x000000009d008490                . = ALIGN (0x4)

.sbss2          0x000000009d008490        0x0
 *(.sbss2 .sbss2.* .gnu.linkonce.sb2.*)
                0x000000009d008490                . = ALIGN (0x4)

.eh_frame_hdr
 *(.eh_frame_hdr)
                0x000000009d008490                . = ALIGN (0x4)

.eh_frame
 *(.eh_frame)
                0x000000009d008490                . = ALIGN (0x4)

.gcc_except_table
 *(.gcc_except_table .gcc_except_table.*)
                0x000000009d008490                . = ALIGN (0x4)

.dbg_data       0x00000000a0001000        0x0
                0x00000000a0001000                . = (. + DEFINED (_DEBUGGER)?0x200:0x0)

.jcr            0x00000000a0001000        0x0
 *(.jcr)
                0x00000000a0001000                . = ALIGN (0x4)

.eh_frame
 *(.eh_frame)
                0x00000000a0001000                . = ALIGN (0x4)

.gcc_except_table
 *(.gcc_except_table .gcc_except_table.*)
                0x00000000a0001000                . = ALIGN (0x4)

.persist        0x00000000a0001000        0x4
                0x00000000a0001000                _persist_begin = .
 *(.persist .persist.*)
 *(.pbss .pbss.*)
 .pbss          0x00000000a0001000        0x2 output\UDP.o
 .pbss          0x00000000a0001002        0x2 output\TCP.o
                0x00000000a0001004                . = ALIGN (0x4)
                0x00000000a0001004                _persist_end = .

.data           0x00000000a0001004        0x0
 *(.gnu.linkonce.d.*)
 *(.data1)
                0x00000000a0001004                . = ALIGN (0x4)
                0x00000000a0001004                . = .
                0x00000000a0009000                _gp = (ALIGN (0x10) + 0x7ff0)

.got            0x00000000a0001004        0x0
 *(.got.plt)
 *(.got)
                0x00000000a0001004                . = ALIGN (0x4)

.sdata          0x00000000a0001004       0x68
                0x00000000a0001004                _sdata_begin = .
 *(.sdata .sdata.* .gnu.linkonce.s.*)
 .sdata         0x00000000a0001004        0x1 output\sleep.o
                0x00000000a0001004                sleepGetMainLoopRun_result
 *fill*         0x00000000a0001005        0x3 
 .sdata         0x00000000a0001008        0x4 output\eep_manager.o
 .sdata         0x00000000a000100c        0x1 output\app.o
 .sdata         0x00000000a000100d        0x1 output\grbl_limits.o
                0x00000000a000100d                limits_disabled
 *fill*         0x00000000a000100e        0x2 
 .sdata         0x00000000a0001010        0x4 output\system.o
                0x00000000a0001010                grbl_serial_number
 .sdata         0x00000000a0001014        0x8 output\pwm.o
                0x00000000a0001014                maxFreq
                0x00000000a0001018                maxDuty
 .sdata         0x00000000a000101c        0x4 output\dee.o
                0x00000000a000101f                dee_debug_enable
 .sdata         0x00000000a0001020        0x8 output\stepper_enable.o
                0x00000000a0001020                stepper_enable_delayed_enabling_single_shoot
                0x00000000a0001024                stepper_enable_emergency_stop_active
 .sdata         0x00000000a0001028        0x4 output\grbl_eeprom.o
                0x00000000a0001028                grbl_eeprom_trigger_prev
                0x00000000a0001029                grbl_serial_eep_error_single_shoot
                0x00000000a000102a                backup_eep_error_single_shoot
                0x00000000a000102b                master_eep_error_single_shoot
 .sdata         0x00000000a000102c        0x8 output\stackmeasure.o
                0x00000000a000102c                stackmeasure_to
                0x00000000a0001030                stackmeasure_from
 .sdata         0x00000000a0001034        0x1 output\grbl_running.o
                0x00000000a0001034                grbl_running_appSingleShoot
 *fill*         0x00000000a0001035        0x3 
 .sdata         0x00000000a0001038        0x6 output\ethernet.o
                0x00000000a0001038                SerializedMACAddress
 .sdata         0x00000000a000103e        0x2 output\ENC28J60.o
                0x00000000a000103e                ENC28J60_CKE
                0x00000000a000103f                ENC28J60_SMP
 .sdata         0x00000000a0001040        0x4 output\Helpers.o
 .sdata         0x00000000a0001044        0x2 output\UDP.o
 *fill*         0x00000000a0001046        0x2 
 .sdata         0x00000000a0001048        0x8 output\ethernet_grbl_multi.o
                0x00000000a0001048                addrlen
                0x00000000a000104c                serverPort
 .sdata         0x00000000a0001050        0x1 output\Reboot.o
 .sdata         0x00000000a0001051        0x2 output\TCP.o
 *fill*         0x00000000a0001053        0x1 
 .sdata         0x00000000a0001054        0x6 output\BerkeleyAPI.o
 *fill*         0x00000000a000105a        0x2 
 .sdata         0x00000000a000105c        0x8 output\system_external_power.o
                0x00000000a000105d                system_external_power_alarm_state
                0x00000000a0001060                system_external_power_counter
 .sdata         0x00000000a0001064        0x1 output\app_rfe.o
 .sdata         0x00000000a0001065        0x1 output\spi2.o
                0x00000000a0001065                spi2_mode_32_16_8
 *fill*         0x00000000a0001066        0x2 
 .sdata         0x00000000a0001068        0x4 output\grbl_homing.o
                0x00000000a0001068                pl_data
                0x00000000a000106c                . = ALIGN (0x4)
                0x00000000a000106c                _sdata_end = .

.lit8
 *(.lit8)

.lit4
 *(.lit4)
                0x00000000a000106c                . = ALIGN (0x4)
                0x00000000a000106c                _data_end = .
                0x00000000a000106c                _bss_begin = .

.sbss           0x00000000a000106c      0x4f8
                0x00000000a000106c                _sbss_begin = .
 *(.dynsbss)
 *(.sbss .sbss.* .gnu.linkonce.sb.*)
 .sbss          0x00000000a000106c       0x20 output\tmr.o
                0x00000000a0001074                tmr_stop_watchdog_triggering
                0x00000000a0001078                ptrListCnt
                0x00000000a0001084                globalTimeUs
                0x00000000a0001088                globalTime
 .sbss          0x00000000a000108c       0x14 output\mal.o
                0x00000000a000108c                mal_reset_counter
                0x00000000a0001090                isrLockCnt
                0x00000000a0001094                gieTemp
                0x00000000a0001098                mal_RCON_temp
                0x00000000a000109c                mal_resetReason_temp
 .sbss          0x00000000a00010a0        0xc output\task.o
                0x00000000a00010a0                taskListsPtr
                0x00000000a00010a4                doTaskListGuard
                0x00000000a00010a5                doTaskList1ms
                0x00000000a00010a8                tasksTotalTime
 .sbss          0x00000000a00010ac       0x1c output\sleep.o
                0x00000000a00010ac                do_isr_sleep_1ms
                0x00000000a00010b0                sleep_stay_in_loop_value
                0x00000000a00010b1                sleepPointOfNoReturn
                0x00000000a00010b2                sleepEdgeDetector
                0x00000000a00010b4                sleepDriverRequest_delay
                0x00000000a00010b8                sleepAppRequest_delay
                0x00000000a00010bc                sleepRequestDriver
                0x00000000a00010c0                sleepRequestApp
                0x00000000a00010c4                sleepTime
 .sbss          0x00000000a00010c8        0xc output\eeprom.o
                0x00000000a00010c8                do_eeprom_1ms
                0x00000000a00010cc                eeprom_write_buffer_read_cnt
                0x00000000a00010d0                eeprom_write_buffer_write_cnt
 .sbss          0x00000000a00010d4       0x20 output\eep_manager.o
                0x00000000a00010e5                do_eep_manager_1ms
                0x00000000a00010e8                eep_manager_persistent_eeprom_2
                0x00000000a00010ec                eep_manager_persistent_eeprom
                0x00000000a00010f0                eep_manager_persistent_config
 .sbss          0x00000000a00010f4        0x2 output\usb.o
 *fill*         0x00000000a00010f6        0x2 
 .sbss          0x00000000a00010f8        0x8 output\exceptions.o
                0x00000000a00010f8                generateException
                0x00000000a00010fc                exceptionCounter
 .sbss          0x00000000a0001100       0x25 output\main.o
                0x00000000a000110c                SPI2_LOCK_COLLISION_CALLOUT_cnt
                0x00000000a0001110                loopCntHistoryCnt
                0x00000000a0001114                loopCntHistoryLast
                0x00000000a0001118                tick_count
                0x00000000a000111c                loopCnt
                0x00000000a0001120                loopCntTemp
                0x00000000a0001124                do_loopCnt
 *fill*         0x00000000a0001125        0x3 
 .sbss          0x00000000a0001128       0x14 output\app.o
                0x00000000a000112c                do_app_1min
                0x00000000a0001130                app_dwSNTPSeconds
                0x00000000a0001134                app_sntp_user_called
                0x00000000a0001135                do_app_1ms
                0x00000000a0001138                app_State
 .sbss          0x00000000a000113c        0x2 output\ad.o
                0x00000000a000113d                doAdTrigger
 *fill*         0x00000000a000113e        0x2 
 .sbss          0x00000000a0001140       0x18 output\grbl_gcode.o
                0x00000000a0001140                axis_1
                0x00000000a0001141                axis_0
                0x00000000a0001142                coord_select
                0x00000000a0001143                axis_linear
                0x00000000a0001144                ijk_words
                0x00000000a0001146                command_words
                0x00000000a0001148                value_words
                0x00000000a000114a                axis_command
                0x00000000a000114b                axis_words
                0x00000000a000114c                gc_parser_flags
                0x00000000a0001150                grbl_Tool_Length_2
                0x00000000a0001154                grbl_Tool_Length_1
 .sbss          0x00000000a0001158        0xc output\grbl_limits.o
                0x00000000a0001158                logger_limits_get_state_prev
                0x00000000a0001159                limits_get_state_debug
                0x00000000a000115a                limits_get_state_current
                0x00000000a000115b                limits_get_state_last
                0x00000000a000115c                do_limits_polling
                0x00000000a0001160                do_limits_1ms
 .sbss          0x00000000a0001164        0x2 output\motion_control.o
                0x00000000a0001164                count
                0x00000000a0001165                do_ArcGenerating
 .sbss          0x00000000a0001166        0x3 output\nuts_bolts.o
                0x00000000a0001166                grbl_not_existing_lat
                0x00000000a0001167                grbl_not_existing_port
                0x00000000a0001168                grbl_not_existing_tris
 *fill*         0x00000000a0001169        0x3 
 .sbss          0x00000000a000116c       0x40 output\grbl_report.o
                0x00000000a0001174                do_grbl_report_50ms_cnt
                0x00000000a0001178                grbl_report_sys_log_1_state
                0x00000000a000117c                grbl_report_sys_log_0_state
                0x00000000a0001180                grbl_report_xterm
                0x00000000a0001184                grbl_report_add_term
                0x00000000a0001188                grbl_report_eeprom_dump_state
                0x00000000a000118c                buffer_missed_char_logger_cnt
                0x00000000a0001190                do_grbl_report_50ms
                0x00000000a0001194                grbl_report_eeprom_dump
                0x00000000a0001198                grbl_report_sys_log_4
                0x00000000a000119c                grbl_report_sys_log_3
                0x00000000a00011a0                grbl_report_sys_log_2
                0x00000000a00011a4                grbl_report_sys_log_1
                0x00000000a00011a8                grbl_report_sys_log_0
 .sbss          0x00000000a00011ac        0x1 output\settings.o
                0x00000000a00011ac                eep_settings_version
 *fill*         0x00000000a00011ad        0x3 
 .sbss          0x00000000a00011b0        0x4 output\spindle_control.o
                0x00000000a00011b0                spindle_debug_last_pwm_val
 .sbss          0x00000000a00011b4        0x7 output\stepper.o
                0x00000000a00011b4                isStepperRunning
                0x00000000a00011b5                stepper_busy
                0x00000000a00011b6                dir_port_invert_mask
                0x00000000a00011b7                step_port_invert_mask
                0x00000000a00011b8                segment_next_head
                0x00000000a00011b9                segment_buffer_head
                0x00000000a00011ba                segment_buffer_tail
 *fill*         0x00000000a00011bb        0x1 
 .sbss          0x00000000a00011bc       0x10 output\system.o
                0x00000000a00011bc                system_lastState
                0x00000000a00011bd                restore_condition
                0x00000000a00011c0                restore_spindle_speed
                0x00000000a00011c4                sys_rt_exec_accessory_override
                0x00000000a00011c5                sys_rt_exec_motion_override
                0x00000000a00011c8                grbl_system_sm
 .sbss          0x00000000a00011cc        0x4 output\grbl.o
                0x00000000a00011cc                grbl_reset_asyn_execute
 .sbss          0x00000000a00011d0       0x38 output\dee.o
                0x00000000a00011e4                PackEE_async_state_prev
                0x00000000a00011e8                do_dee_1ms
                0x00000000a00011ec                dee_pack_triggered
                0x00000000a00011ed                dee_pack_running
                0x00000000a00011f0                dee_debug_init_dee
                0x00000000a00011f4                do_dee_debug
                0x00000000a00011f8                dee_addr_cache
                0x00000000a00011fc                dee_data_cache
                0x00000000a0001200                dee_cache_valid
                0x00000000a0001204                dee_debug_last_return_value
 .sbss          0x00000000a0001208        0xc output\system_control.o
                0x00000000a0001208                system_control_get_state_debug
                0x00000000a0001209                system_control_get_state_last_SAFETY_DOOR
                0x00000000a000120a                system_control_get_state_last_CYCLE_START
                0x00000000a000120b                system_control_get_state_last_FEED_HOLD
                0x00000000a000120c                system_control_get_state_last_ABORT
                0x00000000a000120d                system_control_get_state_current_SAFETY_DOOR
                0x00000000a000120e                system_control_get_state_current_CYCLE_START
                0x00000000a000120f                system_control_get_state_current_FEED_HOLD
                0x00000000a0001210                system_control_get_state_current_ABORT
                0x00000000a0001211                do_system_poll_control_pins
                0x00000000a0001212                do_system_control_1ms
                0x00000000a0001213                system_reset_debug
 .sbss          0x00000000a0001214       0x12 output\stepper_enable.o
                0x00000000a0001214                stepper_logger_single_shoot
                0x00000000a0001215                stepper_enable_abort_cnt
                0x00000000a0001218                stepper_enable_emergency_stop_delay_cnt
                0x00000000a000121c                stepper_enable_emergency_stop_delay
                0x00000000a0001220                stepper_enable_delayed_enabling_cnt
                0x00000000a0001224                stepper_enable_delayed_enabling
                0x00000000a0001225                do_stepper_enable_1ms
 .sbss          0x00000000a0001226        0x2 output\system_exec.o
                0x00000000a0001226                sys_rt_exec_state
 .sbss          0x00000000a0001228        0x2 output\system_alarm.o
                0x00000000a0001228                sys_rt_exec_alarm
 .sbss          0x00000000a000122a        0xe output\grbl_eeprom.o
                0x00000000a000122a                doTriggerWriteSettingsCnt
                0x00000000a000122c                doTriggerWriteAllCnt
                0x00000000a000122e                grbl_eeprom_trigger_current
                0x00000000a000122f                gc_main_eeprom_trigger
                0x00000000a0001230                grbl_critical_eep_error
                0x00000000a0001231                grbl_serial_eep_error
                0x00000000a0001232                grbl_serial_eep_error_type
                0x00000000a0001233                grbl_backup_eep_error
                0x00000000a0001234                grbl_master_eep_error
                0x00000000a0001235                grbl_eeprom_triggerWriteSettings
                0x00000000a0001236                grbl_eeprom_triggerWriteAll
                0x00000000a0001237                do_grbl_eeprom_1ms
 .sbss          0x00000000a0001238        0xc output\grbl_toolchange.o
                0x00000000a0001238                do_grbl_toolchange_1ms
                0x00000000a0001239                grbl_toolchange_load_or_load_and_change
                0x00000000a000123a                grbl_toolchange_toolNumber
                0x00000000a000123c                grbl_toolchange_isRunning
                0x00000000a0001240                GRBL_Toolchange_SM_State
 .sbss          0x00000000a0001244        0x8 output\stackmeasure.o
                0x00000000a0001244                stackmeasure_maxfillness
                0x00000000a0001248                stackmeasure_current_pos
 .sbss          0x00000000a000124c       0x20 output\grbl_protocol.o
                0x00000000a000124c                grbl_protocol_char_counter
                0x00000000a000124e                grbl_protocol_line_flags
                0x00000000a0001250                missedRxChar_Grbl_Protocol
                0x00000000a0001254                protocol_set_requestDwell_dwellTime
                0x00000000a0001258                protocol_execute_line_status
                0x00000000a000125c                jog_line_number
                0x00000000a0001260                gc_execute_line_number
                0x00000000a0001264                gc_execute_line_result
                0x00000000a0001265                requestSynchMotion
                0x00000000a0001268                lineStateMachine
 .sbss          0x00000000a000126c       0x2c output\grbl_running.o
                0x00000000a000126c                do_grbl_running_1s_cnt
                0x00000000a0001270                do_grbl_running_1min_cnt
                0x00000000a0001274                do_grbl_running_1h_cnt
                0x00000000a0001278                do_grbl_running_1h
                0x00000000a0001279                do_grbl_running_1min
                0x00000000a000127a                do_grbl_running_1s
                0x00000000a000127c                grbl_running_running_hours_eep_trigger
                0x00000000a0001280                grbl_running_spindle_running_minutes_eep_trigger
                0x00000000a0001284                grbl_running_running_minutes_eep_trigger
                0x00000000a0001288                grbl_running_spindle_running_minutes
                0x00000000a000128c                grbl_running_startup_cnt
                0x00000000a0001290                grbl_running_running_hours
                0x00000000a0001294                grbl_running_running_minutes
 .sbss          0x00000000a0001298        0x4 output\grbl_bootloader.o
                0x00000000a0001298                grbl_bootloader_state
                0x00000000a0001299                grbl_bootloader_triggered_value
                0x00000000a000129a                grbl_bootloader_triggered
                0x00000000a000129b                do_grbl_bootloader_1ms
 .sbss          0x00000000a000129c        0x6 output\grbl_probe.o
                0x00000000a000129c                probe_is_no_error
                0x00000000a000129d                do_mc_probe_cycle
                0x00000000a000129e                sys_probe_state
                0x00000000a000129f                do_probe_1ms
                0x00000000a00012a0                probe_pin_state
                0x00000000a00012a1                probe_invert_mask
 *fill*         0x00000000a00012a2        0x2 
 .sbss          0x00000000a00012a4        0x5 output\ethernet.o
                0x00000000a00012a8                ethernet_is_initialized_value
 *fill*         0x00000000a00012a9        0x3 
 .sbss          0x00000000a00012ac       0x46 output\ENC28J60.o
                0x00000000a00012bc                ENC28J60_BRG
                0x00000000a00012c0                ENC28J60_CKP
                0x00000000a00012c4                enc28j60_spi_corruption_reinit_state
                0x00000000a00012c8                enc28j60_spi_corruption2_cnt
                0x00000000a00012cc                enc28j60_spi_corruption1_cnt
                0x00000000a00012d0                enc28j60_spi_corruption_reinit
                0x00000000a00012d4                ENC28J60_MACON4
                0x00000000a00012d5                ENC28J60_MACON3
                0x00000000a00012d6                ENC28J60_MACON1
                0x00000000a00012d7                ENC28J60_EFLOCON
                0x00000000a00012d8                ENC28J60_ECOCON
                0x00000000a00012d9                ENC28J60_MISTAT
                0x00000000a00012da                ENC28J60_EBSTCON
                0x00000000a00012db                ENC28J60_MICMD
                0x00000000a00012dc                ENC28J60_ERXFCON
                0x00000000a00012dd                ENC28J60_ECON1
                0x00000000a00012de                ENC28J60_ECON2
                0x00000000a00012df                ENC28J60_ESTAT
                0x00000000a00012e0                ENC28J60_EIR
                0x00000000a00012e1                ENC28J60_EIE
                0x00000000a00012e2                do_enc28j60_100ms
                0x00000000a00012e3                do_enc28j60_1ms
 *fill*         0x00000000a00012f2        0x2 
 .sbss          0x00000000a00012f4        0x4 output\DHCP.o
                0x00000000a00012f4                DHCPClientInitializedOnce
 .sbss          0x00000000a00012f8        0x8 output\ARP.o
                0x00000000a00012fc                ARPResolve_null_ptr
 .sbss          0x00000000a0001300        0x8 output\Announce.o
 .sbss          0x00000000a0001308        0x4 output\IP.o
 .sbss          0x00000000a000130c       0x10 output\StackTsk.o
 .sbss          0x00000000a000131c        0xa output\UDP.o
                0x00000000a000131c                do_udp_1ms
 *fill*         0x00000000a0001326        0x2 
 .sbss          0x00000000a0001328        0x8 output\usb_grbl_multi.o
                0x00000000a0001328                missedRxCharHID
                0x00000000a000132c                missedTxCharHID
 .sbss          0x00000000a0001330       0x1c output\ethernet_grbl_multi.o
                0x00000000a0001334                do_serial_grbl_ethernet_multi_100ms
                0x00000000a0001338                do_serial_grbl_ethernet_multi_1ms
                0x00000000a000133c                ToSendDataBuffer_grbl_ethernet_multi_filled
                0x00000000a0001340                missedRxCharEthernet
                0x00000000a0001344                missedTxCharEthernet
                0x00000000a0001348                bsdServerState
 .sbss          0x00000000a000134c        0x4 output\grbl_multi.o
                0x00000000a000134c                grbl_multi_source
 .sbss          0x00000000a0001350        0x4 output\TCP.o
                0x00000000a0001350                do_tcp_1ms
 .sbss          0x00000000a0001354        0x4 output\BerkeleyAPI.o
                0x00000000a0001354                do_berkeleyapi_1ms
 .sbss          0x00000000a0001358        0x4 output\noinitram.o
                0x00000000a0001358                noinitram_valid_block
 .sbss          0x00000000a000135c        0x4 output\system_external_power.o
                0x00000000a000135c                do_system_exteral_power_1ms
 .sbss          0x00000000a0001360        0x5 output\rtc.o
                0x00000000a0001364                do_sec1s
 .sbss          0x00000000a0001365        0x1 output\aes_128.o
                0x00000000a0001365                do_aes_128_1ms
 *fill*         0x00000000a0001366        0x2 
 .sbss          0x00000000a0001368        0x5 output\aes_key.o
                0x00000000a000136c                aes_key_triggerLoadKeyFromEeprom
 *fill*         0x00000000a000136d        0x3 
 .sbss          0x00000000a0001370       0x10 output\app_rfe.o
                0x00000000a0001370                app_rfe_add_packet_trigger
                0x00000000a0001374                app_mqtt_last_validated_feature_enabled
                0x00000000a0001378                app_mqtt_feature_enabled
                0x00000000a000137c                do_app_rfe_1ms
 .sbss          0x00000000a0001380       0x14 output\spi2.o
                0x00000000a0001380                spi2_user
                0x00000000a0001381                spi2_default_output
                0x00000000a0001384                spi2_sizeTemp
                0x00000000a0001388                spi2bufferRxTemp
                0x00000000a000138c                spi2bufferTxTemp
                0x00000000a0001390                spi2StateEnum
 .sbss          0x00000000a0001394       0x25 output\grbl_homing.o
                0x00000000a0001394                grbl_homing_delay_home
                0x00000000a0001396                grbl_homing_flag_for_homing_EXEC_CYCLE_STOP
                0x00000000a0001397                n_active_axis
                0x00000000a0001398                axislock
                0x00000000a0001399                grbl_homing_state_global
                0x00000000a000139c                homing_rate
                0x00000000a00013a0                approach
                0x00000000a00013a1                cycle_mask_asynch
                0x00000000a00013a4                max_travel
                0x00000000a00013a8                n_cycle
                0x00000000a00013ac                grbl_homing_go_home_state
                0x00000000a00013b0                do_grbl_homing_go_home
                0x00000000a00013b1                cycle_mask_buffer
                0x00000000a00013b4                mc_homing_state_machine
                0x00000000a00013b8                do_mc_homing_cycle
 *(.scommon)
 *fill*         0x00000000a00013b9        0x3 
 .scommon       0x00000000a00013bc       0x5c output\usb_device.o
                0x00000000a00013bc                pDst
                0x00000000a00013c0                USBDeferINDataStagePackets
                0x00000000a00013c4                CtrlTrfData
                0x00000000a00013cc                USBDeferOUTDataStagePackets
                0x00000000a00013d0                USBDeviceState
                0x00000000a00013d4                controlTransferState
                0x00000000a00013d5                endpoint_number
                0x00000000a00013d8                ep_data_out
                0x00000000a00013dc                USBStatusStageEnabledFlag1
                0x00000000a00013e0                USBStatusStageEnabledFlag2
                0x00000000a00013e4                BothEP0OutUOWNsSet
                0x00000000a00013e8                pBDTEntryEP0OutNext
                0x00000000a00013ec                USBBusIsSuspended
                0x00000000a00013f0                USBStatusStageTimeoutCounter
                0x00000000a00013f4                SetupPkt
                0x00000000a00013fc                ep_data_in
                0x00000000a00013ff                shortPacketStatus
                0x00000000a0001400                pBDTEntryEP0OutCurrent
                0x00000000a0001404                USBActiveConfiguration
                0x00000000a0001408                RemoteWakeup
                0x00000000a000140c                USTATcopy
                0x00000000a0001410                USBAlternateInterface
                0x00000000a0001414                USBDeferStatusStagePacket
 .scommon       0x00000000a0001418       0x18 output\exceptions.o
                0x00000000a0001418                _return_addr
                0x00000000a000141c                tempB
                0x00000000a0001420                tempA
                0x00000000a0001424                _excep_code
                0x00000000a0001428                tempResult
                0x00000000a000142c                _excep_addr
 .scommon       0x00000000a0001430        0x2 output\ad.o
                0x00000000a0001430                adResults
 *fill*         0x00000000a0001432        0x2 
 .scommon       0x00000000a0001434        0x5 output\grbl_limits.o
                0x00000000a0001434                limit_filter_state
                0x00000000a0001438                limits_set_state_filtered_currentState
 *fill*         0x00000000a0001439        0x3 
 .scommon       0x00000000a000143c       0x46 output\motion_control.o
                0x00000000a000143c                axis_1_buffer
                0x00000000a0001440                center_axis0
                0x00000000a0001444                linear_per_segment
                0x00000000a0001448                r_axisi
                0x00000000a000144c                theta_per_segment
                0x00000000a0001450                sin_Ti
                0x00000000a0001454                axis_linear_buffer
                0x00000000a0001458                cos_T
                0x00000000a000145c                r_axis0
                0x00000000a0001460                axis_0_buffer
                0x00000000a0001464                r_axis1
                0x00000000a0001468                sin_T
                0x00000000a000146c                radius_buffer
                0x00000000a0001470                is_clockwise_arc_buffer
                0x00000000a0001474                center_axis1
                0x00000000a0001478                segments_buffer
                0x00000000a000147c                cos_Ti
                0x00000000a0001480                i_buffer
 .scommon       0x00000000a0001482        0x4 output\planner.o
                0x00000000a0001482                block_buffer_head
                0x00000000a0001483                next_buffer_head
                0x00000000a0001484                block_buffer_tail
                0x00000000a0001485                block_buffer_planned
 *fill*         0x00000000a0001486        0x2 
 .scommon       0x00000000a0001488        0xc output\stepper.o
                0x00000000a0001488                pl_block
                0x00000000a000148c                st_prep_block
                0x00000000a0001490                stepper_idle_lock_timer
 .scommon       0x00000000a0001494        0x4 output\system.o
                0x00000000a0001494                system_suspendTime
 .scommon       0x00000000a0001498       0x54 output\grbl.o
                0x00000000a0001498                dummyTRIS6
                0x00000000a000149c                dummyLAT4
                0x00000000a00014a0                dummyPORT1
                0x00000000a00014a4                dummyPORT4
                0x00000000a00014a8                dummyTRIS1
                0x00000000a00014ac                dummyLAT1
                0x00000000a00014b0                dummyTRIS3
                0x00000000a00014b4                dummyPORT7
                0x00000000a00014b8                dummyTRIS5
                0x00000000a00014bc                dummyPORT2
                0x00000000a00014c0                dummyLAT3
                0x00000000a00014c4                dummyTRIS4
                0x00000000a00014c8                dummyLAT5
                0x00000000a00014cc                dummyLAT7
                0x00000000a00014d0                dummyLAT2
                0x00000000a00014d4                dummyPORT5
                0x00000000a00014d8                dummyTRIS7
                0x00000000a00014dc                dummyLAT6
                0x00000000a00014e0                dummyTRIS2
                0x00000000a00014e4                dummyPORT3
                0x00000000a00014e8                dummyPORT6
 .scommon       0x00000000a00014ec       0x38 output\usb_function_cdc.o
                0x00000000a00014ec                control_signal_bitmap
                0x00000000a00014f0                cdc_tx_len
                0x00000000a00014f4                pCDCSrc
                0x00000000a00014f8                CDCDataOutHandle
                0x00000000a00014fc                cdc_rx_len
                0x00000000a0001500                line_coding
                0x00000000a0001508                BaudRateGen
                0x00000000a000150c                CDCDataInHandle
                0x00000000a0001510                cdc_trf_state
                0x00000000a0001514                pCDCDst
                0x00000000a0001518                cdc_mem_type
                0x00000000a000151c                dummy_encapsulated_cmd_response
 .scommon       0x00000000a0001524        0x4 output\dee.o
                0x00000000a0001524                dataEEFlags
 .scommon       0x00000000a0001528        0xc output\dee_page.o
                0x00000000a0001528                read_dee_page_size
                0x00000000a000152c                read_dee_page
                0x00000000a0001530                read_dee_page_startaddress
 .scommon       0x00000000a0001534        0x8 output\grbl_eeprom.o
                0x00000000a0001534                gcodePositionSave
                0x00000000a0001538                check_is_delay
 .scommon       0x00000000a000153c        0x4 output\grbl_toolchange.o
                0x00000000a000153c                grbl_toolchange_failsafe_timeout
 .scommon       0x00000000a0001540        0x4 output\grbl_protocol.o
                0x00000000a0001540                protocol_dwellTime
 .scommon       0x00000000a0001544        0x4 output\grbl_bootloader.o
                0x00000000a0001544                grbl_bootloader_timer
 .scommon       0x00000000a0001548        0x4 output\ENC28J60.o
                0x00000000a0001548                enc28j60_timer
 .scommon       0x00000000a000154c        0x4 output\StackTsk.o
                0x00000000a000154c                StackTsk_Announce_autonomous
 .scommon       0x00000000a0001550        0x6 output\UDP.o
                0x00000000a0001550                UDPTxCount
                0x00000000a0001552                activeUDPSocket
                0x00000000a0001554                UDPRxCount
 *fill*         0x00000000a0001556        0x2 
 .scommon       0x00000000a0001558        0x2 output\ethernet_grbl_multi.o
                0x00000000a0001558                ClientSock
                0x00000000a0001559                bsdServerSocket
 *fill*         0x00000000a000155a        0x2 
 .scommon       0x00000000a000155c        0x4 output\app_rfe.o
                0x00000000a000155c                app_rfe_timer
 .scommon       0x00000000a0001560        0x3 output\grbl_homing.o
                0x00000000a0001560                step_pin
                0x00000000a0001563                _sbss_end = .
                0x00000000a0001564                . = ALIGN (0x4)
 *fill*         0x00000000a0001563        0x1 

.bss            0x00000000a0001600     0x4870
 *(.dynbss)
 *(COMMON)
 COMMON         0x00000000a0001600       0x90 output\task.o
                0x00000000a0001600                taskLists
 COMMON         0x00000000a0001690      0x400 output\eeprom.o
                0x00000000a0001690                eeprom_write_buffer
 COMMON         0x00000000a0001a90       0x88 output\eep_manager.o
                0x00000000a0001a90                eep_manager_write_trigger
                0x00000000a0001ad4                eep_manager_debug_address
 *fill*         0x00000000a0001b18       0xe8 
 COMMON         0x00000000a0001c00       0x93 output\usb_device.o
                0x00000000a0001c00                BDT
                0x00000000a0001c60                inPipes
                0x00000000a0001c70                pBDTEntryIn
                0x00000000a0001c7c                pBDTEntryOut
                0x00000000a0001c88                outPipes
 *fill*         0x00000000a0001c93        0x1 
 COMMON         0x00000000a0001c94       0x80 output\main.o
                0x00000000a0001c94                loopCntHistory
 COMMON         0x00000000a0001d14       0x10 output\app.o
                0x00000000a0001d14                app_timedate
 COMMON         0x00000000a0001d24       0x24 output\grbl_gcode.o
                0x00000000a0001d24                coord_offset_eep
                0x00000000a0001d30                coord_system_eep
                0x00000000a0001d3c                block_coord_system
 COMMON         0x00000000a0001d48       0x30 output\motion_control.o
                0x00000000a0001d48                target_buffer
                0x00000000a0001d54                offset_buffer
                0x00000000a0001d60                pl_data_buffer
                0x00000000a0001d6c                position_buffer
 COMMON         0x00000000a0001d78      0xd1c output\planner.o
                0x00000000a0001d78                pl
                0x00000000a0001d94                block_buffer
 COMMON         0x00000000a0002a94       0x80 output\grbl_report.o
                0x00000000a0002a94                grbl_report_failed_line_buffer
 COMMON         0x00000000a0002b14      0x1d4 output\settings.o
                0x00000000a0002b14                eep_coord_data
                0x00000000a0002b8c                settings
                0x00000000a0002bfc                eep_coord_teached
                0x00000000a0002c08                eep_settings_backup
                0x00000000a0002c78                eep_settings
 COMMON         0x00000000a0002ce8      0x34c output\stepper.o
                0x00000000a0002ce8                stepper_st
                0x00000000a0002d10                prep
                0x00000000a0002d48                segment_buffer
                0x00000000a0002e68                st_block_buffer
 COMMON         0x00000000a0003034      0x1ac output\system.o
                0x00000000a0003034                sys
                0x00000000a0003048                sys_probe_position
                0x00000000a0003054                sys_position
                0x00000000a0003060                grbl_system_logger
 COMMON         0x00000000a00031e0       0x40 output\pwm.o
                0x00000000a00031e0                pwm_duty
 COMMON         0x00000000a0003220       0x8a output\usb_function_cdc.o
                0x00000000a0003220                cdc_data_tx
                0x00000000a0003260                cdc_data_rx
                0x00000000a00032a0                cdc_notice
 *fill*         0x00000000a00032aa        0x2 
 COMMON         0x00000000a00032ac        0xc output\dee_page.o
                0x00000000a00032ac                dee_debug_page_status
 COMMON         0x00000000a00032b8      0x198 output\grbl_protocol.o
                0x00000000a00032b8                myRingBuffer_grbl_protocol_rx
                0x00000000a00032d0                line_buffer
                0x00000000a0003350                grbl_protocol_rx
 COMMON         0x00000000a0003450       0x33 output\ethernet.o
                0x00000000a0003450                AppConfig
 *fill*         0x00000000a0003483        0x1 
 COMMON         0x00000000a0003484        0xa output\StackTsk.o
                0x00000000a0003484                remoteNode
 *fill*         0x00000000a000348e        0x2 
 COMMON         0x00000000a0003490       0xe0 output\UDP.o
                0x00000000a0003490                UDPSocketInfo
 COMMON         0x00000000a0003570      0x4b0 output\usb_grbl_multi.o
                0x00000000a0003570                myRingBuffer_hid_rx
                0x00000000a0003588                myRingBuffer_hid_tx
                0x00000000a00035a0                ReceivedDataBuffer
                0x00000000a00035e0                ToSendDataBuffer
                0x00000000a0003620                hid_rx
                0x00000000a0003820                hid_tx
 COMMON         0x00000000a0003a20      0x4d0 output\ethernet_grbl_multi.o
                0x00000000a0003a20                ReceivedDataBuffer_grbl_ethernet_multi
                0x00000000a0003a60                eth_tx
                0x00000000a0003c60                myRingBuffer_eth_rx
                0x00000000a0003c78                addr
                0x00000000a0003c88                ToSendDataBuffer_grbl_ethernet_multi
                0x00000000a0003cc8                eth_rx
                0x00000000a0003ec8                myRingBuffer_eth_tx
                0x00000000a0003ee0                addRemote
 COMMON         0x00000000a0003ef0      0x24c output\aes_cmac.o
                0x00000000a0003ef0                aes_cmac_handle_store
 COMMON         0x00000000a000413c     0x1d0c output\aes_key.o
                0x00000000a000413c                aes_KeyHolderNv
                0x00000000a0004378                aes_KeyHolder
 COMMON         0x00000000a0005e48       0x10 output\app_rfe.o
                0x00000000a0005e48                token_actual_debug
 COMMON         0x00000000a0005e58       0x18 output\grbl_homing.o
                0x00000000a0005e58                plan_data
                0x00000000a0005e64                target_global
                0x00000000a0005e70                . = ALIGN ((. != 0x0)?0x4:0x1)
                0x00000000a0005e70                . = ALIGN (0x4)
                0x00000000a0005e70                _end = .
                0x00000000a0005e70                _bss_end = .
                0x0000000000007000                _bmxdudba_address = LENGTH (kseg1_data_mem)
                0x0000000000007000                _bmxdupba_address = LENGTH (kseg1_data_mem)

/DISCARD/
 *(.pdr)
 *(.rel.dyn)
 *(.note.GNU-stack)
 *(.note.GNU-stack)
 *(.gnu_debuglink)
 *(.gnu.lto_*)
 *(.discard)
 *(._debug_exception)

.gptab.sdata
 *(.gptab.data)
 *(.gptab.sdata)

.gptab.sbss
 *(.gptab.bss)
 *(.gptab.sbss)

.mdebug.abi32   0x00000000a0000000        0x0
 *(.mdebug.abi32)
 .mdebug.abi32  0x00000000a0000000        0x0 output\tmr.o
 .mdebug.abi32  0x00000000a0000000        0x0 output\mal.o
 .mdebug.abi32  0x00000000a0000000        0x0 output\ringBuffer.o
 .mdebug.abi32  0x00000000a0000000        0x0 output\task.o
 .mdebug.abi32  0x00000000a0000000        0x0 output\sleep.o
 .mdebug.abi32  0x00000000a0000000        0x0 output\eeprom.o
 .mdebug.abi32  0x00000000a0000000        0x0 output\eep_manager.o
 .mdebug.abi32  0x00000000a0000000        0x0 output\usb.o
 .mdebug.abi32  0x00000000a0000000        0x0 output\usb_descriptors.o
 .mdebug.abi32  0x00000000a0000000        0x0 output\usb_device.o
 .mdebug.abi32  0x00000000a0000000        0x0 output\exceptions.o
 .mdebug.abi32  0x00000000a0000000        0x0 output\isr.o
 .mdebug.abi32  0x00000000a0000000        0x0 output\main.o
 .mdebug.abi32  0x00000000a0000000        0x0 output\c_eep_manager.o
 .mdebug.abi32  0x00000000a0000000        0x0 output\app.o
 .mdebug.abi32  0x00000000a0000000        0x0 output\ad.o
 .mdebug.abi32  0x00000000a0000000        0x0 output\grbl_gcode.o
 .mdebug.abi32  0x00000000a0000000        0x0 output\grbl_limits.o
 .mdebug.abi32  0x00000000a0000000        0x0 output\coolant_control.o
 .mdebug.abi32  0x00000000a0000000        0x0 output\motion_control.o
 .mdebug.abi32  0x00000000a0000000        0x0 output\nuts_bolts.o
 .mdebug.abi32  0x00000000a0000000        0x0 output\planner.o
 .mdebug.abi32  0x00000000a0000000        0x0 output\grbl_print.o
 .mdebug.abi32  0x00000000a0000000        0x0 output\grbl_report.o
 .mdebug.abi32  0x00000000a0000000        0x0 output\settings.o
 .mdebug.abi32  0x00000000a0000000        0x0 output\spindle_control.o
 .mdebug.abi32  0x00000000a0000000        0x0 output\stepper.o
 .mdebug.abi32  0x00000000a0000000        0x0 output\system.o
 .mdebug.abi32  0x00000000a0000000        0x0 output\grbl.o
 .mdebug.abi32  0x00000000a0000000        0x0 output\pwm.o
 .mdebug.abi32  0x00000000a0000000        0x0 output\jog.o
 .mdebug.abi32  0x00000000a0000000        0x0 output\usb_function_cdc.o
 .mdebug.abi32  0x00000000a0000000        0x0 output\dee.o
 .mdebug.abi32  0x00000000a0000000        0x0 output\dee_page.o
 .mdebug.abi32  0x00000000a0000000        0x0 output\dee_page_helper.o
 .mdebug.abi32  0x00000000a0000000        0x0 output\eep_manager_crc.o
 .mdebug.abi32  0x00000000a0000000        0x0 output\system_control.o
 .mdebug.abi32  0x00000000a0000000        0x0 output\stepper_enable.o
 .mdebug.abi32  0x00000000a0000000        0x0 output\system_exec.o
 .mdebug.abi32  0x00000000a0000000        0x0 output\system_alarm.o
 .mdebug.abi32  0x00000000a0000000        0x0 output\grbl_eeprom.o
 .mdebug.abi32  0x00000000a0000000        0x0 output\bootloader_interface.o
 .mdebug.abi32  0x00000000a0000000        0x0 output\grbl_toolchange.o
 .mdebug.abi32  0x00000000a0000000        0x0 output\stackmeasure.o
 .mdebug.abi32  0x00000000a0000000        0x0 output\grbl_protocol.o
 .mdebug.abi32  0x00000000a0000000        0x0 output\grbl_running.o
 .mdebug.abi32  0x00000000a0000000        0x0 output\grbl_bootloader.o
 .mdebug.abi32  0x00000000a0000000        0x0 output\grbl_probe.o
 .mdebug.abi32  0x00000000a0000000        0x0 output\ethernet.o
 .mdebug.abi32  0x00000000a0000000        0x0 output\ENC28J60.o
 .mdebug.abi32  0x00000000a0000000        0x0 output\DHCP.o
 .mdebug.abi32  0x00000000a0000000        0x0 output\ARP.o
 .mdebug.abi32  0x00000000a0000000        0x0 output\Announce.o
 .mdebug.abi32  0x00000000a0000000        0x0 output\Helpers.o
 .mdebug.abi32  0x00000000a0000000        0x0 output\ICMP.o
 .mdebug.abi32  0x00000000a0000000        0x0 output\IP.o
 .mdebug.abi32  0x00000000a0000000        0x0 output\StackTsk.o
 .mdebug.abi32  0x00000000a0000000        0x0 output\UDP.o
 .mdebug.abi32  0x00000000a0000000        0x0 output\usb_grbl_multi.o
 .mdebug.abi32  0x00000000a0000000        0x0 output\ethernet_grbl_multi.o
 .mdebug.abi32  0x00000000a0000000        0x0 output\grbl_multi.o
 .mdebug.abi32  0x00000000a0000000        0x0 output\Reboot.o
 .mdebug.abi32  0x00000000a0000000        0x0 output\TCP.o
 .mdebug.abi32  0x00000000a0000000        0x0 output\BerkeleyAPI.o
 .mdebug.abi32  0x00000000a0000000        0x0 output\noinitram.o
 .mdebug.abi32  0x00000000a0000000        0x0 output\system_external_power.o
 .mdebug.abi32  0x00000000a0000000        0x0 output\MQTT.o
 .mdebug.abi32  0x00000000a0000000        0x0 output\MQTTclient.o
 .mdebug.abi32  0x00000000a0000000        0x0 output\DNS.o
 .mdebug.abi32  0x00000000a0000000        0x0 output\app_mqtt.o
 .mdebug.abi32  0x00000000a0000000        0x0 output\daylight.o
 .mdebug.abi32  0x00000000a0000000        0x0 output\rtc.o
 .mdebug.abi32  0x00000000a0000000        0x0 output\rtcconverter.o
 .mdebug.abi32  0x00000000a0000000        0x0 output\aes_128.o
 .mdebug.abi32  0x00000000a0000000        0x0 output\aes_block.o
 .mdebug.abi32  0x00000000a0000000        0x0 output\aes_cbc.o
 .mdebug.abi32  0x00000000a0000000        0x0 output\aes_cbc_mac.o
 .mdebug.abi32  0x00000000a0000000        0x0 output\aes_cmac.o
 .mdebug.abi32  0x00000000a0000000        0x0 output\aes_challenge_response.o
 .mdebug.abi32  0x00000000a0000000        0x0 output\aes_ecb.o
 .mdebug.abi32  0x00000000a0000000        0x0 output\aes_key.o
 .mdebug.abi32  0x00000000a0000000        0x0 output\rijndael.o
 .mdebug.abi32  0x00000000a0000000        0x0 output\sntp.o
 .mdebug.abi32  0x00000000a0000000        0x0 output\app_rfe.o
 .mdebug.abi32  0x00000000a0000000        0x0 output\p256-m.o
 .mdebug.abi32  0x00000000a0000000        0x0 output\sha256.o
 .mdebug.abi32  0x00000000a0000000        0x0 output\random.o
 .mdebug.abi32  0x00000000a0000000        0x0 output\spi2.o
 .mdebug.abi32  0x00000000a0000000        0x0 output\grbl_homing.o
 .mdebug.abi32  0x00000000a0000000        0x0 c:/program files/microchip/xc32/v4.20/bin/bin/../../lib/gcc/pic32mx/8.3.1\libgcc.a(_fixunssfdi.o)
 .mdebug.abi32  0x00000000a0000000        0x0 c:/program files/microchip/xc32/v4.20/bin/bin/../../lib/gcc/pic32mx/8.3.1\libgcc.a(_floatundidf.o)
 .mdebug.abi32  0x00000000a0000000        0x0 c:/program files/microchip/xc32/v4.20/bin/bin/../../lib/gcc/pic32mx/8.3.1\libgcc.a(floatunsisf.o)
 .mdebug.abi32  0x00000000a0000000        0x0 c:/program files/microchip/xc32/v4.20/bin/bin/../../lib/gcc/pic32mx/8.3.1\libgcc.a(floatunsidf.o)
 .mdebug.abi32  0x00000000a0000000        0x0 c:/program files/microchip/xc32/v4.20/bin/bin/../../lib/gcc/pic32mx/8.3.1/../../../../pic32mx/lib\libpic32.a(default-bootstrap-exception-handler.o)
 .mdebug.abi32  0x00000000a0000000        0x0 c:/program files/microchip/xc32/v4.20/bin/bin/../../lib/gcc/pic32mx/8.3.1/../../../../pic32mx/lib\libpic32.a(default-on-reset.o)
 .mdebug.abi32  0x00000000a0000000        0x0 c:/program files/microchip/xc32/v4.20/bin/bin/../../lib/gcc/pic32mx/8.3.1/../../../../pic32mx/lib\libpic32.a(default-on-bootstrap.o)
 .mdebug.abi32  0x00000000a0000000        0x0 c:/program files/microchip/xc32/v4.20/bin/bin/../../lib/gcc/pic32mx/8.3.1/../../../../pic32mx/lib\libpic32.a(defaultinterrupt.o)
 .mdebug.abi32  0x00000000a0000000        0x0 c:/program files/microchip/xc32/v4.20/bin/bin/../../lib/gcc/pic32mx/8.3.1/../../../../pic32mx/lib\libc-musl.a(__sio_sprintf_doux.o)
 .mdebug.abi32  0x00000000a0000000        0x0 c:/program files/microchip/xc32/v4.20/bin/bin/../../lib/gcc/pic32mx/8.3.1/../../../../pic32mx/lib\libc-musl.a(__fmt_d.o)
 .mdebug.abi32  0x00000000a0000000        0x0 c:/program files/microchip/xc32/v4.20/bin/bin/../../lib/gcc/pic32mx/8.3.1/../../../../pic32mx/lib\libc-musl.a(__fmt_o.o)
 .mdebug.abi32  0x00000000a0000000        0x0 c:/program files/microchip/xc32/v4.20/bin/bin/../../lib/gcc/pic32mx/8.3.1/../../../../pic32mx/lib\libc-musl.a(__fmt_s.o)
 .mdebug.abi32  0x00000000a0000000        0x0 c:/program files/microchip/xc32/v4.20/bin/bin/../../lib/gcc/pic32mx/8.3.1/../../../../pic32mx/lib\libc-musl.a(__fmt_u.o)
 .mdebug.abi32  0x00000000a0000000        0x0 c:/program files/microchip/xc32/v4.20/bin/bin/../../lib/gcc/pic32mx/8.3.1/../../../../pic32mx/lib\libc-musl.a(__fmt_x.o)
 .mdebug.abi32  0x00000000a0000000        0x0 c:/program files/microchip/xc32/v4.20/bin/bin/../../lib/gcc/pic32mx/8.3.1/../../../../pic32mx/lib\libc-musl.a(__pop_int.o)
 .mdebug.abi32  0x00000000a0000000        0x0 c:/program files/microchip/xc32/v4.20/bin/bin/../../lib/gcc/pic32mx/8.3.1/../../../../pic32mx/lib\libc-musl.a(__pop_ptr.o)
 .mdebug.abi32  0x00000000a0000000        0x0 c:/program files/microchip/xc32/v4.20/bin/bin/../../lib/gcc/pic32mx/8.3.1/../../../../pic32mx/lib\libc-musl.a(__printf_core.o)
 .mdebug.abi32  0x00000000a0000000        0x0 c:/program files/microchip/xc32/v4.20/bin/bin/../../lib/gcc/pic32mx/8.3.1/../../../../pic32mx/lib\libc-musl.a(atoi.o)
 .mdebug.abi32  0x00000000a0000000        0x0 c:/program files/microchip/xc32/v4.20/bin/bin/../../lib/gcc/pic32mx/8.3.1/../../../../pic32mx/lib\libc-musl.a(strncmp.o)
 .mdebug.abi32  0x00000000a0000000        0x0 c:/program files/microchip/xc32/v4.20/bin/bin/../../lib/gcc/pic32mx/8.3.1/../../../../pic32mx/lib\libc-musl.a(strncpy.o)
 .mdebug.abi32  0x00000000a0000000        0x0 c:/program files/microchip/xc32/v4.20/bin/bin/../../lib/gcc/pic32mx/8.3.1/../../../../pic32mx/lib\libc-musl.a(tolower.o)
 .mdebug.abi32  0x00000000a0000000        0x0 c:/program files/microchip/xc32/v4.20/bin/bin/../../lib/gcc/pic32mx/8.3.1/../../../../pic32mx/lib\libc-musl.a(toupper.o)
 .mdebug.abi32  0x00000000a0000000        0x0 c:/program files/microchip/xc32/v4.20/bin/bin/../../lib/gcc/pic32mx/8.3.1/../../../../pic32mx/lib\libc-musl.a(__int_vsprintf.o)
 .mdebug.abi32  0x00000000a0000000        0x0 c:/program files/microchip/xc32/v4.20/bin/bin/../../lib/gcc/pic32mx/8.3.1/../../../../pic32mx/lib\libc-musl.a(__pop_float.o)
 .mdebug.abi32  0x00000000a0000000        0x0 c:/program files/microchip/xc32/v4.20/bin/bin/../../lib/gcc/pic32mx/8.3.1/../../../../pic32mx/lib\libc-musl.a(stpncpy.o)
 .mdebug.abi32  0x00000000a0000000        0x0 c:/program files/microchip/xc32/v4.20/bin/bin/../../lib/gcc/pic32mx/8.3.1/../../../../pic32mx/lib\libc-musl.a(__int_vsnprintf.o)
 .mdebug.abi32  0x00000000a0000000        0x0 c:/program files/microchip/xc32/v4.20/bin/bin/../../lib/gcc/pic32mx/8.3.1/../../../../pic32mx/lib\libc-musl.a(__int_vfprintf.o)
 .mdebug.abi32  0x00000000a0000000        0x0 c:/program files/microchip/xc32/v4.20/bin/bin/../../lib/gcc/pic32mx/8.3.1/../../../../pic32mx/lib\libm.a(atan2.o)
 .mdebug.abi32  0x00000000a0000000        0x0 c:/program files/microchip/xc32/v4.20/bin/bin/../../lib/gcc/pic32mx/8.3.1/../../../../pic32mx/lib\libm.a(w_sqrt.o)
 .mdebug.abi32  0x00000000a0000000        0x0 c:/program files/microchip/xc32/v4.20/bin/bin/../../lib/gcc/pic32mx/8.3.1/../../../../pic32mx/lib\libm.a(support.o)
 .mdebug.abi32  0x00000000a0000000        0x0 c:/program files/microchip/xc32/v4.20/bin/bin/../../lib/gcc/pic32mx/8.3.1/../../../../pic32mx/lib\libm.a(w_ldexp.o)
 .mdebug.abi32  0x00000000a0000000        0x0 c:/program files/microchip/xc32/v4.20/bin/bin/../../lib/gcc/pic32mx/8.3.1/../../../../pic32mx/lib\libm.a(s_lib_ver.o)
 .mdebug.abi32  0x00000000a0000000        0x0 c:/program files/microchip/xc32/v4.20/bin/bin/../../lib/gcc/pic32mx/8.3.1\libgcc.a(_udivdi3.o)
 .mdebug.abi32  0x00000000a0000000        0x0 c:/program files/microchip/xc32/v4.20/bin/bin/../../lib/gcc/pic32mx/8.3.1\libgcc.a(_umoddi3.o)
 .mdebug.abi32  0x00000000a0000000        0x0 c:/program files/microchip/xc32/v4.20/bin/bin/../../lib/gcc/pic32mx/8.3.1/../../../../pic32mx/lib\libpic32.a(errno.o)
 .mdebug.abi32  0x00000000a0000000        0x0 c:/program files/microchip/xc32/v4.20/bin/bin/../../lib/gcc/pic32mx/8.3.1/../../../../pic32mx/lib\libpic32.a(isinf.o)
 .mdebug.abi32  0x00000000a0000000        0x0 c:/program files/microchip/xc32/v4.20/bin/bin/../../lib/gcc/pic32mx/8.3.1/../../../../pic32mx/lib\libe.a(_unorddf2.o)

.mdebug.abiN32
 *(.mdebug.abiN32)

.mdebug.abi64
 *(.mdebug.abi64)

.mdebug.abiO64
 *(.mdebug.abiO64)

.mdebug.eabi32
 *(.mdebug.eabi32)

.mdebug.eabi64
 *(.mdebug.eabi64)

.gcc_compiled_long32
 *(.gcc_compiled_long32)

.gcc_compiled_long64
 *(.gcc_compiled_long64)

.stab
 *(.stab)

.stabstr
 *(.stabstr)

.stab.excl
 *(.stab.excl)

.stab.exclstr
 *(.stab.exclstr)

.stab.index
 *(.stab.index)

.stab.indexstr
 *(.stab.indexstr)

.comment        0x0000000000000000       0xf4
 *(.comment)
 .comment       0x0000000000000000       0x2b output\tmr.o
                                         0x2c (size before relaxing)
 .comment       0x000000000000002b       0x2c output\mal.o
 .comment       0x000000000000002b       0x2c output\ringBuffer.o
 .comment       0x000000000000002b       0x2c output\task.o
 .comment       0x000000000000002b       0x2c output\sleep.o
 .comment       0x000000000000002b       0x2c output\eeprom.o
 .comment       0x000000000000002b       0x2c output\eep_manager.o
 .comment       0x000000000000002b       0x2c output\usb.o
 .comment       0x000000000000002b       0x2c output\usb_descriptors.o
 .comment       0x000000000000002b       0x2c output\usb_device.o
 .comment       0x000000000000002b       0x2c output\exceptions.o
 .comment       0x000000000000002b       0x2c output\isr.o
 .comment       0x000000000000002b       0x2c output\main.o
 .comment       0x000000000000002b       0x2c output\c_eep_manager.o
 .comment       0x000000000000002b       0x2c output\app.o
 .comment       0x000000000000002b       0x2c output\ad.o
 .comment       0x000000000000002b       0x2c output\grbl_gcode.o
 .comment       0x000000000000002b       0x2c output\grbl_limits.o
 .comment       0x000000000000002b       0x2c output\coolant_control.o
 .comment       0x000000000000002b       0x2c output\motion_control.o
 .comment       0x000000000000002b       0x2c output\nuts_bolts.o
 .comment       0x000000000000002b       0x2c output\planner.o
 .comment       0x000000000000002b       0x2c output\grbl_print.o
 .comment       0x000000000000002b       0x2c output\grbl_report.o
 .comment       0x000000000000002b       0x2c output\settings.o
 .comment       0x000000000000002b       0x2c output\spindle_control.o
 .comment       0x000000000000002b       0x2c output\stepper.o
 .comment       0x000000000000002b       0x2c output\system.o
 .comment       0x000000000000002b       0x2c output\grbl.o
 .comment       0x000000000000002b       0x2c output\pwm.o
 .comment       0x000000000000002b       0x2c output\jog.o
 .comment       0x000000000000002b       0x2c output\usb_function_cdc.o
 .comment       0x000000000000002b       0x2c output\dee.o
 .comment       0x000000000000002b       0x2c output\dee_page.o
 .comment       0x000000000000002b       0x2c output\dee_page_helper.o
 .comment       0x000000000000002b       0x2c output\eep_manager_crc.o
 .comment       0x000000000000002b       0x2c output\system_control.o
 .comment       0x000000000000002b       0x2c output\stepper_enable.o
 .comment       0x000000000000002b       0x2c output\system_exec.o
 .comment       0x000000000000002b       0x2c output\system_alarm.o
 .comment       0x000000000000002b       0x2c output\grbl_eeprom.o
 .comment       0x000000000000002b       0x2c output\bootloader_interface.o
 .comment       0x000000000000002b       0x2c output\grbl_toolchange.o
 .comment       0x000000000000002b       0x2c output\stackmeasure.o
 .comment       0x000000000000002b       0x2c output\grbl_protocol.o
 .comment       0x000000000000002b       0x2c output\grbl_running.o
 .comment       0x000000000000002b       0x2c output\grbl_bootloader.o
 .comment       0x000000000000002b       0x2c output\grbl_probe.o
 .comment       0x000000000000002b       0x2c output\ethernet.o
 .comment       0x000000000000002b       0x2c output\ENC28J60.o
 .comment       0x000000000000002b       0x2c output\DHCP.o
 .comment       0x000000000000002b       0x2c output\ARP.o
 .comment       0x000000000000002b       0x2c output\Announce.o
 .comment       0x000000000000002b       0x2c output\Helpers.o
 .comment       0x000000000000002b       0x2c output\ICMP.o
 .comment       0x000000000000002b       0x2c output\IP.o
 .comment       0x000000000000002b       0x2c output\StackTsk.o
 .comment       0x000000000000002b       0x2c output\UDP.o
 .comment       0x000000000000002b       0x2c output\usb_grbl_multi.o
 .comment       0x000000000000002b       0x2c output\ethernet_grbl_multi.o
 .comment       0x000000000000002b       0x2c output\grbl_multi.o
 .comment       0x000000000000002b       0x2c output\Reboot.o
 .comment       0x000000000000002b       0x2c output\TCP.o
 .comment       0x000000000000002b       0x2c output\BerkeleyAPI.o
 .comment       0x000000000000002b       0x2c output\noinitram.o
 .comment       0x000000000000002b       0x2c output\system_external_power.o
 .comment       0x000000000000002b       0x2c output\MQTT.o
 .comment       0x000000000000002b       0x2c output\MQTTclient.o
 .comment       0x000000000000002b       0x2c output\DNS.o
 .comment       0x000000000000002b       0x2c output\app_mqtt.o
 .comment       0x000000000000002b       0x2c output\daylight.o
 .comment       0x000000000000002b       0x2c output\rtc.o
 .comment       0x000000000000002b       0x2c output\rtcconverter.o
 .comment       0x000000000000002b       0x2c output\aes_128.o
 .comment       0x000000000000002b       0x2c output\aes_block.o
 .comment       0x000000000000002b       0x2c output\aes_cbc.o
 .comment       0x000000000000002b       0x2c output\aes_cbc_mac.o
 .comment       0x000000000000002b       0x2c output\aes_cmac.o
 .comment       0x000000000000002b       0x2c output\aes_challenge_response.o
 .comment       0x000000000000002b       0x2c output\aes_ecb.o
 .comment       0x000000000000002b       0x2c output\aes_key.o
 .comment       0x000000000000002b       0x2c output\rijndael.o
 .comment       0x000000000000002b       0x2c output\sntp.o
 .comment       0x000000000000002b       0x2c output\app_rfe.o
 .comment       0x000000000000002b       0x2c output\p256-m.o
 .comment       0x000000000000002b       0x2c output\sha256.o
 .comment       0x000000000000002b       0x2c output\random.o
 .comment       0x000000000000002b       0x2c output\spi2.o
 .comment       0x000000000000002b       0x2c output\grbl_homing.o
 .comment       0x000000000000002b       0x2c c:/program files/microchip/xc32/v4.20/bin/bin/../../lib/gcc/pic32mx/8.3.1\libgcc.a(_fixunssfdi.o)
 .comment       0x000000000000002b       0x2c c:/program files/microchip/xc32/v4.20/bin/bin/../../lib/gcc/pic32mx/8.3.1\libgcc.a(_floatundidf.o)
 .comment       0x000000000000002b       0x2c c:/program files/microchip/xc32/v4.20/bin/bin/../../lib/gcc/pic32mx/8.3.1\libgcc.a(floatunsisf.o)
 .comment       0x000000000000002b       0x2c c:/program files/microchip/xc32/v4.20/bin/bin/../../lib/gcc/pic32mx/8.3.1\libgcc.a(floatunsidf.o)