Archive member included to satisfy reference by file (symbol)

c:/program files/microchip/xc32/v4.20/bin/bin/../../lib/gcc/pic32mx/8.3.1/../../../../pic32mx/lib\libpic32.a(memcmp.o)
                              output\Framework_crypto.o (memcmp)
c:/program files/microchip/xc32/v4.20/bin/bin/../../lib/gcc/pic32mx/8.3.1/../../../../pic32mx/lib\libpic32.a(memcpy.o)
                              output\aes_tiny.o (memcpy)
c:/program files/microchip/xc32/v4.20/bin/bin/../../lib/gcc/pic32mx/8.3.1/../../../../pic32mx/lib\libpic32.a(default-bootstrap-exception-handler.o)
                              C:\Users\kyrk\AppData\Local\Temp\cccTcdbZ.o (_bootstrap_exception_handler)
c:/program files/microchip/xc32/v4.20/bin/bin/../../lib/gcc/pic32mx/8.3.1/../../../../pic32mx/lib\libpic32.a(default-on-reset.o)
                              C:\Users\kyrk\AppData\Local\Temp\cccTcdbZ.o (_on_reset)
c:/program files/microchip/xc32/v4.20/bin/bin/../../lib/gcc/pic32mx/8.3.1/../../../../pic32mx/lib\libpic32.a(default-on-bootstrap.o)
                              C:\Users\kyrk\AppData\Local\Temp\cccTcdbZ.o (_on_bootstrap)
c:/program files/microchip/xc32/v4.20/bin/bin/../../lib/gcc/pic32mx/8.3.1/../../../../pic32mx/lib\libpic32.a(default-nmi-handler.o)
                              C:\Users\kyrk\AppData\Local\Temp\cccTcdbZ.o (_nmi_handler)
c:/program files/microchip/xc32/v4.20/bin/bin/../../lib/gcc/pic32mx/8.3.1/../../../../pic32mx/lib\libpic32.a(pic32_data_init_wrapper.o)
                              C:\Users\kyrk\AppData\Local\Temp\cccTcdbZ.o (__pic32_data_init)
c:/program files/microchip/xc32/v4.20/bin/bin/../../lib/gcc/pic32mx/8.3.1/../../../../pic32mx/lib\libpic32.a(pic32_data_init_0_1.o)
                              (__copy_needed)
c:/program files/microchip/xc32/v4.20/bin/bin/../../lib/gcc/pic32mx/8.3.1/../../../../pic32mx/lib\libpic32.a(general-exception.o)
                              C:\Users\kyrk\AppData\Local\Temp\cccTcdbZ.o (_general_exception_context)
c:/program files/microchip/xc32/v4.20/bin/bin/../../lib/gcc/pic32mx/8.3.1/../../../../pic32mx/lib\libpic32.a(vector0.o)
                              C:\Users\kyrk\AppData\Local\Temp\ccEPBDYV.o (__vector_dispatch_0)
c:/program files/microchip/xc32/v4.20/bin/bin/../../lib/gcc/pic32mx/8.3.1/../../../../pic32mx/lib\libpic32.a(vector1.o)
                              C:\Users\kyrk\AppData\Local\Temp\ccEPBDYV.o (__vector_dispatch_1)
c:/program files/microchip/xc32/v4.20/bin/bin/../../lib/gcc/pic32mx/8.3.1/../../../../pic32mx/lib\libpic32.a(vector2.o)
                              C:\Users\kyrk\AppData\Local\Temp\ccEPBDYV.o (__vector_dispatch_2)
c:/program files/microchip/xc32/v4.20/bin/bin/../../lib/gcc/pic32mx/8.3.1/../../../../pic32mx/lib\libpic32.a(vector3.o)
                              C:\Users\kyrk\AppData\Local\Temp\ccEPBDYV.o (__vector_dispatch_3)
c:/program files/microchip/xc32/v4.20/bin/bin/../../lib/gcc/pic32mx/8.3.1/../../../../pic32mx/lib\libpic32.a(vector4.o)
                              C:\Users\kyrk\AppData\Local\Temp\ccEPBDYV.o (__vector_dispatch_4)
c:/program files/microchip/xc32/v4.20/bin/bin/../../lib/gcc/pic32mx/8.3.1/../../../../pic32mx/lib\libpic32.a(vector5.o)
                              C:\Users\kyrk\AppData\Local\Temp\ccEPBDYV.o (__vector_dispatch_5)
c:/program files/microchip/xc32/v4.20/bin/bin/../../lib/gcc/pic32mx/8.3.1/../../../../pic32mx/lib\libpic32.a(vector6.o)
                              C:\Users\kyrk\AppData\Local\Temp\ccEPBDYV.o (__vector_dispatch_6)
c:/program files/microchip/xc32/v4.20/bin/bin/../../lib/gcc/pic32mx/8.3.1/../../../../pic32mx/lib\libpic32.a(vector7.o)
                              C:\Users\kyrk\AppData\Local\Temp\ccEPBDYV.o (__vector_dispatch_7)
c:/program files/microchip/xc32/v4.20/bin/bin/../../lib/gcc/pic32mx/8.3.1/../../../../pic32mx/lib\libpic32.a(vector8.o)
                              C:\Users\kyrk\AppData\Local\Temp\ccEPBDYV.o (__vector_dispatch_8)
c:/program files/microchip/xc32/v4.20/bin/bin/../../lib/gcc/pic32mx/8.3.1/../../../../pic32mx/lib\libpic32.a(vector9.o)
                              C:\Users\kyrk\AppData\Local\Temp\ccEPBDYV.o (__vector_dispatch_9)
c:/program files/microchip/xc32/v4.20/bin/bin/../../lib/gcc/pic32mx/8.3.1/../../../../pic32mx/lib\libpic32.a(vector10.o)
                              C:\Users\kyrk\AppData\Local\Temp\ccEPBDYV.o (__vector_dispatch_10)
c:/program files/microchip/xc32/v4.20/bin/bin/../../lib/gcc/pic32mx/8.3.1/../../../../pic32mx/lib\libpic32.a(vector11.o)
                              C:\Users\kyrk\AppData\Local\Temp\ccEPBDYV.o (__vector_dispatch_11)
c:/program files/microchip/xc32/v4.20/bin/bin/../../lib/gcc/pic32mx/8.3.1/../../../../pic32mx/lib\libpic32.a(vector12.o)
                              C:\Users\kyrk\AppData\Local\Temp\ccEPBDYV.o (__vector_dispatch_12)
c:/program files/microchip/xc32/v4.20/bin/bin/../../lib/gcc/pic32mx/8.3.1/../../../../pic32mx/lib\libpic32.a(vector13.o)
[...]
Memory Configuration

Name             Origin             Length             Attributes
kseg0_program_mem 0x000000009d008490 0x0000000000078b70 xr
kseg0_boot_mem   0x000000009d007000 0x0000000000000000
exception_mem    0x000000009d007000 0x0000000000001000
kseg1_boot_mem   0x000000009d008000 0x0000000000000490
debug_exec_mem   0x00000000bfc02000 0x0000000000000ff0
config3          0x00000000bfc02ff0 0x0000000000000004
config2          0x00000000bfc02ff4 0x0000000000000004
config1          0x00000000bfc02ff8 0x0000000000000004
config0          0x00000000bfc02ffc 0x0000000000000004
kseg1_shared_mem 0x00000000a0000000 0x0000000000001000 w !x
kseg1_data_mem   0x00000000a0001000 0x0000000000007000 w !x
sfrs             0x00000000bf800000 0x0000000000100000
configsfrs       0x00000000bfc02ff0 0x0000000000000010
*default*        0x0000000000000000 0xffffffffffffffff

Linker script and memory map

LOAD c:/program files/microchip/xc32/v4.20/bin/bin/../../lib/gcc/pic32mx/8.3.1/../../../../pic32mx/lib\debug-exception-return.o
LOAD output\BootLoader.o
LOAD output\Framework.o
LOAD output\NVMem.o
LOAD output\usb_descriptors.o
LOAD output\usb_device.o
LOAD output\usb_function_hid.o
LOAD output\Usb_HID_tasks.o
LOAD output\int_tbl_lib.o
LOAD output\aes_tiny.o
LOAD output\Framework_usb.o
LOAD output\Framework_crypto.o
LOAD output\Framework_flash.o
                0x0000000000000400                PROVIDE (_min_stack_size = 0x400)
LOAD c:/program files/microchip/xc32/v4.20/bin/bin/../../lib/gcc/pic32mx/8.3.1/../../../../pic32mx/lib/./proc/32MX460F512L\processor.o
START GROUP
LOAD c:/program files/microchip/xc32/v4.20/bin/bin/../../lib/gcc/pic32mx/8.3.1/../../../../pic32mx/lib\libmchp_peripheral.a
END GROUP
START GROUP
LOAD c:/program files/microchip/xc32/v4.20/bin/bin/../../lib/gcc/pic32mx/8.3.1/../../../../pic32mx/lib\libmchp_peripheral_32MX460F512L.a
END GROUP
                0x0000000000000001                PROVIDE (_vector_spacing = 0x1)
                0x000000009d007000                _ebase_address = 0x9d007000
                0x000000009d008000                _RESET_ADDR = 0x9d008000
                0x000000009d008380                _BEV_EXCPT_ADDR = 0x9d008380
                0x000000009d008480                _DBG_EXCPT_ADDR = 0x9d008480
                0x00000000bfc02000                _DBG_CODE_ADDR = 0xbfc02000
                0x0000000000000ff0                _DBG_CODE_SIZE = 0xff0
                0x000000009d007180                _GEN_EXCPT_ADDR = (_ebase_address + 0x180)

.config_BFC02FF0
 *(.config_BFC02FF0)

.config_BFC02FF4
 *(.config_BFC02FF4)

.config_BFC02FF8
 *(.config_BFC02FF8)

.config_BFC02FFC
 *(.config_BFC02FFC)
                [!provide]                        PROVIDE (_DBG_CODE_ADDR = 0xbfc02000)
                [!provide]                        PROVIDE (_DBG_CODE_SIZE = 0xff0)

.reset          0x000000009d008000      0x19c
 *(.reset)
 .reset         0x000000009d008000        0x8 C:\Users\kyrk\AppData\Local\Temp\cccTcdbZ.o
                0x000000009d008000                _reset
 *(.reset.startup)
 .reset.startup
                0x000000009d008008      0x194 C:\Users\kyrk\AppData\Local\Temp\cccTcdbZ.o
                0x000000009d008008                _startup

.bev_excpt      0x000000009d008380       0x10
 *(.bev_handler)
 .bev_handler   0x000000009d008380       0x10 C:\Users\kyrk\AppData\Local\Temp\cccTcdbZ.o

.dbg_excpt      0x000000009d008480        0x0
                0x000000009d008480                . = (. + DEFINED (_DEBUGGER)?0x8:0x0)

.dbg_code       0x00000000bfc02000        0x0
                0x00000000bfc02000                . = (. + DEFINED (_DEBUGGER)?_DBG_CODE_SIZE:0x0)

.app_excpt      0x000000009d007180       0x10
 *(.gen_handler)
 .gen_handler   0x000000009d007180       0x10 C:\Users\kyrk\AppData\Local\Temp\cccTcdbZ.o

.vector_0       0x000000009d007200        0x8
 *(.vector_0)
 .vector_0      0x000000009d007200        0x8 c:/program files/microchip/xc32/v4.20/bin/bin/../../lib/gcc/pic32mx/8.3.1/../../../../pic32mx/lib\libpic32.a(vector0.o)
                0x000000009d007200                __vector_dispatch_0
                0x0000000000000001                ASSERT (((_vector_spacing == 0x0) || (SIZEOF (.vector_0) <= (_vector_spacing << 0x5))), function at exception vector 0 too large)

.vector_1       0x000000009d007220        0x8
 *(.vector_1)
 .vector_1      0x000000009d007220        0x8 c:/program files/microchip/xc32/v4.20/bin/bin/../../lib/gcc/pic32mx/8.3.1/../../../../pic32mx/lib\libpic32.a(vector1.o)
                0x000000009d007220                __vector_dispatch_1
                0x0000000000000001                ASSERT (((_vector_spacing == 0x0) || (SIZEOF (.vector_1) <= (_vector_spacing << 0x5))), function at exception vector 1 too large)

.vector_2       0x000000009d007240        0x8
 *(.vector_2)
 .vector_2      0x000000009d007240        0x8 c:/program files/microchip/xc32/v4.20/bin/bin/../../lib/gcc/pic32mx/8.3.1/../../../../pic32mx/lib\libpic32.a(vector2.o)
                0x000000009d007240                __vector_dispatch_2
                0x0000000000000001                ASSERT (((_vector_spacing == 0x0) || (SIZEOF (.vector_2) <= (_vector_spacing << 0x5))), function at exception vector 2 too large)

.vector_3       0x000000009d007260        0x8
 *(.vector_3)
 .vector_3      0x000000009d007260        0x8 c:/program files/microchip/xc32/v4.20/bin/bin/../../lib/gcc/pic32mx/8.3.1/../../../../pic32mx/lib\libpic32.a(vector3.o)
                0x000000009d007260                __vector_dispatch_3
                0x0000000000000001                ASSERT (((_vector_spacing == 0x0) || (SIZEOF (.vector_3) <= (_vector_spacing << 0x5))), function at exception vector 3 too large)

.vector_4       0x000000009d007280        0x8
 *(.vector_4)
 .vector_4      0x000000009d007280        0x8 c:/program files/microchip/xc32/v4.20/bin/bin/../../lib/gcc/pic32mx/8.3.1/../../../../pic32mx/lib\libpic32.a(vector4.o)
                0x000000009d007280                __vector_dispatch_4
                0x0000000000000001                ASSERT (((_vector_spacing == 0x0) || (SIZEOF (.vector_4) <= (_vector_spacing << 0x5))), function at exception vector 4 too large)

.vector_5       0x000000009d0072a0        0x8
 *(.vector_5)
 .vector_5      0x000000009d0072a0        0x8 c:/program files/microchip/xc32/v4.20/bin/bin/../../lib/gcc/pic32mx/8.3.1/../../../../pic32mx/lib\libpic32.a(vector5.o)
                0x000000009d0072a0                __vector_dispatch_5
                0x0000000000000001                ASSERT (((_vector_spacing == 0x0) || (SIZEOF (.vector_5) <= (_vector_spacing << 0x5))), function at exception vector 5 too large)

.vector_6       0x000000009d0072c0        0x8
 *(.vector_6)
 .vector_6      0x000000009d0072c0        0x8 c:/program files/microchip/xc32/v4.20/bin/bin/../../lib/gcc/pic32mx/8.3.1/../../../../pic32mx/lib\libpic32.a(vector6.o)
                0x000000009d0072c0                __vector_dispatch_6
                0x0000000000000001                ASSERT (((_vector_spacing == 0x0) || (SIZEOF (.vector_6) <= (_vector_spacing << 0x5))), function at exception vector 6 too large)

.vector_7       0x000000009d0072e0        0x8
 *(.vector_7)
 .vector_7      0x000000009d0072e0        0x8 c:/program files/microchip/xc32/v4.20/bin/bin/../../lib/gcc/pic32mx/8.3.1/../../../../pic32mx/lib\libpic32.a(vector7.o)
                0x000000009d0072e0                __vector_dispatch_7
                0x0000000000000001                ASSERT (((_vector_spacing == 0x0) || (SIZEOF (.vector_7) <= (_vector_spacing << 0x5))), function at exception vector 7 too large)

.vector_8       0x000000009d007300        0x8
 *(.vector_8)
 .vector_8      0x000000009d007300        0x8 c:/program files/microchip/xc32/v4.20/bin/bin/../../lib/gcc/pic32mx/8.3.1/../../../../pic32mx/lib\libpic32.a(vector8.o)
                0x000000009d007300                __vector_dispatch_8
                0x0000000000000001                ASSERT (((_vector_spacing == 0x0) || (SIZEOF (.vector_8) <= (_vector_spacing << 0x5))), function at exception vector 8 too large)

.vector_9       0x000000009d007320        0x8
 *(.vector_9)
 .vector_9      0x000000009d007320        0x8 c:/program files/microchip/xc32/v4.20/bin/bin/../../lib/gcc/pic32mx/8.3.1/../../../../pic32mx/lib\libpic32.a(vector9.o)
                0x000000009d007320                __vector_dispatch_9
                0x0000000000000001                ASSERT (((_vector_spacing == 0x0) || (SIZEOF (.vector_9) <= (_vector_spacing << 0x5))), function at exception vector 9 too large)

.vector_10      0x000000009d007340        0x8
 *(.vector_10)
 .vector_10     0x000000009d007340        0x8 c:/program files/microchip/xc32/v4.20/bin/bin/../../lib/gcc/pic32mx/8.3.1/../../../../pic32mx/lib\libpic32.a(vector10.o)
                0x000000009d007340                __vector_dispatch_10
                0x0000000000000001                ASSERT (((_vector_spacing == 0x0) || (SIZEOF (.vector_10) <= (_vector_spacing << 0x5))), function at exception vector 10 too large)

.vector_11      0x000000009d007360        0x8
 *(.vector_11)
 .vector_11     0x000000009d007360        0x8 c:/program files/microchip/xc32/v4.20/bin/bin/../../lib/gcc/pic32mx/8.3.1/../../../../pic32mx/lib\libpic32.a(vector11.o)
                0x000000009d007360                __vector_dispatch_11
                0x0000000000000001                ASSERT (((_vector_spacing == 0x0) || (SIZEOF (.vector_11) <= (_vector_spacing << 0x5))), function at exception vector 11 too large)

.vector_12      0x000000009d007380        0x8
 *(.vector_12)
 .vector_12     0x000000009d007380        0x8 c:/program files/microchip/xc32/v4.20/bin/bin/../../lib/gcc/pic32mx/8.3.1/../../../../pic32mx/lib\libpic32.a(vector12.o)
                0x000000009d007380                __vector_dispatch_12
                0x0000000000000001                ASSERT (((_vector_spacing == 0x0) || (SIZEOF (.vector_12) <= (_vector_spacing << 0x5))), function at exception vector 12 too large)

.vector_13      0x000000009d0073a0        0x8
 *(.vector_13)
 .vector_13     0x000000009d0073a0        0x8 c:/program files/microchip/xc32/v4.20/bin/bin/../../lib/gcc/pic32mx/8.3.1/../../../../pic32mx/lib\libpic32.a(vector13.o)
                0x000000009d0073a0                __vector_dispatch_13
                0x0000000000000001                ASSERT (((_vector_spacing == 0x0) || (SIZEOF (.vector_13) <= (_vector_spacing << 0x5))), function at exception vector 13 too large)

.vector_14      0x000000009d0073c0        0x8
 *(.vector_14)
 .vector_14     0x000000009d0073c0        0x8 c:/program files/microchip/xc32/v4.20/bin/bin/../../lib/gcc/pic32mx/8.3.1/../../../../pic32mx/lib\libpic32.a(vector14.o)
                0x000000009d0073c0                __vector_dispatch_14
                0x0000000000000001                ASSERT (((_vector_spacing == 0x0) || (SIZEOF (.vector_14) <= (_vector_spacing << 0x5))), function at exception vector 14 too large)

.vector_15      0x000000009d0073e0        0x8
 *(.vector_15)
 .vector_15     0x000000009d0073e0        0x8 c:/program files/microchip/xc32/v4.20/bin/bin/../../lib/gcc/pic32mx/8.3.1/../../../../pic32mx/lib\libpic32.a(vector15.o)
                0x000000009d0073e0                __vector_dispatch_15
                0x0000000000000001                ASSERT (((_vector_spacing == 0x0) || (SIZEOF (.vector_15) <= (_vector_spacing << 0x5))), function at exception vector 15 too large)

.vector_16      0x000000009d007400        0x8
 *(.vector_16)
 .vector_16     0x000000009d007400        0x8 c:/program files/microchip/xc32/v4.20/bin/bin/../../lib/gcc/pic32mx/8.3.1/../../../../pic32mx/lib\libpic32.a(vector16.o)
                0x000000009d007400                __vector_dispatch_16
                0x0000000000000001                ASSERT (((_vector_spacing == 0x0) || (SIZEOF (.vector_16) <= (_vector_spacing << 0x5))), function at exception vector 16 too large)

.vector_17      0x000000009d007420        0x8
 *(.vector_17)
 .vector_17     0x000000009d007420        0x8 c:/program files/microchip/xc32/v4.20/bin/bin/../../lib/gcc/pic32mx/8.3.1/../../../../pic32mx/lib\libpic32.a(vector17.o)
                0x000000009d007420                __vector_dispatch_17
                0x0000000000000001                ASSERT (((_vector_spacing == 0x0) || (SIZEOF (.vector_17) <= (_vector_spacing << 0x5))), function at exception vector 17 too large)

.vector_18      0x000000009d007440        0x8
 *(.vector_18)
 .vector_18     0x000000009d007440        0x8 c:/program files/microchip/xc32/v4.20/bin/bin/../../lib/gcc/pic32mx/8.3.1/../../../../pic32mx/lib\libpic32.a(vector18.o)
                0x000000009d007440                __vector_dispatch_18
                0x0000000000000001                ASSERT (((_vector_spacing == 0x0) || (SIZEOF (.vector_18) <= (_vector_spacing << 0x5))), function at exception vector 18 too large)

.vector_19      0x000000009d007460        0x8
 *(.vector_19)
 .vector_19     0x000000009d007460        0x8 c:/program files/microchip/xc32/v4.20/bin/bin/../../lib/gcc/pic32mx/8.3.1/../../../../pic32mx/lib\libpic32.a(vector19.o)
                0x000000009d007460                __vector_dispatch_19
                0x0000000000000001                ASSERT (((_vector_spacing == 0x0) || (SIZEOF (.vector_19) <= (_vector_spacing << 0x5))), function at exception vector 19 too large)

.vector_20      0x000000009d007480        0x8
 *(.vector_20)
 .vector_20     0x000000009d007480        0x8 c:/program files/microchip/xc32/v4.20/bin/bin/../../lib/gcc/pic32mx/8.3.1/../../../../pic32mx/lib\libpic32.a(vector20.o)
                0x000000009d007480                __vector_dispatch_20
                0x0000000000000001                ASSERT (((_vector_spacing == 0x0) || (SIZEOF (.vector_20) <= (_vector_spacing << 0x5))), function at exception vector 20 too large)

.vector_21      0x000000009d0074a0        0x8
 *(.vector_21)
 .vector_21     0x000000009d0074a0        0x8 c:/program files/microchip/xc32/v4.20/bin/bin/../../lib/gcc/pic32mx/8.3.1/../../../../pic32mx/lib\libpic32.a(vector21.o)
                0x000000009d0074a0                __vector_dispatch_21
                0x0000000000000001                ASSERT (((_vector_spacing == 0x0) || (SIZEOF (.vector_21) <= (_vector_spacing << 0x5))), function at exception vector 21 too large)

.vector_22      0x000000009d0074c0        0x8
 *(.vector_22)
 .vector_22     0x000000009d0074c0        0x8 c:/program files/microchip/xc32/v4.20/bin/bin/../../lib/gcc/pic32mx/8.3.1/../../../../pic32mx/lib\libpic32.a(vector22.o)
                0x000000009d0074c0                __vector_dispatch_22
                0x0000000000000001                ASSERT (((_vector_spacing == 0x0) || (SIZEOF (.vector_22) <= (_vector_spacing << 0x5))), function at exception vector 22 too large)

.vector_23      0x000000009d0074e0        0x8
 *(.vector_23)
 .vector_23     0x000000009d0074e0        0x8 c:/program files/microchip/xc32/v4.20/bin/bin/../../lib/gcc/pic32mx/8.3.1/../../../../pic32mx/lib\libpic32.a(vector23.o)
                0x000000009d0074e0                __vector_dispatch_23
                0x0000000000000001                ASSERT (((_vector_spacing == 0x0) || (SIZEOF (.vector_23) <= (_vector_spacing << 0x5))), function at exception vector 23 too large)

.vector_24      0x000000009d007500        0x8
 *(.vector_24)
 .vector_24     0x000000009d007500        0x8 c:/program files/microchip/xc32/v4.20/bin/bin/../../lib/gcc/pic32mx/8.3.1/../../../../pic32mx/lib\libpic32.a(vector24.o)
                0x000000009d007500                __vector_dispatch_24
                0x0000000000000001                ASSERT (((_vector_spacing == 0x0) || (SIZEOF (.vector_24) <= (_vector_spacing << 0x5))), function at exception vector 24 too large)

.vector_25      0x000000009d007520        0x8
 *(.vector_25)
 .vector_25     0x000000009d007520        0x8 c:/program files/microchip/xc32/v4.20/bin/bin/../../lib/gcc/pic32mx/8.3.1/../../../../pic32mx/lib\libpic32.a(vector25.o)
                0x000000009d007520                __vector_dispatch_25
                0x0000000000000001                ASSERT (((_vector_spacing == 0x0) || (SIZEOF (.vector_25) <= (_vector_spacing << 0x5))), function at exception vector 25 too large)

.vector_26      0x000000009d007540        0x8
 *(.vector_26)
 .vector_26     0x000000009d007540        0x8 c:/program files/microchip/xc32/v4.20/bin/bin/../../lib/gcc/pic32mx/8.3.1/../../../../pic32mx/lib\libpic32.a(vector26.o)
                0x000000009d007540                __vector_dispatch_26
                0x0000000000000001                ASSERT (((_vector_spacing == 0x0) || (SIZEOF (.vector_26) <= (_vector_spacing << 0x5))), function at exception vector 26 too large)

.vector_27      0x000000009d007560        0x8
 *(.vector_27)
 .vector_27     0x000000009d007560        0x8 c:/program files/microchip/xc32/v4.20/bin/bin/../../lib/gcc/pic32mx/8.3.1/../../../../pic32mx/lib\libpic32.a(vector27.o)
                0x000000009d007560                __vector_dispatch_27
                0x0000000000000001                ASSERT (((_vector_spacing == 0x0) || (SIZEOF (.vector_27) <= (_vector_spacing << 0x5))), function at exception vector 27 too large)

.vector_28      0x000000009d007580        0x8
 *(.vector_28)
 .vector_28     0x000000009d007580        0x8 c:/program files/microchip/xc32/v4.20/bin/bin/../../lib/gcc/pic32mx/8.3.1/../../../../pic32mx/lib\libpic32.a(vector28.o)
                0x000000009d007580                __vector_dispatch_28
                0x0000000000000001                ASSERT (((_vector_spacing == 0x0) || (SIZEOF (.vector_28) <= (_vector_spacing << 0x5))), function at exception vector 28 too large)

.vector_29      0x000000009d0075a0        0x8
 *(.vector_29)
 .vector_29     0x000000009d0075a0        0x8 c:/program files/microchip/xc32/v4.20/bin/bin/../../lib/gcc/pic32mx/8.3.1/../../../../pic32mx/lib\libpic32.a(vector29.o)
                0x000000009d0075a0                __vector_dispatch_29
                0x0000000000000001                ASSERT (((_vector_spacing == 0x0) || (SIZEOF (.vector_29) <= (_vector_spacing << 0x5))), function at exception vector 29 too large)

.vector_30      0x000000009d0075c0        0x8
 *(.vector_30)
 .vector_30     0x000000009d0075c0        0x8 c:/program files/microchip/xc32/v4.20/bin/bin/../../lib/gcc/pic32mx/8.3.1/../../../../pic32mx/lib\libpic32.a(vector30.o)
                0x000000009d0075c0                __vector_dispatch_30
                0x0000000000000001                ASSERT (((_vector_spacing == 0x0) || (SIZEOF (.vector_30) <= (_vector_spacing << 0x5))), function at exception vector 30 too large)

.vector_31      0x000000009d0075e0        0x8
 *(.vector_31)
 .vector_31     0x000000009d0075e0        0x8 c:/program files/microchip/xc32/v4.20/bin/bin/../../lib/gcc/pic32mx/8.3.1/../../../../pic32mx/lib\libpic32.a(vector31.o)
                0x000000009d0075e0                __vector_dispatch_31
                0x0000000000000001                ASSERT (((_vector_spacing == 0x0) || (SIZEOF (.vector_31) <= (_vector_spacing << 0x5))), function at exception vector 31 too large)

.vector_32      0x000000009d007600        0x8
 *(.vector_32)
 .vector_32     0x000000009d007600        0x8 c:/program files/microchip/xc32/v4.20/bin/bin/../../lib/gcc/pic32mx/8.3.1/../../../../pic32mx/lib\libpic32.a(vector32.o)
                0x000000009d007600                __vector_dispatch_32
                0x0000000000000001                ASSERT (((_vector_spacing == 0x0) || (SIZEOF (.vector_32) <= (_vector_spacing << 0x5))), function at exception vector 32 too large)

.vector_33      0x000000009d007620        0x8
 *(.vector_33)
 .vector_33     0x000000009d007620        0x8 c:/program files/microchip/xc32/v4.20/bin/bin/../../lib/gcc/pic32mx/8.3.1/../../../../pic32mx/lib\libpic32.a(vector33.o)
                0x000000009d007620                __vector_dispatch_33
                0x0000000000000001                ASSERT (((_vector_spacing == 0x0) || (SIZEOF (.vector_33) <= (_vector_spacing << 0x5))), function at exception vector 33 too large)

.vector_34      0x000000009d007640        0x8
 *(.vector_34)
 .vector_34     0x000000009d007640        0x8 c:/program files/microchip/xc32/v4.20/bin/bin/../../lib/gcc/pic32mx/8.3.1/../../../../pic32mx/lib\libpic32.a(vector34.o)
                0x000000009d007640                __vector_dispatch_34
                0x0000000000000001                ASSERT (((_vector_spacing == 0x0) || (SIZEOF (.vector_34) <= (_vector_spacing << 0x5))), function at exception vector 34 too large)

.vector_35      0x000000009d007660        0x8
 *(.vector_35)
 .vector_35     0x000000009d007660        0x8 c:/program files/microchip/xc32/v4.20/bin/bin/../../lib/gcc/pic32mx/8.3.1/../../../../pic32mx/lib\libpic32.a(vector35.o)
                0x000000009d007660                __vector_dispatch_35
                0x0000000000000001                ASSERT (((_vector_spacing == 0x0) || (SIZEOF (.vector_35) <= (_vector_spacing << 0x5))), function at exception vector 35 too large)

.vector_36      0x000000009d007680        0x8
 *(.vector_36)
 .vector_36     0x000000009d007680        0x8 c:/program files/microchip/xc32/v4.20/bin/bin/../../lib/gcc/pic32mx/8.3.1/../../../../pic32mx/lib\libpic32.a(vector36.o)
                0x000000009d007680                __vector_dispatch_36
                0x0000000000000001                ASSERT (((_vector_spacing == 0x0) || (SIZEOF (.vector_36) <= (_vector_spacing << 0x5))), function at exception vector 36 too large)

.vector_37      0x000000009d0076a0        0x8
 *(.vector_37)
 .vector_37     0x000000009d0076a0        0x8 c:/program files/microchip/xc32/v4.20/bin/bin/../../lib/gcc/pic32mx/8.3.1/../../../../pic32mx/lib\libpic32.a(vector37.o)
                0x000000009d0076a0                __vector_dispatch_37
                0x0000000000000001                ASSERT (((_vector_spacing == 0x0) || (SIZEOF (.vector_37) <= (_vector_spacing << 0x5))), function at exception vector 37 too large)

.vector_38      0x000000009d0076c0        0x8
 *(.vector_38)
 .vector_38     0x000000009d0076c0        0x8 c:/program files/microchip/xc32/v4.20/bin/bin/../../lib/gcc/pic32mx/8.3.1/../../../../pic32mx/lib\libpic32.a(vector38.o)
                0x000000009d0076c0                __vector_dispatch_38
                0x0000000000000001                ASSERT (((_vector_spacing == 0x0) || (SIZEOF (.vector_38) <= (_vector_spacing << 0x5))), function at exception vector 38 too large)

.vector_39      0x000000009d0076e0        0x8
 *(.vector_39)
 .vector_39     0x000000009d0076e0        0x8 c:/program files/microchip/xc32/v4.20/bin/bin/../../lib/gcc/pic32mx/8.3.1/../../../../pic32mx/lib\libpic32.a(vector39.o)
                0x000000009d0076e0                __vector_dispatch_39
                0x0000000000000001                ASSERT (((_vector_spacing == 0x0) || (SIZEOF (.vector_39) <= (_vector_spacing << 0x5))), function at exception vector 39 too large)

.vector_40      0x000000009d007700        0x8
 *(.vector_40)
 .vector_40     0x000000009d007700        0x8 c:/program files/microchip/xc32/v4.20/bin/bin/../../lib/gcc/pic32mx/8.3.1/../../../../pic32mx/lib\libpic32.a(vector40.o)
                0x000000009d007700                __vector_dispatch_40
                0x0000000000000001                ASSERT (((_vector_spacing == 0x0) || (SIZEOF (.vector_40) <= (_vector_spacing << 0x5))), function at exception vector 40 too large)

.vector_41      0x000000009d007720        0x8
 *(.vector_41)
 .vector_41     0x000000009d007720        0x8 c:/program files/microchip/xc32/v4.20/bin/bin/../../lib/gcc/pic32mx/8.3.1/../../../../pic32mx/lib\libpic32.a(vector41.o)
                0x000000009d007720                __vector_dispatch_41
                0x0000000000000001                ASSERT (((_vector_spacing == 0x0) || (SIZEOF (.vector_41) <= (_vector_spacing << 0x5))), function at exception vector 41 too large)

.vector_42      0x000000009d007740        0x8
 *(.vector_42)
 .vector_42     0x000000009d007740        0x8 c:/program files/microchip/xc32/v4.20/bin/bin/../../lib/gcc/pic32mx/8.3.1/../../../../pic32mx/lib\libpic32.a(vector42.o)
                0x000000009d007740                __vector_dispatch_42
                0x0000000000000001                ASSERT (((_vector_spacing == 0x0) || (SIZEOF (.vector_42) <= (_vector_spacing << 0x5))), function at exception vector 42 too large)

.vector_43      0x000000009d007760        0x8
 *(.vector_43)
 .vector_43     0x000000009d007760        0x8 c:/program files/microchip/xc32/v4.20/bin/bin/../../lib/gcc/pic32mx/8.3.1/../../../../pic32mx/lib\libpic32.a(vector43.o)
                0x000000009d007760                __vector_dispatch_43
                0x0000000000000001                ASSERT (((_vector_spacing == 0x0) || (SIZEOF (.vector_43) <= (_vector_spacing << 0x5))), function at exception vector 43 too large)

.vector_44      0x000000009d007780        0x8
 *(.vector_44)
 .vector_44     0x000000009d007780        0x8 c:/program files/microchip/xc32/v4.20/bin/bin/../../lib/gcc/pic32mx/8.3.1/../../../../pic32mx/lib\libpic32.a(vector44.o)
                0x000000009d007780                __vector_dispatch_44
                0x0000000000000001                ASSERT (((_vector_spacing == 0x0) || (SIZEOF (.vector_44) <= (_vector_spacing << 0x5))), function at exception vector 44 too large)

.vector_45      0x000000009d0077a0        0x8
 *(.vector_45)
 .vector_45     0x000000009d0077a0        0x8 c:/program files/microchip/xc32/v4.20/bin/bin/../../lib/gcc/pic32mx/8.3.1/../../../../pic32mx/lib\libpic32.a(vector45.o)
                0x000000009d0077a0                __vector_dispatch_45
                0x0000000000000001                ASSERT (((_vector_spacing == 0x0) || (SIZEOF (.vector_45) <= (_vector_spacing << 0x5))), function at exception vector 45 too large)

.vector_46      0x000000009d0077c0        0x0
 *(.vector_46)
                0x0000000000000001                ASSERT (((_vector_spacing == 0x0) || (SIZEOF (.vector_46) <= (_vector_spacing << 0x5))), function at exception vector 46 too large)

.vector_47      0x000000009d0077e0        0x0
 *(.vector_47)
                0x0000000000000001                ASSERT (((_vector_spacing == 0x0) || (SIZEOF (.vector_47) <= (_vector_spacing << 0x5))), function at exception vector 47 too large)

.vector_48      0x000000009d007800        0x0
 *(.vector_48)
                0x0000000000000001                ASSERT (((_vector_spacing == 0x0) || (SIZEOF (.vector_48) <= (_vector_spacing << 0x5))), function at exception vector 48 too large)

.vector_49      0x000000009d007820        0x0
 *(.vector_49)
                0x0000000000000001                ASSERT (((_vector_spacing == 0x0) || (SIZEOF (.vector_49) <= (_vector_spacing << 0x5))), function at exception vector 49 too large)

.vector_50      0x000000009d007840        0x0
 *(.vector_50)
                0x0000000000000001                ASSERT (((_vector_spacing == 0x0) || (SIZEOF (.vector_50) <= (_vector_spacing << 0x5))), function at exception vector 50 too large)

.vector_51      0x000000009d007860        0x0
 *(.vector_51)
                0x0000000000000001                ASSERT (((_vector_spacing == 0x0) || (SIZEOF (.vector_51) <= (_vector_spacing << 0x5))), function at exception vector 51 too large)

.vector_52      0x000000009d007880        0x0
 *(.vector_52)
                0x0000000000000001                ASSERT (((_vector_spacing == 0x0) || (SIZEOF (.vector_52) <= (_vector_spacing << 0x5))), function at exception vector 52 too large)

.vector_53      0x000000009d0078a0        0x0
 *(.vector_53)
                0x0000000000000001                ASSERT (((_vector_spacing == 0x0) || (SIZEOF (.vector_53) <= (_vector_spacing << 0x5))), function at exception vector 53 too large)

.vector_54      0x000000009d0078c0        0x0
 *(.vector_54)
                0x0000000000000001                ASSERT (((_vector_spacing == 0x0) || (SIZEOF (.vector_54) <= (_vector_spacing << 0x5))), function at exception vector 54 too large)

.vector_55      0x000000009d0078e0        0x0
 *(.vector_55)
                0x0000000000000001                ASSERT (((_vector_spacing == 0x0) || (SIZEOF (.vector_55) <= (_vector_spacing << 0x5))), function at exception vector 55 too large)

.vector_56      0x000000009d007900        0x0
 *(.vector_56)
                0x0000000000000001                ASSERT (((_vector_spacing == 0x0) || (SIZEOF (.vector_56) <= (_vector_spacing << 0x5))), function at exception vector 56 too large)

.vector_57      0x000000009d007920        0x0
 *(.vector_57)
                0x0000000000000001                ASSERT (((_vector_spacing == 0x0) || (SIZEOF (.vector_57) <= (_vector_spacing << 0x5))), function at exception vector 57 too large)

.vector_58      0x000000009d007940        0x0
 *(.vector_58)
                0x0000000000000001                ASSERT (((_vector_spacing == 0x0) || (SIZEOF (.vector_58) <= (_vector_spacing << 0x5))), function at exception vector 58 too large)

.vector_59      0x000000009d007960        0x0
 *(.vector_59)
                0x0000000000000001                ASSERT (((_vector_spacing == 0x0) || (SIZEOF (.vector_59) <= (_vector_spacing << 0x5))), function at exception vector 59 too large)

.vector_60      0x000000009d007980        0x0
 *(.vector_60)
                0x0000000000000001                ASSERT (((_vector_spacing == 0x0) || (SIZEOF (.vector_60) <= (_vector_spacing << 0x5))), function at exception vector 60 too large)

.vector_61      0x000000009d0079a0        0x0
 *(.vector_61)
                0x0000000000000001                ASSERT (((_vector_spacing == 0x0) || (SIZEOF (.vector_61) <= (_vector_spacing << 0x5))), function at exception vector 61 too large)

.vector_62      0x000000009d0079c0        0x0
 *(.vector_62)
                0x0000000000000001                ASSERT (((_vector_spacing == 0x0) || (SIZEOF (.vector_62) <= (_vector_spacing << 0x5))), function at exception vector 62 too large)

.vector_63      0x000000009d0079e0        0x0
 *(.vector_63)
                0x0000000000000001                ASSERT (((_vector_spacing == 0x0) || (SIZEOF (.vector_63) <= (_vector_spacing << 0x5))), function at exception vector 63 too large)

.startup
 *(.startup)

.text           0x000000009d008490        0x0
 *(.stub .gnu.linkonce.t.*)
 *(.text.*personality*)
 *(.mips16.fn.*)
 *(.mips16.call.*)
 *(.gnu.warning)
                0x000000009d008490                . = ALIGN (0x4)

.init           0x000000009d008490        0x0
 *crti.o(.init)
 *crtbegin.o(.init)
 *(EXCLUDE_FILE(*crtn.o *crtend?.o *crtend.o) .init)
 *crtend.o(.init)
 *crtn.o(.init)
                0x000000009d008490                . = ALIGN (0x4)

.fini           0x000000009d008490        0x0
 *(.fini)
                0x000000009d008490                . = ALIGN (0x4)

.preinit_array  0x000000009d008490        0x0
                [!provide]                        PROVIDE (__preinit_array_start = .)
 *(.preinit_array)
                [!provide]                        PROVIDE (__preinit_array_end = .)
                0x000000009d008490                . = ALIGN (0x4)

.init_array     0x000000009d008490        0x0
                [!provide]                        PROVIDE (__init_array_start = .)
 *(SORT_BY_NAME(.init_array.*))
 *(.init_array)
                [!provide]                        PROVIDE (__init_array_end = .)
                0x000000009d008490                . = ALIGN (0x4)

.fini_array     0x000000009d008490        0x0
                [!provide]                        PROVIDE (__fini_array_start = .)
 *(SORT_BY_NAME(.fini_array.*))
 *(.fini_array)
                [!provide]                        PROVIDE (__fini_array_end = .)
                0x000000009d008490                . = ALIGN (0x4)

.ctors          0x000000009d008490        0x0
 *crtbegin.o(.ctors)
 *crtbegin?.o(.ctors)
 *(EXCLUDE_FILE(*crtend?.o *crtend.o) .ctors)
 *(SORT_BY_NAME(.ctors.*))
 *(.ctors)
                0x000000009d008490                . = ALIGN (0x4)

.dtors          0x000000009d008490        0x0
 *crtbegin.o(.dtors)
 *crtbegin?.o(.dtors)
 *(EXCLUDE_FILE(*crtend?.o *crtend.o) .dtors)
 *(SORT_BY_NAME(.dtors.*))
 *(.dtors)
                0x000000009d008490                . = ALIGN (0x4)

.rodata         0x000000009d008490        0x0
 *(.gnu.linkonce.r.*)
 *(.rodata1)
                0x000000009d008490                . = ALIGN (0x4)

.sdata2         0x000000009d008490        0x0
 *(.sdata2 .sdata2.* .gnu.linkonce.s2.*)
                0x000000009d008490                . = ALIGN (0x4)

.sbss2          0x000000009d008490        0x0
 *(.sbss2 .sbss2.* .gnu.linkonce.sb2.*)
                0x000000009d008490                . = ALIGN (0x4)

.eh_frame_hdr
 *(.eh_frame_hdr)
                0x000000009d008490                . = ALIGN (0x4)

.eh_frame
 *(.eh_frame)
                0x000000009d008490                . = ALIGN (0x4)

.gcc_except_table
 *(.gcc_except_table .gcc_except_table.*)
                0x000000009d008490                . = ALIGN (0x4)

.dbg_data       0x00000000a0001000        0x0
                0x00000000a0001000                . = (. + DEFINED (_DEBUGGER)?0x200:0x0)

.jcr            0x00000000a0001000        0x0
 *(.jcr)
                0x00000000a0001000                . = ALIGN (0x4)

.eh_frame
 *(.eh_frame)
                0x00000000a0001000                . = ALIGN (0x4)

.gcc_except_table
 *(.gcc_except_table .gcc_except_table.*)
                0x00000000a0001000                . = ALIGN (0x4)

.persist        0x00000000a0001000        0x0
                0x00000000a0001000                _persist_begin = .
 *(.persist .persist.*)
 *(.pbss .pbss.*)
                0x00000000a0001000                . = ALIGN (0x4)
                0x00000000a0001000                _persist_end = .

.data           0x00000000a0001000        0x0
 *(.gnu.linkonce.d.*)
 *(.data1)
                0x00000000a0001000                . = ALIGN (0x4)
                0x00000000a0001000                . = .
                0x00000000a0008ff0                _gp = (ALIGN (0x10) + 0x7ff0)

.got            0x00000000a0001000        0x0
 *(.got.plt)
 *(.got)
                0x00000000a0001000                . = ALIGN (0x4)

.sdata          0x00000000a0001000        0xc
                0x00000000a0001000                _sdata_begin = .
 *(.sdata .sdata.* .gnu.linkonce.s.*)
 .sdata         0x00000000a0001000        0x8 output\Framework.o
                0x00000000a0001000                delayRunApplication
                0x00000000a0001004                delayRunApplicationEnabled
 .sdata         0x00000000a0001008        0x4 output\Framework_crypto.o
                0x00000000a000100c                . = ALIGN (0x4)
                0x00000000a000100c                _sdata_end = .

.lit8
 *(.lit8)

.lit4
 *(.lit4)
                0x00000000a000100c                . = ALIGN (0x4)
                0x00000000a000100c                _data_end = .
                0x00000000a000100c                _bss_begin = .

.sbss           0x00000000a000100c       0x90
                0x00000000a000100c                _sbss_begin = .
 *(.dynsbss)
 *(.sbss .sbss.* .gnu.linkonce.sb.*)
 .sbss          0x00000000a000100c        0x4 output\Framework.o
                0x00000000a000100c                RunApplication
 .sbss          0x00000000a0001010        0x8 output\Usb_HID_tasks.o
                0x00000000a0001010                USBInHandle
                0x00000000a0001014                USBOutHandle
 .sbss          0x00000000a0001018       0x10 output\Framework_usb.o
                0x00000000a000101c                RxFrameValid
                0x00000000a0001020                eraseErrorCounter
                0x00000000a0001024                writeErrorCounter
 .sbss          0x00000000a0001028        0x8 output\Framework_crypto.o
                0x00000000a0001028                crtpto_byte_cnt
                0x00000000a000102c                crypto_buffer_cnt
 .sbss          0x00000000a0001030        0x4 output\Framework_flash.o
                0x00000000a0001030                debug_andras
 *(.scommon)
 .scommon       0x00000000a0001034       0x64 output\usb_device.o
                0x00000000a0001034                pDst
                0x00000000a0001038                USBDeferINDataStagePackets
                0x00000000a000103c                USBDeferOUTDataStagePackets
                0x00000000a0001040                USBDeviceState
                0x00000000a0001044                controlTransferState
                0x00000000a0001045                endpoint_number
                0x00000000a0001048                pBDTEntryIn
                0x00000000a0001050                ep_data_out
                0x00000000a0001054                USBStatusStageEnabledFlag1
                0x00000000a0001058                USBStatusStageEnabledFlag2
                0x00000000a000105c                pBDTEntryOut
                0x00000000a0001064                BothEP0OutUOWNsSet
                0x00000000a0001068                pBDTEntryEP0OutNext
                0x00000000a000106c                USBBusIsSuspended
                0x00000000a0001070                USBStatusStageTimeoutCounter
                0x00000000a0001074                SetupPkt
                0x00000000a000107c                ep_data_in
                0x00000000a000107e                shortPacketStatus
                0x00000000a0001080                pBDTEntryEP0OutCurrent
                0x00000000a0001084                USBActiveConfiguration
                0x00000000a0001088                RemoteWakeup
                0x00000000a000108c                USTATcopy
                0x00000000a0001090                USBAlternateInterface
                0x00000000a0001094                USBDeferStatusStagePacket
 .scommon       0x00000000a0001098        0x2 output\usb_function_hid.o
                0x00000000a0001098                active_protocol
                0x00000000a0001099                idle_rate
                0x00000000a000109a                _sbss_end = .
                0x00000000a000109c                . = ALIGN (0x4)
 *fill*         0x00000000a000109a        0x2 

.bss            0x00000000a0001200      0x9d0
 *(.dynbss)
 *(COMMON)
 COMMON         0x00000000a0001200      0x11b output\usb_device.o
                0x00000000a0001200                BDT
                0x00000000a0001240                CtrlTrfData
                0x00000000a0001280                hid_report_out
                0x00000000a00012c0                inPipes
                0x00000000a00012d0                hid_report_in
                0x00000000a0001310                outPipes
 *fill*         0x00000000a000131b        0x1 
 COMMON         0x00000000a000131c      0x7d8 output\Framework_usb.o
                0x00000000a000131c                RxBuff
                0x00000000a0001708                TxBuff
 COMMON         0x00000000a0001af4       0xc0 output\Framework_crypto.o
                0x00000000a0001af4                ctx
 COMMON         0x00000000a0001bb4       0x1c output\Framework_flash.o
                0x00000000a0001bb4                HexRecordSt
                0x00000000a0001bd0                . = ALIGN ((. != 0x0)?0x4:0x1)
                0x00000000a0001bd0                . = ALIGN (0x4)
                0x00000000a0001bd0                _end = .
                0x00000000a0001bd0                _bss_end = .
                0x0000000000007000                _bmxdudba_address = LENGTH (kseg1_data_mem)
                0x0000000000007000                _bmxdupba_address = LENGTH (kseg1_data_mem)

/DISCARD/
 *(.pdr)
 *(.rel.dyn)
 *(.note.GNU-stack)
 *(.note.GNU-stack)
 *(.gnu_debuglink)
 *(.gnu.lto_*)
 *(.discard)
 *(._debug_exception)

.gptab.sdata
 *(.gptab.data)
 *(.gptab.sdata)

.gptab.sbss
 *(.gptab.bss)
 *(.gptab.sbss)

.mdebug.abi32   0x00000000a0000000        0x0
 *(.mdebug.abi32)
 .mdebug.abi32  0x00000000a0000000        0x0 output\BootLoader.o
 .mdebug.abi32  0x00000000a0000000        0x0 output\Framework.o
 .mdebug.abi32  0x00000000a0000000        0x0 output\NVMem.o
 .mdebug.abi32  0x00000000a0000000        0x0 output\usb_descriptors.o
 .mdebug.abi32  0x00000000a0000000        0x0 output\usb_device.o
 .mdebug.abi32  0x00000000a0000000        0x0 output\usb_function_hid.o
 .mdebug.abi32  0x00000000a0000000        0x0 output\Usb_HID_tasks.o
 .mdebug.abi32  0x00000000a0000000        0x0 output\int_tbl_lib.o
 .mdebug.abi32  0x00000000a0000000        0x0 output\aes_tiny.o
 .mdebug.abi32  0x00000000a0000000        0x0 output\Framework_usb.o
 .mdebug.abi32  0x00000000a0000000        0x0 output\Framework_crypto.o
 .mdebug.abi32  0x00000000a0000000        0x0 output\Framework_flash.o
 .mdebug.abi32  0x00000000a0000000        0x0 c:/program files/microchip/xc32/v4.20/bin/bin/../../lib/gcc/pic32mx/8.3.1/../../../../pic32mx/lib\libpic32.a(default-bootstrap-exception-handler.o)
 .mdebug.abi32  0x00000000a0000000        0x0 c:/program files/microchip/xc32/v4.20/bin/bin/../../lib/gcc/pic32mx/8.3.1/../../../../pic32mx/lib\libpic32.a(default-on-reset.o)
 .mdebug.abi32  0x00000000a0000000        0x0 c:/program files/microchip/xc32/v4.20/bin/bin/../../lib/gcc/pic32mx/8.3.1/../../../../pic32mx/lib\libpic32.a(default-on-bootstrap.o)
 .mdebug.abi32  0x00000000a0000000        0x0 c:/program files/microchip/xc32/v4.20/bin/bin/../../lib/gcc/pic32mx/8.3.1/../../../../pic32mx/lib\libpic32.a(default-general-exception-handler.o)
 .mdebug.abi32  0x00000000a0000000        0x0 c:/program files/microchip/xc32/v4.20/bin/bin/../../lib/gcc/pic32mx/8.3.1/../../../../pic32mx/lib\libpic32.a(defaultinterrupt.o)

.mdebug.abiN32
 *(.mdebug.abiN32)

.mdebug.abi64
 *(.mdebug.abi64)

.mdebug.abiO64
 *(.mdebug.abiO64)

.mdebug.eabi32
 *(.mdebug.eabi32)

.mdebug.eabi64
 *(.mdebug.eabi64)

.gcc_compiled_long32
 *(.gcc_compiled_long32)

.gcc_compiled_long64
 *(.gcc_compiled_long64)

.stab
 *(.stab)

.stabstr
 *(.stabstr)

.stab.excl
 *(.stab.excl)

.stab.exclstr
 *(.stab.exclstr)

.stab.index
 *(.stab.index)

.stab.indexstr
 *(.stab.indexstr)

.comment        0x0000000000000000       0x43
 *(.comment)
 .comment       0x0000000000000000       0x2b output\BootLoader.o
                                         0x2c (size before relaxing)
 .comment       0x000000000000002b       0x2c output\Framework.o
 .comment       0x000000000000002b       0x2c output\NVMem.o
 .comment       0x000000000000002b       0x2c output\usb_descriptors.o
 .comment       0x000000000000002b       0x2c output\usb_device.o
 .comment       0x000000000000002b       0x2c output\usb_function_hid.o
 .comment       0x000000000000002b       0x2c output\Usb_HID_tasks.o
 .comment       0x000000000000002b       0x2c output\int_tbl_lib.o
 .comment       0x000000000000002b       0x2c output\aes_tiny.o
 .comment       0x000000000000002b       0x2c output\Framework_usb.o
 .comment       0x000000000000002b       0x2c output\Framework_crypto.o
 .comment       0x000000000000002b       0x2c output\Framework_flash.o
 .comment       0x000000000000002b       0x18 c:/program files/microchip/xc32/v4.20/bin/bin/../../lib/gcc/pic32mx/8.3.1/../../../../pic32mx/lib\libpic32.a(memcmp.o)
                                         0x19 (size before relaxing)
 .comment       0x0000000000000043       0x2c c:/program files/microchip/xc32/v4.20/bin/bin/../../lib/gcc/pic32mx/8.3.1/../../../../pic32mx/lib\libpic32.a(default-bootstrap-exception-handler.o)
 .comment       0x0000000000000043       0x2c c:/program files/microchip/xc32/v4.20/bin/bin/../../lib/gcc/pic32mx/8.3.1/../../../../pic32mx/lib\libpic32.a(default-on-reset.o)
 .comment       0x0000000000000043       0x2c c:/program files/microchip/xc32/v4.20/bin/bin/../../lib/gcc/pic32mx/8.3.1/../../../../pic32mx/lib\libpic32.a(default-on-bootstrap.o)
 .comment       0x0000000000000043       0x2c c:/program files/microchip/xc32/v4.20/bin/bin/../../lib/gcc/pic32mx/8.3.1/../../../../pic32mx/lib\libpic32.a(default-general-exception-handler.o)
 .comment       0x0000000000000043       0x2c c:/program files/microchip/xc32/v4.20/bin/bin/../../lib/gcc/pic32mx/8.3.1/../../../../pic32mx/lib\libpic32.a(defaultinterrupt.o)

.debug
 *(.debug)

.line
 *(.line)

.debug_srcinfo
 *(.debug_srcinfo)

.debug_sfnames
 *(.debug_sfnames)

.debug_aranges  0x0000000000000000      0x218
 *(.debug_aranges)
 .debug_aranges
                0x0000000000000000       0x20 output\BootLoader.o
 .debug_aranges
                0x0000000000000020       0x20 output\Framework.o
 .debug_aranges
                0x0000000000000040       0x20 output\NVMem.o
 .debug_aranges
                0x0000000000000060       0x18 output\usb_descriptors.o
 .debug_aranges
                0x0000000000000078       0x20 output\usb_device.o
 .debug_aranges
                0x0000000000000098       0x20 output\usb_function_hid.o
 .debug_aranges
                0x00000000000000b8       0x20 output\Usb_HID_tasks.o
 .debug_aranges
                0x00000000000000d8       0x20 output\int_tbl_lib.o
 .debug_aranges
                0x00000000000000f8       0x20 output\aes_tiny.o
 .debug_aranges
                0x0000000000000118       0x20 output\Framework_usb.o
 .debug_aranges
                0x0000000000000138       0x20 output\Framework_crypto.o
 .debug_aranges
                0x0000000000000158       0x20 output\Framework_flash.o
 .debug_aranges
                0x0000000000000178       0x20 c:/program files/microchip/xc32/v4.20/bin/bin/../../lib/gcc/pic32mx/8.3.1/../../../../pic32mx/lib\libpic32.a(default-bootstrap-exception-handler.o)
 .debug_aranges
                0x0000000000000198       0x20 c:/program files/microchip/xc32/v4.20/bin/bin/../../lib/gcc/pic32mx/8.3.1/../../../../pic32mx/lib\libpic32.a(default-on-reset.o)
 .debug_aranges
                0x00000000000001b8       0x20 c:/program files/microchip/xc32/v4.20/bin/bin/../../lib/gcc/pic32mx/8.3.1/../../../../pic32mx/lib\libpic32.a(default-on-bootstrap.o)
 .debug_aranges
                0x00000000000001d8       0x20 c:/program files/microchip/xc32/v4.20/bin/bin/../../lib/gcc/pic32mx/8.3.1/../../../../pic32mx/lib\libpic32.a(default-general-exception-handler.o)
 .debug_aranges
                0x00000000000001f8       0x20 c:/program files/microchip/xc32/v4.20/bin/bin/../../lib/gcc/pic32mx/8.3.1/../../../../pic32mx/lib\libpic32.a(defaultinterrupt.o)

.debug_pubnames
 *(.debug_pubnames)

.debug_info     0x0000000000000000     0x830c
 *(.debug_info .gnu.linkonce.wi.*)
 .debug_info    0x0000000000000000     0x14fe output\BootLoader.o
 .debug_info    0x00000000000014fe      0x24f output\Framework.o
 .debug_info    0x000000000000174d      0x53a output\NVMem.o
 .debug_info    0x0000000000001c87      0x464 output\usb_descriptors.o
 .debug_info    0x00000000000020eb     0x2193 output\usb_device.o
 .debug_info    0x000000000000427e      0x8c1 output\usb_function_hid.o
 .debug_info    0x0000000000004b3f      0x84c output\Usb_HID_tasks.o
 .debug_info    0x000000000000538b      0x89c output\int_tbl_lib.o
 .debug_info    0x0000000000005c27      0xbe8 output\aes_tiny.o
 .debug_info    0x000000000000680f      0xab6 output\Framework_usb.o
 .debug_info    0x00000000000072c5      0x3e4 output\Framework_crypto.o
 .debug_info    0x00000000000076a9      0xb23 output\Framework_flash.o
 .debug_info    0x00000000000081cc       0x41 c:/program files/microchip/xc32/v4.20/bin/bin/../../lib/gcc/pic32mx/8.3.1/../../../../pic32mx/lib\libpic32.a(default-bootstrap-exception-handler.o)
 .debug_info    0x000000000000820d       0x3f c:/program files/microchip/xc32/v4.20/bin/bin/../../lib/gcc/pic32mx/8.3.1/../../../../pic32mx/lib\libpic32.a(default-on-reset.o)
 .debug_info    0x000000000000824c       0x3f c:/program files/microchip/xc32/v4.20/bin/bin/../../lib/gcc/pic32mx/8.3.1/../../../../pic32mx/lib\libpic32.a(default-on-bootstrap.o)
 .debug_info    0x000000000000828b       0x41 c:/program files/microchip/xc32/v4.20/bin/bin/../../lib/gcc/pic32mx/8.3.1/../../../../pic32mx/lib\libpic32.a(default-general-exception-handler.o)
 .debug_info    0x00000000000082cc       0x40 c:/program files/microchip/xc32/v4.20/bin/bin/../../lib/gcc/pic32mx/8.3.1/../../../../pic32mx/lib\libpic32.a(defaultinterrupt.o)

.debug_abbrev   0x0000000000000000     0x1f51
 *(.debug_abbrev)
 .debug_abbrev  0x0000000000000000      0x3eb output\BootLoader.o
 .debug_abbrev  0x00000000000003eb      0x152 output\Framework.o
 .debug_abbrev  0x000000000000053d      0x2af output\NVMem.o
 .debug_abbrev  0x00000000000007ec      0x123 output\usb_descriptors.o
 .debug_abbrev  0x000000000000090f      0x531 output\usb_device.o
 .debug_abbrev  0x0000000000000e40      0x1f9 output\usb_function_hid.o
 .debug_abbrev  0x0000000000001039      0x2ee output\Usb_HID_tasks.o
 .debug_abbrev  0x0000000000001327      0x184 output\int_tbl_lib.o
 .debug_abbrev  0x00000000000014ab      0x31b output\aes_tiny.o
 .debug_abbrev  0x00000000000017c6      0x284 output\Framework_usb.o
 .debug_abbrev  0x0000000000001a4a      0x1a7 output\Framework_crypto.o
 .debug_abbrev  0x0000000000001bf1      0x271 output\Framework_flash.o
 .debug_abbrev  0x0000000000001e62       0x31 c:/program files/microchip/xc32/v4.20/bin/bin/../../lib/gcc/pic32mx/8.3.1/../../../../pic32mx/lib\libpic32.a(default-bootstrap-exception-handler.o)
 .debug_abbrev  0x0000000000001e93       0x2e c:/program files/microchip/xc32/v4.20/bin/bin/../../lib/gcc/pic32mx/8.3.1/../../../../pic32mx/lib\libpic32.a(default-on-reset.o)
 .debug_abbrev  0x0000000000001ec1       0x2e c:/program files/microchip/xc32/v4.20/bin/bin/../../lib/gcc/pic32mx/8.3.1/../../../../pic32mx/lib\libpic32.a(default-on-bootstrap.o)
 .debug_abbrev  0x0000000000001eef       0x31 c:/program files/microchip/xc32/v4.20/bin/bin/../../lib/gcc/pic32mx/8.3.1/../../../../pic32mx/lib\libpic32.a(default-general-exception-handler.o)
 .debug_abbrev  0x0000000000001f20       0x31 c:/program files/microchip/xc32/v4.20/bin/bin/../../lib/gcc/pic32mx/8.3.1/../../../../pic32mx/lib\libpic32.a(defaultinterrupt.o)

.debug_line     0x0000000000000000     0x3ba7
 *(.debug_line)
 .debug_line    0x0000000000000000      0x808 output\BootLoader.o
 .debug_line    0x0000000000000808      0x12c output\Framework.o
 .debug_line    0x0000000000000934      0x325 output\NVMem.o
 .debug_line    0x0000000000000c59       0xe0 output\usb_descriptors.o
 .debug_line    0x0000000000000d39     0x11e6 output\usb_device.o
 .debug_line    0x0000000000001f1f      0x1b7 output\usb_function_hid.o
 .debug_line    0x00000000000020d6      0x2bc output\Usb_HID_tasks.o
 .debug_line    0x0000000000002392      0x2b7 output\int_tbl_lib.o
 .debug_line    0x0000000000002649      0x62a output\aes_tiny.o
 .debug_line    0x0000000000002c73      0x3d6 output\Framework_usb.o
 .debug_line    0x0000000000003049      0x290 output\Framework_crypto.o
 .debug_line    0x00000000000032d9      0x523 output\Framework_flash.o
 .debug_line    0x00000000000037fc       0xca c:/program files/microchip/xc32/v4.20/bin/bin/../../lib/gcc/pic32mx/8.3.1/../../../../pic32mx/lib\libpic32.a(default-bootstrap-exception-handler.o)
 .debug_line    0x00000000000038c6       0xa6 c:/program files/microchip/xc32/v4.20/bin/bin/../../lib/gcc/pic32mx/8.3.1/../../../../pic32mx/lib\libpic32.a(default-on-reset.o)
 .debug_line    0x000000000000396c       0xaa c:/program files/microchip/xc32/v4.20/bin/bin/../../lib/gcc/pic32mx/8.3.1/../../../../pic32mx/lib\libpic32.a(default-on-bootstrap.o)
 .debug_line    0x0000000000003a16       0xc8 c:/program files/microchip/xc32/v4.20/bin/bin/../../lib/gcc/pic32mx/8.3.1/../../../../pic32mx/lib\libpic32.a(default-general-exception-handler.o)
 .debug_line    0x0000000000003ade       0xc9 c:/program files/microchip/xc32/v4.20/bin/bin/../../lib/gcc/pic32mx/8.3.1/../../../../pic32mx/lib\libpic32.a(defaultinterrupt.o)

.debug_frame    0x0000000000000000      0x888
 *(.debug_frame)
 .debug_frame   0x0000000000000000      0x15c output\BootLoader.o
 .debug_frame   0x000000000000015c       0x7c output\Framework.o
 .debug_frame   0x00000000000001d8       0x98 output\NVMem.o
 .debug_frame   0x0000000000000270       0xd0 output\usb_device.o
 .debug_frame   0x0000000000000340       0x20 output\usb_function_hid.o
 .debug_frame   0x0000000000000360       0xe8 output\Usb_HID_tasks.o
 .debug_frame   0x0000000000000448       0xa0 output\int_tbl_lib.o
 .debug_frame   0x00000000000004e8       0xd0 output\aes_tiny.o
 .debug_frame   0x00000000000005b8       0x8c output\Framework_usb.o
 .debug_frame   0x0000000000000644       0xc0 output\Framework_crypto.o
 .debug_frame   0x0000000000000704       0xcc output\Framework_flash.o
 .debug_frame   0x00000000000007d0       0x2c c:/program files/microchip/xc32/v4.20/bin/bin/../../lib/gcc/pic32mx/8.3.1/../../../../pic32mx/lib\libpic32.a(default-bootstrap-exception-handler.o)
 .debug_frame   0x00000000000007fc       0x20 c:/program files/microchip/xc32/v4.20/bin/bin/../../lib/gcc/pic32mx/8.3.1/../../../../pic32mx/lib\libpic32.a(default-on-reset.o)
 .debug_frame   0x000000000000081c       0x20 c:/program files/microchip/xc32/v4.20/bin/bin/../../lib/gcc/pic32mx/8.3.1/../../../../pic32mx/lib\libpic32.a(default-on-bootstrap.o)
 .debug_frame   0x000000000000083c       0x2c c:/program files/microchip/xc32/v4.20/bin/bin/../../lib/gcc/pic32mx/8.3.1/../../../../pic32mx/lib\libpic32.a(default-general-exception-handler.o)
 .debug_frame   0x0000000000000868       0x20 c:/program files/microchip/xc32/v4.20/bin/bin/../../lib/gcc/pic32mx/8.3.1/../../../../pic32mx/lib\libpic32.a(defaultinterrupt.o)

.debug_str      0x0000000000000000     0x620d
 *(.debug_str)
 .debug_str     0x0000000000000000      0x814 output\BootLoader.o
 .debug_str     0x0000000000000814      0x313 output\Framework.o
 .debug_str     0x0000000000000b27      0x3a0 output\NVMem.o
 .debug_str     0x0000000000000ec7      0x5da output\usb_descriptors.o
 .debug_str     0x00000000000014a1     0x127c output\usb_device.o
 .debug_str     0x000000000000271d      0x6bf output\usb_function_hid.o
 .debug_str     0x0000000000002ddc      0x7e6 output\Usb_HID_tasks.o
 .debug_str     0x00000000000035c2      0xafa output\int_tbl_lib.o
 .debug_str     0x00000000000040bc      0x34e output\aes_tiny.o
 .debug_str     0x000000000000440a      0x51a output\Framework_usb.o
 .debug_str     0x0000000000004924      0x36b output\Framework_crypto.o
 .debug_str     0x0000000000004c8f      0x493 output\Framework_flash.o
 .debug_str     0x0000000000005122      0x373 c:/program files/microchip/xc32/v4.20/bin/bin/../../lib/gcc/pic32mx/8.3.1/../../../../pic32mx/lib\libpic32.a(default-bootstrap-exception-handler.o)
 .debug_str     0x0000000000005495      0x34d c:/program files/microchip/xc32/v4.20/bin/bin/../../lib/gcc/pic32mx/8.3.1/../../../../pic32mx/lib\libpic32.a(default-on-reset.o)
 .debug_str     0x00000000000057e2      0x355 c:/program files/microchip/xc32/v4.20/bin/bin/../../lib/gcc/pic32mx/8.3.1/../../../../pic32mx/lib\libpic32.a(default-on-bootstrap.o)
 .debug_str     0x0000000000005b37      0x36f c:/program files/microchip/xc32/v4.20/bin/bin/../../lib/gcc/pic32mx/8.3.1/../../../../pic32mx/lib\libpic32.a(default-general-exception-handler.o)
 .debug_str     0x0000000000005ea6      0x367 c:/program files/microchip/xc32/v4.20/bin/bin/../../lib/gcc/pic32mx/8.3.1/../../../../pic32mx/lib\libpic32.a(defaultinterrupt.o)

.debug_loc      0x0000000000000000     0x2c0e
 *(.debug_loc)
 .debug_loc     0x0000000000000000      0x91b output\BootLoader.o
 .debug_loc     0x000000000000091b       0x25 output\Framework.o
 .debug_loc     0x0000000000000940      0x1cc output\NVMem.o
 .debug_loc     0x0000000000000b0c      0x428 output\usb_device.o
 .debug_loc     0x0000000000000f34      0x1a5 output\Usb_HID_tasks.o
 .debug_loc     0x00000000000010d9      0x24e output\int_tbl_lib.o
 .debug_loc     0x0000000000001327      0xce3 output\aes_tiny.o
 .debug_loc     0x000000000000200a      0x2bb output\Framework_usb.o
 .debug_loc     0x00000000000022c5      0x1a4 output\Framework_crypto.o
 .debug_loc     0x0000000000002469      0x74d output\Framework_flash.o
 .debug_loc     0x0000000000002bb6       0x2c c:/program files/microchip/xc32/v4.20/bin/bin/../../lib/gcc/pic32mx/8.3.1/../../../../pic32mx/lib\libpic32.a(default-bootstrap-exception-handler.o)
 .debug_loc     0x0000000000002be2       0x2c c:/program files/microchip/xc32/v4.20/bin/bin/../../lib/gcc/pic32mx/8.3.1/../../../../pic32mx/lib\libpic32.a(default-general-exception-handler.o)

.debug_macinfo
 *(.debug_macinfo)

.debug_weaknames
 *(.debug_weaknames)

.debug_funcnames
 *(.debug_funcnames)

.debug_typenames
 *(.debug_typenames)

.debug_varnames
 *(.debug_varnames)

.debug_pubtypes
 *(.debug_pubtypes)

.debug_ranges   0x0000000000000000      0x820
 *(.debug_ranges)
 .debug_ranges  0x0000000000000000       0xd8 output\BootLoader.o
 .debug_ranges  0x00000000000000d8       0x38 output\NVMem.o
 .debug_ranges  0x0000000000000110      0x5d8 output\usb_device.o
 .debug_ranges  0x00000000000006e8       0xc8 output\aes_tiny.o
 .debug_ranges  0x00000000000007b0       0x20 output\Framework_usb.o
 .debug_ranges  0x00000000000007d0       0x10 c:/program files/microchip/xc32/v4.20/bin/bin/../../lib/gcc/pic32mx/8.3.1/../../../../pic32mx/lib\libpic32.a(default-bootstrap-exception-handler.o)
 .debug_ranges  0x00000000000007e0       0x10 c:/program files/microchip/xc32/v4.20/bin/bin/../../lib/gcc/pic32mx/8.3.1/../../../../pic32mx/lib\libpic32.a(default-on-reset.o)
 .debug_ranges  0x00000000000007f0       0x10 c:/program files/microchip/xc32/v4.20/bin/bin/../../lib/gcc/pic32mx/8.3.1/../../../../pic32mx/lib\libpic32.a(default-on-bootstrap.o)
 .debug_ranges  0x0000000000000800       0x10 c:/program files/microchip/xc32/v4.20/bin/bin/../../lib/gcc/pic32mx/8.3.1/../../../../pic32mx/lib\libpic32.a(default-general-exception-handler.o)
 .debug_ranges  0x0000000000000810       0x10 c:/program files/microchip/xc32/v4.20/bin/bin/../../lib/gcc/pic32mx/8.3.1/../../../../pic32mx/lib\libpic32.a(defaultinterrupt.o)

.gnu.attributes
                0x0000000000000000       0x10
 *(.gnu.attributes)
 .gnu.attributes
                0x0000000000000000       0x10 c:/program files/microchip/xc32/v4.20/bin/bin/../../lib/gcc/pic32mx/8.3.1/../../../../pic32mx/lib\debug-exception-return.o
 .gnu.attributes
                0x0000000000000010       0x10 output\BootLoader.o
 .gnu.attributes
                0x0000000000000020       0x10 output\Framework.o
 .gnu.attributes
                0x0000000000000030       0x10 output\NVMem.o
 .gnu.attributes
                0x0000000000000040       0x10 output\usb_descriptors.o
 .gnu.attributes
                0x0000000000000050       0x10 output\usb_device.o
 .gnu.attributes
                0x0000000000000060       0x10 output\usb_function_hid.o
 .gnu.attributes
                0x0000000000000070       0x10 output\Usb_HID_tasks.o
 .gnu.attributes
                0x0000000000000080       0x10 output\int_tbl_lib.o
 .gnu.attributes
                0x0000000000000090       0x10 output\aes_tiny.o
 .gnu.attributes
                0x00000000000000a0       0x10 output\Framework_usb.o
 .gnu.attributes
                0x00000000000000b0       0x10 output\Framework_crypto.o
 .gnu.attributes
                0x00000000000000c0       0x10 output\Framework_flash.o
 .gnu.attributes
                0x00000000000000d0       0x10 c:/program files/microchip/xc32/v4.20/bin/bin/../../lib/gcc/pic32mx/8.3.1/../../../../pic32mx/lib/./proc/32MX460F512L\processor.o
 .gnu.attributes
                0x00000000000000e0       0x10 C:\Users\kyrk\AppData\Local\Temp\cccTcdbZ.o
 .gnu.attributes
                0x00000000000000f0       0x10 C:\Users\kyrk\AppData\Local\Temp\ccGUI8uW.o
 .gnu.attributes
                0x0000000000000100       0x10 C:\Users\kyrk\AppData\Local\Temp\ccEPBDYV.o
 .gnu.attributes
                0x0000000000000110       0x10 c:/program files/microchip/xc32/v4.20/bin/bin/../../lib/gcc/pic32mx/8.3.1/../../../../pic32mx/lib/./proc/32MX460F512L\default_isr_vectors.o
 .gnu.attributes
                0x0000000000000120       0x10 c:/program files/microchip/xc32/v4.20/bin/bin/../../lib/gcc/pic32mx/8.3.1/../../../../pic32mx/lib\pic32_software_reset.o
 .gnu.attributes
                0x0000000000000130       0x10 c:/program files/microchip/xc32/v4.20/bin/bin/../../lib/gcc/pic32mx/8.3.1/../../../../pic32mx/lib\libpic32.a(memcmp.o)
 .gnu.attributes
                0x0000000000000140       0x10 c:/program files/microchip/xc32/v4.20/bin/bin/../../lib/gcc/pic32mx/8.3.1/../../../../pic32mx/lib\libpic32.a(memcpy.o)
 .gnu.attributes
                0x0000000000000150       0x10 c:/program files/microchip/xc32/v4.20/bin/bin/../../lib/gcc/pic32mx/8.3.1/../../../../pic32mx/lib\libpic32.a(default-bootstrap-exception-handler.o)
 .gnu.attributes
                0x0000000000000160       0x10 c:/program files/microchip/xc32/v4.20/bin/bin/../../lib/gcc/pic32mx/8.3.1/../../../../pic32mx/lib\libpic32.a(default-on-reset.o)
 .gnu.attributes
                0x0000000000000170       0x10 c:/program files/microchip/xc32/v4.20/bin/bin/../../lib/gcc/pic32mx/8.3.1/../../../../pic32mx/lib\libpic32.a(default-on-bootstrap.o)
 .gnu.attributes
                0x0000000000000180       0x10 c:/program files/microchip/xc32/v4.20/bin/bin/../../lib/gcc/pic32mx/8.3.1/../../../../pic32mx/lib\libpic32.a(default-nmi-handler.o)
 .gnu.attributes
                0x0000000000000190       0x10 c:/program files/microchip/xc32/v4.20/bin/bin/../../lib/gcc/pic32mx/8.3.1/../../../../pic32mx/lib\libpic32.a(pic32_data_init_wrapper.o)
 .gnu.attributes
                0x00000000000001a0       0x10 c:/program files/microchip/xc32/v4.20/bin/bin/../../lib/gcc/pic32mx/8.3.1/../../../../pic32mx/lib\libpic32.a(pic32_data_init_0_1.o)
 .gnu.attributes
                0x00000000000001b0       0x10 c:/program files/microchip/xc32/v4.20/bin/bin/../../lib/gcc/pic32mx/8.3.1/../../../../pic32mx/lib\libpic32.a(general-exception.o)
 .gnu.attributes
                0x00000000000001c0       0x10 c:/program files/microchip/xc32/v4.20/bin/bin/../../lib/gcc/pic32mx/8.3.1/../../../../pic32mx/lib\libpic32.a(vector0.o)
 .gnu.attributes
                0x00000000000001d0       0x10 c:/program files/microchip/xc32/v4.20/bin/bin/../../lib/gcc/pic32mx/8.3.1/../../../../pic32mx/lib\libpic32.a(vector1.o)
 .gnu.attributes
                0x00000000000001e0       0x10 c:/program files/microchip/xc32/v4.20/bin/bin/../../lib/gcc/pic32mx/8.3.1/../../../../pic32mx/lib\libpic32.a(vector2.o)
 .gnu.attributes
                0x00000000000001f0       0x10 c:/program files/microchip/xc32/v4.20/bin/bin/../../lib/gcc/pic32mx/8.3.1/../../../../pic32mx/lib\libpic32.a(vector3.o)
 .gnu.attributes
                0x0000000000000200       0x10 c:/program files/microchip/xc32/v4.20/bin/bin/../../lib/gcc/pic32mx/8.3.1/../../../../pic32mx/lib\libpic32.a(vector4.o)
 .gnu.attributes
                0x0000000000000210       0x10 c:/program files/microchip/xc32/v4.20/bin/bin/../../lib/gcc/pic32mx/8.3.1/../../../../pic32mx/lib\libpic32.a(vector5.o)
 .gnu.attributes
                0x0000000000000220       0x10 c:/program files/microchip/xc32/v4.20/bin/bin/../../lib/gcc/pic32mx/8.3.1/../../../../pic32mx/lib\libpic32.a(vector6.o)
 .gnu.attributes
                0x0000000000000230       0x10 c:/program files/microchip/xc32/v4.20/bin/bin/../../lib/gcc/pic32mx/8.3.1/../../../../pic32mx/lib\libpic32.a(vector7.o)
 .gnu.attributes
                0x0000000000000240       0x10 c:/program files/microchip/xc32/v4.20/bin/bin/../../lib/gcc/pic32mx/8.3.1/../../../../pic32mx/lib\libpic32.a(vector8.o)
 .gnu.attributes
                0x0000000000000250       0x10 c:/program files/microchip/xc32/v4.20/bin/bin/../../lib/gcc/pic32mx/8.3.1/../../../../pic32mx/lib\libpic32.a(vector9.o)
 .gnu.attributes
                0x0000000000000260       0x10 c:/program files/microchip/xc32/v4.20/bin/bin/../../lib/gcc/pic32mx/8.3.1/../../../../pic32mx/lib\libpic32.a(vector10.o)
 .gnu.attributes
                0x0000000000000270       0x10 c:/program files/microchip/xc32/v4.20/bin/bin/../../lib/gcc/pic32mx/8.3.1/../../../../pic32mx/lib\libpic32.a(vector11.o)
 .gnu.attributes
                0x0000000000000280       0x10 c:/program files/microchip/xc32/v4.20/bin/bin/../../lib/gcc/pic32mx/8.3.1/../../../../pic32mx/lib\libpic32.a(vector12.o)
 .gnu.attributes
                0x0000000000000290       0x10 c:/program files/microchip/xc32/v4.20/bin/bin/../../lib/gcc/pic32mx/8.3.1/../../../../pic32mx/lib\libpic32.a(vector13.o)
 .gnu.attributes
                0x00000000000002a0       0x10 c:/program files/microchip/xc32/v4.20/bin/bin/../../lib/gcc/pic32mx/8.3.1/../../../../pic32mx/lib\libpic32.a(vector14.o)
 .gnu.attributes
                0x00000000000002b0       0x10 c:/program files/microchip/xc32/v4.20/bin/bin/../../lib/gcc/pic32mx/8.3.1/../../../../pic32mx/lib\libpic32.a(vector15.o)
 .gnu.attributes
                0x00000000000002c0       0x10 c:/program files/microchip/xc32/v4.20/bin/bin/../../lib/gcc/pic32mx/8.3.1/../../../../pic32mx/lib\libpic32.a(vector16.o)
 .gnu.attributes
                0x00000000000002d0       0x10 c:/program files/microchip/xc32/v4.20/bin/bin/../../lib/gcc/pic32mx/8.3.1/../../../../pic32mx/lib\libpic32.a(vector17.o)
 .gnu.attributes
                0x00000000000002e0       0x10 c:/program files/microchip/xc32/v4.20/bin/bin/../../lib/gcc/pic32mx/8.3.1/../../../../pic32mx/lib\libpic32.a(vector18.o)
 .gnu.attributes
                0x00000000000002f0       0x10 c:/program files/microchip/xc32/v4.20/bin/bin/../../lib/gcc/pic32mx/8.3.1/../../../../pic32mx/lib\libpic32.a(vector19.o)
 .gnu.attributes
                0x0000000000000300       0x10 c:/program files/microchip/xc32/v4.20/bin/bin/../../lib/gcc/pic32mx/8.3.1/../../../../pic32mx/lib\libpic32.a(vector20.o)
 .gnu.attributes
                0x0000000000000310       0x10 c:/program files/microchip/xc32/v4.20/bin/bin/../../lib/gcc/pic32mx/8.3.1/../../../../pic32mx/lib\libpic32.a(vector21.o)
 .gnu.attributes
                0x0000000000000320       0x10 c:/program files/microchip/xc32/v4.20/bin/bin/../../lib/gcc/pic32mx/8.3.1/../../../../pic32mx/lib\libpic32.a(vector22.o)
 .gnu.attributes
                0x0000000000000330       0x10 c:/program files/microchip/xc32/v4.20/bin/bin/../../lib/gcc/pic32mx/8.3.1/../../../../pic32mx/lib\libpic32.a(vector23.o)
 .gnu.attributes
                0x0000000000000340       0x10 c:/program files/microchip/xc32/v4.20/bin/bin/../../lib/gcc/pic32mx/8.3.1/../../../../pic32mx/lib\libpic32.a(vector24.o)
 .gnu.attributes
                0x0000000000000350       0x10 c:/program files/microchip/xc32/v4.20/bin/bin/../../lib/gcc/pic32mx/8.3.1/../../../../pic32mx/lib\libpic32.a(vector25.o)
 .gnu.attributes
                0x0000000000000360       0x10 c:/program files/microchip/xc32/v4.20/bin/bin/../../lib/gcc/pic32mx/8.3.1/../../../../pic32mx/lib\libpic32.a(vector26.o)
 .gnu.attributes
                0x0000000000000370       0x10 c:/program files/microchip/xc32/v4.20/bin/bin/../../lib/gcc/pic32mx/8.3.1/../../../../pic32mx/lib\libpic32.a(vector27.o)
 .gnu.attributes
                0x0000000000000380       0x10 c:/program files/microchip/xc32/v4.20/bin/bin/../../lib/gcc/pic32mx/8.3.1/../../../../pic32mx/lib\libpic32.a(vector28.o)
 .gnu.attributes
                0x0000000000000390       0x10 c:/program files/microchip/xc32/v4.20/bin/bin/../../lib/gcc/pic32mx/8.3.1/../../../../pic32mx/lib\libpic32.a(vector29.o)
 .gnu.attributes
                0x00000000000003a0       0x10 c:/program files/microchip/xc32/v4.20/bin/bin/../../lib/gcc/pic32mx/8.3.1/../../../../pic32mx/lib\libpic32.a(vector30.o)
 .gnu.attributes
                0x00000000000003b0       0x10 c:/program files/microchip/xc32/v4.20/bin/bin/../../lib/gcc/pic32mx/8.3.1/../../../../pic32mx/lib\libpic32.a(vector31.o)
 .gnu.attributes
                0x00000000000003c0       0x10 c:/program files/microchip/xc32/v4.20/bin/bin/../../lib/gcc/pic32mx/8.3.1/../../../../pic32mx/lib\libpic32.a(vector32.o)
 .gnu.attributes
                0x00000000000003d0       0x10 c:/program files/microchip/xc32/v4.20/bin/bin/../../lib/gcc/pic32mx/8.3.1/../../../../pic32mx/lib\libpic32.a(vector33.o)
 .gnu.attributes
                0x00000000000003e0       0x10 c:/program files/microchip/xc32/v4.20/bin/bin/../../lib/gcc/pic32mx/8.3.1/../../../../pic32mx/lib\libpic32.a(vector34.o)
 .gnu.attributes
                0x00000000000003f0       0x10 c:/program files/microchip/xc32/v4.20/bin/bin/../../lib/gcc/pic32mx/8.3.1/../../../../pic32mx/lib\libpic32.a(vector35.o)
 .gnu.attributes
                0x0000000000000400       0x10 c:/program files/microchip/xc32/v4.20/bin/bin/../../lib/gcc/pic32mx/8.3.1/../../../../pic32mx/lib\libpic32.a(vector36.o)
 .gnu.attributes
                0x0000000000000410       0x10 c:/program files/microchip/xc32/v4.20/bin/bin/../../lib/gcc/pic32mx/8.3.1/../../../../pic32mx/lib\libpic32.a(vector37.o)
 .gnu.attributes
                0x0000000000000420       0x10 c:/program files/microchip/xc32/v4.20/bin/bin/../../lib/gcc/pic32mx/8.3.1/../../../../pic32mx/lib\libpic32.a(vector38.o)
 .gnu.attributes
                0x0000000000000430       0x10 c:/program files/microchip/xc32/v4.20/bin/bin/../../lib/gcc/pic32mx/8.3.1/../../../../pic32mx/lib\libpic32.a(vector39.o)
 .gnu.attributes
                0x0000000000000440       0x10 c:/program files/microchip/xc32/v4.20/bin/bin/../../lib/gcc/pic32mx/8.3.1/../../../../pic32mx/lib\libpic32.a(vector40.o)
 .gnu.attributes
                0x0000000000000450       0x10 c:/program files/microchip/xc32/v4.20/bin/bin/../../lib/gcc/pic32mx/8.3.1/../../../../pic32mx/lib\libpic32.a(vector41.o)
 .gnu.attributes
                0x0000000000000460       0x10 c:/program files/microchip/xc32/v4.20/bin/bin/../../lib/gcc/pic32mx/8.3.1/../../../../pic32mx/lib\libpic32.a(vector42.o)
 .gnu.attributes
                0x0000000000000470       0x10 c:/program files/microchip/xc32/v4.20/bin/bin/../../lib/gcc/pic32mx/8.3.1/../../../../pic32mx/lib\libpic32.a(vector43.o)
 .gnu.attributes
                0x0000000000000480       0x10 c:/program files/microchip/xc32/v4.20/bin/bin/../../lib/gcc/pic32mx/8.3.1/../../../../pic32mx/lib\libpic32.a(vector44.o)
 .gnu.attributes
                0x0000000000000490       0x10 c:/program files/microchip/xc32/v4.20/bin/bin/../../lib/gcc/pic32mx/8.3.1/../../../../pic32mx/lib\libpic32.a(vector45.o)
 .gnu.attributes
                0x00000000000004a0       0x10 c:/program files/microchip/xc32/v4.20/bin/bin/../../lib/gcc/pic32mx/8.3.1/../../../../pic32mx/lib\libpic32.a(default-general-exception-handler.o)
 .gnu.attributes
                0x00000000000004b0       0x10 c:/program files/microchip/xc32/v4.20/bin/bin/../../lib/gcc/pic32mx/8.3.1/../../../../pic32mx/lib\libpic32.a(defaultinterrupt.o)
                0x0000000000000001                __MPLAB_BUILD = 0x1
LOAD C:\Users\kyrk\AppData\Local\Temp\cccTcdbZ.o
LOAD C:\Users\kyrk\AppData\Local\Temp\ccGUI8uW.o
LOAD C:\Users\kyrk\AppData\Local\Temp\ccEPBDYV.o
LOAD c:/program files/microchip/xc32/v4.20/bin/bin/../../lib/gcc/pic32mx/8.3.1/../../../../pic32mx/lib/./proc/32MX460F512L\default_isr_vectors.o
LOAD c:/program files/microchip/xc32/v4.20/bin/bin/../../lib/gcc/pic32mx/8.3.1/../../../../pic32mx/lib\pic32_software_reset.o
LOAD c:/program files/microchip/xc32/v4.20/bin/bin/../../lib/gcc/pic32mx/8.3.1\libgcc.a
START GROUP
LOAD c:/program files/microchip/xc32/v4.20/bin/bin/../../lib/gcc/pic32mx/8.3.1/../../../../pic32mx/lib\libpic32.a
LOAD c:/program files/microchip/xc32/v4.20/bin/bin/../../lib/gcc/pic32mx/8.3.1/../../../../pic32mx/lib\libdebug.a
LOAD c:/program files/microchip/xc32/v4.20/bin/bin/../../lib/gcc/pic32mx/8.3.1/../../../../pic32mx/lib\libc-musl.a
LOAD c:/program files/microchip/xc32/v4.20/bin/bin/../../lib/gcc/pic32mx/8.3.1/../../../../pic32mx/lib\libm.a
LOAD c:/program files/microchip/xc32/v4.20/bin/bin/../../lib/gcc/pic32mx/8.3.1/../../../../pic32mx/lib\libe.a
LOAD c:/program files/microchip/xc32/v4.20/bin/bin/../../lib/gcc/pic32mx/8.3.1/../../../../pic32mx/lib\libm-musl.a
LOAD c:/program files/microchip/xc32/v4.20/bin/bin/../../lib/gcc/pic32mx/8.3.1/../../../../pic32mx/lib\libdsp.a
LOAD c:/program files/microchip/xc32/v4.20/bin/bin/../../lib/gcc/pic32mx/8.3.1\libgcc.a
END GROUP
LOAD c:/program files/microchip/xc32/v4.20/bin/bin/../../lib/gcc/pic32mx/8.3.1\libgcc.a
OUTPUT(.\output\USBHIDBootloader_updater.elf elf32-tradlittlemips)
LOAD stack
LOAD data_init

.reginfo        0x0000000000000000       0x18
 .reginfo       0x0000000000000000       0x18 c:/program files/microchip/xc32/v4.20/bin/bin/../../lib/gcc/pic32mx/8.3.1/../../../../pic32mx/lib\debug-exception-return.o

.stack          0x00000000a0002028      0x400
 .stack         0x00000000a0002028      0x400 stack

.exceptionLog   0x00000000a0000200       0xc0
 .exceptionLog  0x00000000a0000200       0xc0 output\BootLoader.o
                0x00000000a0000200                exceptionLog

.noinitram_2    0x00000000a00003a0       0x80
 .noinitram_2   0x00000000a00003a0       0x80 output\BootLoader.o
                0x00000000a00003a0                noinitram_2

.noinitram_1    0x00000000a0000310       0x80
 .noinitram_1   0x00000000a0000310       0x80 output\BootLoader.o
                0x00000000a0000310                noinitram_1

.grbl_eeprom_sys_position_3
                0x00000000a0000460       0x10
 .grbl_eeprom_sys_position_3
                0x00000000a0000460       0x10 output\BootLoader.o
                0x00000000a0000460                grbl_eeprom_sys_position_3

.grbl_eeprom_sys_position_2
                0x00000000a0000450       0x10
 .grbl_eeprom_sys_position_2
                0x00000000a0000450       0x10 output\BootLoader.o
                0x00000000a0000450                grbl_eeprom_sys_position_2

.grbl_eeprom_sys_position_1
                0x00000000a0000440       0x10
 .grbl_eeprom_sys_position_1
                0x00000000a0000440       0x10 output\BootLoader.o
                0x00000000a0000440                grbl_eeprom_sys_position_1

.bootloader_MAC
                0x00000000a0000f30        0x8
 .bootloader_MAC
                0x00000000a0000f30        0x8 output\BootLoader.o
                0x00000000a0000f30                bootloader_MAC

.noinitram_crc_2
                0x00000000a0000390        0x8
 .noinitram_crc_2
                0x00000000a0000390        0x8 output\BootLoader.o
                0x00000000a0000390                noinitram_crc_2

.noinitram_crc_1
                0x00000000a0000300        0x8
 .noinitram_crc_1
                0x00000000a0000300        0x8 output\BootLoader.o
                0x00000000a0000300                noinitram_crc_1

.bootloader_was_reset_called
                0x00000000a0000f20        0x4
 .bootloader_was_reset_called
                0x00000000a0000f20        0x4 output\BootLoader.o
                0x00000000a0000f20                bootloader_was_reset_called

.bootloader_request_B
                0x00000000a0000f10        0x4
 .bootloader_request_B
                0x00000000a0000f10        0x4 output\BootLoader.o
                0x00000000a0000f10                bootloader_request_B

.bootloader_request_A
                0x00000000a0000f00        0x4
 .bootloader_request_A
                0x00000000a0000f00        0x4 output\BootLoader.o
                0x00000000a0000f00                bootloader_request_A

.data%z1        0x0000000000000000        0x0
 .data          0x0000000000000000        0x0 c:/program files/microchip/xc32/v4.20/bin/bin/../../lib/gcc/pic32mx/8.3.1/../../../../pic32mx/lib\libpic32.a(defaultinterrupt.o)

.data%z2        0x0000000000000000        0x0
 .data          0x0000000000000000        0x0 c:/program files/microchip/xc32/v4.20/bin/bin/../../lib/gcc/pic32mx/8.3.1/../../../../pic32mx/lib\libpic32.a(default-general-exception-handler.o)

.data%z3        0x0000000000000000        0x0
 .data          0x0000000000000000        0x0 c:/program files/microchip/xc32/v4.20/bin/bin/../../lib/gcc/pic32mx/8.3.1/../../../../pic32mx/lib\libpic32.a(vector45.o)

.data%z4        0x0000000000000000        0x0
 .data          0x0000000000000000        0x0 c:/program files/microchip/xc32/v4.20/bin/bin/../../lib/gcc/pic32mx/8.3.1/../../../../pic32mx/lib\libpic32.a(vector44.o)

.data%z5        0x0000000000000000        0x0
 .data          0x0000000000000000        0x0 c:/program files/microchip/xc32/v4.20/bin/bin/../../lib/gcc/pic32mx/8.3.1/../../../../pic32mx/lib\libpic32.a(vector43.o)

.data%z6        0x0000000000000000        0x0
 .data          0x0000000000000000        0x0 c:/program files/microchip/xc32/v4.20/bin/bin/../../lib/gcc/pic32mx/8.3.1/../../../../pic32mx/lib\libpic32.a(vector42.o)

.data%z7        0x0000000000000000        0x0
 .data          0x0000000000000000        0x0 c:/program files/microchip/xc32/v4.20/bin/bin/../../lib/gcc/pic32mx/8.3.1/../../../../pic32mx/lib\libpic32.a(vector41.o)

.data%z8        0x0000000000000000        0x0
 .data          0x0000000000000000        0x0 c:/program files/microchip/xc32/v4.20/bin/bin/../../lib/gcc/pic32mx/8.3.1/../../../../pic32mx/lib\libpic32.a(vector40.o)

.data%z9        0x0000000000000000        0x0
 .data          0x0000000000000000        0x0 c:/program files/microchip/xc32/v4.20/bin/bin/../../lib/gcc/pic32mx/8.3.1/../../../../pic32mx/lib\libpic32.a(vector39.o)

.data%z10       0x0000000000000000        0x0
 .data          0x0000000000000000        0x0 c:/program files/microchip/xc32/v4.20/bin/bin/../../lib/gcc/pic32mx/8.3.1/../../../../pic32mx/lib\libpic32.a(vector38.o)

.data%z11       0x0000000000000000        0x0
 .data          0x0000000000000000        0x0 c:/program files/microchip/xc32/v4.20/bin/bin/../../lib/gcc/pic32mx/8.3.1/../../../../pic32mx/lib\libpic32.a(vector37.o)

.data%z12       0x0000000000000000        0x0
 .data          0x0000000000000000        0x0 c:/program files/microchip/xc32/v4.20/bin/bin/../../lib/gcc/pic32mx/8.3.1/../../../../pic32mx/lib\libpic32.a(vector36.o)

.data%z13       0x0000000000000000        0x0
 .data          0x0000000000000000        0x0 c:/program files/microchip/xc32/v4.20/bin/bin/../../lib/gcc/pic32mx/8.3.1/../../../../pic32mx/lib\libpic32.a(vector35.o)

.data%z14       0x0000000000000000        0x0
 .data          0x0000000000000000        0x0 c:/program files/microchip/xc32/v4.20/bin/bin/../../lib/gcc/pic32mx/8.3.1/../../../../pic32mx/lib\libpic32.a(vector34.o)

.data%z15       0x0000000000000000        0x0
 .data          0x0000000000000000        0x0 c:/program files/microchip/xc32/v4.20/bin/bin/../../lib/gcc/pic32mx/8.3.1/../../../../pic32mx/lib\libpic32.a(vector33.o)

.data%z16       0x0000000000000000        0x0
 .data          0x0000000000000000        0x0 c:/program files/microchip/xc32/v4.20/bin/bin/../../lib/gcc/pic32mx/8.3.1/../../../../pic32mx/lib\libpic32.a(vector32.o)

.data%z17       0x0000000000000000        0x0
 .data          0x0000000000000000        0x0 c:/program files/microchip/xc32/v4.20/bin/bin/../../lib/gcc/pic32mx/8.3.1/../../../../pic32mx/lib\libpic32.a(vector31.o)

.data%z18       0x0000000000000000        0x0
 .data          0x0000000000000000        0x0 c:/program files/microchip/xc32/v4.20/bin/bin/../../lib/gcc/pic32mx/8.3.1/../../../../pic32mx/lib\libpic32.a(vector30.o)

.data%z19       0x0000000000000000        0x0
 .data          0x0000000000000000        0x0 c:/program files/microchip/xc32/v4.20/bin/bin/../../lib/gcc/pic32mx/8.3.1/../../../../pic32mx/lib\libpic32.a(vector29.o)

.data%z20       0x0000000000000000        0x0
 .data          0x0000000000000000        0x0 c:/program files/microchip/xc32/v4.20/bin/bin/../../lib/gcc/pic32mx/8.3.1/../../../../pic32mx/lib\libpic32.a(vector28.o)

.data%z21       0x0000000000000000        0x0
 .data          0x0000000000000000        0x0 c:/program files/microchip/xc32/v4.20/bin/bin/../../lib/gcc/pic32mx/8.3.1/../../../../pic32mx/lib\libpic32.a(vector27.o)

.data%z22       0x0000000000000000        0x0
 .data          0x0000000000000000        0x0 c:/program files/microchip/xc32/v4.20/bin/bin/../../lib/gcc/pic32mx/8.3.1/../../../../pic32mx/lib\libpic32.a(vector26.o)

.data%z23       0x0000000000000000        0x0
 .data          0x0000000000000000        0x0 c:/program files/microchip/xc32/v4.20/bin/bin/../../lib/gcc/pic32mx/8.3.1/../../../../pic32mx/lib\libpic32.a(vector25.o)

.data%z24       0x0000000000000000        0x0
 .data          0x0000000000000000        0x0 c:/program files/microchip/xc32/v4.20/bin/bin/../../lib/gcc/pic32mx/8.3.1/../../../../pic32mx/lib\libpic32.a(vector24.o)

.data%z25       0x0000000000000000        0x0
 .data          0x0000000000000000        0x0 c:/program files/microchip/xc32/v4.20/bin/bin/../../lib/gcc/pic32mx/8.3.1/../../../../pic32mx/lib\libpic32.a(vector23.o)

.data%z26       0x0000000000000000        0x0
 .data          0x0000000000000000        0x0 c:/program files/microchip/xc32/v4.20/bin/bin/../../lib/gcc/pic32mx/8.3.1/../../../../pic32mx/lib\libpic32.a(vector22.o)

.data%z27       0x0000000000000000        0x0
 .data          0x0000000000000000        0x0 c:/program files/microchip/xc32/v4.20/bin/bin/../../lib/gcc/pic32mx/8.3.1/../../../../pic32mx/lib\libpic32.a(vector21.o)

.data%z28       0x0000000000000000        0x0
 .data          0x0000000000000000        0x0 c:/program files/microchip/xc32/v4.20/bin/bin/../../lib/gcc/pic32mx/8.3.1/../../../../pic32mx/lib\libpic32.a(vector20.o)

.data%z29       0x0000000000000000        0x0
 .data          0x0000000000000000        0x0 c:/program files/microchip/xc32/v4.20/bin/bin/../../lib/gcc/pic32mx/8.3.1/../../../../pic32mx/lib\libpic32.a(vector19.o)

.data%z30       0x0000000000000000        0x0
 .data          0x0000000000000000        0x0 c:/program files/microchip/xc32/v4.20/bin/bin/../../lib/gcc/pic32mx/8.3.1/../../../../pic32mx/lib\libpic32.a(vector18.o)

.data%z31       0x0000000000000000        0x0
 .data          0x0000000000000000        0x0 c:/program files/microchip/xc32/v4.20/bin/bin/../../lib/gcc/pic32mx/8.3.1/../../../../pic32mx/lib\libpic32.a(vector17.o)

.data%z32       0x0000000000000000        0x0
 .data          0x0000000000000000        0x0 c:/program files/microchip/xc32/v4.20/bin/bin/../../lib/gcc/pic32mx/8.3.1/../../../../pic32mx/lib\libpic32.a(vector16.o)

.data%z33       0x0000000000000000        0x0
 .data          0x0000000000000000        0x0 c:/program files/microchip/xc32/v4.20/bin/bin/../../lib/gcc/pic32mx/8.3.1/../../../../pic32mx/lib\libpic32.a(vector15.o)

.data%z34       0x0000000000000000        0x0
 .data          0x0000000000000000        0x0 c:/program files/microchip/xc32/v4.20/bin/bin/../../lib/gcc/pic32mx/8.3.1/../../../../pic32mx/lib\libpic32.a(vector14.o)

.data%z35       0x0000000000000000        0x0
 .data          0x0000000000000000        0x0 c:/program files/microchip/xc32/v4.20/bin/bin/../../lib/gcc/pic32mx/8.3.1/../../../../pic32mx/lib\libpic32.a(vector13.o)

.data%z36       0x0000000000000000        0x0
 .data          0x0000000000000000        0x0 c:/program files/microchip/xc32/v4.20/bin/bin/../../lib/gcc/pic32mx/8.3.1/../../../../pic32mx/lib\libpic32.a(vector12.o)

.data%z37       0x0000000000000000        0x0
 .data          0x0000000000000000        0x0 c:/program files/microchip/xc32/v4.20/bin/bin/../../lib/gcc/pic32mx/8.3.1/../../../../pic32mx/lib\libpic32.a(vector11.o)

.data%z38       0x0000000000000000        0x0
 .data          0x0000000000000000        0x0 c:/program files/microchip/xc32/v4.20/bin/bin/../../lib/gcc/pic32mx/8.3.1/../../../../pic32mx/lib\libpic32.a(vector10.o)

.data%z39       0x0000000000000000        0x0
 .data          0x0000000000000000        0x0 c:/program files/microchip/xc32/v4.20/bin/bin/../../lib/gcc/pic32mx/8.3.1/../../../../pic32mx/lib\libpic32.a(vector9.o)

.data%z40       0x0000000000000000        0x0
 .data          0x0000000000000000        0x0 c:/program files/microchip/xc32/v4.20/bin/bin/../../lib/gcc/pic32mx/8.3.1/../../../../pic32mx/lib\libpic32.a(vector8.o)

.data%z41       0x0000000000000000        0x0
 .data          0x0000000000000000        0x0 c:/program files/microchip/xc32/v4.20/bin/bin/../../lib/gcc/pic32mx/8.3.1/../../../../pic32mx/lib\libpic32.a(vector7.o)

.data%z42       0x0000000000000000        0x0
 .data          0x0000000000000000        0x0 c:/program files/microchip/xc32/v4.20/bin/bin/../../lib/gcc/pic32mx/8.3.1/../../../../pic32mx/lib\libpic32.a(vector6.o)

.data%z43       0x0000000000000000        0x0
 .data          0x0000000000000000        0x0 c:/program files/microchip/xc32/v4.20/bin/bin/../../lib/gcc/pic32mx/8.3.1/../../../../pic32mx/lib\libpic32.a(vector5.o)

.data%z44       0x0000000000000000        0x0
 .data          0x0000000000000000        0x0 c:/program files/microchip/xc32/v4.20/bin/bin/../../lib/gcc/pic32mx/8.3.1/../../../../pic32mx/lib\libpic32.a(vector4.o)

.data%z45       0x0000000000000000        0x0
 .data          0x0000000000000000        0x0 c:/program files/microchip/xc32/v4.20/bin/bin/../../lib/gcc/pic32mx/8.3.1/../../../../pic32mx/lib\libpic32.a(vector3.o)

.data%z46       0x0000000000000000        0x0
 .data          0x0000000000000000        0x0 c:/program files/microchip/xc32/v4.20/bin/bin/../../lib/gcc/pic32mx/8.3.1/../../../../pic32mx/lib\libpic32.a(vector2.o)

.data%z47       0x0000000000000000        0x0
 .data          0x0000000000000000        0x0 c:/program files/microchip/xc32/v4.20/bin/bin/../../lib/gcc/pic32mx/8.3.1/../../../../pic32mx/lib\libpic32.a(vector1.o)

.data%z48       0x0000000000000000        0x0
 .data          0x0000000000000000        0x0 c:/program files/microchip/xc32/v4.20/bin/bin/../../lib/gcc/pic32mx/8.3.1/../../../../pic32mx/lib\libpic32.a(vector0.o)

.data%z49       0x0000000000000000        0x0
 .data          0x0000000000000000        0x0 c:/program files/microchip/xc32/v4.20/bin/bin/../../lib/gcc/pic32mx/8.3.1/../../../../pic32mx/lib\libpic32.a(general-exception.o)

.data%z50       0x0000000000000000        0x0
 .data          0x0000000000000000        0x0 c:/program files/microchip/xc32/v4.20/bin/bin/../../lib/gcc/pic32mx/8.3.1/../../../../pic32mx/lib\libpic32.a(pic32_data_init_0_1.o)

.data%z51       0x0000000000000000        0x0
 .data          0x0000000000000000        0x0 c:/program files/microchip/xc32/v4.20/bin/bin/../../lib/gcc/pic32mx/8.3.1/../../../../pic32mx/lib\libpic32.a(pic32_data_init_wrapper.o)

.data%z52       0x0000000000000000        0x0
 .data          0x0000000000000000        0x0 c:/program files/microchip/xc32/v4.20/bin/bin/../../lib/gcc/pic32mx/8.3.1/../../../../pic32mx/lib\libpic32.a(default-nmi-handler.o)

.data%z53       0x0000000000000000        0x0
 .data          0x0000000000000000        0x0 c:/program files/microchip/xc32/v4.20/bin/bin/../../lib/gcc/pic32mx/8.3.1/../../../../pic32mx/lib\libpic32.a(default-on-bootstrap.o)

.data%z54       0x0000000000000000        0x0
 .data          0x0000000000000000        0x0 c:/program files/microchip/xc32/v4.20/bin/bin/../../lib/gcc/pic32mx/8.3.1/../../../../pic32mx/lib\libpic32.a(default-on-reset.o)

.data%z55       0x0000000000000000        0x0
 .data          0x0000000000000000        0x0 c:/program files/microchip/xc32/v4.20/bin/bin/../../lib/gcc/pic32mx/8.3.1/../../../../pic32mx/lib\libpic32.a(default-bootstrap-exception-handler.o)

.data%z56       0x0000000000000000        0x0
 .data          0x0000000000000000        0x0 c:/program files/microchip/xc32/v4.20/bin/bin/../../lib/gcc/pic32mx/8.3.1/../../../../pic32mx/lib\libpic32.a(memcpy.o)

.data%z57       0x0000000000000000        0x0
 .data          0x0000000000000000        0x0 c:/program files/microchip/xc32/v4.20/bin/bin/../../lib/gcc/pic32mx/8.3.1/../../../../pic32mx/lib\libpic32.a(memcmp.o)

.data%z58       0x0000000000000000        0x0
 .data          0x0000000000000000        0x0 c:/program files/microchip/xc32/v4.20/bin/bin/../../lib/gcc/pic32mx/8.3.1/../../../../pic32mx/lib\pic32_software_reset.o

.data%z59       0x0000000000000000        0x0
 .data          0x0000000000000000        0x0 c:/program files/microchip/xc32/v4.20/bin/bin/../../lib/gcc/pic32mx/8.3.1/../../../../pic32mx/lib/./proc/32MX460F512L\default_isr_vectors.o

.data%z60       0x0000000000000000        0x0
 .data          0x0000000000000000        0x0 C:\Users\kyrk\AppData\Local\Temp\ccEPBDYV.o

.data%z61       0x0000000000000000        0x0
 .data          0x0000000000000000        0x0 C:\Users\kyrk\AppData\Local\Temp\ccGUI8uW.o

.data%z62       0x0000000000000000        0x0
 .data          0x0000000000000000        0x0 C:\Users\kyrk\AppData\Local\Temp\cccTcdbZ.o

.data%z63       0x0000000000000000        0x0
 .data          0x0000000000000000        0x0 c:/program files/microchip/xc32/v4.20/bin/bin/../../lib/gcc/pic32mx/8.3.1/../../../../pic32mx/lib/./proc/32MX460F512L\processor.o

.data%z64       0x0000000000000000        0x0
 .data          0x0000000000000000        0x0 output\Framework_flash.o

.data%z65       0x0000000000000000        0x0
 .data          0x0000000000000000        0x0 output\Framework_crypto.o

.data%z66       0x0000000000000000        0x0
 .data          0x0000000000000000        0x0 output\Framework_usb.o

.data%z67       0x0000000000000000        0x0
 .data          0x0000000000000000        0x0 output\aes_tiny.o

.data%z68       0x0000000000000000        0x0
 .data          0x0000000000000000        0x0 output\int_tbl_lib.o

.data%z69       0x0000000000000000        0x0
 .data          0x0000000000000000        0x0 output\Usb_HID_tasks.o

.data%z70       0x0000000000000000        0x0
 .data          0x0000000000000000        0x0 output\usb_function_hid.o

.data%z71       0x0000000000000000        0x0
 .data          0x0000000000000000        0x0 output\usb_device.o

.data%z72       0x0000000000000000        0x0
 .data          0x0000000000000000        0x0 output\usb_descriptors.o

.data%z73       0x0000000000000000        0x0
 .data          0x0000000000000000        0x0 output\NVMem.o

.data%z74       0x0000000000000000        0x0
 .data          0x0000000000000000        0x0 output\Framework.o

.data%z75       0x0000000000000000        0x0
 .data          0x0000000000000000        0x0 output\BootLoader.o

.data%z76       0x0000000000000000        0x0
 .data          0x0000000000000000        0x0 c:/program files/microchip/xc32/v4.20/bin/bin/../../lib/gcc/pic32mx/8.3.1/../../../../pic32mx/lib\debug-exception-return.o

.bss            0x00000000a0001bd0      0x428
 .bss           0x00000000a0001bd0      0x428 output\Usb_HID_tasks.o

.bss            0x00000000a000109c       0x40
 .bss           0x00000000a000109c       0x40 output\Framework_crypto.o
                0x00000000a000109c                crypto_buffer
                0x00000000a00010ac                iv
                0x00000000a00010bc                key
                0x00000000a00010cc                CryptoSignature

.bss%z77        0x0000000000000000        0x0
 .bss           0x0000000000000000        0x0 c:/program files/microchip/xc32/v4.20/bin/bin/../../lib/gcc/pic32mx/8.3.1/../../../../pic32mx/lib\libpic32.a(defaultinterrupt.o)

.bss%z78        0x0000000000000000        0x0
 .bss           0x0000000000000000        0x0 c:/program files/microchip/xc32/v4.20/bin/bin/../../lib/gcc/pic32mx/8.3.1/../../../../pic32mx/lib\libpic32.a(default-general-exception-handler.o)

.bss%z79        0x0000000000000000        0x0
 .bss           0x0000000000000000        0x0 c:/program files/microchip/xc32/v4.20/bin/bin/../../lib/gcc/pic32mx/8.3.1/../../../../pic32mx/lib\libpic32.a(vector45.o)

.bss%z80        0x0000000000000000        0x0
 .bss           0x0000000000000000        0x0 c:/program files/microchip/xc32/v4.20/bin/bin/../../lib/gcc/pic32mx/8.3.1/../../../../pic32mx/lib\libpic32.a(vector44.o)

.bss%z81        0x0000000000000000        0x0
 .bss           0x0000000000000000        0x0 c:/program files/microchip/xc32/v4.20/bin/bin/../../lib/gcc/pic32mx/8.3.1/../../../../pic32mx/lib\libpic32.a(vector43.o)

.bss%z82        0x0000000000000000        0x0
 .bss           0x0000000000000000        0x0 c:/program files/microchip/xc32/v4.20/bin/bin/../../lib/gcc/pic32mx/8.3.1/../../../../pic32mx/lib\libpic32.a(vector42.o)

.bss%z83        0x0000000000000000        0x0
 .bss           0x0000000000000000        0x0 c:/program files/microchip/xc32/v4.20/bin/bin/../../lib/gcc/pic32mx/8.3.1/../../../../pic32mx/lib\libpic32.a(vector41.o)

.bss%z84        0x0000000000000000        0x0
 .bss           0x0000000000000000        0x0 c:/program files/microchip/xc32/v4.20/bin/bin/../../lib/gcc/pic32mx/8.3.1/../../../../pic32mx/lib\libpic32.a(vector40.o)

.bss%z85        0x0000000000000000        0x0
 .bss           0x0000000000000000        0x0 c:/program files/microchip/xc32/v4.20/bin/bin/../../lib/gcc/pic32mx/8.3.1/../../../../pic32mx/lib\libpic32.a(vector39.o)

.bss%z86        0x0000000000000000        0x0
 .bss           0x0000000000000000        0x0 c:/program files/microchip/xc32/v4.20/bin/bin/../../lib/gcc/pic32mx/8.3.1/../../../../pic32mx/lib\libpic32.a(vector38.o)

.bss%z87        0x0000000000000000        0x0
 .bss           0x0000000000000000        0x0 c:/program files/microchip/xc32/v4.20/bin/bin/../../lib/gcc/pic32mx/8.3.1/../../../../pic32mx/lib\libpic32.a(vector37.o)

.bss%z88        0x0000000000000000        0x0
 .bss           0x0000000000000000        0x0 c:/program files/microchip/xc32/v4.20/bin/bin/../../lib/gcc/pic32mx/8.3.1/../../../../pic32mx/lib\libpic32.a(vector36.o)

.bss%z89        0x0000000000000000        0x0
 .bss           0x0000000000000000        0x0 c:/program files/microchip/xc32/v4.20/bin/bin/../../lib/gcc/pic32mx/8.3.1/../../../../pic32mx/lib\libpic32.a(vector35.o)

.bss%z90        0x0000000000000000        0x0
 .bss           0x0000000000000000        0x0 c:/program files/microchip/xc32/v4.20/bin/bin/../../lib/gcc/pic32mx/8.3.1/../../../../pic32mx/lib\libpic32.a(vector34.o)

.bss%z91        0x0000000000000000        0x0
 .bss           0x0000000000000000        0x0 c:/program files/microchip/xc32/v4.20/bin/bin/../../lib/gcc/pic32mx/8.3.1/../../../../pic32mx/lib\libpic32.a(vector33.o)

.bss%z92        0x0000000000000000        0x0
 .bss           0x0000000000000000        0x0 c:/program files/microchip/xc32/v4.20/bin/bin/../../lib/gcc/pic32mx/8.3.1/../../../../pic32mx/lib\libpic32.a(vector32.o)

.bss%z93        0x0000000000000000        0x0
 .bss           0x0000000000000000        0x0 c:/program files/microchip/xc32/v4.20/bin/bin/../../lib/gcc/pic32mx/8.3.1/../../../../pic32mx/lib\libpic32.a(vector31.o)

.bss%z94        0x0000000000000000        0x0
 .bss           0x0000000000000000        0x0 c:/program files/microchip/xc32/v4.20/bin/bin/../../lib/gcc/pic32mx/8.3.1/../../../../pic32mx/lib\libpic32.a(vector30.o)

.bss%z95        0x0000000000000000        0x0
 .bss           0x0000000000000000        0x0 c:/program files/microchip/xc32/v4.20/bin/bin/../../lib/gcc/pic32mx/8.3.1/../../../../pic32mx/lib\libpic32.a(vector29.o)
